WORKING ON SCHOOL:  BA
https://webapp4.asu.edu/catalog/classlist?t=2157&e=open&college=BA&hon=F
TOTAL BA CLASSES:  0
ERROR PARSING TIME
WORKING ON SCHOOL:  HI
https://webapp4.asu.edu/catalog/classlist?t=2157&e=open&college=HI&hon=F
TOTAL HI CLASSES:  0
ERROR PARSING TIME
ERROR PARSING TIME
WORKING ON SCHOOL:  TE
https://webapp4.asu.edu/catalog/classlist?t=2157&e=open&college=TE&hon=F
TOTAL TE CLASSES:  0
ERROR PARSING TIME
WORKING ON SCHOOL:  ES
https://webapp4.asu.edu/catalog/classlist?t=2157&e=open&college=ES&hon=F
TOTAL ES CLASSES:  0
ERROR PARSING TIME
WORKING ON SCHOOL:  GC
https://webapp4.asu.edu/catalog/classlist?t=2157&e=open&college=GC&hon=F
TOTAL GC CLASSES:  0
ERROR PARSING TIME
WORKING ON SCHOOL:  HO
https://webapp4.asu.edu/catalog/classlist?t=2157&e=open&college=HO&hon=F
TOTAL HO CLASSES:  0
ERROR PARSING TIME
WORKING ON SCHOOL:  CS
https://webapp4.asu.edu/catalog/classlist?t=2157&e=open&college=CS&hon=F
TOTAL CS CLASSES:  0
ERROR PARSING TIME
WORKING ON SCHOOL:  LW
https://webapp4.asu.edu/catalog/classlist?t=2157&e=open&college=LW&hon=F
TOTAL LW CLASSES:  0
ERROR PARSING TIME
WORKING ON SCHOOL:  LS
https://webapp4.asu.edu/catalog/classlist?t=2157&e=open&college=LS&hon=F
TOTAL LS CLASSES:  0
ERROR PARSING TIME
WORKING ON SCHOOL:  LA
https://webapp4.asu.edu/catalog/classlist?t=2157&e=open&college=LA&hon=F
TOTAL LA CLASSES:  0
ERROR PARSING TIME
WORKING ON SCHOOL:  AS
https://webapp4.asu.edu/catalog/classlist?t=2157&e=open&college=AS&hon=F
TOTAL AS CLASSES:  0
ERROR PARSING TIME
WORKING ON SCHOOL:  NU
https://webapp4.asu.edu/catalog/classlist?t=2157&e=open&college=NU&hon=F
TOTAL NU CLASSES:  0
ERROR PARSING TIME
WORKING ON SCHOOL:  NH
https://webapp4.asu.edu/catalog/classlist?t=2157&e=open&college=NH&hon=F
TOTAL NH CLASSES:  0
ERROR PARSING TIME
WORKING ON SCHOOL:  PP
https://webapp4.asu.edu/catalog/classlist?t=2157&e=open&college=PP&hon=F
TOTAL PP CLASSES:  0
ERROR PARSING TIME
WORKING ON SCHOOL:  SU
https://webapp4.asu.edu/catalog/classlist?t=2157&e=open&college=SU&hon=F
TOTAL SU CLASSES:  0
ERROR PARSING TIME
WORKING ON SCHOOL:  UC
https://webapp4.asu.edu/catalog/classlist?t=2157&e=open&college=UC&hon=F
TOTAL UC CLASSES:  0
ERROR PARSING TIME
{'AAD': [], 'CPI': [['CPI220', '88815', '42', '46', 'T', ' 7:30 AM', 7, 30, 10, 15, None, None, None, None, None, None, None, 'Not Reserved'], ['CPI360', '76931', '23', '60', 'M W', ' 3:00 PM', 15, 0, 16, 15, None, None, None, None, None, None, None, 'Not Reserved'], ['CPI485', '77797', '2', '10', 'F', '9:00AM', 9, 0, 10, 15, '', '', None, None, '', None, None, 'Not Reserved'], ['CPI220', '88815', '42', '46', 'T', ' 7:30 AM', 7, 30, 10, 15, None, None, None, None, None, None, None, 'Not Reserved'], ['CPI360', '76931', '23', '60', 'M W', ' 3:00 PM', 15, 0, 16, 15, None, None, None, None, None, None, None, 'Not Reserved'], ['CPI485', '77797', '2', '10', 'F', '9:00AM', 9, 0, 10, 15, '', '', None, None, '', None, None, 'Not Reserved']], 'LIA': [], 'EGR': [], 'LIN': [], 'NAN': [], 'AGB': [['AGB100', '74473', '25', '30', 'M W', ' 3:00 PM', 15, 0, 16, 15, None, None, None, None, None, None, None, 'Not Reserved'], ['AGB294', '77683', '25', '30', 'ONLINE', None, None, None, None, None, None, None, None, None, None, None, None, 'Reserved'], ['AGB302', '74893', '33', '60', 'M', ' 6:00 PM', 18, 0, 20, 45, None, None, None, None, None, None, None, 'Not Reserved'], ['AGB302', '74894', '57', '60', 'M W', ' 3:00 PM', 15, 0, 16, 15, None, None, None, None, None, None, None, 'Not Reserved'], ['AGB321', '90294', '35', '40', 'T Th', '10:30 AM', 10, 30, 11, 45, None, None, None, None, None, None, None, 'Not Reserved'], ['AGB333', '90295', '27', '30', 'T Th', ' 1:30 PM', 13, 30, 14, 45, None, None, None, None, None, None, None, 'Not Reserved'], ['AGB394', '90821', '28', '30', 'T Th', ' 9:00 AM', 9, 0, 10, 15, None, None, None, None, None, None, None, 'Not Reserved'], ['AGB410', '81889', '24', '30', 'T', ' 6:00 PM', 18, 0, 20, 45, None, None, None, None, None, None, None, 'Not Reserved'], ['AGB435', '77520', '17', '30', 'ONLINE', None, None, None, None, None, None, None, None, None, None, None, None, 'Reserved'], ['AGB452', '90720', '22', '22', 'T Th', ' 1:30 PM', 13, 30, 14, 45, None, None, None, None, None, None, None, 'Not Reserved'], ['AGB456', '80882', '22', '30', 'ONLINE', None, None, None, None, None, None, None, None, None, None, None, None, 'Reserved'], ['AGB481', '90783', '45', '50', 'ONLINE', None, None, None, None, None, None, None, None, None, None, None, None, 'Not Reserved'], ['AGB484', '74475', '30', '30', 'ONLINE', None, None, None, None, None, None, None, None, None, None, None, None, 'Not Reserved'], ['AGB492', '81867', '10', '10', 'ONLINE', None, None, None, None, None, None, None, None, None, None, None, None, 'Not Reserved'], ['AGB493', '77721', '3', '3', 'ONLINE', None, None, None, None, None, None, None, None, None, None, None, None, 'Not Reserved'], ['AGB499', '74476', '30', '30', 'ONLINE', None, None, None, None, None, None, None, None, None, None, None, None, 'Not Reserved'], ['AGB595', '74477', '10', '10', 'ONLINE', None, None, None, None, None, None, None, None, None, None, None, None, 'Not Reserved'], ['AGB701', '89741', '22', '22', 'M', ' 1:00 PM', 13, 0, 15, 45, None, None, None, None, None, None, None, 'Not Reserved'], ['AGB790', '89458', '10', '10', 'ONLINE', None, None, None, None, None, None, None, None, None, None, None, None, 'Not Reserved'], ['AGB791', '90785', '9', '10', 'F', '10:30 AM', 10, 30, 13, 15, None, None, None, None, None, None, None, 'Not Reserved'], ['AGB792', '89462', '10', '10', 'ONLINE', None, None, None, None, None, None, None, None, None, None, None, None, 'Not Reserved'], ['AGB799', '89464', '10', '10', 'ONLINE', None, None, None, None, None, None, None, None, None, None, None, None, 'Not Reserved']], 'CCS': [], 'CPY': [], 'NAV': [], 'PAF': [['PAF200', '91809', '23', '25', 'ONLINE', None, None, None, None, None, None, None, None, None, None, None, None, 'Reserved'], ['PAF200', '75686', '16', '60', 'M W', ' 3:00 PM', 15, 0, 16, 15, None, None, None, None, None, None, None, 'Not Reserved'], ['PAF200', '75687', '85', '120', 'T Th', ' 1:30 PM', 13, 30, 14, 45, None, None, None, None, None, None, None, 'Not Reserved'], ['PAF201', '75688', '54', '70', 'T Th', ' 3:00 PM', 15, 0, 16, 15, None, None, None, None, None, None, None, 'Not Reserved'], ['PAF201', '75689', '43', '80', 'M W', ' 4:30 PM', 16, 30, 17, 45, None, None, None, None, None, None, None, 'Not Reserved'], ['PAF300', '72147', '97', '120', 'T Th', '10:30 AM', 10, 30, 11, 45, None, None, None, None, None, None, None, 'Not Reserved'], ['PAF300', '75272', '26', '80', 'ONLINE', None, None, None, None, None, None, None, None, None, None, None, None, 'Not Reserved'], ['PAF301', '72149', '36', '60', 'Th', ' 6:00 PM', 18, 0, 20, 45, None, None, None, None, None, None, None, 'Not Reserved'], ['PAF302', '79267', '23', '40', 'T Th', ' 3:00 PM', 15, 0, 16, 15, None, None, None, None, None, None, None, 'Not Reserved'], ['PAF311', '89314', '102', '120', 'T', '6:00PM', 18, 0, 20, 45, '', '', None, None, '', None, None, 'Not Reserved'], ['PAF311', '76071', '79', '120', 'ONLINE', None, None, None, None, None, 'W', None, None, None, None, None, None, 'Not Reserved'], ['PAF340', '72148', '13', '80', 'ONLINE', None, None, None, None, None, None, None, None, None, None, None, None, 'Not Reserved'], ['PAF360', '84165', '18', '40', 'ONLINE', None, None, None, None, None, None, None, None, None, None, None, None, 'Reserved'], ['PAF400', '77235', '11', '40', 'ONLINE', None, None, None, None, None, None, None, None, None, None, None, None, 'Reserved'], ['PAF410', '76616', '92', '120', 'ONLINE', None, None, None, None, None, 'W', None, None, None, None, None, None, 'Not Reserved'], ['PAF410', '89315', '105', '120', 'T', '6:00PM', 18, 0, 20, 45, '', '', None, None, '', None, None, 'Not Reserved'], ['PAF420', '77516', '37', '80', 'ONLINE', None, None, None, None, None, None, None, None, None, None, None, None, 'Not Reserved'], ['PAF421', '82661', '9', '15', 'ONLINE', None, None, None, None, None, None, None, None, None, None, None, None, 'Not Reserved'], ['PAF424', '89317', '31', '40', 'ONLINE', None, None, None, None, None, None, None, None, None, None, None, None, 'Reserved'], ['PAF460', '72150', '22', '80', 'M W', ' 4:30 PM', 16, 30, 17, 45, None, None, None, None, None, None, None, 'Not Reserved'], ['PAF468', '89318', '33', '40', 'ONLINE', None, None, None, None, None, None, None, None, None, None, None, None, 'Reserved'], ['PAF469', '89319', '22', '40', 'ONLINE', None, None, None, None, None, None, None, None, None, None, None, None, 'Reserved'], ['PAF484', '75690', '19', '20', 'ONLINE', None, None, None, None, None, None, None, None, None, None, None, None, 'Not Reserved'], ['PAF494', '84162', '23', '25', 'ONLINE', None, None, None, None, None, None, None, None, None, None, None, None, 'Reserved'], ['PAF499', '72151', '5', '5', 'ONLINE', None, None, None, None, None, None, None, None, None, None, None, None, 'Not Reserved'], ['PAF501', '72152', '14', '24', 'M', ' 6:00 PM', 18, 0, 20, 45, None, None, None, None, None, None, None, 'Not Reserved'], ['PAF501', '79233', '14', '25', 'ONLINE', None, None, None, None, None, None, None, None, None, None, None, None, 'Reserved'], ['PAF502', '72153', '3', '24', 'M', ' 6:00 PM', 18, 0, 20, 45, None, None, None, None, None, None, None, 'Not Reserved'], ['PAF503', '72155', '3', '24', 'T', ' 6:00 PM', 18, 0, 20, 45, None, None, None, None, None, None, None, 'Not Reserved'], ['PAF503', '75910', '18', '24', 'F Sa Su', '9:00AM', 9, 0, 17, 0, 'F Sa Su', '9:00AM', 9, 0, '5:00PM', 17, 0, 'Not Reserved'], ['PAF504', '72156', '8', '24', 'W', ' 6:00 PM', 18, 0, 20, 45, None, None, None, None, None, None, None, 'Not Reserved'], ['PAF504', '72157', '8', '25', 'ONLINE', None, None, None, None, None, None, None, None, None, None, None, None, 'Reserved'], ['PAF505', '75841', '23', '24', 'F Sa', '9:00AM', 9, 0, 17, 0, 'Sa Su', '9:00AM', 9, 0, '5:00PM', 17, 0, 'Not Reserved'], ['PAF506', '75834', '12', '24', 'T', '6:00PM', 18, 0, 20, 45, '', '', None, None, '', None, None, 'Not Reserved'], ['PAF506', '72158', '15', '24', 'Th', ' 6:00 PM', 18, 0, 20, 45, None, None, None, None, None, None, None, 'Not Reserved'], ['PAF507', '72159', '17', '24', 'T', '6:00PM', 18, 0, 20, 45, '', '', None, None, '', None, None, 'Not Reserved'], ['PAF508', '72160', '15', '24', 'Th', ' 6:00 PM', 18, 0, 20, 45, None, None, None, None, None, None, None, 'Not Reserved'], ['PAF508', '72161', '18', '24', 'F Sa Su', '9:00AM', 9, 0, 17, 0, 'F Sa Su', '9:00AM', 9, 0, '5:00PM', 17, 0, 'Not Reserved'], ['PAF523', '72162', '11', '24', 'W', ' 6:00 PM', 18, 0, 20, 45, None, None, None, None, None, None, None, 'Not Reserved'], ['PAF534', '73333', '2', '24', 'Th', ' 6:00 PM', 18, 0, 20, 45, None, None, None, None, None, None, None, 'Not Reserved'], ['PAF540', '72710', '11', '24', 'W', ' 6:00 PM', 18, 0, 20, 45, None, None, None, None, None, None, None, 'Not Reserved'], ['PAF545', '89677', '21', '24', 'T', ' 6:00 PM', 18, 0, 20, 45, None, None, None, None, None, None, None, 'Not Reserved'], ['PAF546', '77915', '11', '25', 'ONLINE', None, None, None, None, None, None, None, None, None, None, None, None, 'Reserved'], ['PAF548', '79321', '18', '24', 'F Sa Su', '9:00AM', 9, 0, 17, 0, 'F Sa Su', '9:00AM', 9, 0, '5:00PM', 17, 0, 'Not Reserved'], ['PAF565', '89675', '22', '24', 'T', ' 6:00 PM', 18, 0, 20, 45, None, None, None, None, None, None, None, 'Not Reserved'], ['PAF571', '74743', '20', '24', 'Th', ' 6:00 PM', 18, 0, 20, 45, None, None, None, None, None, None, None, 'Not Reserved'], ['PAF573', '72711', '18', '24', 'M', ' 6:00 PM', 18, 0, 20, 45, None, None, None, None, None, None, None, 'Not Reserved'], ['PAF574', '72712', '13', '24', 'Th', ' 6:00 PM', 18, 0, 20, 45, None, None, None, None, None, None, None, 'Not Reserved'], ['PAF584', '72773', '10', '10', 'ONLINE', None, None, None, None, None, None, None, None, None, None, None, None, 'Not Reserved'], ['PAF590', '72164', '5', '5', 'ONLINE', None, None, None, None, None, None, None, None, None, None, None, None, 'Not Reserved'], ['PAF591', '84704', '10', '25', 'ONLINE', None, None, None, None, None, None, None, None, None, None, None, None, 'Reserved'], ['PAF591', '72713', '16', '25', 'ONLINE', None, None, None, None, None, None, None, None, None, None, None, None, 'Reserved'], ['PAF591', '79332', '23', '24', 'Th', ' 6:00 PM', 18, 0, 20, 45, None, None, None, None, None, None, None, 'Not Reserved'], ['PAF591', '89667', '20', '24', 'F Sa Su', '9:00AM', 9, 0, 17, 0, 'F Sa Su', '9:00AM', 9, 0, '5:00PM', 17, 0, 'Not Reserved'], ['PAF591', '79335', '15', '25', 'ONLINE', None, None, None, None, None, None, None, None, None, None, None, None, 'Reserved'], ['PAF591', '84705', '24', '24', 'T', ' 4:30 PM', 16, 30, 19, 15, None, None, None, None, None, None, None, 'Not Reserved'], ['PAF591', '91283', '4', '5', 'Th', ' 3:00 PM', 15, 0, 17, 45, None, None, None, None, None, None, None, 'Not Reserved'], ['PAF595', '72165', '2', '2', 'ONLINE', None, None, None, None, None, None, None, None, None, None, None, None, 'Not Reserved'], ['PAF602', '72166', '20', '20', 'Th', ' 3:00 PM', 15, 0, 17, 45, None, None, None, None, None, None, None, 'Not Reserved'], ['PAF603', '83376', '20', '20', 'T', ' 3:00 PM', 15, 0, 17, 45, None, None, None, None, None, None, None, 'Not Reserved'], ['PAF610', '82784', '18', '20', 'M', ' 6:00 PM', 18, 0, 20, 45, None, None, None, None, None, None, None, 'Not Reserved'], ['PAF790', '72167', '10', '10', 'ONLINE', None, None, None, None, None, None, None, None, None, None, None, None, 'Not Reserved'], ['PAF792', '72168', '10', '10', 'ONLINE', None, None, None, None, None, None, None, None, None, None, None, None, 'Not Reserved'], ['PAF795', '72169', '10', '10', 'ONLINE', None, None, None, None, None, None, None, None, None, None, None, None, 'Not Reserved'], ['PAF799', '72170', '14', '15', 'ONLINE', None, None, None, None, None, None, None, None, None, None, None, None, 'Not Reserved']], 'LIS': [], 'CPP': [['CPP194', '91105', '40', '40', 'Th', '6:00PM', 18, 0, 19, 0, 'Th', '6:00PM', 18, 0, '7:00PM', 19, 0, 'Not Reserved'], ['CPP194', '91253', '40', '40', 'W', '6:00PM', 18, 0, 19, 0, 'W', '6:00PM', 18, 0, '7:00PM', 19, 0, 'Not Reserved'], ['CPP194', '91254', '40', '40', 'T', '6:00PM', 18, 0, 19, 0, 'T', '6:00PM', 18, 0, '7:00PM', 19, 0, 'Not Reserved'], ['CPP294', '80775', '15', '15', 'M', '6:00PM', 18, 0, 20, 45, '', '', None, None, '', None, None, 'Not Reserved'], ['CPP394', '91106', '40', '40', 'Th', '6:00PM', 18, 0, 19, 0, 'Th', '6:00PM', 18, 0, '7:00PM', 19, 0, 'Not Reserved'], ['CPP394', '85857', '30', '30', 'ONLINE', None, None, None, None, None, None, None, None, None, None, None, None, 'Reserved'], ['CPP494', '77949', '25', '25', 'ONLINE', None, None, None, None, None, None, None, None, None, None, None, None, 'Reserved'], ['CPP591', '79240', '30', '30', 'Sa', ' 9:00 AM', 9, 0, 17, 0, None, None, None, None, None, None, None, 'Not Reserved']], 'EPD': [], 'EPA': [['EPA532', '83078', '26', '30', 'T', '4:30PM', 16, 30, 19, 15, '', '12:00AM', None, None, '12:00AM', None, None, 'Not Reserved'], ['EPA556', '83069', '23', '30', 'T', '4:30PM', 16, 30, 19, 15, '', '12:00AM', None, None, '12:00AM', None, None, 'Not Reserved'], ['EPA559', '83077', '26', '30', 'T', '7:30PM', 19, 30, 22, 0, '', '12:00AM', None, None, '12:00AM', None, None, 'Not Reserved'], ['EPA691', '80260', '29', '30', 'M', ' 4:30 PM', 16, 30, 19, 15, None, None, None, None, None, None, None, 'Not Reserved'], ['EPA691', '80354', '19', '24', 'M', ' 4:30 PM', 16, 30, 19, 15, None, None, None, None, None, None, None, 'Not Reserved'], ['EPA691', '80262', '16', '21', 'T', ' 4:30 PM', 16, 30, 19, 15, None, None, None, None, None, None, None, 'Not Reserved'], ['EPA691', '75705', '18', '21', 'W', ' 4:30 PM', 16, 30, 19, 15, None, None, None, None, None, None, None, 'Not Reserved'], ['EPA691', '83350', '2', '10', 'T', ' 1:40 PM', 13, 40, 16, 15, None, None, None, None, None, None, None, 'Not Reserved'], ['EPA792', '75633', '19', '20', 'ONLINE', None, None, None, None, None, None, None, None, None, None, None, None, 'Not Reserved'], ['EPA799', '76237', '29', '30', 'ONLINE', None, None, None, None, None, None, None, None, None, None, None, None, 'Reserved']], 'HSC': [['HSC210', '76392', '90', '100', 'M W', ' 4:30 PM', 16, 30, 17, 45, None, None, None, None, None, None, None, 'Not Reserved'], ['HSC210', '76569', '43', '60', 'T Th', ' 3:00 PM', 15, 0, 16, 15, None, None, None, None, None, None, None, 'Not Reserved'], ['HSC300', '75131', '44', '90', 'T Th', '12:00 PM', 12, 0, 13, 15, None, None, None, None, None, None, None, 'Not Reserved'], ['HSC300', '81043', '92', '100', 'T Th', ' 4:30 PM', 16, 30, 17, 45, None, None, None, None, None, None, None, 'Not Reserved'], ['HSC304', '90447', '8', '20', 'ONLINE', None, None, None, None, None, None, None, None, None, None, None, None, 'Reserved'], ['HSC320', '75128', '6', '40', 'ONLINE', None, None, None, None, None, None, None, None, None, None, None, None, 'Reserved'], ['HSC320', '85418', '4', '37', 'ONLINE', None, None, None, None, None, None, None, None, None, None, None, None, 'Reserved'], ['HSC320', '82337', '23', '40', 'ONLINE', None, None, None, None, None, None, None, None, None, None, None, None, 'Reserved'], ['HSC320', '77526', '27', '45', 'T Th', '10:30AM', 10, 30, 11, 45, '', '12:00AM', None, None, '12:00AM', None, None, 'Not Reserved'], ['HSC320', '77981', '27', '40', 'ONLINE', None, None, None, None, None, None, None, None, None, None, None, None, 'Reserved'], ['HSC330', '75936', '22', '28', 'T', '7:30AM', 7, 30, 8, 45, '', '', None, None, '', None, None, 'Not Reserved'], ['HSC330', '84710', '7', '28', 'T', '9:00AM', 9, 0, 10, 15, '', '12:00AM', None, None, '12:00AM', None, None, 'Not Reserved'], ['HSC332', '91600', '15', '20', 'ONLINE', None, None, None, None, None, None, None, None, None, None, None, None, 'Reserved'], ['HSC332', '77626', '19', '25', 'Th', '7:30AM', 7, 30, 8, 45, '', '12:00AM', None, None, '12:00AM', None, None, 'Not Reserved'], ['HSC332', '84711', '18', '28', 'Th', '9:00AM', 9, 0, 10, 15, '', '', None, None, '', None, None, 'Not Reserved'], ['HSC340', '85763', '26', '40', 'ONLINE', None, None, None, None, None, None, None, None, None, None, None, None, 'Reserved'], ['HSC340', '78998', '15', '40', 'ONLINE', None, None, None, None, None, None, None, None, None, None, None, None, 'Reserved'], ['HSC394', '86341', '10', '40', 'ONLINE', None, None, None, None, None, None, None, None, None, None, None, None, 'Reserved'], ['HSC394', '85469', '12', '12', 'ONLINE', None, None, None, None, None, None, None, None, None, None, None, None, 'Reserved'], ['HSC400', '90940', '30', '40', 'ONLINE', None, None, None, None, None, None, None, None, None, None, None, None, 'Reserved'], ['HSC410', '78967', '11', '22', 'ONLINE', None, None, None, None, None, None, None, None, None, None, None, None, 'Reserved'], ['HSC412', '79231', '18', '40', 'ONLINE', None, None, None, None, None, None, None, None, None, None, None, None, 'Reserved'], ['HSC420', '75129', '23', '50', 'T Th', ' 4:30 PM', 16, 30, 17, 45, None, None, None, None, None, None, None, 'Not Reserved'], ['HSC420', '80432', '14', '50', 'T Th', ' 3:00 PM', 15, 0, 16, 15, None, None, None, None, None, None, None, 'Not Reserved'], ['HSC432', '91602', '11', '20', 'ONLINE', None, None, None, None, None, None, None, None, None, None, None, None, 'Reserved'], ['HSC432', '82339', '25', '50', 'M W F', ' 1:30 PM', 13, 30, 14, 20, None, None, None, None, None, None, None, 'Not Reserved'], ['HSC440', '85513', '22', '30', 'T', ' 6:00 PM', 18, 0, 20, 45, None, None, None, None, None, None, None, 'Not Reserved'], ['HSC484', '80483', '57', '60', 'ONLINE', None, None, None, None, None, None, None, None, None, None, None, None, 'Reserved'], ['HSC492', '78183', '1', '1', 'ONLINE', None, None, None, None, None, None, None, None, None, None, None, None, 'Reserved'], ['HSC494', '75906', '5', '5', 'ONLINE', None, None, None, None, None, None, None, None, None, None, None, None, 'Reserved'], ['HSC499', '85929', '5', '5', 'ONLINE', None, None, None, None, None, None, None, None, None, None, None, None, 'Not Reserved']], 'YDL': [], 'SAO': [], 'TDM': [], 'HSD': [], 'DCI': [['DCI590', '76552', '10', '10', 'ONLINE', None, None, None, None, None, None, None, None, None, None, None, None, 'Not Reserved'], ['DCI593', '75819', '28', '30', 'W', ' 4:30 PM', 16, 30, 19, 15, None, None, None, None, None, None, None, 'Not Reserved'], ['DCI595', '78179', '45', '45', 'ONLINE', None, None, None, None, None, None, None, None, None, None, None, None, 'Not Reserved'], ['DCI595', '76360', '44', '45', 'ONLINE', None, None, None, None, None, None, None, None, None, None, None, None, 'Not Reserved'], ['DCI598', '90534', '12', '20', 'T', '11:00AM', 11, 0, 13, 0, 'T', '11:00AM', 11, 0, '1:00PM', 13, 0, 'Not Reserved'], ['DCI691', '91354', '20', '20', 'T', ' 4:30 PM', 16, 30, 19, 15, None, None, None, None, None, None, None, 'Not Reserved'], ['DCI691', '91355', '17', '20', 'W', ' 4:30 PM', 16, 30, 19, 15, None, None, None, None, None, None, None, 'Not Reserved'], ['DCI691', '91356', '12', '20', 'Th', ' 4:30 PM', 16, 30, 19, 15, None, None, None, None, None, None, None, 'Not Reserved'], ['DCI691', '90533', '14', '20', 'T Th', ' 3:00 PM', 15, 0, 16, 15, None, None, None, None, None, None, None, 'Not Reserved'], ['DCI691', '84224', '10', '15', 'T', ' 4:30 PM', 16, 30, 19, 15, None, None, None, None, None, None, None, 'Not Reserved'], ['DCI780', '78225', '30', '30', 'ONLINE', None, None, None, None, None, None, None, None, None, None, None, None, 'Not Reserved'], ['DCI784', '75820', '20', '20', 'ONLINE', None, None, None, None, None, None, None, None, None, None, None, None, 'Not Reserved'], ['DCI790', '75821', '19', '20', 'ONLINE', None, None, None, None, None, None, None, None, None, None, None, None, 'Not Reserved'], ['DCI791', '78800', '20', '20', 'M', ' 4:30 PM', 16, 30, 19, 15, None, None, None, None, None, None, None, 'Not Reserved'], ['DCI791', '78802', '20', '20', 'W', ' 1:30 PM', 13, 30, 16, 15, None, None, None, None, None, None, None, 'Not Reserved'], ['DCI791', '90532', '20', '20', 'M', ' 4:30 PM', 16, 30, 19, 15, None, None, None, None, None, None, None, 'Not Reserved'], ['DCI792', '75604', '30', '30', 'ONLINE', None, None, None, None, None, None, None, None, None, None, None, None, 'Not Reserved'], ['DCI799', '76234', '28', '30', 'ONLINE', None, None, None, None, None, None, None, None, None, None, None, None, 'Reserved']], 'PRM': [['PRM120', '72633', '1', '50', 'ONLINE', None, None, None, None, None, None, None, None, None, None, None, None, 'Reserved'], ['PRM120', '91149', '22', '30', 'ONLINE', None, None, None, None, None, None, None, None, None, None, None, None, 'Reserved'], ['PRM120', '72645', '51', '70', 'T', '10:30AM', 10, 30, 11, 45, '', '12:00AM', None, None, '12:00AM', None, None, 'Not Reserved'], ['PRM120', '75338', '63', '80', 'M W F', '12:00 PM', 12, 0, 12, 50, None, None, None, None, None, None, None, 'Not Reserved'], ['PRM201', '89761', '26', '30', 'ONLINE', None, None, None, None, None, None, None, None, None, None, None, None, 'Not Reserved'], ['PRM303', '72647', '10', '50', 'T Th', ' 1:30 PM', 13, 30, 14, 45, None, None, None, None, None, None, None, 'Not Reserved'], ['PRM304', '72648', '39', '60', 'T Th', '12:00 PM', 12, 0, 13, 15, None, None, None, None, None, None, None, 'Not Reserved'], ['PRM315', '72649', '8', '24', 'T Th', ' 3:00 PM', 15, 0, 16, 15, None, None, None, None, None, None, None, 'Not Reserved'], ['PRM364', '72651', '23', '60', 'ONLINE', None, None, None, None, None, None, None, None, None, None, None, None, 'Reserved'], ['PRM370', '72653', '11', '24', 'M W', ' 3:00 PM', 15, 0, 16, 15, None, None, None, None, None, None, None, 'Not Reserved'], ['PRM380', '88380', '41', '60', 'ONLINE', None, None, None, None, None, None, None, None, None, None, None, None, 'Reserved'], ['PRM380', '79789', '41', '60', 'M W', ' 4:30 PM', 16, 30, 17, 45, None, None, None, None, None, None, None, 'Not Reserved'], ['PRM384', '77404', '19', '20', 'M', '10:30 AM', 10, 30, 11, 45, None, None, None, None, None, None, None, 'Not Reserved'], ['PRM400', '72654', '8', '20', 'W', ' 6:00 PM', 18, 0, 20, 45, None, None, None, None, None, None, None, 'Not Reserved'], ['PRM402', '72631', '13', '25', 'M W', ' 3:00 PM', 15, 0, 16, 15, None, None, None, None, None, None, None, 'Not Reserved'], ['PRM413', '78207', '1', '6', 'M W F', '12:00 PM', 12, 0, 12, 50, None, None, None, None, None, None, None, 'Not Reserved'], ['PRM422', '75765', '51', '80', 'W', ' 6:00 PM', 18, 0, 20, 30, None, None, None, None, None, None, None, 'Not Reserved'], ['PRM423', '77236', '44', '80', 'T', ' 6:00 PM', 18, 0, 20, 30, None, None, None, None, None, None, None, 'Not Reserved'], ['PRM427', '77237', '60', '80', 'Th', ' 6:00 PM', 18, 0, 20, 45, None, None, None, None, None, None, None, 'Not Reserved'], ['PRM455', '79326', '19', '30', 'Th', ' 4:30 PM', 16, 30, 19, 15, None, None, None, None, None, None, None, 'Not Reserved'], ['PRM463', '72796', '20', '20', 'ONLINE', None, None, None, None, None, None, None, None, None, None, None, None, 'Reserved'], ['PRM463', '72797', '10', '10', 'ONLINE', None, None, None, None, None, None, None, None, None, None, None, None, 'Reserved'], ['PRM475', '72793', '5', '36', 'ONLINE', None, None, None, None, None, None, None, None, None, None, None, None, 'Not Reserved'], ['PRM484', '77403', '19', '20', 'W', '10:30 AM', 10, 30, 11, 45, None, None, None, None, None, None, None, 'Not Reserved'], ['PRM486', '72656', '35', '65', 'M W', ' 3:00 PM', 15, 0, 16, 15, None, None, None, None, None, None, None, 'Not Reserved'], ['PRM486', '73857', '18', '65', 'T Th', ' 9:00 AM', 9, 0, 10, 15, None, None, None, None, None, None, None, 'Not Reserved'], ['PRM486', '91016', '17', '65', 'W', ' 6:00 PM', 18, 0, 20, 45, None, None, None, None, None, None, None, 'Not Reserved'], ['PRM492', '75386', '5', '5', 'ONLINE', None, None, None, None, None, None, None, None, None, None, None, None, 'Not Reserved'], ['PRM493', '75962', '5', '5', 'ONLINE', None, None, None, None, None, None, None, None, None, None, None, None, 'Not Reserved'], ['PRM494', '91392', '20', '25', 'Th', ' 4:30 PM', 16, 30, 19, 15, None, None, None, None, None, None, None, 'Not Reserved'], ['PRM499', '72801', '5', '5', 'ONLINE', None, None, None, None, None, None, None, None, None, None, None, None, 'Not Reserved']], 'DCE': [['DCE110', '74927', '46', '60', 'M W', ' 6:00 PM', 18, 0, 19, 15, None, None, None, None, None, None, None, 'Not Reserved'], ['DCE111', '74928', '19', '40', 'T Th', ' 6:00 PM', 18, 0, 19, 15, None, None, None, None, None, None, None, 'Not Reserved'], ['DCE112', '74929', '44', '60', 'T Th', ' 7:30 PM', 19, 30, 20, 45, None, None, None, None, None, None, None, 'Not Reserved'], ['DCE113', '89604', '19', '30', 'M W', ' 4:30 PM', 16, 30, 17, 45, None, None, None, None, None, None, None, 'Not Reserved'], ['DCE116', '74930', '1', '40', 'M W', ' 4:30 PM', 16, 30, 17, 45, None, None, None, None, None, None, None, 'Not Reserved'], ['DCE117', '74931', '20', '30', 'M W', ' 4:30 PM', 16, 30, 17, 45, None, None, None, None, None, None, None, 'Not Reserved'], ['DCE120', '83538', '14', '40', 'T Th', '12:00 PM', 12, 0, 13, 15, None, None, None, None, None, None, None, 'Not Reserved'], ['DCE123', '74934', '6', '60', 'T Th', ' 6:00 PM', 18, 0, 19, 15, None, None, None, None, None, None, None, 'Not Reserved'], ['DCE123', '77420', '24', '60', 'T Th', '12:00 PM', 12, 0, 13, 15, None, None, None, None, None, None, None, 'Not Reserved'], ['DCE123', '90635', '30', '40', 'T Th', ' 7:30 AM', 7, 30, 8, 45, None, None, None, None, None, None, None, 'Not Reserved'], ['DCE124', '74935', '42', '80', 'M W', ' 4:30 PM', 16, 30, 17, 45, None, None, None, None, None, None, None, 'Not Reserved'], ['DCE124', '74936', '46', '80', 'M W', ' 6:00 PM', 18, 0, 19, 15, None, None, None, None, None, None, None, 'Not Reserved'], ['DCE124', '74937', '27', '80', 'T Th', ' 6:00 PM', 18, 0, 19, 15, None, None, None, None, None, None, None, 'Not Reserved'], ['DCE125', '74939', '57', '80', 'M W', ' 3:00 PM', 15, 0, 16, 15, None, None, None, None, None, None, None, 'Not Reserved'], ['DCE125', '74940', '59', '80', 'M W', '12:00 PM', 12, 0, 13, 15, None, None, None, None, None, None, None, 'Not Reserved'], ['DCE125', '74941', '41', '80', 'T Th', ' 3:00 PM', 15, 0, 16, 15, None, None, None, None, None, None, None, 'Not Reserved'], ['DCE133', '77422', '52', '60', 'M W', ' 9:00 AM', 9, 0, 10, 45, None, None, None, None, None, None, None, 'Not Reserved'], ['DCE134', '74897', '16', '30', 'T Th', ' 1:30 PM', 13, 30, 15, 15, None, None, None, None, None, None, None, 'Not Reserved'], ['DCE135', '80094', '26', '30', 'T Th', ' 9:00 AM', 9, 0, 10, 45, None, None, None, None, None, None, None, 'Not Reserved'], ['DCE136', '77487', '23', '30', 'M W', ' 9:00 AM', 9, 0, 10, 45, None, None, None, None, None, None, None, 'Not Reserved'], ['DCE160', '73753', '19', '26', 'M W F', ' 1:00 PM', 13, 0, 14, 30, None, None, None, None, None, None, None, 'Not Reserved'], ['DCE170', '80873', '15', '15', 'T Th', ' 3:30 PM', 15, 30, 16, 45, None, None, None, None, None, None, None, 'Not Reserved'], ['DCE194', '89606', '27', '30', 'T Th', ' 6:00 PM', 18, 0, 19, 15, None, None, None, None, None, None, None, 'Not Reserved'], ['DCE194', '91053', '30', '30', 'M W', ' 6:00 PM', 18, 0, 19, 0, None, None, None, None, None, None, None, 'Not Reserved'], ['DCE194', '85398', '16', '22', 'M W', ' 4:30 PM', 16, 30, 17, 45, None, None, None, None, None, None, None, 'Not Reserved'], ['DCE201', '90627', '73', '100', 'ONLINE', None, None, None, None, None, None, None, None, None, None, None, None, 'Not Reserved'], ['DCE201', '90629', '93', '100', 'ONLINE', None, None, None, None, None, None, None, None, None, None, None, None, 'Not Reserved'], ['DCE203', '77499', '50', '60', 'ONLINE', None, None, None, None, None, None, None, None, None, None, None, None, 'Not Reserved'], ['DCE210', '85974', '50', '60', 'M W', ' 7:30 PM', 19, 30, 20, 45, None, None, None, None, None, None, None, 'Not Reserved'], ['DCE211', '90631', '34', '40', 'T Th', ' 7:30 PM', 19, 30, 20, 45, None, None, None, None, None, None, None, 'Not Reserved'], ['DCE220', '74942', '34', '40', 'T Th', ' 6:00 PM', 18, 0, 19, 15, None, None, None, None, None, None, None, 'Not Reserved'], ['DCE225', '76223', '54', '80', 'T Th', '12:00 PM', 12, 0, 13, 15, None, None, None, None, None, None, None, 'Not Reserved'], ['DCE230', '75202', '10', '30', 'M W', '11:00 AM', 11, 0, 12, 30, None, None, None, None, None, None, None, 'Not Reserved'], ['DCE233', '77484', '19', '30', 'T Th', ' 1:30 PM', 13, 30, 15, 15, None, None, None, None, None, None, None, 'Not Reserved'], ['DCE234', '74898', '23', '30', 'T Th', ' 9:00 AM', 9, 0, 10, 45, None, None, None, None, None, None, None, 'Not Reserved'], ['DCE235', '74899', '27', '30', 'M W F', ' 9:00 AM', 9, 0, 10, 45, None, None, None, None, None, None, None, 'Not Reserved'], ['DCE240', '74902', '14', '15', 'T Th', ' 9:00 AM', 9, 0, 10, 15, None, None, None, None, None, None, None, 'Not Reserved'], ['DCE260', '75343', '11', '30', 'M W F', ' 1:00 PM', 13, 0, 14, 30, None, None, None, None, None, None, None, 'Not Reserved'], ['DCE270', '75971', '12', '30', 'T Th', ' 3:30 PM', 15, 30, 16, 45, None, None, None, None, None, None, None, 'Not Reserved'], ['DCE294', '75601', '46', '50', 'T Th', '12:00 PM', 12, 0, 13, 15, None, None, None, None, None, None, None, 'Not Reserved'], ['DCE294', '76047', '35', '60', 'M W', ' 7:30 PM', 19, 30, 20, 45, None, None, None, None, None, None, None, 'Not Reserved'], ['DCE294', '76387', '22', '25', 'W', ' 2:45 PM', 14, 45, 16, 15, None, None, None, None, None, None, None, 'Not Reserved'], ['DCE301', '77752', '4', '50', 'T Th', '12:00 PM', 12, 0, 13, 15, None, None, None, None, None, None, None, 'Not Reserved'], ['DCE303', '77500', '45', '60', 'ONLINE', None, None, None, None, None, None, None, None, None, None, None, None, 'Not Reserved'], ['DCE330', '82387', '15', '30', 'M W', '11:00 AM', 11, 0, 12, 30, None, None, None, None, None, None, None, 'Not Reserved'], ['DCE333', '77485', '23', '30', 'M F', ' 2:45 PM', 14, 45, 16, 15, None, None, None, None, None, None, None, 'Not Reserved'], ['DCE334', '74900', '17', '30', 'M W F', ' 9:00 AM', 9, 0, 10, 45, None, None, None, None, None, None, None, 'Not Reserved'], ['DCE335', '74901', '25', '30', 'M W F', ' 9:00 AM', 9, 0, 10, 45, None, None, None, None, None, None, None, 'Not Reserved'], ['DCE350', '77488', '19', '30', 'T Th', '12:00 PM', 12, 0, 13, 15, None, None, None, None, None, None, None, 'Not Reserved'], ['DCE394', '83254', '10', '15', 'M W', ' 5:15 PM', 17, 15, 18, 45, None, None, None, None, None, None, None, 'Not Reserved'], ['DCE405', '76270', '24', '30', 'ONLINE', None, None, None, None, None, None, None, None, None, None, None, None, 'Reserved'], ['DCE438', '90630', '5', '12', 'M W', ' 3:00 PM', 15, 0, 16, 15, None, None, None, None, None, None, None, 'Not Reserved']], 'HSM': [], 'IAS': [['IAS191', '76227', '5', '15', 'T', '10:30 AM', 10, 30, 11, 45, None, None, None, None, None, None, None, 'Not Reserved'], ['IAS191', '76228', '13', '15', 'Th', '10:30 AM', 10, 30, 11, 45, None, None, None, None, None, None, None, 'Not Reserved'], ['IAS191', '78839', '11', '15', 'T', '10:30 AM', 10, 30, 11, 45, None, None, None, None, None, None, None, 'Not Reserved'], ['IAS191', '76229', '15', '15', 'Th', '10:30 AM', 10, 30, 11, 45, None, None, None, None, None, None, None, 'Not Reserved'], ['IAS191', '76230', '22', '22', 'T', ' 1:30 PM', 13, 30, 14, 45, None, None, None, None, None, None, None, 'Reserved'], ['IAS191', '76231', '22', '22', 'Th', ' 1:30 PM', 13, 30, 14, 45, None, None, None, None, None, None, None, 'Reserved'], ['IAS191', '76232', '12', '15', 'M', '10:30 AM', 10, 30, 11, 20, None, None, None, None, None, None, None, 'Not Reserved'], ['IAS191', '76233', '10', '15', 'W', '10:30 AM', 10, 30, 11, 20, None, None, None, None, None, None, None, 'Not Reserved'], ['IAS191', '80593', '13', '15', 'F', '10:30 AM', 10, 30, 11, 20, None, None, None, None, None, None, None, 'Not Reserved'], ['IAS191', '83090', '15', '15', 'M', '10:30 AM', 10, 30, 11, 20, None, None, None, None, None, None, None, 'Not Reserved'], ['IAS191', '86645', '15', '15', 'W', '10:30 AM', 10, 30, 11, 20, None, None, None, None, None, None, None, 'Not Reserved'], ['IAS191', '86646', '15', '15', 'F', '10:30 AM', 10, 30, 11, 20, None, None, None, None, None, None, None, 'Not Reserved'], ['IAS191', '89139', '50', '50', 'T', '10:30AM', 10, 30, 11, 45, '', '', None, None, '', None, None, 'Reserved'], ['IAS194', '90759', '50', '50', 'Th', '10:30AM', 10, 30, 11, 45, '', '', None, None, '', None, None, 'Reserved'], ['IAS210', '90755', '37', '40', 'T Th', ' 9:00 AM', 9, 0, 10, 15, None, None, None, None, None, None, None, 'Not Reserved'], ['IAS225', '90754', '37', '40', 'T Th', ' 1:30 PM', 13, 30, 14, 45, None, None, None, None, None, None, None, 'Not Reserved'], ['IAS294', '90313', '16', '20', 'W', '10:30AM', 10, 30, 12, 10, '', '', None, None, '', None, None, 'Not Reserved'], ['IAS300', '71419', '44', '60', 'ONLINE', None, None, None, None, None, None, None, None, None, None, None, None, 'Reserved'], ['IAS300', '90744', '55', '60', 'ONLINE', None, None, None, None, None, None, None, None, None, None, None, None, 'Reserved'], ['IAS300', '90745', '34', '40', 'T Th', ' 6:00 PM', 18, 0, 19, 15, None, None, None, None, None, None, None, 'Not Reserved'], ['IAS300', '90746', '25', '40', 'T Th', ' 9:00 AM', 9, 0, 10, 15, None, None, None, None, None, None, None, 'Not Reserved'], ['IAS300', '90747', '15', '40', 'T Th', '10:30 AM', 10, 30, 11, 45, None, None, None, None, None, None, None, 'Not Reserved'], ['IAS300', '90748', '28', '40', 'M W', ' 3:00 PM', 15, 0, 16, 15, None, None, None, None, None, None, None, 'Not Reserved'], ['IAS340', '86228', '16', '20', 'W', ' 6:00 PM', 18, 0, 20, 45, None, None, None, None, None, None, None, 'Not Reserved'], ['IAS394', '87116', '25', '25', 'F', '12:00 PM', 12, 0, 12, 50, None, None, None, None, None, None, None, 'Not Reserved'], ['IAS406', '75669', '24', '30', 'M W', ' 3:00 PM', 15, 0, 16, 15, None, None, None, None, None, None, None, 'Not Reserved']], 'HST': [['HST100', '77185', '41', '60', 'M W F', '12:00 PM', 12, 0, 12, 50, None, None, None, None, None, None, None, 'Not Reserved'], ['HST102', '86275', '41', '60', 'T Th', '10:30 AM', 10, 30, 11, 45, None, None, None, None, None, None, None, 'Not Reserved'], ['HST110', '77607', '43', '60', 'ONLINE', None, None, None, None, None, None, None, None, None, None, None, None, 'Reserved'], ['HST328', '91250', '25', '45', 'T Th', ' 4:30 PM', 16, 30, 17, 45, None, None, None, None, None, None, None, 'Not Reserved'], ['HST347', '90866', '29', '45', 'M W', ' 3:00 PM', 15, 0, 16, 15, None, None, None, None, None, None, None, 'Not Reserved'], ['HST350', '77608', '21', '45', 'T Th', '10:30 AM', 10, 30, 11, 45, None, None, None, None, None, None, None, 'Not Reserved'], ['HST419', '91182', '36', '45', 'ONLINE', None, None, None, None, None, None, None, None, None, None, None, None, 'Not Reserved'], ['HST430', '90839', '39', '45', 'T', ' 6:00 PM', 18, 0, 20, 45, None, None, None, None, None, None, None, 'Not Reserved'], ['HST495', '78813', '21', '30', 'W', ' 6:00 PM', 18, 0, 20, 45, None, None, None, None, None, None, None, 'Not Reserved'], ['HST495', '78814', '12', '30', 'Th', ' 4:30 PM', 16, 30, 19, 15, None, None, None, None, None, None, None, 'Not Reserved']], 'SPA': [], 'MIC': [], 'SPF': [], 'GIT': [], 'GIS': [], 'CHE': [['CHE211', '76991', '24', '60', 'F', '10:30 AM', 10, 30, 11, 20, None, None, None, None, None, None, None, 'Not Reserved'], ['CHE211', '76992', '4', '60', 'M', ' 4:30 PM', 16, 30, 17, 20, None, None, None, None, None, None, None, 'Not Reserved'], ['CHE294', '76580', '15', '15', 'ONLINE', None, None, None, None, None, None, None, None, None, None, None, None, 'Not Reserved'], ['CHE484', '76606', '30', '30', 'ONLINE', None, None, None, None, None, None, None, None, None, None, None, None, 'Not Reserved'], ['CHE498', '78189', '29', '30', 'ONLINE', None, None, None, None, None, None, None, None, None, None, None, None, 'Not Reserved'], ['CHE593', '76628', '30', '30', 'ONLINE', None, None, None, None, None, None, None, None, None, None, None, None, 'Not Reserved'], ['CHE598', '76534', '12', '28', 'T Th', '10:30 AM', 10, 30, 11, 45, None, None, None, None, None, None, None, 'Not Reserved'], ['CHE598', '77799', '15', '31', 'T Th', '12:00 PM', 12, 0, 13, 15, None, None, None, None, None, None, None, 'Not Reserved'], ['CHE211', '76991', '24', '60', 'F', '10:30 AM', 10, 30, 11, 20, None, None, None, None, None, None, None, 'Not Reserved'], ['CHE211', '76992', '4', '60', 'M', ' 4:30 PM', 16, 30, 17, 20, None, None, None, None, None, None, None, 'Not Reserved'], ['CHE294', '76580', '15', '15', 'ONLINE', None, None, None, None, None, None, None, None, None, None, None, None, 'Not Reserved'], ['CHE484', '76606', '30', '30', 'ONLINE', None, None, None, None, None, None, None, None, None, None, None, None, 'Not Reserved'], ['CHE498', '78189', '29', '30', 'ONLINE', None, None, None, None, None, None, None, None, None, None, None, None, 'Not Reserved'], ['CHE593', '76628', '30', '30', 'ONLINE', None, None, None, None, None, None, None, None, None, None, None, None, 'Not Reserved'], ['CHE598', '76534', '12', '28', 'T Th', '10:30 AM', 10, 30, 11, 45, None, None, None, None, None, None, None, 'Not Reserved'], ['CHE598', '77799', '15', '31', 'T Th', '12:00 PM', 12, 0, 13, 15, None, None, None, None, None, None, None, 'Not Reserved']], 'URB': [], 'SBS': [], 'CHI': [['CHI120', '89988', '5', '18', 'W', ' 3:00 PM', 15, 0, 15, 50, None, None, None, None, None, None, None, 'Not Reserved'], ['CHI120', '89989', '8', '15', 'Th', ' 6:00 PM', 18, 0, 18, 50, None, None, None, None, None, None, None, 'Not Reserved'], ['CHI120', '90761', '12', '15', 'M', ' 3:00 PM', 15, 0, 15, 50, None, None, None, None, None, None, None, 'Not Reserved'], ['CHI202', '83569', '22', '28', 'M T W Th F', '10:30 AM', 10, 30, 11, 20, None, None, None, None, None, None, None, 'Not Reserved'], ['CHI294', '89196', '28', '28', 'M T W Th F', '10:30 AM', 10, 30, 11, 50, None, None, None, None, None, None, None, 'Not Reserved'], ['CHI333', '91316', '14', '15', 'T Th', ' 1:30 PM', 13, 30, 14, 45, None, None, None, None, None, None, None, 'Not Reserved'], ['CHI401', '78276', '15', '24', 'M W F', '12:00 PM', 12, 0, 12, 50, None, None, None, None, None, None, None, 'Not Reserved'], ['CHI451', '81950', '14', '15', 'T Th', '10:30 AM', 10, 30, 11, 45, None, None, None, None, None, None, None, 'Not Reserved'], ['CHI494', '77736', '6', '10', 'ONLINE', None, None, None, None, None, None, None, None, None, None, None, None, 'Not Reserved'], ['CHI580', '76592', '3', '3', 'ONLINE', None, None, None, None, None, None, None, None, None, None, None, None, 'Not Reserved'], ['CHI598', '76329', '13', '15', 'T Th', ' 3:00 PM', 15, 0, 16, 15, None, None, None, None, None, None, None, 'Not Reserved']], 'CHM': [['CHM101', '90870', '44', '48', 'M W F', '12:00 PM', 12, 0, 12, 50, None, None, None, None, None, None, None, 'Not Reserved'], ['CHM101', '90871', '24', '24', 'W', ' 9:00 AM', 9, 0, 11, 50, None, None, None, None, None, None, None, 'Not Reserved'], ['CHM101', '90872', '20', '24', 'W', ' 1:00 PM', 13, 0, 15, 50, None, None, None, None, None, None, None, 'Not Reserved'], ['CHM101', '70691', '129', '168', 'T Th', ' 9:00 AM', 9, 0, 10, 15, None, None, None, None, None, None, None, 'Reserved'], ['CHM101', '72714', '35', '56', 'W', '12:00 PM', 12, 0, 13, 15, None, None, None, None, None, None, None, 'Not Reserved'], ['CHM101', '72715', '43', '56', 'W', ' 3:00 PM', 15, 0, 16, 15, None, None, None, None, None, None, None, 'Not Reserved'], ['CHM101', '72716', '51', '56', 'F', '12:00 PM', 12, 0, 13, 15, None, None, None, None, None, None, None, 'Not Reserved'], ['CHM101', '72720', '21', '24', 'M', ' 8:30 AM', 8, 30, 10, 20, None, None, None, None, None, None, None, 'Not Reserved'], ['CHM101', '73324', '19', '24', 'F', '10:30 AM', 10, 30, 12, 20, None, None, None, None, None, None, None, 'Not Reserved'], ['CHM101', '73325', '12', '24', 'M', ' 4:30 PM', 16, 30, 18, 20, None, None, None, None, None, None, None, 'Not Reserved'], ['CHM101', '73823', '21', '24', 'T', ' 6:30 PM', 18, 30, 20, 20, None, None, None, None, None, None, None, 'Not Reserved'], ['CHM101', '74049', '17', '24', 'W', '10:30 AM', 10, 30, 12, 20, None, None, None, None, None, None, None, 'Not Reserved'], ['CHM101', '77014', '16', '24', 'W', ' 8:30 AM', 8, 30, 10, 20, None, None, None, None, None, None, None, 'Not Reserved'], ['CHM101', '78862', '23', '24', 'F', ' 8:30 AM', 8, 30, 10, 20, None, None, None, None, None, None, None, 'Not Reserved'], ['CHM101', '74050', '162', '168', 'M W F', ' 9:00 AM', 9, 0, 9, 50, None, None, None, None, None, None, None, 'Reserved'], ['CHM101', '74747', '53', '56', 'Th', '10:30 AM', 10, 30, 11, 45, None, None, None, None, None, None, None, 'Not Reserved'], ['CHM101', '74748', '54', '56', 'Th', ' 1:30 PM', 13, 30, 14, 45, None, None, None, None, None, None, None, 'Not Reserved'], ['CHM101', '74749', '55', '56', 'F', '10:30 AM', 10, 30, 11, 45, None, None, None, None, None, None, None, 'Not Reserved'], ['CHM101', '74750', '22', '24', 'M', '12:30 PM', 12, 30, 14, 20, None, None, None, None, None, None, None, 'Not Reserved'], ['CHM101', '74751', '23', '24', 'M', ' 2:30 PM', 14, 30, 16, 20, None, None, None, None, None, None, None, 'Not Reserved'], ['CHM101', '74752', '23', '24', 'M', ' 6:30 PM', 18, 30, 20, 20, None, None, None, None, None, None, None, 'Not Reserved'], ['CHM101', '75324', '23', '24', 'W', '12:30 PM', 12, 30, 14, 20, None, None, None, None, None, None, None, 'Not Reserved'], ['CHM101', '78007', '23', '24', 'W', ' 2:30 PM', 14, 30, 16, 20, None, None, None, None, None, None, None, 'Not Reserved'], ['CHM101', '78863', '24', '24', 'Th', ' 8:30 AM', 8, 30, 10, 20, None, None, None, None, None, None, None, 'Not Reserved'], ['CHM101', '80731', '24', '24', 'T', ' 8:30 AM', 8, 30, 10, 20, None, None, None, None, None, None, None, 'Not Reserved'], ['CHM101', '80859', '117', '120', 'T Th', ' 7:30 AM', 7, 30, 8, 45, None, None, None, None, None, None, None, 'Reserved'], ['CHM101', '80860', '58', '60', 'T', ' 3:00 PM', 15, 0, 16, 15, None, None, None, None, None, None, None, 'Not Reserved'], ['CHM101', '80861', '59', '60', 'Th', ' 3:00 PM', 15, 0, 16, 15, None, None, None, None, None, None, None, 'Not Reserved'], ['CHM101', '80862', '22', '24', 'T', '10:30 AM', 10, 30, 12, 20, None, None, None, None, None, None, None, 'Not Reserved'], ['CHM101', '80863', '24', '24', 'T', '12:30 PM', 12, 30, 14, 20, None, None, None, None, None, None, None, 'Not Reserved'], ['CHM101', '80866', '24', '24', 'F', '10:30 AM', 10, 30, 12, 20, None, None, None, None, None, None, None, 'Not Reserved'], ['CHM101', '85841', '24', '24', 'F', '12:30 PM', 12, 30, 14, 20, None, None, None, None, None, None, None, 'Not Reserved'], ['CHM101', '86736', '23', '24', 'M', '10:30 AM', 10, 30, 12, 20, None, None, None, None, None, None, None, 'Not Reserved'], ['CHM107', '74144', '30', '40', 'M W', ' 3:00 PM', 15, 0, 16, 15, None, None, None, None, None, None, None, 'Not Reserved'], ['CHM108', '75071', '17', '24', 'Th', ' 4:30 PM', 16, 30, 18, 20, None, None, None, None, None, None, None, 'Not Reserved'], ['CHM108', '74145', '17', '24', 'Th', ' 3:00 PM', 15, 0, 16, 15, None, None, None, None, None, None, None, 'Not Reserved'], ['CHM113', '81395', '104', '120', 'M W F', ' 9:00 AM', 9, 0, 9, 50, None, None, None, None, None, None, None, 'Not Reserved'], ['CHM113', '81397', '19', '24', 'M', '12:00 PM', 12, 0, 13, 50, None, None, None, None, None, None, None, 'Not Reserved'], ['CHM113', '81399', '21', '24', 'T', ' 3:30 PM', 15, 30, 17, 20, None, None, None, None, None, None, None, 'Not Reserved'], ['CHM113', '81400', '20', '24', 'W', ' 3:30 PM', 15, 30, 17, 20, None, None, None, None, None, None, None, 'Not Reserved'], ['CHM113', '81401', '22', '24', 'F', '11:30 AM', 11, 30, 13, 20, None, None, None, None, None, None, None, 'Not Reserved'], ['CHM113', '85489', '22', '24', 'W', '11:30 AM', 11, 30, 13, 20, None, None, None, None, None, None, None, 'Not Reserved'], ['CHM113', '89101', '33', '40', 'M', '10:30 AM', 10, 30, 11, 20, None, None, None, None, None, None, None, 'Not Reserved'], ['CHM113', '89103', '38', '40', 'W', '10:30 AM', 10, 30, 11, 20, None, None, None, None, None, None, None, 'Not Reserved'], ['CHM113', '89104', '33', '40', 'F', '10:30 AM', 10, 30, 11, 20, None, None, None, None, None, None, None, 'Not Reserved'], ['CHM113', '81396', '87', '120', 'T Th', '12:00 PM', 12, 0, 13, 15, None, None, None, None, None, None, None, 'Not Reserved'], ['CHM113', '81402', '18', '24', 'Th', ' 3:00 PM', 15, 0, 16, 50, None, None, None, None, None, None, None, 'Not Reserved'], ['CHM113', '81404', '14', '24', 'W', '11:30 AM', 11, 30, 13, 20, None, None, None, None, None, None, None, 'Not Reserved'], ['CHM113', '81411', '15', '24', 'T', '10:00 AM', 10, 0, 11, 50, None, None, None, None, None, None, None, 'Not Reserved'], ['CHM113', '81413', '22', '24', 'Th', '10:00 AM', 10, 0, 11, 50, None, None, None, None, None, None, None, 'Not Reserved'], ['CHM113', '85488', '18', '24', 'T', ' 1:30 PM', 13, 30, 15, 20, None, None, None, None, None, None, None, 'Not Reserved'], ['CHM113', '89141', '31', '40', 'M', '12:00 PM', 12, 0, 12, 50, None, None, None, None, None, None, None, 'Not Reserved'], ['CHM113', '89143', '23', '40', 'T', ' 9:00 AM', 9, 0, 9, 50, None, None, None, None, None, None, None, 'Not Reserved'], ['CHM113', '89145', '33', '40', 'Th', ' 9:00 AM', 9, 0, 9, 50, None, None, None, None, None, None, None, 'Not Reserved'], ['CHM113', '89136', '103', '120', 'M W F', '10:30 AM', 10, 30, 11, 20, None, None, None, None, None, None, None, 'Not Reserved'], ['CHM113', '81410', '22', '24', 'M', ' 3:00 PM', 15, 0, 16, 50, None, None, None, None, None, None, None, 'Not Reserved'], ['CHM113', '81412', '17', '24', 'W', ' 1:30 PM', 13, 30, 15, 20, None, None, None, None, None, None, None, 'Not Reserved'], ['CHM113', '89146', '23', '24', 'Th', ' 1:00 PM', 13, 0, 14, 50, None, None, None, None, None, None, None, 'Not Reserved'], ['CHM111', '77728', '23', '24', 'M', '4:30PM', 16, 30, 17, 20, 'M', '5:30PM', 17, 30, '7:20PM', 19, 20, 'Not Reserved'], ['CHM113', '90507', '64', '72', 'T', ' 3:20 PM', 15, 20, 16, 20, None, None, None, None, None, None, None, 'Not Reserved'], ['CHM114', '76514', '22', '24', 'T', '12:30 PM', 12, 30, 14, 20, None, None, None, None, None, None, None, 'Not Reserved'], ['CHM114', '76515', '22', '24', 'T', ' 4:30 PM', 16, 30, 18, 20, None, None, None, None, None, None, None, 'Not Reserved'], ['CHM114', '76530', '64', '72', 'Th', ' 1:30 PM', 13, 30, 14, 20, None, None, None, None, None, None, None, 'Not Reserved'], ['CHM114', '76531', '24', '24', 'T', ' 8:30 AM', 8, 30, 10, 20, None, None, None, None, None, None, None, 'Not Reserved'], ['CHM114', '76532', '23', '24', 'T', '10:30 AM', 10, 30, 12, 20, None, None, None, None, None, None, None, 'Not Reserved'], ['CHM114', '76533', '22', '24', 'T', '12:30 PM', 12, 30, 14, 20, None, None, None, None, None, None, None, 'Reserved'], ['CHM114', '77632', '24', '24', 'T', ' 4:30 PM', 16, 30, 18, 20, None, None, None, None, None, None, None, 'Not Reserved'], ['CHM114', '77754', '66', '72', 'Th', ' 2:30 PM', 14, 30, 15, 20, None, None, None, None, None, None, None, 'Not Reserved'], ['CHM114', '77755', '72', '72', 'Th', ' 3:30 PM', 15, 30, 16, 20, None, None, None, None, None, None, None, 'Not Reserved'], ['CHM114', '77756', '24', '24', 'T', ' 8:30 AM', 8, 30, 10, 20, None, None, None, None, None, None, None, 'Not Reserved'], ['CHM114', '77757', '23', '24', 'T', '10:30 AM', 10, 30, 12, 20, None, None, None, None, None, None, None, 'Not Reserved'], ['CHM114', '77758', '21', '24', 'T', '12:30 PM', 12, 30, 14, 20, None, None, None, None, None, None, None, 'Not Reserved'], ['CHM114', '77759', '21', '24', 'T', ' 4:30 PM', 16, 30, 18, 20, None, None, None, None, None, None, None, 'Not Reserved'], ['CHM114', '77760', '19', '24', 'W', ' 2:30 PM', 14, 30, 16, 20, None, None, None, None, None, None, None, 'Not Reserved'], ['CHM114', '77761', '24', '24', 'W', ' 2:30 PM', 14, 30, 16, 20, None, None, None, None, None, None, None, 'Not Reserved'], ['CHM114', '77762', '24', '24', 'W', ' 2:30 PM', 14, 30, 16, 20, None, None, None, None, None, None, None, 'Not Reserved'], ['CHM114', '78234', '18', '24', 'W', '12:30 PM', 12, 30, 14, 20, None, None, None, None, None, None, None, 'Not Reserved'], ['CHM114', '80865', '24', '24', 'M', '12:30 PM', 12, 30, 14, 20, None, None, None, None, None, None, None, 'Not Reserved'], ['CHM114', '83367', '24', '24', 'M', ' 8:30 AM', 8, 30, 10, 20, None, None, None, None, None, None, None, 'Not Reserved'], ['CHM114', '83368', '22', '24', 'M', '12:30 PM', 12, 30, 14, 20, None, None, None, None, None, None, None, 'Not Reserved'], ['CHM114', '83369', '24', '24', 'M', ' 8:30 AM', 8, 30, 10, 20, None, None, None, None, None, None, None, 'Not Reserved'], ['CHM114', '83370', '23', '24', 'M', '12:30 PM', 12, 30, 14, 20, None, None, None, None, None, None, None, 'Not Reserved'], ['CHM114', '83371', '23', '24', 'M', '12:30 PM', 12, 30, 14, 20, None, None, None, None, None, None, None, 'Not Reserved'], ['CHM114', '83372', '21', '24', 'T', ' 4:30 PM', 16, 30, 18, 20, None, None, None, None, None, None, None, 'Not Reserved'], ['CHM114', '83373', '24', '24', 'T', ' 2:30 PM', 14, 30, 16, 20, None, None, None, None, None, None, None, 'Not Reserved'], ['CHM114', '83374', '24', '24', 'T', ' 2:30 PM', 14, 30, 16, 20, None, None, None, None, None, None, None, 'Not Reserved'], ['CHM114', '90510', '71', '72', 'F', '11:30 AM', 11, 30, 12, 20, None, None, None, None, None, None, None, 'Not Reserved'], ['CHM114', '90675', '24', '24', 'M', ' 8:30 AM', 8, 30, 10, 20, None, None, None, None, None, None, None, 'Not Reserved'], ['CHM114', '90680', '24', '24', 'T', '12:30 PM', 12, 30, 14, 20, None, None, None, None, None, None, None, 'Not Reserved'], ['CHM114', '90681', '23', '24', 'M', ' 2:30 PM', 14, 30, 16, 20, None, None, None, None, None, None, None, 'Not Reserved'], ['CHM117', '87889', '122', '140', 'M W F', '10:30 AM', 10, 30, 11, 20, None, None, None, None, None, None, None, 'Reserved'], ['CHM191', '83969', '18', '19', 'M', '10:30 AM', 10, 30, 11, 20, None, None, None, None, None, None, None, 'Reserved'], ['CHM234', '76112', '52', '158', 'ONLINE', None, None, None, None, None, 'F', None, None, None, None, None, None, 'Not Reserved'], ['CHM235', '76113', '1', '48', 'F', ' 9:30 AM', 9, 30, 10, 20, None, None, None, None, None, None, None, 'Not Reserved'], ['CHM235', '76118', '7', '48', 'F', '11:30 AM', 11, 30, 12, 20, None, None, None, None, None, None, None, 'Not Reserved'], ['CHM235', '76119', '33', '48', 'F', '12:30 PM', 12, 30, 13, 20, None, None, None, None, None, None, None, 'Not Reserved'], ['CHM235', '76115', '1', '24', 'M', ' 2:30 PM', 14, 30, 17, 20, None, None, None, None, None, None, None, 'Not Reserved'], ['CHM235', '77790', '16', '24', 'M', ' 2:30 PM', 14, 30, 17, 20, None, None, None, None, None, None, None, 'Not Reserved'], ['CHM237', '76141', '2', '48', 'M', ' 4:30 PM', 16, 30, 17, 20, None, None, None, None, None, None, None, 'Not Reserved'], ['CHM237', '76144', '24', '48', 'M', ' 5:30 PM', 17, 30, 18, 20, None, None, None, None, None, None, None, 'Not Reserved'], ['CHM237', '76150', '5', '48', 'T', ' 8:30 AM', 8, 30, 9, 20, None, None, None, None, None, None, None, 'Not Reserved'], ['CHM237', '76184', '1', '48', 'T', ' 1:30 PM', 13, 30, 14, 20, None, None, None, None, None, None, None, 'Not Reserved'], ['CHM237', '76187', '1', '48', 'T', ' 2:30 PM', 14, 30, 15, 20, None, None, None, None, None, None, None, 'Not Reserved'], ['CHM237', '76217', '1', '48', 'T', ' 3:30 PM', 15, 30, 16, 20, None, None, None, None, None, None, None, 'Not Reserved'], ['CHM237', '76149', '1', '24', 'Th', ' 3:30 PM', 15, 30, 18, 20, None, None, None, None, None, None, None, 'Not Reserved'], ['CHM237', '76157', '7', '24', 'Th', ' 3:30 PM', 15, 30, 18, 20, None, None, None, None, None, None, None, 'Not Reserved'], ['CHM237', '76177', '18', '24', 'Th', ' 3:30 PM', 15, 30, 18, 20, None, None, None, None, None, None, None, 'Not Reserved'], ['CHM237', '76182', '14', '24', 'Th', ' 3:30 PM', 15, 30, 18, 20, None, None, None, None, None, None, None, 'Not Reserved'], ['CHM238', '76195', '24', '48', 'Th', '11:30 AM', 11, 30, 12, 20, None, None, None, None, None, None, None, 'Not Reserved'], ['CHM238', '76198', '9', '48', 'Th', '12:30 PM', 12, 30, 13, 20, None, None, None, None, None, None, None, 'Not Reserved'], ['CHM238', '76201', '10', '48', 'Th', ' 1:30 PM', 13, 30, 14, 20, None, None, None, None, None, None, None, 'Not Reserved'], ['CHM238', '76204', '39', '48', 'Th', ' 2:30 PM', 14, 30, 15, 20, None, None, None, None, None, None, None, 'Not Reserved'], ['CHM238', '76207', '27', '48', 'Th', ' 3:30 PM', 15, 30, 16, 20, None, None, None, None, None, None, None, 'Not Reserved'], ['CHM238', '76197', '14', '24', 'T', ' 8:30 AM', 8, 30, 11, 20, None, None, None, None, None, None, None, 'Not Reserved'], ['CHM238', '76200', '12', '24', 'T', ' 3:30 PM', 15, 30, 18, 20, None, None, None, None, None, None, None, 'Not Reserved'], ['CHM238', '76205', '12', '24', 'T', ' 3:30 PM', 15, 30, 18, 20, None, None, None, None, None, None, None, 'Not Reserved'], ['CHM238', '76206', '13', '24', 'T', ' 8:30 AM', 8, 30, 11, 20, None, None, None, None, None, None, None, 'Not Reserved'], ['CHM238', '76209', '15', '24', 'T', '12:00 PM', 12, 0, 14, 50, None, None, None, None, None, None, None, 'Not Reserved'], ['CHM238', '76210', '20', '24', 'T', ' 3:30 PM', 15, 30, 18, 20, None, None, None, None, None, None, None, 'Not Reserved'], ['CHM238', '76427', '23', '24', 'T', ' 8:30 AM', 8, 30, 11, 20, None, None, None, None, None, None, None, 'Not Reserved'], ['CHM343', '77995', '6', '16', 'Th', ' 6:00 PM', 18, 0, 21, 0, None, None, None, None, None, None, None, 'Not Reserved'], ['CHM348', '77704', '14', '40', 'M', '12:00 PM', 12, 0, 12, 50, None, None, None, None, None, None, None, 'Not Reserved'], ['CHM348', '78092', '1', '12', 'F', '12:00 PM', 12, 0, 14, 50, None, None, None, None, None, None, None, 'Not Reserved'], ['CHM348', '78093', '9', '12', 'Th', '12:40 PM', 12, 40, 15, 30, None, None, None, None, None, None, None, 'Not Reserved'], ['CHM494', '76410', '2', '6', 'T Th', ' 3:00 PM', 15, 0, 16, 15, None, None, None, None, None, None, None, 'Not Reserved'], ['CHM545', '79770', '23', '24', 'M W', ' 1:00 PM', 13, 0, 14, 15, None, None, None, None, None, None, None, 'Not Reserved'], ['CHM598', '91817', '11', '12', 'M W', ' 1:30 PM', 13, 30, 14, 45, None, None, None, None, None, None, None, 'Not Reserved'], ['CHM598', '77653', '2', '10', 'W F', '12:00PM', 12, 0, 13, 15, 'W', '2:00PM', 14, 0, '4:30PM', 16, 30, 'Not Reserved'], ['CHM598', '77772', '14', '18', 'T Th', ' 3:00 PM', 15, 0, 16, 15, None, None, None, None, None, None, None, 'Not Reserved'], ['CHM598', '78997', '8', '8', 'T Th', ' 9:00 AM', 9, 0, 10, 15, None, None, None, None, None, None, None, 'Not Reserved'], ['CHM101', '81449', '73', '250', 'ONLINE', None, None, None, None, None, None, None, None, None, None, None, None, 'Reserved'], ['CHM101', '81450', '73', '250', 'ONLINE', None, None, None, None, None, None, None, None, None, None, None, None, 'Not Reserved'], ['CHM101', '82331', '41', '60', 'T', '12:00PM', 12, 0, 13, 15, 'Th', '12:00PM', 12, 0, '1:15PM', 13, 15, 'Not Reserved'], ['CHM101', '83110', '41', '60', 'ONLINE', None, None, None, None, None, None, None, None, None, None, None, None, 'Not Reserved'], ['CHM113', '70750', '78', '96', 'T Th', '12:00 PM', 12, 0, 13, 15, None, None, None, None, None, None, None, 'Not Reserved'], ['CHM113', '70751', '16', '24', 'W', ' 9:00 AM', 9, 0, 11, 45, None, None, None, None, None, None, None, 'Not Reserved'], ['CHM113', '86225', '18', '24', 'F', ' 9:00 AM', 9, 0, 11, 45, None, None, None, None, None, None, None, 'Not Reserved'], ['CHM113', '86224', '60', '76', 'M W F', '10:30 AM', 10, 30, 11, 20, None, None, None, None, None, None, None, 'Not Reserved'], ['CHM113', '70754', '19', '24', 'Th', ' 8:30 AM', 8, 30, 11, 15, None, None, None, None, None, None, None, 'Not Reserved'], ['CHM113', '70755', '23', '24', 'Th', '11:45 AM', 11, 45, 14, 30, None, None, None, None, None, None, None, 'Not Reserved'], ['CHM113', '70756', '19', '24', 'Th', ' 3:00 PM', 15, 0, 17, 45, None, None, None, None, None, None, None, 'Not Reserved'], ['CHM113', '86226', '19', '24', 'F', '12:15 PM', 12, 15, 15, 0, None, None, None, None, None, None, None, 'Not Reserved'], ['CHM116', '73356', '47', '72', 'T Th', ' 1:30 PM', 13, 30, 14, 45, None, None, None, None, None, None, None, 'Not Reserved'], ['CHM116', '74647', '4', '24', 'F', ' 9:30 AM', 9, 30, 12, 15, None, None, None, None, None, None, None, 'Not Reserved'], ['CHM116', '76755', '19', '24', 'F', ' 1:00 PM', 13, 0, 15, 45, None, None, None, None, None, None, None, 'Not Reserved'], ['CHM233', '72669', '64', '144', 'T Th', ' 9:00 AM', 9, 0, 10, 15, None, None, None, None, None, None, None, 'Not Reserved'], ['CHM234', '74100', '38', '60', 'T Th', ' 1:30 PM', 13, 30, 14, 45, None, None, None, None, None, None, None, 'Not Reserved'], ['CHM237', '72670', '3', '24', 'T', '10:30 AM', 10, 30, 14, 0, None, None, None, None, None, None, None, 'Not Reserved'], ['CHM237', '72672', '9', '24', 'W', ' 9:30 AM', 9, 30, 13, 0, None, None, None, None, None, None, None, 'Not Reserved'], ['CHM237', '72673', '14', '24', 'W', ' 1:30 PM', 13, 30, 17, 0, None, None, None, None, None, None, None, 'Not Reserved'], ['CHM237', '74261', '22', '24', 'M', ' 4:00 PM', 16, 0, 19, 30, None, None, None, None, None, None, None, 'Not Reserved'], ['CHM237', '86233', '22', '24', 'W', ' 5:30 PM', 17, 30, 21, 0, None, None, None, None, None, None, None, 'Not Reserved'], ['CHM238', '73936', '4', '24', 'M', '10:30 AM', 10, 30, 14, 0, None, None, None, None, None, None, None, 'Not Reserved']], 'IED': [], 'THP': [], 'CHP': [], 'QBA': [], 'CHS': [], 'LPH': [], 'THF': [], 'THE': [], 'FIN': [['FIN123', '80172', '459', '500', 'ONLINE', None, None, None, None, None, None, None, None, None, None, None, None, 'Reserved'], ['FIN123', '80173', '492', '500', 'ONLINE', None, None, None, None, None, None, None, None, None, None, None, None, 'Reserved'], ['FIN300', '75058', '97', '285', 'ONLINE', None, None, None, None, None, None, None, None, None, None, None, None, 'Reserved'], ['FIN300', '70371', '56', '265', 'T', ' 6:00 PM', 18, 0, 20, 45, None, None, None, None, None, None, None, 'Not Reserved'], ['FIN300', '74525', '38', '60', 'T Th', ' 9:00 AM', 9, 0, 10, 15, None, None, None, None, None, None, None, 'Not Reserved'], ['FIN300', '84308', '38', '80', 'T', ' 6:00 PM', 18, 0, 20, 45, None, None, None, None, None, None, None, 'Not Reserved'], ['FIN302', '75119', '26', '50', 'T', ' 6:00 PM', 18, 0, 20, 45, None, None, None, None, None, None, None, 'Not Reserved'], ['FIN303', '72620', '6', '35', 'M W', ' 3:00 PM', 15, 0, 16, 15, None, None, None, None, None, None, None, 'Not Reserved'], ['FIN303', '75120', '24', '35', 'M W', ' 4:30 PM', 16, 30, 17, 45, None, None, None, None, None, None, None, 'Not Reserved'], ['FIN380', '78060', '145', '285', 'ONLINE', None, None, None, None, None, None, None, None, None, None, None, None, 'Reserved'], ['FIN380', '70372', '6', '100', 'M W', ' 3:00 PM', 15, 0, 16, 15, None, None, None, None, None, None, None, 'Not Reserved'], ['FIN380', '91366', '42', '48', 'M W F', ' 1:30 PM', 13, 30, 14, 45, None, None, None, None, None, None, None, 'Not Reserved'], ['FIN421', '74214', '4', '49', 'Th', ' 6:00 PM', 18, 0, 20, 45, None, None, None, None, None, None, None, 'Not Reserved'], ['FIN427', '71215', '23', '35', 'T', ' 6:00 PM', 18, 0, 20, 45, None, None, None, None, None, None, None, 'Not Reserved'], ['FIN456', '71216', '11', '60', 'M', ' 6:00 PM', 18, 0, 20, 45, None, None, None, None, None, None, None, 'Not Reserved'], ['FIN461', '71206', '15', '35', 'M W', ' 3:00 PM', 15, 0, 16, 15, None, None, None, None, None, None, None, 'Not Reserved'], ['FIN461', '71207', '10', '35', 'M W', ' 1:30 PM', 13, 30, 14, 45, None, None, None, None, None, None, None, 'Not Reserved'], ['FIN471', '82091', '18', '20', 'F', ' 1:30 PM', 13, 30, 15, 20, None, None, None, None, None, None, None, 'Not Reserved'], ['FIN472', '86489', '35', '35', 'Th', ' 7:30 PM', 19, 30, 21, 20, None, None, None, None, None, None, None, 'Not Reserved'], ['FIN484', '71217', '49', '50', 'ONLINE', None, None, None, None, None, None, None, None, None, None, None, None, 'Not Reserved'], ['FIN493', '71218', '39', '40', 'ONLINE', None, None, None, None, None, None, None, None, None, None, None, None, 'Not Reserved'], ['FIN494', '82582', '1', '35', 'T Th', ' 1:25 PM', 13, 25, 15, 30, None, None, None, None, None, None, None, 'Not Reserved'], ['FIN502', '84103', '33', '35', 'M W', '10:00 AM', 10, 0, 12, 30, None, None, None, None, None, None, None, 'Not Reserved'], ['FIN502', '71220', '52', '52', 'M W', ' 8:00 AM', 8, 0, 10, 5, None, None, None, None, None, None, None, 'Reserved'], ['FIN502', '71222', '52', '52', 'M W', '10:20 AM', 10, 20, 12, 25, None, None, None, None, None, None, None, 'Reserved'], ['FIN502', '71221', '70', '70', 'ONLINE', None, None, None, None, None, None, None, None, None, None, None, None, 'Reserved']], 'IAP': [['IAP101', '71415', '47', '64', 'M W F', '12:00 PM', 12, 0, 12, 50, None, None, None, None, None, None, None, 'Not Reserved'], ['IAP103', '74478', '22', '24', 'T Th', '10:30 AM', 10, 30, 11, 45, None, None, None, None, None, None, None, 'Not Reserved'], ['IAP104', '74511', '13', '24', 'M W', ' 9:00 AM', 9, 0, 10, 15, None, None, None, None, None, None, None, 'Not Reserved'], ['IAP201', '71416', '55', '64', 'T Th', '10:30 AM', 10, 30, 11, 45, None, None, None, None, None, None, None, 'Not Reserved'], ['IAP294', '86215', '21', '24', 'M W', '10:30 AM', 10, 30, 11, 45, None, None, None, None, None, None, None, 'Not Reserved'], ['IAP304', '71417', '51', '64', 'T Th', ' 1:30 PM', 13, 30, 14, 45, None, None, None, None, None, None, None, 'Not Reserved'], ['IAP307', '86216', '42', '64', 'T', ' 4:30 PM', 16, 30, 19, 15, None, None, None, None, None, None, None, 'Not Reserved'], ['IAP322', '77601', '16', '24', 'M', ' 6:00 PM', 18, 0, 20, 45, None, None, None, None, None, None, None, 'Not Reserved'], ['IAP332', '90943', '12', '25', 'M W', ' 1:30 PM', 13, 30, 15, 0, None, None, None, None, None, None, None, 'Not Reserved'], ['IAP334', '71418', '13', '24', 'M W', ' 3:00 PM', 15, 0, 16, 15, None, None, None, None, None, None, None, 'Not Reserved'], ['IAP352', '86217', '19', '20', 'T Th', ' 9:00 AM', 9, 0, 10, 15, None, None, None, None, None, None, None, 'Not Reserved'], ['IAP355', '84438', '15', '20', 'M W', ' 4:30 PM', 16, 30, 17, 45, None, None, None, None, None, None, None, 'Not Reserved'], ['IAP375', '77224', '9', '25', 'W', ' 6:00 PM', 18, 0, 20, 45, None, None, None, None, None, None, None, 'Not Reserved'], ['IAP394', '77215', '93', '150', 'ONLINE', None, None, None, None, None, None, None, None, None, None, None, None, 'Reserved'], ['IAP394', '77218', '5', '15', 'T Th', '12:00 PM', 12, 0, 13, 15, None, None, None, None, None, None, None, 'Not Reserved'], ['IAP394', '86218', '14', '20', 'T Th', '12:00 PM', 12, 0, 13, 15, None, None, None, None, None, None, None, 'Not Reserved'], ['IAP433', '82325', '14', '17', 'T', ' 4:30 PM', 16, 30, 19, 15, None, None, None, None, None, None, None, 'Not Reserved'], ['IAP462', '86219', '18', '19', 'W', ' 4:30 PM', 16, 30, 19, 15, None, None, None, None, None, None, None, 'Not Reserved'], ['IAP466', '86220', '17', '24', 'M W', '12:00 PM', 12, 0, 13, 15, None, None, None, None, None, None, None, 'Not Reserved'], ['IAP480', '76491', '20', '20', 'ONLINE', None, None, None, None, None, None, None, None, None, None, None, None, 'Not Reserved'], ['IAP484', '76331', '10', '10', 'ONLINE', None, None, None, None, None, None, None, None, None, None, None, None, 'Not Reserved'], ['IAP494', '77220', '9', '14', 'Th', ' 4:30 PM', 16, 30, 19, 15, None, None, None, None, None, None, None, 'Not Reserved'], ['IAP494', '76564', '10', '10', 'ONLINE', None, None, None, None, None, None, None, None, None, None, None, None, 'Not Reserved'], ['IAP494', '90901', '15', '15', 'ONLINE', None, None, None, None, None, None, None, None, None, None, None, None, 'Not Reserved'], ['IAP499', '79220', '5', '5', 'ONLINE', None, None, None, None, None, None, None, None, None, None, None, None, 'Not Reserved'], ['IAP499', '86222', '3', '5', 'ONLINE', None, None, None, None, None, None, None, None, None, None, None, None, 'Not Reserved']], 'HRC': [['HRC200', '86267', '31', '40', 'ONLINE', None, None, None, None, None, None, None, None, None, None, None, None, 'Reserved'], ['HRC310', '82807', '27', '40', 'T Th', '12:00 PM', 12, 0, 13, 15, None, None, None, None, None, None, None, 'Not Reserved']], 'MUE': [], 'MAS': [], 'BUA': [['BUA380', '81899', '92', '110', 'ONLINE', None, None, None, None, None, None, None, None, None, None, None, None, 'Reserved'], ['BUA381', '74490', '97', '105', 'ONLINE', None, None, None, None, None, None, None, None, None, None, None, None, 'Reserved'], ['BUA383', '81902', '88', '100', 'ONLINE', None, None, None, None, None, None, None, None, None, None, None, None, 'Reserved'], ['BUA384', '74491', '58', '75', 'ONLINE', None, None, None, None, None, None, None, None, None, None, None, None, 'Reserved']], 'MAT': [], 'PHL': [], 'DBA': [['DBA705', '80258', '40', '40', 'M T W Th F Sa Su', ' 8:00 AM', 8, 0, 17, 0, None, None, None, None, None, None, None, 'Not Reserved'], ['DBA713', '84549', '40', '40', 'ONLINE', None, None, None, None, None, None, None, None, None, None, None, None, 'Not Reserved'], ['DBA714', '91222', '80', '80', 'M T W Th F Sa', ' 8:00 AM', 8, 0, 17, 0, None, None, None, None, None, None, None, 'Not Reserved'], ['DBA715', '84111', '80', '80', 'F Sa Su', ' 8:00 AM', 8, 0, 17, 0, None, None, None, None, None, None, None, 'Not Reserved'], ['DBA723', '84110', '40', '40', 'ONLINE', None, None, None, None, None, None, None, None, None, None, None, None, 'Not Reserved'], ['DBA799', '84548', '40', '40', 'ONLINE', None, None, None, None, None, None, None, None, None, None, None, None, 'Not Reserved']], 'LAA': [], 'FYC': [], 'APH': [['APH300', '76281', '48', '90', 'T Th', '12:00 PM', 12, 0, 13, 15, None, None, None, None, None, None, None, 'Not Reserved'], ['APH305', '87366', '11', '80', 'T Th', ' 3:00 PM', 15, 0, 16, 15, None, None, None, None, None, None, None, 'Not Reserved'], ['APH313', '86905', '93', '135', 'T Th', ' 4:30 PM', 16, 30, 17, 45, None, None, None, None, None, None, None, 'Not Reserved'], ['APH492', '73029', '5', '5', 'ONLINE', None, None, None, None, None, None, None, None, None, None, None, None, 'Not Reserved'], ['APH494', '90185', '3', '9', 'T Th', '10:30 AM', 10, 30, 11, 45, None, None, None, None, None, None, None, 'Not Reserved'], ['APH598', '90186', '9', '9', 'T Th', '10:30 AM', 10, 30, 11, 45, None, None, None, None, None, None, None, 'Not Reserved']], 'FAS': [], 'MAE': [], 'KIN': [['KIN101', '75435', '17', '36', 'T Th', ' 1:30 PM', 13, 30, 14, 45, None, None, None, None, None, None, None, 'Reserved'], ['KIN101', '86354', '22', '36', 'M W F', '10:30 AM', 10, 30, 11, 20, None, None, None, None, None, None, None, 'Reserved'], ['KIN101', '88632', '75', '75', 'M W F', '1:30PM', 13, 30, 14, 45, '', '', None, None, '', None, None, 'Reserved'], ['KIN335', '82040', '14', '80', 'M W', ' 3:00 PM', 15, 0, 16, 15, None, None, None, None, None, None, None, 'Reserved'], ['KIN340', '82041', '9', '80', 'T Th', '12:00 PM', 12, 0, 13, 15, None, None, None, None, None, None, None, 'Reserved'], ['KIN345', '78164', '33', '84', 'T Th', '12:00 PM', 12, 0, 13, 15, None, None, None, None, None, None, None, 'Reserved'], ['KIN460', '86360', '1', '24', 'M W F', '12:00 PM', 12, 0, 12, 50, None, None, None, None, None, None, None, 'Not Reserved'], ['KIN484', '82046', '6', '30', 'M W F', '12:00PM', 12, 0, 12, 50, '', '', None, None, '', None, None, 'Reserved'], ['KIN492', '80259', '25', '25', 'ONLINE', None, None, None, None, None, None, None, None, None, None, None, None, 'Not Reserved'], ['KIN492', '80965', '23', '25', 'ONLINE', None, None, None, None, None, None, None, None, None, None, None, None, 'Not Reserved'], ['KIN493', '82047', '25', '25', 'ONLINE', None, None, None, None, None, None, None, None, None, None, None, None, 'Not Reserved'], ['KIN493', '82048', '25', '25', 'ONLINE', None, None, None, None, None, None, None, None, None, None, None, None, 'Not Reserved'], ['KIN494', '91714', '25', '25', 'ONLINE', None, None, None, None, None, None, None, None, None, None, None, None, 'Not Reserved'], ['KIN499', '79656', '22', '25', 'ONLINE', None, None, None, None, None, None, None, None, None, None, None, None, 'Not Reserved'], ['KIN499', '80683', '23', '25', 'ONLINE', None, None, None, None, None, None, None, None, None, None, None, None, 'Not Reserved'], ['KIN547', '89070', '3', '5', 'T Th', ' 1:30 PM', 13, 30, 14, 45, None, None, None, None, None, None, None, 'Reserved']], 'APL': [['APL555', '89818', '4', '15', 'T Th', '12:00 PM', 12, 0, 13, 15, None, None, None, None, None, None, None, 'Not Reserved'], ['APL588', '88783', '5', '5', 'M', ' 4:30 PM', 16, 30, 19, 15, None, None, None, None, None, None, None, 'Not Reserved'], ['APL591', '89823', '18', '20', 'T', ' 4:30 PM', 16, 30, 19, 15, None, None, None, None, None, None, None, 'Not Reserved'], ['APL784', '76471', '20', '20', 'ONLINE', None, None, None, None, None, None, None, None, None, None, None, None, 'Not Reserved'], ['APL790', '77870', '20', '20', 'ONLINE', None, None, None, None, None, None, None, None, None, None, None, None, 'Not Reserved'], ['APL792', '77871', '20', '20', 'ONLINE', None, None, None, None, None, None, None, None, None, None, None, None, 'Not Reserved'], ['APL795', '77872', '20', '20', 'ONLINE', None, None, None, None, None, None, None, None, None, None, None, None, 'Not Reserved'], ['APL799', '76457', '20', '20', 'ONLINE', None, None, None, None, None, None, None, None, None, None, None, None, 'Not Reserved']], 'APM': [['APM503', '77418', '18', '30', 'T Th', ' 1:30 PM', 13, 30, 14, 45, None, None, None, None, None, None, None, 'Not Reserved'], ['APM505', '77544', '15', '35', 'T Th', ' 9:00 AM', 9, 0, 10, 15, None, None, None, None, None, None, None, 'Not Reserved'], ['APM523', '77545', '10', '30', 'T Th', ' 3:00 PM', 15, 0, 16, 15, None, None, None, None, None, None, None, 'Not Reserved'], ['APM560', '79777', '29', '35', 'T Th', ' 9:00 AM', 9, 0, 10, 15, None, None, None, None, None, None, None, 'Not Reserved'], ['APM799', '80589', '30', '30', 'ONLINE', None, None, None, None, None, None, None, None, None, None, None, None, 'Not Reserved']], 'LAT': [], 'MAK': [], 'APA': [['APA200', '79722', '40', '75', 'T', '1:30PM', 13, 30, 14, 45, '', '12:00AM', None, None, '12:00AM', None, None, 'Not Reserved'], ['APA210', '89936', '1', '20', 'T', '1:30PM', 13, 30, 14, 45, '', '12:00AM', None, None, '12:00AM', None, None, 'Not Reserved'], ['APA210', '89937', '7', '10', 'Th', '1:30PM', 13, 30, 14, 45, '', '12:00AM', None, None, '12:00AM', None, None, 'Not Reserved'], ['APA360', '89939', '42', '45', 'M W', ' 3:00 PM', 15, 0, 16, 15, None, None, None, None, None, None, None, 'Not Reserved'], ['APA394', '90021', '32', '33', 'T Th', '12:00 PM', 12, 0, 13, 15, None, None, None, None, None, None, None, 'Not Reserved']], 'LAP': [], 'ALA': [['ALA100', '76503', '116', '200', 'ONLINE', None, None, None, None, None, None, None, None, None, None, None, None, 'Reserved'], ['ALA100', '76505', '185', '200', 'ONLINE', None, None, None, None, None, None, None, None, None, None, None, None, 'Reserved'], ['ALA100', '78709', '344', '438', 'T Th', '3:00PM', 15, 0, 16, 15, '', '', None, None, '', None, None, 'Not Reserved'], ['ALA102', '86867', '234', '265', 'T Th', ' 1:30 PM', 13, 30, 14, 45, None, None, None, None, None, None, None, 'Not Reserved'], ['ALA121', '85401', '15', '15', 'T Th', ' 9:25 AM', 9, 25, 11, 5, None, None, None, None, None, None, None, 'Not Reserved'], ['ALA121', '85641', '15', '15', 'T Th', ' 9:25 AM', 9, 25, 11, 5, None, None, None, None, None, None, None, 'Not Reserved'], ['ALA225', '76224', '20', '20', 'M W', ' 8:30 AM', 8, 30, 11, 5, None, None, None, None, None, None, None, 'Not Reserved'], ['ALA225', '90320', '30', '30', 'M W', ' 8:30 AM', 8, 30, 11, 5, None, None, None, None, None, None, None, 'Not Reserved'], ['ALA235', '70474', '79', '80', 'M', '12:00 PM', 12, 0, 12, 50, None, None, None, None, None, None, None, 'Not Reserved'], ['ALA235', '70475', '19', '20', 'M', ' 1:00 PM', 13, 0, 14, 15, None, None, None, None, None, None, None, 'Not Reserved'], ['ALA235', '70476', '20', '20', 'M', ' 2:30 PM', 14, 30, 15, 45, None, None, None, None, None, None, None, 'Not Reserved'], ['ALA235', '70477', '20', '20', 'M', ' 4:00 PM', 16, 0, 17, 15, None, None, None, None, None, None, None, 'Not Reserved']], 'LAS': [], 'IFT': [], 'AEP': [], 'AES': [['AES302', '78586', '85', '96', 'Th', ' 6:00 AM', 6, 0, 8, 0, None, None, None, None, None, None, None, 'Not Reserved'], ['AES402', '78590', '83', '96', 'Th', ' 6:00 AM', 6, 0, 8, 0, None, None, None, None, None, None, None, 'Not Reserved']], 'AET': [], 'EVO': [], 'EET': [], 'GBL': [], 'SLV': [], 'AEC': [['AEC', '85392', '20', '20', 'M W F', ' 1:30 PM', 13, 30, 16, 15, None, None, None, None, None, None, None, 'Not Reserved'], ['AEC', '85393', '20', '20', 'T Th', ' 4:30 PM', 16, 30, 19, 15, None, None, None, None, None, None, None, 'Not Reserved'], ['AEC', '85684', '20', '20', 'M W', ' 3:00 PM', 15, 0, 17, 45, None, None, None, None, None, None, None, 'Not Reserved'], ['AEC40', '87052', '20', '20', 'M W F', '10:30AM', 10, 30, 11, 45, 'M W F', '12:00PM', 12, 0, '1:15PM', 13, 15, 'Not Reserved'], ['AEC40', '87053', '20', '20', 'M W F', '10:30AM', 10, 30, 11, 45, 'M W F', '12:00PM', 12, 0, '1:15PM', 13, 15, 'Not Reserved'], ['AEC40', '87054', '20', '20', 'M W F', '10:30AM', 10, 30, 11, 45, 'M W F', '12:00PM', 12, 0, '1:15PM', 13, 15, 'Not Reserved'], ['AEC40', '87055', '20', '20', 'M W F', '10:30AM', 10, 30, 11, 45, 'M W F', '12:00PM', 12, 0, '1:15PM', 13, 15, 'Not Reserved'], ['AEC40', '87056', '20', '20', 'M W F', '10:30AM', 10, 30, 11, 45, 'M W F', '12:00PM', 12, 0, '1:15PM', 13, 15, 'Not Reserved'], ['AEC40', '87057', '20', '20', 'M W F', '10:30AM', 10, 30, 11, 45, 'M W F', '12:00PM', 12, 0, '1:15PM', 13, 15, 'Not Reserved'], ['AEC40', '89276', '20', '20', 'M W F', '1:30PM', 13, 30, 14, 45, 'T Th', '1:30PM', 13, 30, '2:45PM', 14, 45, 'Not Reserved'], ['AEC40', '87069', '20', '20', 'M W F', '10:30AM', 10, 30, 11, 45, 'M W F', '12:00PM', 12, 0, '1:15PM', 13, 15, 'Not Reserved'], ['AEC40', '87070', '20', '20', 'M W F', '10:30AM', 10, 30, 11, 45, 'M W F', '12:00PM', 12, 0, '1:15PM', 13, 15, 'Not Reserved'], ['AEC40', '87071', '20', '20', 'M W F', '10:30AM', 10, 30, 11, 45, 'M W F', '12:00PM', 12, 0, '1:15PM', 13, 15, 'Not Reserved'], ['AEC40', '87072', '20', '20', 'M W F', '10:30AM', 10, 30, 11, 45, 'M W F', '12:00PM', 12, 0, '1:15PM', 13, 15, 'Not Reserved'], ['AEC40', '87073', '20', '20', 'M W F', '10:30AM', 10, 30, 11, 45, 'M W F', '12:00PM', 12, 0, '1:15PM', 13, 15, 'Not Reserved'], ['AEC40', '87075', '20', '20', 'M W F', '10:30AM', 10, 30, 11, 45, 'M W F', '12:00PM', 12, 0, '1:15PM', 13, 15, 'Not Reserved'], ['AEC40', '87076', '20', '20', 'M W F', '10:30AM', 10, 30, 11, 45, 'M W F', '12:00PM', 12, 0, '1:15PM', 13, 15, 'Not Reserved'], ['AEC40', '89277', '20', '20', 'M W F', '1:30PM', 13, 30, 14, 45, 'T Th', '1:30PM', 13, 30, '2:45PM', 14, 45, 'Not Reserved'], ['AEC41', '87085', '20', '20', 'T Th', '7:30AM', 7, 30, 8, 45, 'M W F', '9:00AM', 9, 0, '10:15AM', 10, 15, 'Not Reserved'], ['AEC41', '87086', '20', '20', 'T Th', '7:30AM', 7, 30, 8, 45, 'M W F', '9:00AM', 9, 0, '10:15AM', 10, 15, 'Not Reserved'], ['AEC41', '87087', '20', '20', 'T Th', '7:30AM', 7, 30, 8, 45, 'M W F', '9:00AM', 9, 0, '10:15AM', 10, 15, 'Not Reserved'], ['AEC41', '87088', '20', '20', 'T Th', '7:30AM', 7, 30, 8, 45, 'M W F', '9:00AM', 9, 0, '10:15AM', 10, 15, 'Not Reserved'], ['AEC41', '87089', '20', '20', 'T Th', '7:30AM', 7, 30, 8, 45, 'M W F', '9:00AM', 9, 0, '10:15AM', 10, 15, 'Not Reserved'], ['AEC41', '87090', '20', '20', 'T Th', '7:30AM', 7, 30, 8, 45, 'M W F', '9:00AM', 9, 0, '10:15AM', 10, 15, 'Not Reserved'], ['AEC41', '89243', '20', '20', 'M W F', '10:30AM', 10, 30, 11, 45, 'T Th', '10:30AM', 10, 30, '11:45AM', 11, 45, 'Not Reserved'], ['AEC41', '87100', '20', '20', 'T Th', '7:30AM', 7, 30, 8, 45, 'M W F', '9:00AM', 9, 0, '10:15AM', 10, 15, 'Not Reserved'], ['AEC41', '87101', '20', '20', 'T Th', '7:30AM', 7, 30, 8, 45, 'M W F', '9:00AM', 9, 0, '10:15AM', 10, 15, 'Not Reserved'], ['AEC41', '87102', '20', '20', 'T Th', '7:30AM', 7, 30, 8, 45, 'M W F', '9:00AM', 9, 0, '10:15AM', 10, 15, 'Not Reserved'], ['AEC41', '87103', '20', '20', 'T Th', '7:30AM', 7, 30, 8, 45, 'M W F', '9:00AM', 9, 0, '10:15AM', 10, 15, 'Not Reserved'], ['AEC41', '87104', '20', '20', 'T Th', '7:30AM', 7, 30, 8, 45, 'M W F', '9:00AM', 9, 0, '10:15AM', 10, 15, 'Not Reserved'], ['AEC41', '87105', '20', '20', 'T Th', '7:30AM', 7, 30, 8, 45, 'M W F', '9:00AM', 9, 0, '10:15AM', 10, 15, 'Not Reserved'], ['AEC41', '87106', '20', '20', 'T Th', '7:30AM', 7, 30, 8, 45, 'M W F', '9:00AM', 9, 0, '10:15AM', 10, 15, 'Not Reserved'], ['AEC41', '89244', '20', '20', 'M W F', '10:30AM', 10, 30, 11, 45, 'T Th', '10:30AM', 10, 30, '11:45AM', 11, 45, 'Not Reserved'], ['AEC50', '87122', '20', '20', 'M W F', '10:30AM', 10, 30, 11, 45, 'M W F', '12:00PM', 12, 0, '1:15PM', 13, 15, 'Not Reserved'], ['AEC50', '87123', '20', '20', 'M W F', '10:30AM', 10, 30, 11, 45, 'M W F', '12:00PM', 12, 0, '1:15PM', 13, 15, 'Not Reserved'], ['AEC50', '87124', '20', '20', 'M W F', '10:30AM', 10, 30, 11, 45, 'M W F', '12:00PM', 12, 0, '1:15PM', 13, 15, 'Not Reserved'], ['AEC50', '87125', '20', '20', 'M W F', '10:30AM', 10, 30, 11, 45, 'M W F', '12:00PM', 12, 0, '1:15PM', 13, 15, 'Not Reserved'], ['AEC50', '87126', '20', '20', 'M W F', '10:30AM', 10, 30, 11, 45, 'M W F', '12:00PM', 12, 0, '1:15PM', 13, 15, 'Not Reserved'], ['AEC50', '87127', '20', '20', 'M W F', '10:30AM', 10, 30, 11, 45, 'M W F', '12:00PM', 12, 0, '1:15PM', 13, 15, 'Not Reserved'], ['AEC50', '87128', '20', '20', 'M W F', '10:30AM', 10, 30, 11, 45, 'M W F', '12:00PM', 12, 0, '1:15PM', 13, 15, 'Not Reserved'], ['AEC50', '87129', '20', '20', 'M W F', '10:30AM', 10, 30, 11, 45, 'M W F', '12:00PM', 12, 0, '1:15PM', 13, 15, 'Not Reserved'], ['AEC50', '87130', '20', '20', 'M W F', '10:30AM', 10, 30, 11, 45, 'M W F', '12:00PM', 12, 0, '1:15PM', 13, 15, 'Not Reserved'], ['AEC50', '87131', '20', '20', 'M W F', '10:30AM', 10, 30, 11, 45, 'M W F', '12:00PM', 12, 0, '1:15PM', 13, 15, 'Not Reserved'], ['AEC50', '87132', '20', '20', 'M W F', '10:30AM', 10, 30, 11, 45, 'M W F', '12:00PM', 12, 0, '1:15PM', 13, 15, 'Not Reserved'], ['AEC50', '87133', '20', '20', 'M W F', '10:30AM', 10, 30, 11, 45, 'M W F', '12:00PM', 12, 0, '1:15PM', 13, 15, 'Not Reserved'], ['AEC50', '87134', '20', '20', 'M W F', '10:30AM', 10, 30, 11, 45, 'M W F', '12:00PM', 12, 0, '1:15PM', 13, 15, 'Not Reserved'], ['AEC50', '87137', '20', '20', 'M W F', '10:30AM', 10, 30, 11, 45, 'M W F', '12:00PM', 12, 0, '1:15PM', 13, 15, 'Not Reserved'], ['AEC50', '89278', '20', '20', 'M W F', '1:30PM', 13, 30, 14, 45, 'T Th', '1:30PM', 13, 30, '2:45PM', 14, 45, 'Not Reserved'], ['AEC50', '87191', '20', '20', 'M W F', '10:30AM', 10, 30, 11, 45, 'M W F', '12:00PM', 12, 0, '1:15PM', 13, 15, 'Not Reserved'], ['AEC50', '87192', '20', '20', 'M W F', '10:30AM', 10, 30, 11, 45, 'M W F', '12:00PM', 12, 0, '1:15PM', 13, 15, 'Not Reserved'], ['AEC50', '87193', '20', '20', 'M W F', '10:30AM', 10, 30, 11, 45, 'M W F', '12:00PM', 12, 0, '1:15PM', 13, 15, 'Not Reserved'], ['AEC50', '87194', '20', '20', 'M W F', '10:30AM', 10, 30, 11, 45, 'M W F', '12:00PM', 12, 0, '1:15PM', 13, 15, 'Not Reserved'], ['AEC50', '87195', '20', '20', 'M W F', '10:30AM', 10, 30, 11, 45, 'M W F', '12:00PM', 12, 0, '1:15PM', 13, 15, 'Not Reserved'], ['AEC50', '87196', '20', '20', 'M W F', '10:30AM', 10, 30, 11, 45, 'M W F', '12:00PM', 12, 0, '1:15PM', 13, 15, 'Not Reserved'], ['AEC50', '87197', '20', '20', 'M W F', '10:30AM', 10, 30, 11, 45, 'M W F', '12:00PM', 12, 0, '1:15PM', 13, 15, 'Not Reserved'], ['AEC50', '87198', '20', '20', 'M W F', '10:30AM', 10, 30, 11, 45, 'M W F', '12:00PM', 12, 0, '1:15PM', 13, 15, 'Not Reserved'], ['AEC50', '87199', '20', '20', 'M W F', '10:30AM', 10, 30, 11, 45, 'M W F', '12:00PM', 12, 0, '1:15PM', 13, 15, 'Not Reserved'], ['AEC50', '87200', '20', '20', 'M W F', '10:30AM', 10, 30, 11, 45, 'M W F', '12:00PM', 12, 0, '1:15PM', 13, 15, 'Not Reserved'], ['AEC50', '87217', '20', '20', 'M W F', '10:30AM', 10, 30, 11, 45, 'M W F', '12:00PM', 12, 0, '1:15PM', 13, 15, 'Not Reserved'], ['AEC50', '87218', '20', '20', 'M W F', '10:30AM', 10, 30, 11, 45, 'M W F', '12:00PM', 12, 0, '1:15PM', 13, 15, 'Not Reserved'], ['AEC50', '87219', '20', '20', 'M W F', '10:30AM', 10, 30, 11, 45, 'M W F', '12:00PM', 12, 0, '1:15PM', 13, 15, 'Not Reserved'], ['AEC50', '87220', '20', '20', 'M W F', '10:30AM', 10, 30, 11, 45, 'M W F', '12:00PM', 12, 0, '1:15PM', 13, 15, 'Not Reserved'], ['AEC50', '87221', '20', '20', 'M W F', '10:30AM', 10, 30, 11, 45, 'M W F', '12:00PM', 12, 0, '1:15PM', 13, 15, 'Not Reserved'], ['AEC50', '87222', '20', '20', 'M W F', '10:30AM', 10, 30, 11, 45, 'M W F', '12:00PM', 12, 0, '1:15PM', 13, 15, 'Not Reserved'], ['AEC50', '89279', '20', '20', 'M W F', '1:30PM', 13, 30, 14, 45, 'T Th', '1:30PM', 13, 30, '2:45PM', 14, 45, 'Not Reserved'], ['AEC51', '87228', '20', '20', 'T Th', '7:30AM', 7, 30, 8, 45, 'M W F', '9:00AM', 9, 0, '10:15AM', 10, 15, 'Not Reserved'], ['AEC51', '87229', '20', '20', 'T Th', '7:30AM', 7, 30, 8, 45, 'M W F', '9:00AM', 9, 0, '10:15AM', 10, 15, 'Not Reserved'], ['AEC51', '87230', '20', '20', 'T Th', '7:30AM', 7, 30, 8, 45, 'M W F', '9:00AM', 9, 0, '10:15AM', 10, 15, 'Not Reserved'], ['AEC51', '87231', '20', '20', 'T Th', '7:30AM', 7, 30, 8, 45, 'M W F', '9:00AM', 9, 0, '10:15AM', 10, 15, 'Not Reserved'], ['AEC51', '87232', '20', '20', 'T Th', '7:30AM', 7, 30, 8, 45, 'M W F', '9:00AM', 9, 0, '10:15AM', 10, 15, 'Not Reserved'], ['AEC51', '87233', '20', '20', 'T Th', '7:30AM', 7, 30, 8, 45, 'M W F', '9:00AM', 9, 0, '10:15AM', 10, 15, 'Not Reserved'], ['AEC51', '87234', '20', '20', 'T Th', '7:30AM', 7, 30, 8, 45, 'M W F', '9:00AM', 9, 0, '10:15AM', 10, 15, 'Not Reserved'], ['AEC51', '87235', '20', '20', 'T Th', '7:30AM', 7, 30, 8, 45, 'M W F', '9:00AM', 9, 0, '10:15AM', 10, 15, 'Not Reserved'], ['AEC51', '87236', '20', '20', 'T Th', '7:30AM', 7, 30, 8, 45, 'M W F', '9:00AM', 9, 0, '10:15AM', 10, 15, 'Not Reserved'], ['AEC51', '87237', '20', '20', 'T Th', '7:30AM', 7, 30, 8, 45, 'M W F', '9:00AM', 9, 0, '10:15AM', 10, 15, 'Not Reserved'], ['AEC51', '87238', '20', '20', 'T Th', '7:30AM', 7, 30, 8, 45, 'M W F', '9:00AM', 9, 0, '10:15AM', 10, 15, 'Not Reserved'], ['AEC51', '87239', '20', '20', 'T Th', '7:30AM', 7, 30, 8, 45, 'M W F', '9:00AM', 9, 0, '10:15AM', 10, 15, 'Not Reserved'], ['AEC51', '87240', '20', '20', 'T Th', '7:30AM', 7, 30, 8, 45, 'M W F', '9:00AM', 9, 0, '10:15AM', 10, 15, 'Not Reserved'], ['AEC51', '87242', '20', '20', 'T Th', '7:30AM', 7, 30, 8, 45, 'M W F', '9:00AM', 9, 0, '10:15AM', 10, 15, 'Not Reserved'], ['AEC51', '89245', '20', '20', 'M W F', '10:30AM', 10, 30, 11, 45, 'T Th', '10:30AM', 10, 30, '11:45AM', 11, 45, 'Not Reserved'], ['AEC51', '87248', '20', '20', 'T Th', '7:30AM', 7, 30, 8, 45, 'M W F', '9:00AM', 9, 0, '10:15AM', 10, 15, 'Not Reserved'], ['AEC51', '87249', '20', '20', 'T Th', '7:30AM', 7, 30, 8, 45, 'M W F', '9:00AM', 9, 0, '10:15AM', 10, 15, 'Not Reserved'], ['AEC51', '87250', '20', '20', 'T Th', '7:30AM', 7, 30, 8, 45, 'M W F', '9:00AM', 9, 0, '10:15AM', 10, 15, 'Not Reserved'], ['AEC51', '87251', '20', '20', 'T Th', '7:30AM', 7, 30, 8, 45, 'M W F', '9:00AM', 9, 0, '10:15AM', 10, 15, 'Not Reserved'], ['AEC51', '87252', '20', '20', 'T Th', '7:30AM', 7, 30, 8, 45, 'M W F', '9:00AM', 9, 0, '10:15AM', 10, 15, 'Not Reserved'], ['AEC51', '87253', '20', '20', 'T Th', '7:30AM', 7, 30, 8, 45, 'M W F', '9:00AM', 9, 0, '10:15AM', 10, 15, 'Not Reserved'], ['AEC51', '87254', '20', '20', 'T Th', '7:30AM', 7, 30, 8, 45, 'M W F', '9:00AM', 9, 0, '10:15AM', 10, 15, 'Not Reserved'], ['AEC51', '87255', '20', '20', 'T Th', '7:30AM', 7, 30, 8, 45, 'M W F', '9:00AM', 9, 0, '10:15AM', 10, 15, 'Not Reserved'], ['AEC51', '87256', '20', '20', 'T Th', '7:30AM', 7, 30, 8, 45, 'M W F', '9:00AM', 9, 0, '10:15AM', 10, 15, 'Not Reserved'], ['AEC51', '87257', '20', '20', 'T Th', '7:30AM', 7, 30, 8, 45, 'M W F', '9:00AM', 9, 0, '10:15AM', 10, 15, 'Not Reserved'], ['AEC51', '87258', '20', '20', 'T Th', '7:30AM', 7, 30, 8, 45, 'M W F', '9:00AM', 9, 0, '10:15AM', 10, 15, 'Not Reserved'], ['AEC51', '87259', '20', '20', 'T Th', '7:30AM', 7, 30, 8, 45, 'M W F', '9:00AM', 9, 0, '10:15AM', 10, 15, 'Not Reserved'], ['AEC51', '87260', '20', '20', 'T Th', '7:30AM', 7, 30, 8, 45, 'M W F', '9:00AM', 9, 0, '10:15AM', 10, 15, 'Not Reserved'], ['AEC51', '87261', '20', '20', 'T Th', '7:30AM', 7, 30, 8, 45, 'M W F', '9:00AM', 9, 0, '10:15AM', 10, 15, 'Not Reserved'], ['AEC51', '87262', '20', '20', 'T Th', '7:30AM', 7, 30, 8, 45, 'M W F', '9:00AM', 9, 0, '10:15AM', 10, 15, 'Not Reserved'], ['AEC51', '87263', '20', '20', 'T Th', '7:30AM', 7, 30, 8, 45, 'M W F', '9:00AM', 9, 0, '10:15AM', 10, 15, 'Not Reserved'], ['AEC51', '89246', '20', '20', 'M W F', '10:30AM', 10, 30, 11, 45, 'T Th', '10:30AM', 10, 30, '11:45AM', 11, 45, 'Not Reserved'], ['AEC60', '87281', '20', '20', 'M W F', '10:30AM', 10, 30, 11, 45, 'M W F', '12:00PM', 12, 0, '1:15PM', 13, 15, 'Not Reserved'], ['AEC60', '87282', '20', '20', 'M W F', '10:30AM', 10, 30, 11, 45, 'M W F', '12:00PM', 12, 0, '1:15PM', 13, 15, 'Not Reserved'], ['AEC60', '87283', '20', '20', 'M W F', '10:30AM', 10, 30, 11, 45, 'M W F', '12:00PM', 12, 0, '1:15PM', 13, 15, 'Not Reserved'], ['AEC60', '87284', '20', '20', 'M W F', '10:30AM', 10, 30, 11, 45, 'M W F', '12:00PM', 12, 0, '1:15PM', 13, 15, 'Not Reserved'], ['AEC60', '87285', '20', '20', 'M W F', '10:30AM', 10, 30, 11, 45, 'M W F', '12:00PM', 12, 0, '1:15PM', 13, 15, 'Not Reserved'], ['AEC60', '87291', '20', '20', 'M W F', '10:30AM', 10, 30, 11, 45, 'M W F', '12:00PM', 12, 0, '1:15PM', 13, 15, 'Not Reserved'], ['AEC60', '87292', '20', '20', 'M W F', '10:30AM', 10, 30, 11, 45, 'M W F', '12:00PM', 12, 0, '1:15PM', 13, 15, 'Not Reserved'], ['AEC60', '87293', '20', '20', 'M W F', '10:30AM', 10, 30, 11, 45, 'M W F', '12:00PM', 12, 0, '1:15PM', 13, 15, 'Not Reserved'], ['AEC60', '87294', '20', '20', 'M W F', '10:30AM', 10, 30, 11, 45, 'M W F', '12:00PM', 12, 0, '1:15PM', 13, 15, 'Not Reserved'], ['AEC60', '87295', '20', '20', 'M W F', '10:30AM', 10, 30, 11, 45, 'M W F', '12:00PM', 12, 0, '1:15PM', 13, 15, 'Not Reserved'], ['AEC60', '87296', '20', '20', 'M W F', '10:30AM', 10, 30, 11, 45, 'M W F', '12:00PM', 12, 0, '1:15PM', 13, 15, 'Not Reserved'], ['AEC60', '87297', '20', '20', 'M W F', '10:30AM', 10, 30, 11, 45, 'M W F', '12:00PM', 12, 0, '1:15PM', 13, 15, 'Not Reserved'], ['AEC60', '87298', '20', '20', 'M W F', '10:30AM', 10, 30, 11, 45, 'M W F', '12:00PM', 12, 0, '1:12PM', 13, 12, 'Not Reserved'], ['AEC60', '87299', '20', '20', 'M W F', '10:30AM', 10, 30, 11, 45, 'M W F', '12:00PM', 12, 0, '1:15PM', 13, 15, 'Not Reserved'], ['AEC60', '87300', '20', '20', 'M W F', '10:30AM', 10, 30, 11, 45, 'M W F', '12:00PM', 12, 0, '1:15PM', 13, 15, 'Not Reserved'], ['AEC60', '87301', '20', '20', 'M W F', '10:30AM', 10, 30, 11, 45, 'M W F', '12:00PM', 12, 0, '1:15PM', 13, 15, 'Not Reserved'], ['AEC60', '87302', '20', '20', 'M W F', '10:30AM', 10, 30, 11, 45, 'M W F', '12:00PM', 12, 0, '1:15PM', 13, 15, 'Not Reserved'], ['AEC60', '87303', '20', '20', 'M W F', '10:30AM', 10, 30, 11, 45, 'M W F', '12:00PM', 12, 0, '1:15PM', 13, 15, 'Not Reserved'], ['AEC60', '87304', '20', '20', 'M W F', '10:30AM', 10, 30, 11, 45, 'M W F', '12:00PM', 12, 0, '1:15PM', 13, 15, 'Not Reserved'], ['AEC60', '87305', '20', '20', 'M W F', '10:30AM', 10, 30, 11, 45, 'M W F', '12:00PM', 12, 0, '1:15PM', 13, 15, 'Not Reserved'], ['AEC60', '87306', '20', '20', 'M W F', '10:30AM', 10, 30, 11, 45, 'M W F', '12:00PM', 12, 0, '1:15PM', 13, 15, 'Not Reserved'], ['AEC60', '87307', '20', '20', 'M W F', '10:30AM', 10, 30, 11, 45, 'M W F', '12:00PM', 12, 0, '1:15PM', 13, 15, 'Not Reserved'], ['AEC60', '87308', '20', '20', 'M W F', '10:30AM', 10, 30, 11, 45, 'M W F', '12:00PM', 12, 0, '1:12PM', 13, 12, 'Not Reserved'], ['AEC60', '87309', '20', '20', 'M W F', '10:30AM', 10, 30, 11, 45, 'M W F', '12:00PM', 12, 0, '1:15PM', 13, 15, 'Not Reserved'], ['AEC60', '87310', '20', '20', 'M W F', '10:30AM', 10, 30, 11, 45, 'M W F', '12:00PM', 12, 0, '1:15PM', 13, 15, 'Not Reserved'], ['AEC60', '87314', '20', '20', 'M W F', '10:30AM', 10, 30, 11, 45, 'M W F', '12:00PM', 12, 0, '1:15PM', 13, 15, 'Not Reserved'], ['AEC60', '87320', '20', '20', 'M W F', '10:30AM', 10, 30, 11, 45, 'M W F', '12:00PM', 12, 0, '1:15PM', 13, 15, 'Not Reserved'], ['AEC60', '87321', '20', '20', 'M W F', '10:30AM', 10, 30, 11, 45, 'M W F', '12:00PM', 12, 0, '1:15PM', 13, 15, 'Not Reserved'], ['AEC60', '87322', '20', '20', 'M W F', '10:30AM', 10, 30, 11, 45, 'M W F', '12:00PM', 12, 0, '1:15PM', 13, 15, 'Not Reserved'], ['AEC60', '87323', '20', '20', 'M W F', '10:30AM', 10, 30, 11, 45, 'M W F', '12:00PM', 12, 0, '1:15PM', 13, 15, 'Not Reserved'], ['AEC60', '87324', '20', '20', 'M W F', '10:30AM', 10, 30, 11, 45, 'M W F', '12:00PM', 12, 0, '1:15PM', 13, 15, 'Not Reserved'], ['AEC60', '87325', '20', '20', 'M W F', '10:30AM', 10, 30, 11, 45, 'M W F', '12:00PM', 12, 0, '1:15PM', 13, 15, 'Not Reserved'], ['AEC60', '87326', '20', '20', 'M W F', '10:30AM', 10, 30, 11, 45, 'M W F', '12:00PM', 12, 0, '1:15PM', 13, 15, 'Not Reserved'], ['AEC60', '87327', '20', '20', 'M W F', '10:30AM', 10, 30, 11, 45, 'M W F', '12:00PM', 12, 0, '1:15PM', 13, 15, 'Not Reserved'], ['AEC60', '87328', '20', '20', 'M W F', '10:30AM', 10, 30, 11, 45, 'M W F', '12:00PM', 12, 0, '1:15PM', 13, 15, 'Not Reserved'], ['AEC60', '87329', '20', '20', 'M W F', '10:30AM', 10, 30, 11, 45, 'M W F', '12:00PM', 12, 0, '1:15PM', 13, 15, 'Not Reserved'], ['AEC60', '87331', '20', '20', 'M W F', '10:30AM', 10, 30, 11, 45, 'M W F', '12:00PM', 12, 0, '1:15PM', 13, 15, 'Not Reserved'], ['AEC60', '87333', '20', '20', 'M W F', '10:30AM', 10, 30, 11, 45, 'M W F', '12:00PM', 12, 0, '1:15PM', 13, 15, 'Not Reserved'], ['AEC60', '87334', '20', '20', 'M W F', '10:30AM', 10, 30, 11, 45, 'M W F', '12:00PM', 12, 0, '1:15PM', 13, 15, 'Not Reserved'], ['AEC60', '87335', '20', '20', 'M W F', '10:30AM', 10, 30, 11, 45, 'M W F', '12:00PM', 12, 0, '1:15PM', 13, 15, 'Not Reserved'], ['AEC60', '87336', '20', '20', 'M W F', '10:30AM', 10, 30, 11, 45, 'M W F', '12:00PM', 12, 0, '1:15PM', 13, 15, 'Not Reserved'], ['AEC60', '87337', '20', '20', 'M W F', '10:30AM', 10, 30, 11, 45, 'M W F', '12:00PM', 12, 0, '1:15PM', 13, 15, 'Not Reserved'], ['AEC60', '87338', '20', '20', 'M W F', '10:30AM', 10, 30, 11, 45, 'M W F', '12:00PM', 12, 0, '1:15PM', 13, 15, 'Not Reserved'], ['AEC60', '87340', '20', '20', 'M W F', '10:30AM', 10, 30, 11, 45, 'M W F', '12:00PM', 12, 0, '1:15PM', 13, 15, 'Not Reserved'], ['AEC60', '87341', '20', '20', 'M W F', '10:30AM', 10, 30, 11, 45, 'M W F', '12:00PM', 12, 0, '1:15PM', 13, 15, 'Not Reserved'], ['AEC60', '87342', '20', '20', 'M W F', '10:30AM', 10, 30, 11, 45, 'M W F', '12:00PM', 12, 0, '1:15PM', 13, 15, 'Not Reserved'], ['AEC60', '87343', '20', '20', 'M W F', '10:30AM', 10, 30, 11, 45, 'M W F', '12:00PM', 12, 0, '1:15PM', 13, 15, 'Not Reserved'], ['AEC60', '87344', '20', '20', 'M W F', '10:30AM', 10, 30, 11, 45, 'M W F', '12:00PM', 12, 0, '1:15PM', 13, 15, 'Not Reserved'], ['AEC60', '87345', '20', '20', 'M W F', '10:30AM', 10, 30, 11, 45, 'M W F', '12:00PM', 12, 0, '1:15PM', 13, 15, 'Not Reserved'], ['AEC60', '87358', '20', '20', 'M W F', '10:30AM', 10, 30, 11, 45, 'M W F', '12:00PM', 12, 0, '1:15PM', 13, 15, 'Not Reserved'], ['AEC60', '87359', '20', '20', 'M W F', '10:30AM', 10, 30, 11, 45, 'M W F', '12:00PM', 12, 0, '1:15PM', 13, 15, 'Not Reserved'], ['AEC60', '87360', '20', '20', 'M W F', '10:30AM', 10, 30, 11, 45, 'M W F', '12:00PM', 12, 0, '1:15PM', 13, 15, 'Not Reserved'], ['AEC60', '87361', '20', '20', 'M W F', '10:30AM', 10, 30, 11, 45, 'M W F', '12:00PM', 12, 0, '1:15PM', 13, 15, 'Not Reserved'], ['AEC60', '87362', '20', '20', 'M W F', '10:30AM', 10, 30, 11, 45, 'M W F', '12:00PM', 12, 0, '1:15PM', 13, 15, 'Not Reserved'], ['AEC60', '87363', '20', '20', 'M W F', '10:30AM', 10, 30, 11, 45, 'M W F', '12:00PM', 12, 0, '1:15PM', 13, 15, 'Not Reserved'], ['AEC60', '87364', '20', '20', 'M W F', '10:30AM', 10, 30, 11, 45, 'M W F', '12:00PM', 12, 0, '1:15PM', 13, 15, 'Not Reserved'], ['AEC60', '89281', '20', '20', 'M W F', '1:30PM', 13, 30, 14, 45, 'T Th', '1:30PM', 13, 30, '2:45PM', 14, 45, 'Not Reserved'], ['AEC61', '87376', '20', '20', 'T Th', '7:30AM', 7, 30, 8, 45, 'M W F', '9:00AM', 9, 0, '10:15AM', 10, 15, 'Not Reserved'], ['AEC61', '87377', '20', '20', 'T Th', '7:30AM', 7, 30, 8, 45, 'M W F', '9:00AM', 9, 0, '10:15AM', 10, 15, 'Not Reserved'], ['AEC61', '87378', '20', '20', 'T Th', '7:30AM', 7, 30, 8, 45, 'M W F', '9:00AM', 9, 0, '10:15AM', 10, 15, 'Not Reserved'], ['AEC61', '87379', '20', '20', 'T Th', '7:30AM', 7, 30, 8, 45, 'M W F', '9:00AM', 9, 0, '10:15AM', 10, 15, 'Not Reserved'], ['AEC61', '87380', '20', '20', 'T Th', '7:30AM', 7, 30, 8, 45, 'M W F', '9:00AM', 9, 0, '10:15AM', 10, 15, 'Not Reserved'], ['AEC61', '87381', '20', '20', 'T Th', '7:30AM', 7, 30, 8, 45, 'M W F', '9:00AM', 9, 0, '10:15AM', 10, 15, 'Not Reserved'], ['AEC61', '87382', '20', '20', 'T Th', '7:30AM', 7, 30, 8, 45, 'M W F', '9:00AM', 9, 0, '10:15AM', 10, 15, 'Not Reserved'], ['AEC61', '87383', '20', '20', 'T Th', '7:30AM', 7, 30, 8, 45, 'M W F', '9:00AM', 9, 0, '10:15AM', 10, 15, 'Not Reserved'], ['AEC61', '87384', '20', '20', 'T Th', '7:30AM', 7, 30, 8, 45, 'M W F', '9:00AM', 9, 0, '10:15AM', 10, 15, 'Not Reserved'], ['AEC61', '87385', '20', '20', 'T Th', '7:30AM', 7, 30, 8, 45, 'M W F', '9:00AM', 9, 0, '10:15AM', 10, 15, 'Not Reserved'], ['AEC61', '87386', '20', '20', 'T Th', '7:30AM', 7, 30, 8, 45, 'M W F', '9:00AM', 9, 0, '10:15AM', 10, 15, 'Not Reserved'], ['AEC61', '87387', '20', '20', 'T Th', '7:30AM', 7, 30, 8, 45, 'M W F', '9:00AM', 9, 0, '10:15AM', 10, 15, 'Not Reserved'], ['AEC61', '87388', '20', '20', 'T Th', '7:30AM', 7, 30, 8, 45, 'M W F', '9:00AM', 9, 0, '10:15AM', 10, 15, 'Not Reserved'], ['AEC61', '87389', '20', '20', 'T Th', '7:30AM', 7, 30, 8, 45, 'M W F', '9:00AM', 9, 0, '10:15AM', 10, 15, 'Not Reserved'], ['AEC61', '87390', '20', '20', 'T Th', '7:30AM', 7, 30, 8, 45, 'M W F', '9:00AM', 9, 0, '10:15AM', 10, 15, 'Not Reserved'], ['AEC61', '87391', '20', '20', 'T Th', '7:30AM', 7, 30, 8, 45, 'M W F', '9:00AM', 9, 0, '10:15AM', 10, 15, 'Not Reserved'], ['AEC61', '87392', '20', '20', 'T Th', '7:30AM', 7, 30, 8, 45, 'M W F', '9:00AM', 9, 0, '10:15AM', 10, 15, 'Not Reserved'], ['AEC61', '87393', '20', '20', 'T Th', '7:30AM', 7, 30, 8, 45, 'M W F', '9:00AM', 9, 0, '10:15AM', 10, 15, 'Not Reserved'], ['AEC61', '87394', '20', '20', 'T Th', '7:30AM', 7, 30, 8, 45, 'M W F', '9:00AM', 9, 0, '10:15AM', 10, 15, 'Not Reserved'], ['AEC61', '87395', '20', '20', 'T Th', '7:30AM', 7, 30, 8, 45, 'M W F', '9:00AM', 9, 0, '10:15AM', 10, 15, 'Not Reserved'], ['AEC61', '87396', '20', '20', 'T Th', '7:30AM', 7, 30, 8, 45, 'M W F', '9:00AM', 9, 0, '10:15AM', 10, 15, 'Not Reserved'], ['AEC61', '87397', '20', '20', 'T Th', '7:30AM', 7, 30, 8, 45, 'M W F', '9:00AM', 9, 0, '10:15AM', 10, 15, 'Not Reserved'], ['AEC61', '87398', '20', '20', 'T Th', '7:30AM', 7, 30, 8, 45, 'M W F', '9:00AM', 9, 0, '10:15AM', 10, 15, 'Not Reserved'], ['AEC61', '87399', '20', '20', 'T Th', '7:30AM', 7, 30, 8, 45, 'M W F', '9:00AM', 9, 0, '10:15AM', 10, 15, 'Not Reserved'], ['AEC61', '87400', '20', '20', 'T Th', '7:30AM', 7, 30, 8, 45, 'M W F', '9:00AM', 9, 0, '10:15AM', 10, 15, 'Not Reserved'], ['AEC61', '87403', '20', '20', 'T Th', '7:30AM', 7, 30, 8, 45, 'M W F', '9:00AM', 9, 0, '10:15AM', 10, 15, 'Not Reserved'], ['AEC61', '87404', '20', '20', 'T Th', '7:30AM', 7, 30, 8, 45, 'M W F', '9:00AM', 9, 0, '10:15AM', 10, 15, 'Not Reserved'], ['AEC61', '87407', '20', '20', 'T Th', '7:30AM', 7, 30, 8, 45, 'M W F', '9:00AM', 9, 0, '10:15AM', 10, 15, 'Not Reserved'], ['AEC61', '87419', '20', '20', 'T Th', '7:30AM', 7, 30, 8, 45, 'M W F', '9:00AM', 9, 0, '10:15AM', 10, 15, 'Not Reserved'], ['AEC61', '87420', '20', '20', 'T Th', '7:30AM', 7, 30, 8, 45, 'M W F', '9:00AM', 9, 0, '10:15AM', 10, 15, 'Not Reserved'], ['AEC61', '87421', '20', '20', 'T Th', '7:30AM', 7, 30, 8, 45, 'M W F', '9:00AM', 9, 0, '10:15AM', 10, 15, 'Not Reserved'], ['AEC61', '87422', '20', '20', 'T Th', '7:30AM', 7, 30, 8, 45, 'M W F', '9:00AM', 9, 0, '10:15AM', 10, 15, 'Not Reserved'], ['AEC61', '87423', '20', '20', 'T Th', '7:30AM', 7, 30, 8, 45, 'M W F', '9:00AM', 9, 0, '10:15AM', 10, 15, 'Not Reserved'], ['AEC61', '87424', '20', '20', 'T Th', '7:30AM', 7, 30, 8, 45, 'M W F', '9:00AM', 9, 0, '10:15AM', 10, 15, 'Not Reserved'], ['AEC61', '87425', '20', '20', 'T Th', '7:30AM', 7, 30, 8, 45, 'M W F', '9:00AM', 9, 0, '10:15AM', 10, 15, 'Not Reserved'], ['AEC61', '87426', '20', '20', 'T Th', '7:30AM', 7, 30, 8, 45, 'M W F', '9:00AM', 9, 0, '10:15AM', 10, 15, 'Not Reserved'], ['AEC61', '87427', '20', '20', 'T Th', '7:30AM', 7, 30, 8, 45, 'M W F', '9:00AM', 9, 0, '10:15AM', 10, 15, 'Not Reserved'], ['AEC61', '87428', '20', '20', 'T Th', '7:30AM', 7, 30, 8, 45, 'M W F', '9:00AM', 9, 0, '10:15AM', 10, 15, 'Not Reserved'], ['AEC61', '87429', '20', '20', 'T Th', '7:30AM', 7, 30, 8, 45, 'M W F', '9:00AM', 9, 0, '10:15AM', 10, 15, 'Not Reserved'], ['AEC61', '87430', '20', '20', 'T Th', '7:30AM', 7, 30, 8, 45, 'M W F', '9:00AM', 9, 0, '10:15AM', 10, 15, 'Not Reserved'], ['AEC61', '87431', '20', '20', 'T Th', '7:30AM', 7, 30, 8, 45, 'M W F', '9:00AM', 9, 0, '10:15AM', 10, 15, 'Not Reserved'], ['AEC61', '87432', '20', '20', 'T Th', '7:30AM', 7, 30, 8, 45, 'M W F', '9:00AM', 9, 0, '10:15AM', 10, 15, 'Not Reserved'], ['AEC61', '87433', '20', '20', 'T Th', '7:30AM', 7, 30, 8, 45, 'M W F', '9:00AM', 9, 0, '10:15AM', 10, 15, 'Not Reserved'], ['AEC61', '87434', '20', '20', 'T Th', '7:30AM', 7, 30, 8, 45, 'M W F', '9:00AM', 9, 0, '10:15AM', 10, 15, 'Not Reserved'], ['AEC61', '87440', '20', '20', 'T Th', '7:30AM', 7, 30, 8, 45, 'M W F', '9:00AM', 9, 0, '10:15AM', 10, 15, 'Not Reserved'], ['AEC61', '87441', '20', '20', 'T Th', '7:30AM', 7, 30, 8, 45, 'M W F', '9:00AM', 9, 0, '10:15AM', 10, 15, 'Not Reserved'], ['AEC61', '87442', '20', '20', 'T Th', '7:30AM', 7, 30, 8, 45, 'M W F', '9:00AM', 9, 0, '10:15AM', 10, 15, 'Not Reserved'], ['AEC61', '87443', '20', '20', 'T Th', '7:30AM', 7, 30, 8, 45, 'M W F', '9:00AM', 9, 0, '10:15AM', 10, 15, 'Not Reserved'], ['AEC61', '87444', '20', '20', 'T Th', '7:30AM', 7, 30, 8, 45, 'M W F', '9:00AM', 9, 0, '10:15AM', 10, 15, 'Not Reserved'], ['AEC61', '87445', '20', '20', 'T Th', '7:30AM', 7, 30, 8, 45, 'M W F', '9:00AM', 9, 0, '10:15AM', 10, 15, 'Not Reserved'], ['AEC61', '87446', '20', '20', 'T Th', '7:30AM', 7, 30, 8, 45, 'M W F', '9:00AM', 9, 0, '10:15AM', 10, 15, 'Not Reserved'], ['AEC61', '87447', '20', '20', 'T Th', '7:30AM', 7, 30, 8, 45, 'M W F', '9:00AM', 9, 0, '10:15AM', 10, 15, 'Not Reserved'], ['AEC61', '87448', '20', '20', 'T Th', '7:30AM', 7, 30, 8, 45, 'M W F', '9:00AM', 9, 0, '10:15AM', 10, 15, 'Not Reserved'], ['AEC61', '87449', '20', '20', 'T Th', '7:30AM', 7, 30, 8, 45, 'M W F', '9:00AM', 9, 0, '10:15AM', 10, 15, 'Not Reserved'], ['AEC61', '87450', '20', '20', 'T Th', '7:30AM', 7, 30, 8, 45, 'M W F', '9:00AM', 9, 0, '10:15AM', 10, 15, 'Not Reserved'], ['AEC61', '87451', '20', '20', 'T Th', '7:30AM', 7, 30, 8, 45, 'M W F', '9:00AM', 9, 0, '10:15AM', 10, 15, 'Not Reserved'], ['AEC61', '87453', '20', '20', 'T Th', '7:30AM', 7, 30, 8, 45, 'M W F', '9:00AM', 9, 0, '10:15AM', 10, 15, 'Not Reserved'], ['AEC61', '87556', '20', '20', 'T Th', '7:30AM', 7, 30, 8, 45, 'M W F', '9:00AM', 9, 0, '10:15AM', 10, 15, 'Not Reserved'], ['AEC61', '89251', '20', '20', 'M W F', '10:30AM', 10, 30, 11, 45, 'T Th', '10:30AM', 10, 30, '11:45AM', 11, 45, 'Not Reserved'], ['AEC70', '87732', '20', '20', 'M W F', '12:00 PM', 12, 0, 13, 15, None, None, None, None, None, None, None, 'Not Reserved'], ['AEC70', '88122', '20', '20', 'M W F', ' 1:30 PM', 13, 30, 14, 45, None, None, None, None, None, None, None, 'Not Reserved'], ['AEC70', '87733', '20', '20', 'M W F', '12:00 PM', 12, 0, 13, 15, None, None, None, None, None, None, None, 'Not Reserved'], ['AEC70', '88123', '20', '20', 'M W F', ' 1:30 PM', 13, 30, 14, 45, None, None, None, None, None, None, None, 'Not Reserved'], ['AEC70', '87734', '20', '20', 'M W F', '12:00 PM', 12, 0, 13, 15, None, None, None, None, None, None, None, 'Not Reserved'], ['AEC70', '88124', '20', '20', 'M W F', ' 1:30 PM', 13, 30, 14, 45, None, None, None, None, None, None, None, 'Not Reserved'], ['AEC70', '87735', '20', '20', 'M W F', '12:00 PM', 12, 0, 13, 15, None, None, None, None, None, None, None, 'Not Reserved'], ['AEC70', '88125', '20', '20', 'M W F', ' 1:30 PM', 13, 30, 14, 45, None, None, None, None, None, None, None, 'Not Reserved'], ['AEC70', '87736', '20', '20', 'M W F', '12:00 PM', 12, 0, 13, 15, None, None, None, None, None, None, None, 'Not Reserved'], ['AEC70', '88126', '20', '20', 'M W F', ' 1:30 PM', 13, 30, 14, 45, None, None, None, None, None, None, None, 'Not Reserved'], ['AEC70', '87737', '20', '20', 'M W F', '12:00 PM', 12, 0, 13, 15, None, None, None, None, None, None, None, 'Not Reserved'], ['AEC70', '88127', '20', '20', 'M W F', ' 1:30 PM', 13, 30, 14, 45, None, None, None, None, None, None, None, 'Not Reserved'], ['AEC70', '87738', '20', '20', 'M W F', '12:00 PM', 12, 0, 13, 15, None, None, None, None, None, None, None, 'Not Reserved'], ['AEC70', '88128', '20', '20', 'M W F', ' 1:30 PM', 13, 30, 14, 45, None, None, None, None, None, None, None, 'Not Reserved'], ['AEC70', '87739', '20', '20', 'M W F', '12:00 PM', 12, 0, 13, 15, None, None, None, None, None, None, None, 'Not Reserved'], ['AEC70', '88129', '20', '20', 'M W F', ' 1:30 PM', 13, 30, 14, 45, None, None, None, None, None, None, None, 'Not Reserved'], ['AEC70', '87740', '20', '20', 'M W F', '12:00 PM', 12, 0, 13, 15, None, None, None, None, None, None, None, 'Not Reserved'], ['AEC70', '88130', '20', '20', 'M W F', ' 1:30 PM', 13, 30, 14, 45, None, None, None, None, None, None, None, 'Not Reserved'], ['AEC70', '87741', '20', '20', 'M W F', '12:00 PM', 12, 0, 13, 15, None, None, None, None, None, None, None, 'Not Reserved'], ['AEC70', '88131', '20', '20', 'M W F', ' 1:30 PM', 13, 30, 14, 45, None, None, None, None, None, None, None, 'Not Reserved'], ['AEC70', '87742', '20', '20', 'M W F', '12:00 PM', 12, 0, 13, 15, None, None, None, None, None, None, None, 'Not Reserved'], ['AEC70', '88132', '20', '20', 'M W F', ' 1:30 PM', 13, 30, 14, 34, None, None, None, None, None, None, None, 'Not Reserved'], ['AEC70', '87743', '20', '20', 'M W F', '12:00 PM', 12, 0, 13, 15, None, None, None, None, None, None, None, 'Not Reserved'], ['AEC70', '88133', '20', '20', 'M W F', ' 1:30 PM', 13, 30, 14, 45, None, None, None, None, None, None, None, 'Not Reserved'], ['AEC70', '87744', '20', '20', 'M W F', '12:00 PM', 12, 0, 13, 15, None, None, None, None, None, None, None, 'Not Reserved'], ['AEC70', '88134', '20', '20', 'M W F', ' 1:30 PM', 13, 30, 14, 45, None, None, None, None, None, None, None, 'Not Reserved'], ['AEC70', '87745', '20', '20', 'M W F', '12:00 PM', 12, 0, 13, 15, None, None, None, None, None, None, None, 'Not Reserved'], ['AEC70', '88137', '20', '20', 'M W F', ' 1:30 PM', 13, 30, 14, 45, None, None, None, None, None, None, None, 'Not Reserved'], ['AEC70', '87746', '20', '20', 'M W F', '12:00 PM', 12, 0, 13, 15, None, None, None, None, None, None, None, 'Not Reserved'], ['AEC70', '88138', '20', '20', 'M W F', ' 1:30 PM', 13, 30, 14, 45, None, None, None, None, None, None, None, 'Not Reserved'], ['AEC70', '87747', '20', '20', 'M W F', '12:00 PM', 12, 0, 13, 15, None, None, None, None, None, None, None, 'Not Reserved'], ['AEC70', '88139', '20', '20', 'M W F', ' 1:30 PM', 13, 30, 14, 45, None, None, None, None, None, None, None, 'Not Reserved'], ['AEC70', '87748', '20', '20', 'M W F', '12:00 PM', 12, 0, 13, 15, None, None, None, None, None, None, None, 'Not Reserved'], ['AEC70', '88140', '20', '20', 'M W F', ' 1:30 PM', 13, 30, 14, 45, None, None, None, None, None, None, None, 'Not Reserved'], ['AEC70', '87749', '20', '20', 'M W F', '12:00 PM', 12, 0, 13, 15, None, None, None, None, None, None, None, 'Not Reserved'], ['AEC70', '88141', '20', '20', 'M W F', ' 1:30 PM', 13, 30, 14, 45, None, None, None, None, None, None, None, 'Not Reserved'], ['AEC70', '87750', '20', '20', 'M W F', '12:00 PM', 12, 0, 13, 15, None, None, None, None, None, None, None, 'Not Reserved'], ['AEC70', '88142', '20', '20', 'M W F', ' 1:30 PM', 13, 30, 14, 45, None, None, None, None, None, None, None, 'Not Reserved'], ['AEC70', '87751', '20', '20', 'M W F', '12:00 PM', 12, 0, 13, 15, None, None, None, None, None, None, None, 'Not Reserved'], ['AEC70', '88143', '20', '20', 'M W F', ' 1:30 PM', 13, 30, 14, 45, None, None, None, None, None, None, None, 'Not Reserved'], ['AEC70', '87752', '20', '20', 'M W F', '12:00 PM', 12, 0, 13, 15, None, None, None, None, None, None, None, 'Not Reserved'], ['AEC70', '88146', '20', '20', 'M W F', ' 1:30 PM', 13, 30, 14, 45, None, None, None, None, None, None, None, 'Not Reserved'], ['AEC70', '87753', '20', '20', 'M W F', '12:00 PM', 12, 0, 13, 15, None, None, None, None, None, None, None, 'Not Reserved'], ['AEC70', '88147', '20', '20', 'M W F', ' 1:30 PM', 13, 30, 14, 45, None, None, None, None, None, None, None, 'Not Reserved'], ['AEC70', '87754', '20', '20', 'M W F', '12:00 PM', 12, 0, 13, 15, None, None, None, None, None, None, None, 'Not Reserved'], ['AEC70', '88148', '20', '20', 'M W F', ' 1:30 PM', 13, 30, 14, 45, None, None, None, None, None, None, None, 'Not Reserved'], ['AEC70', '87755', '20', '20', 'M W F', '12:00 PM', 12, 0, 13, 15, None, None, None, None, None, None, None, 'Not Reserved'], ['AEC70', '88149', '20', '20', 'M W F', ' 1:30 PM', 13, 30, 14, 45, None, None, None, None, None, None, None, 'Not Reserved'], ['AEC70', '87756', '20', '20', 'M W F', '12:00 PM', 12, 0, 13, 15, None, None, None, None, None, None, None, 'Not Reserved'], ['AEC70', '88150', '20', '20', 'M W F', ' 1:30 PM', 13, 30, 14, 45, None, None, None, None, None, None, None, 'Not Reserved'], ['AEC70', '89283', '20', '20', 'M W F', ' 1:30 PM', 13, 30, 14, 45, None, None, None, None, None, None, None, 'Not Reserved'], ['AEC70', '89284', '20', '20', 'T Th', ' 1:30 PM', 13, 30, 14, 45, None, None, None, None, None, None, None, 'Not Reserved'], ['AEC70', '87763', '20', '20', 'M W F', '12:00 PM', 12, 0, 13, 15, None, None, None, None, None, None, None, 'Not Reserved'], ['AEC70', '88159', '20', '20', 'M W F', ' 1:30 PM', 13, 30, 14, 30, None, None, None, None, None, None, None, 'Not Reserved'], ['AEC70', '87764', '20', '20', 'M W F', '12:00 PM', 12, 0, 13, 15, None, None, None, None, None, None, None, 'Not Reserved'], ['AEC70', '88160', '20', '20', 'M W F', ' 1:30 PM', 13, 30, 14, 45, None, None, None, None, None, None, None, 'Not Reserved'], ['AEC70', '87765', '20', '20', 'M W F', '12:00 PM', 12, 0, 13, 15, None, None, None, None, None, None, None, 'Not Reserved'], ['AEC70', '88161', '20', '20', 'M W F', ' 1:30 PM', 13, 30, 14, 45, None, None, None, None, None, None, None, 'Not Reserved'], ['AEC70', '87766', '20', '20', 'M W F', '12:00 PM', 12, 0, 13, 15, None, None, None, None, None, None, None, 'Not Reserved'], ['AEC70', '88162', '20', '20', 'M W F', ' 1:30 PM', 13, 30, 14, 45, None, None, None, None, None, None, None, 'Not Reserved'], ['AEC70', '87767', '20', '20', 'M W F', '12:00 PM', 12, 0, 13, 15, None, None, None, None, None, None, None, 'Not Reserved'], ['AEC70', '88163', '20', '20', 'M W F', ' 1:30 PM', 13, 30, 14, 45, None, None, None, None, None, None, None, 'Not Reserved'], ['AEC70', '87768', '20', '20', 'M W F', '12:00 PM', 12, 0, 13, 15, None, None, None, None, None, None, None, 'Not Reserved'], ['AEC70', '88164', '20', '20', 'M W F', ' 1:30 PM', 13, 30, 14, 45, None, None, None, None, None, None, None, 'Not Reserved'], ['AEC70', '87769', '20', '20', 'M W F', '12:00 PM', 12, 0, 13, 15, None, None, None, None, None, None, None, 'Not Reserved'], ['AEC70', '88165', '20', '20', 'M W F', ' 1:30 PM', 13, 30, 14, 45, None, None, None, None, None, None, None, 'Not Reserved'], ['AEC70', '87770', '20', '20', 'M W F', '12:00 PM', 12, 0, 13, 15, None, None, None, None, None, None, None, 'Not Reserved'], ['AEC70', '88166', '20', '20', 'M W F', ' 1:30 PM', 13, 30, 14, 45, None, None, None, None, None, None, None, 'Not Reserved'], ['AEC70', '87771', '20', '20', 'M W F', '12:00 PM', 12, 0, 13, 15, None, None, None, None, None, None, None, 'Not Reserved'], ['AEC70', '88167', '20', '20', 'M W F', ' 1:30 PM', 13, 30, 14, 45, None, None, None, None, None, None, None, 'Not Reserved'], ['AEC70', '87772', '20', '20', 'M W F', '12:00 PM', 12, 0, 13, 15, None, None, None, None, None, None, None, 'Not Reserved'], ['AEC70', '88168', '20', '20', 'M W F', ' 1:30 PM', 13, 30, 14, 45, None, None, None, None, None, None, None, 'Not Reserved'], ['AEC70', '87773', '20', '20', 'M W F', '12:00 PM', 12, 0, 13, 15, None, None, None, None, None, None, None, 'Not Reserved'], ['AEC70', '88169', '20', '20', 'M W F', ' 1:30 PM', 13, 30, 14, 45, None, None, None, None, None, None, None, 'Not Reserved'], ['AEC70', '87774', '20', '20', 'M W F', '12:00 PM', 12, 0, 13, 15, None, None, None, None, None, None, None, 'Not Reserved'], ['AEC70', '88170', '20', '20', 'M W F', ' 1:30 PM', 13, 30, 14, 45, None, None, None, None, None, None, None, 'Not Reserved'], ['AEC70', '87775', '20', '20', 'M W F', '12:00 PM', 12, 0, 13, 15, None, None, None, None, None, None, None, 'Not Reserved'], ['AEC70', '88173', '20', '20', 'M W F', ' 1:30 PM', 13, 30, 14, 45, None, None, None, None, None, None, None, 'Not Reserved'], ['AEC70', '87776', '20', '20', 'M W F', '12:00 PM', 12, 0, 13, 15, None, None, None, None, None, None, None, 'Not Reserved'], ['AEC70', '88174', '20', '20', 'M W F', ' 1:30 PM', 13, 30, 14, 45, None, None, None, None, None, None, None, 'Not Reserved'], ['AEC70', '87777', '20', '20', 'M W F', '12:00 PM', 12, 0, 13, 15, None, None, None, None, None, None, None, 'Not Reserved'], ['AEC70', '88175', '20', '20', 'M W F', ' 1:30 PM', 13, 30, 14, 45, None, None, None, None, None, None, None, 'Not Reserved'], ['AEC70', '87778', '20', '20', 'M W F', '12:00 PM', 12, 0, 13, 15, None, None, None, None, None, None, None, 'Not Reserved'], ['AEC70', '88176', '20', '20', 'M W F', ' 1:30 PM', 13, 30, 14, 45, None, None, None, None, None, None, None, 'Not Reserved'], ['AEC70', '87779', '20', '20', 'M W F', '12:00 PM', 12, 0, 13, 15, None, None, None, None, None, None, None, 'Not Reserved'], ['AEC70', '88177', '20', '20', 'M W F', ' 1:30 PM', 13, 30, 14, 45, None, None, None, None, None, None, None, 'Not Reserved'], ['AEC70', '87780', '20', '20', 'M W F', '12:00 PM', 12, 0, 13, 15, None, None, None, None, None, None, None, 'Not Reserved']], 'EST': [], 'AEE': [['AEE325', '79303', '25', '70', 'T Th', ' 1:30 PM', 13, 30, 14, 45, None, None, None, None, None, None, None, 'Reserved'], ['AEE325', '79304', '1', '10', 'F', ' 9:45 AM', 9, 45, 11, 40, None, None, None, None, None, None, None, 'Not Reserved'], ['AEE325', '79306', '4', '10', 'F', ' 2:00 PM', 14, 0, 15, 55, None, None, None, None, None, None, None, 'Not Reserved'], ['AEE325', '79308', '7', '10', 'T', ' 5:00 PM', 17, 0, 18, 55, None, None, None, None, None, None, None, 'Not Reserved'], ['AEE325', '79311', '8', '10', 'Th', ' 5:00 PM', 17, 0, 18, 55, None, None, None, None, None, None, None, 'Not Reserved'], ['AEE325', '79313', '5', '10', 'M', ' 4:30 PM', 16, 30, 18, 25, None, None, None, None, None, None, None, 'Not Reserved'], ['AEE360', '79374', '4', '20', 'W', ' 9:00 AM', 9, 0, 10, 55, None, None, None, None, None, None, None, 'Not Reserved'], ['AEE325', '79303', '25', '70', 'T Th', ' 1:30 PM', 13, 30, 14, 45, None, None, None, None, None, None, None, 'Reserved'], ['AEE325', '79304', '1', '10', 'F', ' 9:45 AM', 9, 45, 11, 40, None, None, None, None, None, None, None, 'Not Reserved'], ['AEE325', '79306', '4', '10', 'F', ' 2:00 PM', 14, 0, 15, 55, None, None, None, None, None, None, None, 'Not Reserved'], ['AEE325', '79308', '7', '10', 'T', ' 5:00 PM', 17, 0, 18, 55, None, None, None, None, None, None, None, 'Not Reserved'], ['AEE325', '79311', '8', '10', 'Th', ' 5:00 PM', 17, 0, 18, 55, None, None, None, None, None, None, None, 'Not Reserved'], ['AEE325', '79313', '5', '10', 'M', ' 4:30 PM', 16, 30, 18, 25, None, None, None, None, None, None, None, 'Not Reserved'], ['AEE360', '79374', '4', '20', 'W', ' 9:00 AM', 9, 0, 10, 55, None, None, None, None, None, None, None, 'Not Reserved']], 'HDA': [], 'FLA': [], 'EED': [['EED494', '84148', '21', '30', 'F', '4:30PM', 16, 30, 18, 30, 'F', '4:30PM', 16, 30, '6:30PM', 18, 30, 'Not Reserved'], ['EED494', '84149', '22', '30', 'F', '4:30PM', 16, 30, 18, 30, 'F', '4:30PM', 16, 30, '6:30PM', 18, 30, 'Not Reserved'], ['EED521', '74482', '27', '36', 'M', ' 4:30 PM', 16, 30, 22, 0, None, None, None, None, None, None, None, 'Reserved'], ['EED521', '75161', '24', '24', 'T', '7:30PM', 19, 30, 21, 0, '', '12:00AM', None, None, '12:00AM', None, None, 'Reserved'], ['EED524', '76495', '25', '30', 'T F', ' 8:00 AM', 8, 0, 10, 30, None, None, None, None, None, None, None, 'Reserved'], ['EED524', '76241', '17', '24', 'T', '4:30PM', 16, 30, 19, 15, '', '12:00AM', None, None, '12:00AM', None, None, 'Reserved'], ['EED531', '74484', '27', '36', 'M', ' 4:30 PM', 16, 30, 22, 0, None, None, None, None, None, None, None, 'Reserved'], ['EED531', '75262', '17', '24', 'T', '4:30PM', 16, 30, 19, 15, '', '12:00AM', None, None, '12:00AM', None, None, 'Reserved'], ['EED537', '74764', '11', '24', 'T', '4:30PM', 16, 30, 19, 15, '', '12:00AM', None, None, '12:00AM', None, None, 'Reserved'], ['EED537', '74439', '24', '30', 'Th', '4:30PM', 16, 30, 19, 15, '', '', None, None, '', None, None, 'Reserved'], ['EED537', '81319', '22', '30', 'W', ' 4:30 PM', 16, 30, 19, 15, None, None, None, None, None, None, None, 'Reserved'], ['EED537', '74969', '25', '30', 'T', '11:30AM', 11, 30, 14, 0, 'T', '10:30AM', 10, 30, '1:00PM', 13, 0, 'Reserved'], ['EED576', '80811', '25', '30', 'T', '5:00PM', 17, 0, 18, 35, 'T', '5:00PM', 17, 0, '6:35PM', 18, 35, 'Reserved'], ['EED576', '80787', '32', '37', 'W', '9:00PM', 21, 0, 22, 0, '', '12:00AM', None, None, '12:00AM', None, None, 'Reserved'], ['EED576', '74485', '28', '36', 'W', '9:00PM', 21, 0, 22, 0, '', '12:00AM', None, None, '12:00AM', None, None, 'Reserved'], ['EED577', '90791', '26', '30', 'T', '5:00PM', 17, 0, 18, 35, 'T', '5:00PM', 17, 0, '6:35PM', 18, 35, 'Reserved'], ['EED578', '74377', '21', '35', 'M T W Th F', ' 8:00 AM', 8, 0, 16, 0, None, None, None, None, None, None, None, 'Reserved'], ['EED579', '76590', '24', '24', 'ONLINE', None, None, None, None, None, None, None, None, None, None, None, None, 'Reserved'], ['EED579', '72968', '24', '24', 'ONLINE', None, None, None, None, None, None, None, None, None, None, None, None, 'Reserved'], ['EED579', '76289', '24', '24', 'ONLINE', None, None, None, None, None, None, None, None, None, None, None, None, 'Reserved'], ['EED579', '90794', '23', '24', 'ONLINE', None, None, None, None, None, None, None, None, None, None, None, None, 'Reserved'], ['EED593', '74788', '12', '30', 'M', ' 4:00 PM', 16, 0, 18, 0, None, None, None, None, None, None, None, 'Reserved'], ['EED593', '74437', '19', '35', 'M', ' 4:30 PM', 16, 30, 19, 15, None, None, None, None, None, None, None, 'Reserved'], ['EED593', '75265', '17', '24', 'T', '7:30PM', 19, 30, 21, 0, '', '12:00AM', None, None, '12:00AM', None, None, 'Reserved']], 'ITA': [], 'MIS': [], 'HUD': [], 'GER': [], 'CEE': [['CEE181', '80629', '33', '91', 'M', ' 4:30 PM', 16, 30, 17, 45, None, None, None, None, None, None, None, 'Not Reserved'], ['CEE181', '79423', '8', '15', 'T', '12:00 PM', 12, 0, 13, 15, None, None, None, None, None, None, None, 'Not Reserved'], ['CEE181', '79427', '8', '15', 'Th', ' 9:00 AM', 9, 0, 10, 15, None, None, None, None, None, None, None, 'Not Reserved'], ['CEE181', '79428', '2', '16', 'Th', '12:00 PM', 12, 0, 13, 15, None, None, None, None, None, None, None, 'Not Reserved'], ['CEE181', '79429', '15', '15', 'Th', ' 1:30 PM', 13, 30, 14, 45, None, None, None, None, None, None, None, 'Not Reserved'], ['CEE210', '79555', '2', '116', 'F', '10:30 AM', 10, 30, 11, 20, None, None, None, None, None, None, None, 'Not Reserved'], ['CEE212', '79552', '31', '74', 'W', '10:30 AM', 10, 30, 11, 20, None, None, None, None, None, None, None, 'Not Reserved'], ['CEE213', '79556', '37', '74', 'M', '10:30 AM', 10, 30, 11, 20, None, None, None, None, None, None, None, 'Not Reserved'], ['CEE351', '79559', '2', '90', 'M W', '12:00 PM', 12, 0, 13, 15, None, None, None, None, None, None, None, 'Not Reserved'], ['CEE351', '79560', '1', '30', 'F', '12:00 PM', 12, 0, 14, 45, None, None, None, None, None, None, None, 'Not Reserved'], ['CEE470', '82888', '18', '20', 'T Th', ' 3:00 PM', 15, 0, 16, 15, None, None, None, None, None, None, None, 'Not Reserved'], ['CEE494', '80241', '8', '25', 'T Th', '10:30 AM', 10, 30, 11, 45, None, None, None, None, None, None, None, 'Not Reserved'], ['CEE494', '86988', '26', '30', 'T Th', ' 3:00 PM', 15, 0, 16, 15, None, None, None, None, None, None, None, 'Not Reserved'], ['CEE515', '83173', '24', '37', 'T Th', ' 9:00 AM', 9, 0, 10, 15, None, None, None, None, None, None, None, 'Not Reserved'], ['CEE545', '83160', '5', '10', 'T Th', ' 1:30 PM', 13, 30, 14, 45, None, None, None, None, None, None, None, 'Not Reserved'], ['CEE550', '86916', '20', '30', 'M W', ' 3:00 PM', 15, 0, 16, 15, None, None, None, None, None, None, None, 'Not Reserved'], ['CEE553', '83171', '6', '25', 'T Th', ' 3:00 PM', 15, 0, 16, 15, None, None, None, None, None, None, None, 'Not Reserved'], ['CEE557', '86925', '21', '30', 'T Th', ' 4:30 PM', 16, 30, 17, 45, None, None, None, None, None, None, None, 'Not Reserved'], ['CEE561', '83185', '20', '28', 'T Th', ' 9:00 AM', 9, 0, 10, 15, None, None, None, None, None, None, None, 'Not Reserved'], ['CEE570', '82889', '12', '13', 'T Th', ' 3:00 PM', 15, 0, 16, 15, None, None, None, None, None, None, None, 'Not Reserved'], ['CEE598', '86989', '30', '30', 'T Th', ' 3:00 PM', 15, 0, 16, 15, None, None, None, None, None, None, None, 'Not Reserved'], ['CEE598', '76565', '4', '4', 'T Th', '10:30 AM', 10, 30, 11, 45, None, None, None, None, None, None, None, 'Not Reserved'], ['CEE598', '77703', '2', '10', 'T Th', '10:30 AM', 10, 30, 11, 45, None, None, None, None, None, None, None, 'Not Reserved'], ['CEE598', '91576', '19', '30', 'W', ' 4:30 PM', 16, 30, 19, 30, None, None, None, None, None, None, None, 'Not Reserved'], ['CEE181', '80629', '33', '91', 'M', ' 4:30 PM', 16, 30, 17, 45, None, None, None, None, None, None, None, 'Not Reserved'], ['CEE181', '79423', '8', '15', 'T', '12:00 PM', 12, 0, 13, 15, None, None, None, None, None, None, None, 'Not Reserved'], ['CEE181', '79427', '8', '15', 'Th', ' 9:00 AM', 9, 0, 10, 15, None, None, None, None, None, None, None, 'Not Reserved'], ['CEE181', '79428', '2', '16', 'Th', '12:00 PM', 12, 0, 13, 15, None, None, None, None, None, None, None, 'Not Reserved'], ['CEE181', '79429', '15', '15', 'Th', ' 1:30 PM', 13, 30, 14, 45, None, None, None, None, None, None, None, 'Not Reserved'], ['CEE210', '79555', '2', '116', 'F', '10:30 AM', 10, 30, 11, 20, None, None, None, None, None, None, None, 'Not Reserved'], ['CEE212', '79552', '31', '74', 'W', '10:30 AM', 10, 30, 11, 20, None, None, None, None, None, None, None, 'Not Reserved'], ['CEE213', '79556', '37', '74', 'M', '10:30 AM', 10, 30, 11, 20, None, None, None, None, None, None, None, 'Not Reserved'], ['CEE351', '79559', '2', '90', 'M W', '12:00 PM', 12, 0, 13, 15, None, None, None, None, None, None, None, 'Not Reserved'], ['CEE351', '79560', '1', '30', 'F', '12:00 PM', 12, 0, 14, 45, None, None, None, None, None, None, None, 'Not Reserved'], ['CEE470', '82888', '18', '20', 'T Th', ' 3:00 PM', 15, 0, 16, 15, None, None, None, None, None, None, None, 'Not Reserved'], ['CEE494', '80241', '8', '25', 'T Th', '10:30 AM', 10, 30, 11, 45, None, None, None, None, None, None, None, 'Not Reserved'], ['CEE494', '86988', '26', '30', 'T Th', ' 3:00 PM', 15, 0, 16, 15, None, None, None, None, None, None, None, 'Not Reserved'], ['CEE515', '83173', '24', '37', 'T Th', ' 9:00 AM', 9, 0, 10, 15, None, None, None, None, None, None, None, 'Not Reserved'], ['CEE545', '83160', '5', '10', 'T Th', ' 1:30 PM', 13, 30, 14, 45, None, None, None, None, None, None, None, 'Not Reserved'], ['CEE550', '86916', '20', '30', 'M W', ' 3:00 PM', 15, 0, 16, 15, None, None, None, None, None, None, None, 'Not Reserved'], ['CEE553', '83171', '6', '25', 'T Th', ' 3:00 PM', 15, 0, 16, 15, None, None, None, None, None, None, None, 'Not Reserved'], ['CEE557', '86925', '21', '30', 'T Th', ' 4:30 PM', 16, 30, 17, 45, None, None, None, None, None, None, None, 'Not Reserved'], ['CEE561', '83185', '20', '28', 'T Th', ' 9:00 AM', 9, 0, 10, 15, None, None, None, None, None, None, None, 'Not Reserved'], ['CEE570', '82889', '12', '13', 'T Th', ' 3:00 PM', 15, 0, 16, 15, None, None, None, None, None, None, None, 'Not Reserved'], ['CEE598', '86989', '30', '30', 'T Th', ' 3:00 PM', 15, 0, 16, 15, None, None, None, None, None, None, None, 'Not Reserved'], ['CEE598', '76565', '4', '4', 'T Th', '10:30 AM', 10, 30, 11, 45, None, None, None, None, None, None, None, 'Not Reserved'], ['CEE598', '77703', '2', '10', 'T Th', '10:30 AM', 10, 30, 11, 45, None, None, None, None, None, None, None, 'Not Reserved'], ['CEE598', '91576', '19', '30', 'W', ' 4:30 PM', 16, 30, 19, 30, None, None, None, None, None, None, None, 'Not Reserved']], 'SCN': [], 'AML': [['AML100', '80823', '8', '15', 'T Th', '10:30 AM', 10, 30, 11, 45, None, None, None, None, None, None, None, 'Not Reserved']], 'BMD': [['BMD501', '91709', '1', '4', 'ONLINE', None, None, None, None, None, None, None, None, None, None, None, None, 'Reserved'], ['BMD592', '91450', '26', '30', 'ONLINE', None, None, None, None, None, None, None, None, None, None, None, None, 'Not Reserved'], ['BMD593', '91451', '26', '30', 'ONLINE', None, None, None, None, None, None, None, None, None, None, None, None, 'Not Reserved']], 'MFG': [], 'RTM': [], 'HUM': [], 'JHR': [], 'BMI': [['BMI101', '82533', '22', '30', 'T Th', '10:30 AM', 10, 30, 11, 45, None, None, None, None, None, None, None, 'Not Reserved'], ['BMI102', '86698', '21', '30', 'M W F', ' 9:00 AM', 9, 0, 10, 15, None, None, None, None, None, None, None, 'Not Reserved'], ['BMI501', '74526', '34', '40', 'T Th', '10:30 AM', 10, 30, 11, 45, None, None, None, None, None, None, None, 'Not Reserved'], ['BMIMet', '74527', '35', '40', 'T Th', ' 9:00 AM', 9, 0, 10, 15, None, None, None, None, None, None, None, 'Not Reserved'], ['BMI504', '76429', '26', '30', 'F', ' 9:00 AM', 9, 0, 11, 45, None, None, None, None, None, None, None, 'Not Reserved'], ['BMI507', '77156', '9', '12', 'F', ' 9:00 AM', 9, 0, 11, 45, None, None, None, None, None, None, None, 'Not Reserved'], ['BMI540', '74528', '3', '24', 'T Th', ' 9:00 AM', 9, 0, 10, 15, None, None, None, None, None, None, None, 'Not Reserved'], ['BMI560', '75209', '3', '4', 'ONLINE', None, None, None, None, None, None, None, None, None, None, None, None, 'Not Reserved'], ['BMI560', '85536', '4', '4', 'ONLINE', None, None, None, None, None, None, None, None, None, None, None, None, 'Not Reserved'], ['BMI560', '85769', '1', '2', 'ONLINE', None, None, None, None, None, None, None, None, None, None, None, None, 'Not Reserved'], ['BMI560', '85875', '3', '3', 'ONLINE', None, None, None, None, None, None, None, None, None, None, None, None, 'Not Reserved'], ['BMI570', '76100', '35', '40', 'F', ' 2:45 PM', 14, 45, 16, 0, None, None, None, None, None, None, None, 'Not Reserved'], ['BMI584', '80883', '8', '8', 'ONLINE', None, None, None, None, None, None, None, None, None, None, None, None, 'Not Reserved'], ['BMI590', '75411', '6', '6', 'ONLINE', None, None, None, None, None, None, None, None, None, None, None, None, 'Not Reserved'], ['BMI590', '85714', '3', '3', 'ONLINE', None, None, None, None, None, None, None, None, None, None, None, None, 'Not Reserved'], ['BMI591', '86693', '28', '28', 'M', ' 9:00 AM', 9, 0, 11, 45, None, None, None, None, None, None, None, 'Not Reserved'], ['BMI591', '86694', '28', '28', 'W', ' 9:00 AM', 9, 0, 11, 45, None, None, None, None, None, None, None, 'Not Reserved'], ['BMI591', '86695', '28', '28', 'F', ' 9:00 AM', 9, 0, 11, 45, None, None, None, None, None, None, None, 'Not Reserved'], ['BMI591', '88274', '28', '28', 'T Th', ' 9:00 AM', 9, 0, 10, 15, None, None, None, None, None, None, None, 'Not Reserved'], ['BMI591', '88276', '28', '28', 'T Th', '10:30 AM', 10, 30, 11, 45, None, None, None, None, None, None, None, 'Not Reserved'], ['BMI592', '75412', '5', '5', 'ONLINE', None, None, None, None, None, None, None, None, None, None, None, None, 'Not Reserved'], ['BMI592', '85453', '4', '4', 'ONLINE', None, None, None, None, None, None, None, None, None, None, None, None, 'Not Reserved'], ['BMI592', '85455', '4', '4', 'ONLINE', None, None, None, None, None, None, None, None, None, None, None, None, 'Not Reserved'], ['BMI592', '85602', '4', '4', 'ONLINE', None, None, None, None, None, None, None, None, None, None, None, None, 'Not Reserved'], ['BMI592', '85603', '4', '4', 'ONLINE', None, None, None, None, None, None, None, None, None, None, None, None, 'Not Reserved'], ['BMI592', '85770', '3', '3', 'ONLINE', None, None, None, None, None, None, None, None, None, None, None, None, 'Not Reserved'], ['BMI592', '85791', '3', '3', 'ONLINE', None, None, None, None, None, None, None, None, None, None, None, None, 'Not Reserved'], ['BMI592', '85839', '3', '3', 'ONLINE', None, None, None, None, None, None, None, None, None, None, None, None, 'Not Reserved'], ['BMI595', '74812', '25', '25', 'ONLINE', None, None, None, None, None, None, None, None, None, None, None, None, 'Not Reserved'], ['BMI790', '75413', '6', '6', 'ONLINE', None, None, None, None, None, None, None, None, None, None, None, None, 'Not Reserved'], ['BMI790', '85708', '4', '4', 'ONLINE', None, None, None, None, None, None, None, None, None, None, None, None, 'Not Reserved'], ['BMI790', '85831', '3', '3', 'ONLINE', None, None, None, None, None, None, None, None, None, None, None, None, 'Not Reserved'], ['BMI790', '85952', '1', '1', 'ONLINE', None, None, None, None, None, None, None, None, None, None, None, None, 'Not Reserved'], ['BMI790', '85988', '4', '4', 'ONLINE', None, None, None, None, None, None, None, None, None, None, None, None, 'Not Reserved'], ['BMI792', '85447', '2', '2', 'ONLINE', None, None, None, None, None, None, None, None, None, None, None, None, 'Not Reserved'], ['BMI792', '85951', '4', '4', 'ONLINE', None, None, None, None, None, None, None, None, None, None, None, None, 'Not Reserved'], ['BMI799', '75190', '10', '10', 'ONLINE', None, None, None, None, None, None, None, None, None, None, None, None, 'Not Reserved'], ['BMI799', '85707', '4', '4', 'ONLINE', None, None, None, None, None, None, None, None, None, None, None, None, 'Not Reserved'], ['BMI799', '85771', '3', '3', 'ONLINE', None, None, None, None, None, None, None, None, None, None, None, None, 'Not Reserved'], ['BMI799', '86054', '4', '4', 'ONLINE', None, None, None, None, None, None, None, None, None, None, None, None, 'Not Reserved']], 'AME': [['AME101', '85724', '17', '19', 'M', '1:30PM', 13, 30, 14, 45, 'M', '1:30PM', 13, 30, '2:45PM', 14, 45, 'Not Reserved'], ['AME101', '85725', '15', '19', 'M', '3:00PM', 15, 0, 16, 15, 'M', '3:00PM', 15, 0, '4:15PM', 16, 15, 'Not Reserved'], ['AME101', '85726', '19', '19', 'W', '1:30PM', 13, 30, 14, 45, 'W', '1:30PM', 13, 30, '2:45PM', 14, 45, 'Not Reserved'], ['AME101', '85727', '16', '19', 'W', '3:00PM', 15, 0, 16, 15, 'W', '3:00PM', 15, 0, '4:15PM', 16, 15, 'Not Reserved'], ['AME101', '85723', '67', '76', 'M', '<span', None, None, None, None, 'M', '</span3:00PM', None, None, '4:15PM', None, None, 'Not Reserved'], ['AME111', '79759', '70', '100', 'T', '12:00PM', 12, 0, 13, 15, '', '12:00AM', None, None, '12:00AM', None, None, 'Not Reserved'], ['AME111', '88666', '55', '100', 'T', '1:30PM', 13, 30, 14, 15, '', '12:00AM', None, None, '12:00AM', None, None, 'Not Reserved'], ['AME130', '88647', '49', '100', 'M W', '12:00 PM', 12, 0, 13, 15, None, None, None, None, None, None, None, 'Not Reserved'], ['AME220', '90601', '54', '75', 'M W', '10:30 AM', 10, 30, 11, 45, None, None, None, None, None, None, None, 'Not Reserved'], ['AME294', '90589', '6', '30', 'T Th', ' 9:00 AM', 9, 0, 10, 15, None, None, None, None, None, None, None, 'Not Reserved'], ['AME294', '82919', '35', '75', 'M W', ' 1:30 PM', 13, 30, 14, 45, None, None, None, None, None, None, None, 'Not Reserved'], ['AME385', '80156', '6', '20', 'T', '3:00PM', 15, 0, 18, 0, 'Th', '3:00PM', 15, 0, '4:00PM', 16, 0, 'Not Reserved'], ['AME385', '90851', '10', '20', 'T', '3:00PM', 15, 0, 18, 0, 'Th', '3:00PM', 15, 0, '4:00PM', 16, 0, 'Not Reserved'], ['AME386', '80175', '11', '20', 'T', '3:00PM', 15, 0, 18, 0, 'Th', '3:00PM', 15, 0, '4:00PM', 16, 0, 'Not Reserved'], ['AME386', '82826', '15', '20', 'T', '3:00PM', 15, 0, 18, 0, 'Th', '3:00PM', 15, 0, '4:00PM', 16, 0, 'Not Reserved'], ['AME386', '90852', '16', '20', 'T', '3:00PM', 15, 0, 18, 0, 'Th', '3:00PM', 15, 0, '4:00PM', 16, 0, 'Not Reserved'], ['AME394', '82930', '28', '50', 'T Th', '1:30PM', 13, 30, 14, 45, 'F', '12:00PM', 12, 0, '1:00PM', 13, 0, 'Not Reserved'], ['AME484', '80176', '30', '30', 'ONLINE', None, None, None, None, None, None, None, None, None, None, None, None, 'Not Reserved'], ['AME485', '80101', '14', '20', 'T', '3:00PM', 15, 0, 18, 0, 'Th', '3:00PM', 15, 0, '4:00PM', 16, 0, 'Not Reserved'], ['AME485', '90853', '9', '20', 'T', '3:00PM', 15, 0, 18, 0, 'Th', '3:00PM', 15, 0, '4:00PM', 16, 0, 'Not Reserved'], ['AME486', '80102', '11', '20', 'T', '3:00PM', 15, 0, 18, 0, 'Th', '3:00PM', 15, 0, '4:00PM', 16, 0, 'Not Reserved'], ['AME486', '80103', '14', '15', 'T', '3:00PM', 15, 0, 18, 0, 'Th', '3:00PM', 15, 0, '4:00PM', 16, 0, 'Not Reserved'], ['AME486', '90854', '15', '15', 'T', '3:00PM', 15, 0, 18, 0, 'Th', '3:00PM', 15, 0, '4:00PM', 16, 0, 'Not Reserved'], ['AME492', '82931', '30', '30', 'ONLINE', None, None, None, None, None, None, None, None, None, None, None, None, 'Not Reserved'], ['AME493', '82853', '29', '30', 'ONLINE', None, None, None, None, None, None, None, None, None, None, None, None, 'Not Reserved'], ['AME494', '91332', '12', '30', 'T Th', ' 1:30 PM', 13, 30, 14, 45, None, None, None, None, None, None, None, 'Not Reserved'], ['AME499', '80177', '29', '30', 'ONLINE', None, None, None, None, None, None, None, None, None, None, None, None, 'Not Reserved'], ['AME530', '83491', '4', '10', 'W', ' 3:00 PM', 15, 0, 17, 0, None, None, None, None, None, None, None, 'Not Reserved'], ['AME532', '83493', '12', '15', 'M W', '10:30 AM', 10, 30, 11, 45, None, None, None, None, None, None, None, 'Not Reserved'], ['AME598', '83492', '9', '10', 'M W', ' 3:00 PM', 15, 0, 16, 15, None, None, None, None, None, None, None, 'Not Reserved'], ['AME598', '91334', '30', '30', 'T Th', ' 1:30 PM', 13, 30, 14, 45, None, None, None, None, None, None, None, 'Not Reserved'], ['AME599', '91670', '29', '30', 'ONLINE', None, None, None, None, None, None, None, None, None, None, None, None, 'Not Reserved'], ['AME795', '80602', '30', '30', 'ONLINE', None, None, None, None, None, None, None, None, None, None, None, None, 'Not Reserved']], 'PHY': [], 'ENG': [['ENG101', '71181', '22', '22', 'M W F', ' 9:00 AM', 9, 0, 9, 50, None, None, None, None, None, None, None, 'Reserved'], ['ENG101', '71182', '19', '22', 'M W F', '10:30 AM', 10, 30, 11, 20, None, None, None, None, None, None, None, 'Not Reserved'], ['ENG101', '73016', '22', '22', 'M W F', '12:00 PM', 12, 0, 12, 50, None, None, None, None, None, None, None, 'Reserved'], ['ENG101', '75878', '16', '22', 'M W F', '12:00 PM', 12, 0, 12, 50, None, None, None, None, None, None, None, 'Not Reserved'], ['ENG101', '75879', '20', '22', 'M W F', ' 1:30 PM', 13, 30, 14, 20, None, None, None, None, None, None, None, 'Not Reserved'], ['ENG101', '78809', '20', '22', 'M W', ' 3:00 PM', 15, 0, 16, 15, None, None, None, None, None, None, None, 'Not Reserved'], ['ENG101', '78810', '14', '22', 'T Th', ' 9:00 AM', 9, 0, 10, 15, None, None, None, None, None, None, None, 'Not Reserved'], ['ENG101', '80824', '20', '22', 'T Th', '10:30 AM', 10, 30, 11, 45, None, None, None, None, None, None, None, 'Not Reserved'], ['ENG101', '84501', '20', '22', 'T Th', '12:00 PM', 12, 0, 13, 15, None, None, None, None, None, None, None, 'Not Reserved'], ['ENG101', '85671', '19', '22', 'T Th', ' 1:30 PM', 13, 30, 14, 45, None, None, None, None, None, None, None, 'Not Reserved'], ['ENG101', '86257', '18', '22', 'T Th', ' 3:00 PM', 15, 0, 16, 15, None, None, None, None, None, None, None, 'Not Reserved'], ['ENG102', '71183', '13', '22', 'M W F', ' 9:00 AM', 9, 0, 9, 50, None, None, None, None, None, None, None, 'Not Reserved'], ['ENG102', '71184', '14', '22', 'M W F', '10:30 AM', 10, 30, 11, 20, None, None, None, None, None, None, None, 'Not Reserved'], ['ENG102', '71185', '15', '22', 'M W F', '12:00 PM', 12, 0, 12, 50, None, None, None, None, None, None, None, 'Not Reserved'], ['ENG102', '75570', '8', '22', 'T Th', ' 9:00 AM', 9, 0, 10, 15, None, None, None, None, None, None, None, 'Not Reserved'], ['ENG102', '80825', '4', '22', 'T Th', '12:00 PM', 12, 0, 13, 15, None, None, None, None, None, None, None, 'Not Reserved'], ['ENG105', '70996', '18', '22', 'T Th', '10:30 AM', 10, 30, 11, 45, None, None, None, None, None, None, None, 'Not Reserved'], ['ENG107', '84502', '19', '22', 'M W F', '10:30 AM', 10, 30, 11, 20, None, None, None, None, None, None, None, 'Not Reserved'], ['ENG200', '75580', '18', '28', 'T Th', '12:00 PM', 12, 0, 13, 15, None, None, None, None, None, None, None, 'Not Reserved'], ['ENG213', '86177', '34', '35', 'M W F', ' 1:30 PM', 13, 30, 14, 20, None, None, None, None, None, None, None, 'Not Reserved'], ['ENG217', '86178', '28', '30', 'T Th', ' 9:00 AM', 9, 0, 10, 15, None, None, None, None, None, None, None, 'Not Reserved'], ['ENG221', '77624', '28', '35', 'T Th', '10:30 AM', 10, 30, 11, 45, None, None, None, None, None, None, None, 'Reserved'], ['ENG229', '78811', '33', '40', 'ONLINE', None, None, None, None, None, None, None, None, None, None, None, None, 'Reserved'], ['ENG241', '72900', '34', '40', 'M W', ' 3:00 PM', 15, 0, 16, 15, None, None, None, None, None, None, None, 'Not Reserved'], ['ENG301', '83310', '32', '35', 'M W', ' 4:30 PM', 16, 30, 19, 15, None, None, None, None, None, None, None, 'Not Reserved'], ['ENG301', '78237', '5', '35', 'ONLINE', None, None, None, None, None, None, None, None, None, None, None, None, 'Reserved'], ['ENG301', '83509', '20', '35', 'T Th', ' 4:30 PM', 16, 30, 19, 15, None, None, None, None, None, None, None, 'Reserved'], ['ENG301', '91478', '35', '35', 'M W', ' 4:30 PM', 16, 30, 19, 15, None, None, None, None, None, None, None, 'Not Reserved'], ['ENG301', '83510', '21', '30', 'T', ' 6:00 PM', 18, 0, 20, 45, None, None, None, None, None, None, None, 'Not Reserved'], ['ENG301', '85642', '15', '30', 'W', ' 6:00 PM', 18, 0, 20, 45, None, None, None, None, None, None, None, 'Not Reserved'], ['ENG301', '86237', '9', '35', 'ONLINE', None, None, None, None, None, None, None, None, None, None, None, None, 'Reserved'], ['ENG317', '86180', '22', '35', 'T Th', ' 1:30 PM', 13, 30, 14, 45, None, None, None, None, None, None, None, 'Not Reserved'], ['ENG323', '79457', '23', '35', 'M W F', ' 9:00 AM', 9, 0, 9, 50, None, None, None, None, None, None, None, 'Not Reserved'], ['ENG353', '86181', '10', '35', 'T Th', ' 1:30 PM', 13, 30, 14, 45, None, None, None, None, None, None, None, 'Not Reserved'], ['ENG361', '82810', '33', '40', 'T Th', ' 4:30 PM', 16, 30, 19, 15, None, None, None, None, None, None, None, 'Not Reserved'], ['ENG369', '82811', '36', '60', 'ONLINE', None, None, None, None, None, None, None, None, None, None, None, None, 'Reserved'], ['ENG413', '79460', '28', '35', 'M W F', '12:00 PM', 12, 0, 12, 50, None, None, None, None, None, None, None, 'Not Reserved'], ['ENG416', '89966', '37', '40', 'W', ' 6:00 PM', 18, 0, 20, 45, None, None, None, None, None, None, None, 'Not Reserved'], ['ENG420', '83244', '15', '30', 'ONLINE', None, None, None, None, None, None, None, None, None, None, None, None, 'Reserved'], ['ENG430', '90126', '63', '75', 'M W', ' 3:00 PM', 15, 0, 16, 15, None, None, None, None, None, None, None, 'Not Reserved'], ['ENG440', '86264', '26', '40', 'ONLINE', None, None, None, None, None, None, None, None, None, None, None, None, 'Reserved'], ['ENG482', '90926', '13', '35', 'M', ' 4:30 PM', 16, 30, 19, 15, None, None, None, None, None, None, None, 'Not Reserved'], ['ENG494', '79229', '29', '35', 'T Th', ' 9:00 AM', 9, 0, 10, 15, None, None, None, None, None, None, None, 'Not Reserved'], ['ENG494', '80049', '12', '45', 'ONLINE', None, None, None, None, None, None, None, None, None, None, None, None, 'Reserved'], ['ENG494', '86265', '13', '15', 'M W F', '10:30 AM', 10, 30, 11, 20, None, None, None, None, None, None, None, 'Not Reserved'], ['ENG499', '91426', '3', '3', 'ONLINE', None, None, None, None, None, None, None, None, None, None, None, None, 'Not Reserved'], ['ENG500', '86266', '21', '25', 'T', ' 6:00 PM', 18, 0, 20, 45, None, None, None, None, None, None, None, 'Not Reserved'], ['ENG598', '90308', '20', '25', 'M W', ' 3:00 PM', 15, 0, 16, 15, None, None, None, None, None, None, None, 'Not Reserved'], ['ENG598', '91029', '5', '5', 'M W F', '12:00 PM', 12, 0, 12, 50, None, None, None, None, None, None, None, 'Not Reserved'], ['ENG598', '91031', '5', '5', 'M W F', '10:30 AM', 10, 30, 11, 20, None, None, None, None, None, None, None, 'Not Reserved']], 'JUS': [], 'TCL': [], 'CNE': [['CNE210', '79529', '1', '13', 'F', '10:30 AM', 10, 30, 11, 20, None, None, None, None, None, None, None, 'Not Reserved'], ['CNE210', '88268', '1', '1', 'M W', '12:00 PM', 12, 0, 13, 15, None, None, None, None, None, None, None, 'Not Reserved'], ['CNE212', '79530', '2', '5', 'W', '10:30 AM', 10, 30, 11, 20, None, None, None, None, None, None, None, 'Not Reserved'], ['CNE212', '88205', '1', '2', 'T Th', '12:00 PM', 12, 0, 13, 15, None, None, None, None, None, None, None, 'Not Reserved'], ['CNE213', '79531', '3', '6', 'M', '10:30 AM', 10, 30, 11, 20, None, None, None, None, None, None, None, 'Not Reserved'], ['CNE243', '79540', '4', '11', 'M W F', ' 7:30 AM', 7, 30, 8, 20, None, None, None, None, None, None, None, 'Not Reserved'], ['CNE271', '79541', '3', '10', 'M W', ' 1:30 PM', 13, 30, 14, 45, None, None, None, None, None, None, None, 'Not Reserved'], ['CNE351', '79532', '7', '8', 'M W', '12:00 PM', 12, 0, 13, 15, None, None, None, None, None, None, None, 'Not Reserved'], ['CNE455', '79548', '2', '4', 'T', ' 4:30 PM', 16, 30, 19, 15, None, None, None, None, None, None, None, 'Not Reserved'], ['CNE486', '80330', '1', '5', 'M W', ' 1:30 PM', 13, 30, 14, 45, None, None, None, None, None, None, None, 'Not Reserved'], ['CNE486', '88213', '1', '5', 'F', ' 1:30 PM', 13, 30, 15, 30, None, None, None, None, None, None, None, 'Not Reserved'], ['CNE496', '80329', '4', '5', 'M', ' 6:00 PM', 18, 0, 20, 45, None, None, None, None, None, None, None, 'Not Reserved'], ['CNE210', '79529', '1', '13', 'F', '10:30 AM', 10, 30, 11, 20, None, None, None, None, None, None, None, 'Not Reserved'], ['CNE210', '88268', '1', '1', 'M W', '12:00 PM', 12, 0, 13, 15, None, None, None, None, None, None, None, 'Not Reserved'], ['CNE212', '79530', '2', '5', 'W', '10:30 AM', 10, 30, 11, 20, None, None, None, None, None, None, None, 'Not Reserved'], ['CNE212', '88205', '1', '2', 'T Th', '12:00 PM', 12, 0, 13, 15, None, None, None, None, None, None, None, 'Not Reserved'], ['CNE213', '79531', '3', '6', 'M', '10:30 AM', 10, 30, 11, 20, None, None, None, None, None, None, None, 'Not Reserved'], ['CNE243', '79540', '4', '11', 'M W F', ' 7:30 AM', 7, 30, 8, 20, None, None, None, None, None, None, None, 'Not Reserved'], ['CNE271', '79541', '3', '10', 'M W', ' 1:30 PM', 13, 30, 14, 45, None, None, None, None, None, None, None, 'Not Reserved'], ['CNE351', '79532', '7', '8', 'M W', '12:00 PM', 12, 0, 13, 15, None, None, None, None, None, None, None, 'Not Reserved'], ['CNE455', '79548', '2', '4', 'T', ' 4:30 PM', 16, 30, 19, 15, None, None, None, None, None, None, None, 'Not Reserved'], ['CNE486', '80330', '1', '5', 'M W', ' 1:30 PM', 13, 30, 14, 45, None, None, None, None, None, None, None, 'Not Reserved'], ['CNE486', '88213', '1', '5', 'F', ' 1:30 PM', 13, 30, 15, 30, None, None, None, None, None, None, None, 'Not Reserved'], ['CNE496', '80329', '4', '5', 'M', ' 6:00 PM', 18, 0, 20, 45, None, None, None, None, None, None, None, 'Not Reserved']], 'JMC': [['JMC101', '73806', '346', '375', 'ONLINE', None, None, None, None, None, None, None, None, None, None, None, None, 'Reserved'], ['JMC110', '72863', '139', '141', 'M W', '12:00 PM', 12, 0, 13, 15, None, None, None, None, None, None, None, 'Reserved'], ['JMC110', '72890', '141', '141', 'M W', ' 1:30 PM', 13, 30, 14, 45, None, None, None, None, None, None, None, 'Reserved'], ['JMC110', '73397', '118', '141', 'T Th', '12:00 PM', 12, 0, 13, 15, None, None, None, None, None, None, None, 'Reserved'], ['JMC120', '81251', '11', '20', 'M', '10:00 AM', 10, 0, 11, 50, None, None, None, None, None, None, None, 'Not Reserved'], ['JMC120', '81252', '19', '20', 'Th', ' 6:00 PM', 18, 0, 19, 50, None, None, None, None, None, None, None, 'Not Reserved'], ['JMC120', '81253', '19', '20', 'T', '10:00 AM', 10, 0, 11, 50, None, None, None, None, None, None, None, 'Not Reserved'], ['JMC120', '81254', '16', '20', 'Th', ' 1:30 PM', 13, 30, 15, 20, None, None, None, None, None, None, None, 'Not Reserved'], ['JMC194', '79895', '13', '20', 'F', '10:30 AM', 10, 30, 12, 20, None, None, None, None, None, None, None, 'Not Reserved'], ['JMC194', '79896', '19', '20', 'F', '10:30 AM', 10, 30, 12, 20, None, None, None, None, None, None, None, 'Not Reserved'], ['JMC201', '71475', '7', '20', 'M W', '10:00 AM', 10, 0, 11, 50, None, None, None, None, None, None, None, 'Not Reserved'], ['JMC201', '74195', '16', '20', 'T Th', ' 7:30 AM', 7, 30, 9, 20, None, None, None, None, None, None, None, 'Not Reserved'], ['JMC201', '86408', '13', '20', 'M W', ' 3:30 PM', 15, 30, 17, 20, None, None, None, None, None, None, None, 'Not Reserved'], ['JMC201', '81260', '8', '20', 'T Th', ' 1:00 PM', 13, 0, 14, 50, None, None, None, None, None, None, None, 'Not Reserved'], ['JMC294', '90599', '11', '20', 'T', ' 8:00 AM', 8, 0, 9, 50, None, None, None, None, None, None, None, 'Not Reserved'], ['JMC294', '90600', '19', '20', 'T', ' 8:00 AM', 8, 0, 9, 50, None, None, None, None, None, None, None, 'Not Reserved'], ['JMC301', '71477', '1', '20', 'T Th', ' 3:00 PM', 15, 0, 16, 50, None, None, None, None, None, None, None, 'Not Reserved'], ['JMC301', '91663', '12', '20', 'T Th', '11:00 AM', 11, 0, 12, 50, None, None, None, None, None, None, None, 'Not Reserved'], ['JMC302', '90268', '2', '20', 'T Th', ' 9:00 AM', 9, 0, 10, 50, None, None, None, None, None, None, None, 'Not Reserved'], ['JMC310', '79632', '32', '80', 'M W', ' 3:00 PM', 15, 0, 16, 15, None, None, None, None, None, None, None, 'Not Reserved'], ['JMC313', '73927', '9', '20', 'T Th', ' 6:00 PM', 18, 0, 19, 50, None, None, None, None, None, None, None, 'Not Reserved'], ['JMC315', '90314', '4', '20', 'T Th', ' 6:30 PM', 18, 30, 20, 20, None, None, None, None, None, None, None, 'Not Reserved'], ['JMC320', '90271', '9', '20', 'T Th', ' 7:30 AM', 7, 30, 9, 20, None, None, None, None, None, None, None, 'Not Reserved'], ['JMC325', '74113', '15', '15', 'ONLINE', None, None, None, None, None, None, None, None, None, None, None, None, 'Not Reserved'], ['JMC330', '77493', '1', '18', 'M W', ' 6:00 PM', 18, 0, 19, 50, None, None, None, None, None, None, None, 'Not Reserved'], ['JMC331', '90303', '6', '20', 'M W', ' 8:00 AM', 8, 0, 9, 50, None, None, None, None, None, None, None, 'Not Reserved'], ['JMC345', '71479', '2', '20', 'F', ' 9:00 AM', 9, 0, 12, 50, None, None, None, None, None, None, None, 'Not Reserved'], ['JMC345', '77495', '7', '20', 'M W', ' 7:30 AM', 7, 30, 9, 20, None, None, None, None, None, None, None, 'Not Reserved'], ['JMC346', '90269', '5', '20', 'T Th', ' 4:00 PM', 16, 0, 17, 50, None, None, None, None, None, None, None, 'Not Reserved'], ['JMC352', '90302', '5', '20', 'F', ' 9:00 AM', 9, 0, 12, 50, None, None, None, None, None, None, None, 'Not Reserved'], ['JMC366', '74974', '2', '55', 'T Th', '12:00 PM', 12, 0, 13, 15, None, None, None, None, None, None, None, 'Not Reserved'], ['JMC366', '74976', '17', '56', 'T Th', ' 3:00 PM', 15, 0, 16, 15, None, None, None, None, None, None, None, 'Not Reserved'], ['JMC366', '76314', '8', '56', 'M W', ' 9:00 AM', 9, 0, 10, 15, None, None, None, None, None, None, None, 'Not Reserved'], ['JMC367', '90321', '14', '40', 'T Th', '12:00 PM', 12, 0, 13, 15, None, None, None, None, None, None, None, 'Not Reserved'], ['JMC402', '82895', '66', '150', 'ONLINE', None, None, None, None, None, None, None, None, None, None, None, None, 'Reserved'], ['JMC402', '81255', '75', '142', 'T Th', ' 3:00 PM', 15, 0, 16, 15, None, None, None, None, None, None, None, 'Not Reserved'], ['JMC414', '74981', '3', '20', 'M W', ' 6:00 PM', 18, 0, 19, 50, None, None, None, None, None, None, None, 'Not Reserved'], ['JMC415', '79787', '10', '20', 'M W', ' 9:00 AM', 9, 0, 10, 50, None, None, None, None, None, None, None, 'Not Reserved'], ['JMC417', '82871', '3', '35', 'M', ' 8:30 AM', 8, 30, 10, 20, None, None, None, None, None, None, None, 'Not Reserved'], ['JMC417', '82873', '3', '12', 'T Th', ' 9:00 AM', 9, 0, 12, 0, None, None, None, None, None, None, None, 'Not Reserved'], ['JMC436', '90561', '14', '40', 'T Th', ' 9:00 AM', 9, 0, 10, 50, None, None, None, None, None, None, None, 'Not Reserved'], ['JMC437', '73886', '3', '20', 'M W', ' 1:30 PM', 13, 30, 15, 20, None, None, None, None, None, None, None, 'Not Reserved'], ['JMC440', '73520', '5', '20', 'M W', ' 1:30 PM', 13, 30, 15, 20, None, None, None, None, None, None, None, 'Not Reserved'], ['JMC450', '83063', '16', '30', 'ONLINE', None, None, None, None, None, 'M', None, None, None, None, None, None, 'Reserved'], ['JMC451', '73888', '12', '20', 'M W', '10:00 AM', 10, 0, 11, 50, None, None, None, None, None, None, None, 'Not Reserved'], ['JMC452', '90798', '17', '20', 'F', ' 9:00 AM', 9, 0, 12, 50, None, None, None, None, None, None, None, 'Not Reserved'], ['JMC453', '79328', '9', '12', 'M W', '12:00 PM', 12, 0, 13, 50, None, None, None, None, None, None, None, 'Not Reserved'], ['JMC455', '79341', '1', '10', 'T Th', ' 4:30 PM', 16, 30, 18, 20, None, None, None, None, None, None, None, 'Not Reserved'], ['JMC460', '75036', '7', '20', 'F', ' 9:00 AM', 9, 0, 12, 50, None, None, None, None, None, None, None, 'Not Reserved'], ['JMC460', '77463', '7', '20', 'M W', ' 8:00 AM', 8, 0, 9, 50, None, None, None, None, None, None, None, 'Not Reserved'], ['JMC465', '90337', '9', '15', 'T Th', ' 2:00 PM', 14, 0, 15, 50, None, None, None, None, None, None, None, 'Not Reserved'], ['JMC470', '79880', '12', '15', 'M W', '11:30 AM', 11, 30, 13, 20, None, None, None, None, None, None, None, 'Not Reserved'], ['JMC473', '73807', '3', '55', 'T Th', ' 3:00 PM', 15, 0, 16, 15, None, None, None, None, None, None, None, 'Not Reserved'], ['JMC475', '73928', '37', '50', 'ONLINE', None, None, None, None, None, None, None, None, None, None, None, None, 'Not Reserved'], ['JMC476', '79338', '10', '10', 'ONLINE', None, None, None, None, None, None, None, None, None, None, None, None, 'Not Reserved'], ['JMC477', '79329', '5', '5', 'ONLINE', None, None, None, None, None, None, None, None, None, None, None, None, 'Not Reserved'], ['JMC478', '73808', '16', '20', 'ONLINE', None, None, None, None, None, None, None, None, None, None, None, None, 'Not Reserved'], ['JMC478', '76312', '15', '15', 'ONLINE', None, None, None, None, None, None, None, None, None, None, None, None, 'Not Reserved'], ['JMC478', '82939', '18', '20', 'ONLINE', None, None, None, None, None, None, None, None, None, None, None, None, 'Not Reserved'], ['JMC478', '90368', '10', '20', 'ONLINE', None, None, None, None, None, None, None, None, None, None, None, None, 'Not Reserved'], ['JMC478', '90369', '15', '20', 'ONLINE', None, None, None, None, None, None, None, None, None, None, None, None, 'Not Reserved'], ['JMC478', '90370', '29', '30', 'ONLINE', None, None, None, None, None, None, None, None, None, None, None, None, 'Not Reserved'], ['JMC484', '79701', '140', '140', 'ONLINE', None, None, None, None, None, None, None, None, None, None, None, None, 'Reserved'], ['JMC485', '91329', '18', '20', 'ONLINE', None, None, None, None, None, None, None, None, None, None, None, None, 'Not Reserved'], ['JMC494', '82949', '6', '10', 'T Th', ' 8:00 AM', 8, 0, 9, 50, None, None, None, None, None, None, None, 'Not Reserved'], ['JMC494', '90597', '10', '15', 'F', ' 9:00 AM', 9, 0, 12, 50, None, None, None, None, None, None, None, 'Not Reserved'], ['JMC494', '79925', '3', '7', 'F', ' 9:00 AM', 9, 0, 12, 50, None, None, None, None, None, None, None, 'Not Reserved'], ['JMC494', '77501', '6', '12', 'T Th', '11:30 AM', 11, 30, 13, 20, None, None, None, None, None, None, None, 'Not Reserved'], ['JMC494', '83983', '15', '15', 'T Th', ' 4:30 PM', 16, 30, 17, 45, None, None, None, None, None, None, None, 'Not Reserved'], ['JMC494', '90621', '1', '2', 'W', ' 9:00 AM', 9, 0, 11, 45, None, None, None, None, None, None, None, 'Not Reserved'], ['JMC499', '71483', '5', '5', 'ONLINE', None, None, None, None, None, None, None, None, None, None, None, None, 'Not Reserved']], 'AMS': [['AMS502', '90500', '14', '15', 'W', ' 3:00 PM', 15, 0, 17, 30, None, None, None, None, None, None, None, 'Not Reserved'], ['AMS330', '86254', '30', '40', 'T Th', ' 1:30 PM', 13, 30, 14, 45, None, None, None, None, None, None, None, 'Not Reserved'], ['AMS490', '70478', '14', '15', 'F', ' 1:30 PM', 13, 30, 14, 45, None, None, None, None, None, None, None, 'Not Reserved']], 'BMY': [], 'NLM': [['NLM160', '73813', '55', '80', 'M W F', '10:30 AM', 10, 30, 11, 20, None, None, None, None, None, None, None, 'Not Reserved'], ['NLM160', '75752', '33', '50', 'T Th', ' 3:00 PM', 15, 0, 16, 15, None, None, None, None, None, None, None, 'Not Reserved'], ['NLM220', '72133', '39', '60', 'M W F', '12:00 PM', 12, 0, 12, 50, None, None, None, None, None, None, None, 'Not Reserved'], ['NLM220', '80487', '24', '60', 'T Th', ' 4:30 PM', 16, 30, 17, 45, None, None, None, None, None, None, None, 'Not Reserved'], ['NLM235', '84199', '39', '40', 'W', ' 6:00 PM', 18, 0, 20, 45, None, None, None, None, None, None, None, 'Not Reserved'], ['NLM300', '72134', '36', '65', 'W', ' 6:00 PM', 18, 0, 20, 45, None, None, None, None, None, None, None, 'Not Reserved'], ['NLM300', '90856', '12', '50', 'T', ' 6:00 PM', 18, 0, 20, 30, None, None, None, None, None, None, None, 'Not Reserved'], ['NLM310', '75256', '47', '100', 'ONLINE', None, None, None, None, None, None, None, None, None, None, None, None, 'Reserved'], ['NLM320', '72135', '5', '35', 'M', ' 4:30 PM', 16, 30, 17, 20, None, None, None, None, None, None, None, 'Not Reserved'], ['NLM320', '90192', '35', '35', 'M', ' 6:00 PM', 18, 0, 18, 50, None, None, None, None, None, None, None, 'Not Reserved'], ['NLM380', '88208', '25', '40', 'T Th', ' 3:00 PM', 15, 0, 16, 15, None, None, None, None, None, None, None, 'Not Reserved'], ['NLM402', '72630', '8', '35', 'M W', ' 3:00 PM', 15, 0, 16, 15, None, None, None, None, None, None, None, 'Not Reserved'], ['NLM410', '73508', '10', '36', 'T Th', ' 1:30 PM', 13, 30, 14, 45, None, None, None, None, None, None, None, 'Not Reserved'], ['NLM410', '91477', '29', '30', 'ONLINE', None, None, None, None, None, None, None, None, None, None, None, None, 'Reserved'], ['NLM420', '90144', '18', '35', 'W', ' 4:30 PM', 16, 30, 17, 20, None, None, None, None, None, None, None, 'Not Reserved'], ['NLM430', '77415', '3', '40', 'Th', ' 6:00 PM', 18, 0, 20, 45, None, None, None, None, None, None, None, 'Not Reserved'], ['NLM463', '72137', '20', '20', 'ONLINE', None, None, None, None, None, None, None, None, None, None, None, None, 'Reserved'], ['NLM463', '72787', '10', '10', 'ONLINE', None, None, None, None, None, None, None, None, None, None, None, None, 'Reserved'], ['NLM484', '80868', '5', '5', 'ONLINE', None, None, None, None, None, None, None, None, None, None, None, None, 'Not Reserved'], ['NLM492', '74965', '3', '5', 'ONLINE', None, None, None, None, None, None, None, None, None, None, None, None, 'Not Reserved'], ['NLM493', '75937', '4', '5', 'ONLINE', None, None, None, None, None, None, None, None, None, None, None, None, 'Not Reserved'], ['NLM499', '72800', '5', '5', 'ONLINE', None, None, None, None, None, None, None, None, None, None, None, None, 'Not Reserved'], ['NLM510', '72138', '8', '24', 'T', ' 6:00 PM', 18, 0, 20, 45, None, None, None, None, None, None, None, 'Not Reserved'], ['NLM520', '72878', '4', '24', 'W', ' 6:00 PM', 18, 0, 20, 45, None, None, None, None, None, None, None, 'Not Reserved'], ['NLM525', '80494', '11', '24', 'M', ' 6:00 PM', 18, 0, 20, 45, None, None, None, None, None, None, None, 'Not Reserved'], ['NLM540', '88358', '19', '30', 'M', ' 6:00 PM', 18, 0, 20, 45, None, None, None, None, None, None, None, 'Not Reserved'], ['NLM545', '76805', '12', '24', 'Th', ' 6:00 PM', 18, 0, 20, 45, None, None, None, None, None, None, None, 'Not Reserved'], ['NLM550', '88368', '16', '24', 'T', ' 6:00 PM', 18, 0, 20, 30, None, None, None, None, None, None, None, 'Not Reserved'], ['NLM562', '73515', '24', '34', 'ONLINE', None, None, None, None, None, None, None, None, None, None, None, None, 'Reserved'], ['NLM572', '79437', '9', '22', 'ONLINE', None, None, None, None, None, None, None, None, None, None, None, None, 'Reserved'], ['NLM590', '72139', '5', '5', 'ONLINE', None, None, None, None, None, None, None, None, None, None, None, None, 'Not Reserved'], ['NLM592', '75286', '5', '5', 'ONLINE', None, None, None, None, None, None, None, None, None, None, None, None, 'Not Reserved'], ['NLM595', '80899', '1', '1', 'ONLINE', None, None, None, None, None, None, None, None, None, None, None, None, 'Not Reserved'], ['NLM620', '72747', '24', '24', 'W', ' 6:00 PM', 18, 0, 20, 45, None, None, None, None, None, None, None, 'Not Reserved']], 'AMT': [['AMT101', '82058', '29', '60', 'M', ' 4:30 PM', 16, 30, 17, 20, None, None, None, None, None, None, None, 'Not Reserved'], ['AMT105', '78192', '54', '60', 'T', '4:30PM', 16, 30, 17, 20, '', '', None, None, '', None, None, 'Not Reserved'], ['AMT110', '78193', '54', '60', 'T', '4:30PM', 16, 30, 17, 20, '', '', None, None, '', None, None, 'Not Reserved'], ['AMT150', '78195', '52', '60', 'T', '4:30PM', 16, 30, 17, 20, '', '', None, None, '', None, None, 'Not Reserved'], ['AMT170', '81419', '23', '30', 'ONLINE', None, None, None, None, None, None, None, None, None, None, None, None, 'Reserved'], ['AMT205', '78393', '51', '60', 'T', '4:30PM', 16, 30, 17, 20, '', '', None, None, '', None, None, 'Not Reserved'], ['AMT210', '78394', '57', '60', 'T', '4:30PM', 16, 30, 17, 20, '', '', None, None, '', None, None, 'Not Reserved'], ['AMT222', '78003', '11', '11', 'T Th', '10:30 AM', 10, 30, 11, 45, None, None, None, None, None, None, None, 'Not Reserved'], ['AMT250', '78395', '54', '60', 'T', '4:30PM', 16, 30, 17, 20, '', '', None, None, '', None, None, 'Not Reserved'], ['AMT287', '80594', '1', '21', 'T', ' 1:00 PM', 13, 0, 15, 45, None, None, None, None, None, None, None, 'Not Reserved'], ['AMT305', '78402', '52', '60', 'T', '4:30PM', 16, 30, 17, 20, '', '', None, None, '', None, None, 'Not Reserved'], ['AMT310', '78403', '57', '60', 'T', '4:30PM', 16, 30, 17, 20, '', '', None, None, '', None, None, 'Not Reserved'], ['AMT350', '80422', '16', '25', 'Th', ' 1:30 PM', 13, 30, 14, 45, None, None, None, None, None, None, None, 'Not Reserved'], ['AMT382', '76317', '9', '15', 'M W', ' 1:30 PM', 13, 30, 14, 45, None, None, None, None, None, None, None, 'Not Reserved'], ['AMT456', '90887', '5', '30', 'ONLINE', None, None, None, None, None, None, None, None, None, None, None, None, 'Reserved'], ['AMT541', '86270', '26', '30', 'T', ' 6:00 PM', 18, 0, 20, 45, None, None, None, None, None, None, None, 'Not Reserved'], ['AMT570', '86271', '23', '30', 'ONLINE', None, None, None, None, None, None, None, None, None, None, None, None, 'Reserved'], ['AMT101', '82058', '29', '60', 'M', ' 4:30 PM', 16, 30, 17, 20, None, None, None, None, None, None, None, 'Not Reserved'], ['AMT105', '78192', '54', '60', 'T', '4:30PM', 16, 30, 17, 20, '', '', None, None, '', None, None, 'Not Reserved'], ['AMT110', '78193', '54', '60', 'T', '4:30PM', 16, 30, 17, 20, '', '', None, None, '', None, None, 'Not Reserved'], ['AMT150', '78195', '52', '60', 'T', '4:30PM', 16, 30, 17, 20, '', '', None, None, '', None, None, 'Not Reserved'], ['AMT170', '81419', '23', '30', 'ONLINE', None, None, None, None, None, None, None, None, None, None, None, None, 'Reserved'], ['AMT205', '78393', '51', '60', 'T', '4:30PM', 16, 30, 17, 20, '', '', None, None, '', None, None, 'Not Reserved'], ['AMT210', '78394', '57', '60', 'T', '4:30PM', 16, 30, 17, 20, '', '', None, None, '', None, None, 'Not Reserved'], ['AMT222', '78003', '11', '11', 'T Th', '10:30 AM', 10, 30, 11, 45, None, None, None, None, None, None, None, 'Not Reserved'], ['AMT250', '78395', '54', '60', 'T', '4:30PM', 16, 30, 17, 20, '', '', None, None, '', None, None, 'Not Reserved'], ['AMT287', '80594', '1', '21', 'T', ' 1:00 PM', 13, 0, 15, 45, None, None, None, None, None, None, None, 'Not Reserved'], ['AMT305', '78402', '52', '60', 'T', '4:30PM', 16, 30, 17, 20, '', '', None, None, '', None, None, 'Not Reserved'], ['AMT310', '78403', '57', '60', 'T', '4:30PM', 16, 30, 17, 20, '', '', None, None, '', None, None, 'Not Reserved'], ['AMT350', '80422', '16', '25', 'Th', ' 1:30 PM', 13, 30, 14, 45, None, None, None, None, None, None, None, 'Not Reserved'], ['AMT382', '76317', '9', '15', 'M W', ' 1:30 PM', 13, 30, 14, 45, None, None, None, None, None, None, None, 'Not Reserved'], ['AMT456', '90887', '5', '30', 'ONLINE', None, None, None, None, None, None, None, None, None, None, None, None, 'Reserved'], ['AMT541', '86270', '26', '30', 'T', ' 6:00 PM', 18, 0, 20, 45, None, None, None, None, None, None, None, 'Not Reserved'], ['AMT570', '86271', '23', '30', 'ONLINE', None, None, None, None, None, None, None, None, None, None, None, None, 'Reserved']], 'BUE': [], 'BDE': [['BDE598', '80612', '25', '30', 'W', '12:00 PM', 12, 0, 12, 50, None, None, None, None, None, None, None, 'Not Reserved'], ['BDE799', '77838', '30', '30', 'ONLINE', None, None, None, None, None, None, None, None, None, None, None, None, 'Not Reserved'], ['BDE598', '80612', '25', '30', 'W', '12:00 PM', 12, 0, 12, 50, None, None, None, None, None, None, None, 'Not Reserved'], ['BDE799', '77838', '30', '30', 'ONLINE', None, None, None, None, None, None, None, None, None, None, None, None, 'Not Reserved']], 'MHL': [], 'SHS': [], 'ENE': [], 'FOR': [['FOR191', '91088', '3', '4', 'Th', '10:30 AM', 10, 30, 11, 45, None, None, None, None, None, None, None, 'Not Reserved'], ['FOR191', '91089', '3', '4', 'T', '10:30 AM', 10, 30, 11, 45, None, None, None, None, None, None, None, 'Not Reserved'], ['FOR191', '91090', '4', '4', 'Th', '10:30 AM', 10, 30, 11, 45, None, None, None, None, None, None, None, 'Not Reserved'], ['FOR191', '91092', '3', '4', 'M', '10:30 AM', 10, 30, 11, 20, None, None, None, None, None, None, None, 'Not Reserved'], ['FOR191', '91093', '4', '4', 'W', '10:30 AM', 10, 30, 11, 20, None, None, None, None, None, None, None, 'Not Reserved'], ['FOR191', '91094', '4', '4', 'F', '10:30 AM', 10, 30, 11, 20, None, None, None, None, None, None, None, 'Not Reserved'], ['FOR191', '91095', '4', '4', 'M', '10:30 AM', 10, 30, 11, 20, None, None, None, None, None, None, None, 'Not Reserved'], ['FOR191', '91096', '4', '4', 'W', '10:30 AM', 10, 30, 11, 20, None, None, None, None, None, None, None, 'Not Reserved'], ['FOR191', '91097', '3', '4', 'F', '10:30 AM', 10, 30, 11, 20, None, None, None, None, None, None, None, 'Not Reserved'], ['FOR286', '88785', '36', '48', 'T Th', ' 3:00 PM', 15, 0, 16, 15, None, None, None, None, None, None, None, 'Not Reserved'], ['FOR286', '88786', '12', '24', 'Th', '12:00 PM', 12, 0, 14, 45, None, None, None, None, None, None, None, 'Not Reserved'], ['FOR375', '81457', '9', '38', 'M W F', '12:00 PM', 12, 0, 12, 50, None, None, None, None, None, None, None, 'Not Reserved'], ['FOR376', '81458', '3', '24', 'Th', '10:30 AM', 10, 30, 14, 15, None, None, None, None, None, None, None, 'Not Reserved'], ['FOR376', '89042', '10', '14', 'Th', ' 3:30 PM', 15, 30, 19, 15, None, None, None, None, None, None, None, 'Not Reserved'], ['FOR394', '81459', '22', '40', 'T Th', '10:30 AM', 10, 30, 11, 45, None, None, None, None, None, None, None, 'Not Reserved'], ['FOR410', '89862', '40', '50', 'M W F', '10:30 AM', 10, 30, 11, 20, None, None, None, None, None, None, None, 'Not Reserved'], ['FOR494', '86287', '43', '50', 'T Th', ' 3:00 PM', 15, 0, 16, 15, None, None, None, None, None, None, None, 'Not Reserved'], ['FOR494', '86352', '7', '10', 'M W F', '10:30 AM', 10, 30, 11, 20, None, None, None, None, None, None, None, 'Not Reserved'], ['FOR499', '91217', '8', '10', 'ONLINE', None, None, None, None, None, None, None, None, None, None, None, None, 'Not Reserved']], 'MHI': [], 'CSE': [['CSE100', '81575', '333', '435', 'M W F', ' 1:30 PM', 13, 30, 14, 20, None, None, None, None, None, None, None, 'Not Reserved'], ['CSE100', '81576', '10', '25', 'M', '10:30 AM', 10, 30, 11, 20, None, None, None, None, None, None, None, 'Not Reserved'], ['CSE100', '81577', '22', '27', 'W', '10:30 AM', 10, 30, 11, 20, None, None, None, None, None, None, None, 'Not Reserved'], ['CSE100', '81579', '14', '27', 'F', '10:30 AM', 10, 30, 11, 20, None, None, None, None, None, None, None, 'Not Reserved'], ['CSE100', '81580', '19', '27', 'T', '10:30 AM', 10, 30, 11, 20, None, None, None, None, None, None, None, 'Not Reserved'], ['CSE110', '86338', '29', '30', 'T', ' 9:00 AM', 9, 0, 9, 50, None, None, None, None, None, None, None, 'Not Reserved'], ['CSE110', '86339', '29', '30', 'Th', ' 9:00 AM', 9, 0, 9, 50, None, None, None, None, None, None, None, 'Not Reserved'], ['CSE110', '86964', '29', '30', 'M', ' 4:30 PM', 16, 30, 17, 20, None, None, None, None, None, None, None, 'Not Reserved'], ['CSE110', '89977', '106', '120', 'M W', ' 6:00 PM', 18, 0, 19, 15, None, None, None, None, None, None, None, 'Not Reserved'], ['CSE110', '86956', '30', '30', 'Th', '10:30 AM', 10, 30, 11, 20, None, None, None, None, None, None, None, 'Not Reserved'], ['CSE110', '86959', '22', '30', 'T', ' 3:00 PM', 15, 0, 15, 50, None, None, None, None, None, None, None, 'Not Reserved'], ['CSE110', '89979', '93', '120', 'T Th', '10:30 AM', 10, 30, 11, 45, None, None, None, None, None, None, None, 'Not Reserved'], ['CSE110', '86950', '24', '30', 'W', ' 7:30 AM', 7, 30, 8, 20, None, None, None, None, None, None, None, 'Not Reserved'], ['CSE110', '86951', '28', '30', 'F', ' 7:30 AM', 7, 30, 8, 20, None, None, None, None, None, None, None, 'Not Reserved'], ['CSE110', '86960', '15', '30', 'W', ' 3:00 PM', 15, 0, 15, 50, None, None, None, None, None, None, None, 'Not Reserved'], ['CSE110', '86966', '26', '30', 'F', ' 4:30 PM', 16, 30, 17, 20, None, None, None, None, None, None, None, 'Not Reserved'], ['CSE110', '86955', '13', '30', 'W', '10:30 AM', 10, 30, 11, 20, None, None, None, None, None, None, None, 'Reserved'], ['CSE110', '86957', '25', '30', 'F', '10:30 AM', 10, 30, 11, 20, None, None, None, None, None, None, None, 'Not Reserved'], ['CSE110', '86965', '19', '30', 'W', ' 4:30 PM', 16, 30, 17, 20, None, None, None, None, None, None, None, 'Reserved'], ['CSE120', '79004', '7', '52', 'T Th', '10:30 AM', 10, 30, 11, 45, None, None, None, None, None, None, None, 'Not Reserved'], ['CSE120', '80673', '34', '50', 'M W', ' 9:00 AM', 9, 0, 10, 15, None, None, None, None, None, None, None, 'Not Reserved'], ['CSE120', '89808', '11', '36', 'ONLINE', None, None, None, None, None, None, None, None, None, None, None, None, 'Not Reserved'], ['CSE240', '77513', '110', '299', 'T Th', ' 7:30 AM', 7, 30, 8, 45, None, None, None, None, None, None, None, 'Not Reserved'], ['CSE310', '83387', '53', '135', 'M W', ' 6:00 PM', 18, 0, 19, 15, None, None, None, None, None, None, None, 'Not Reserved'], ['CSE394', '91067', '52', '60', 'T Th', ' 7:30 AM', 7, 30, 8, 45, None, None, None, None, None, None, None, 'Not Reserved'], ['CSE420', '82285', '27', '70', 'M W F', ' 1:30 PM', 13, 30, 14, 20, None, None, None, None, None, None, None, 'Not Reserved'], ['CSE464', '76967', '25', '120', 'M W', ' 4:30 PM', 16, 30, 17, 45, None, None, None, None, None, None, None, 'Not Reserved'], ['CSE471', '90873', '36', '100', 'F', ' 1:30 PM', 13, 30, 16, 0, None, None, None, None, None, None, None, 'Not Reserved'], ['CSE472', '82010', '60', '66', 'M W', ' 9:00 AM', 9, 0, 10, 15, None, None, None, None, None, None, None, 'Not Reserved'], ['CSE484', '80999', '30', '30', 'ONLINE', None, None, None, None, None, None, None, None, None, None, None, None, 'Not Reserved'], ['CSE485', '86969', '6', '39', 'F', '1:30PM', 13, 30, 14, 45, '', '', None, None, '', None, None, 'Not Reserved'], ['CSE492', '78302', '30', '30', 'ONLINE', None, None, None, None, None, None, None, None, None, None, None, None, 'Not Reserved'], ['CSE494', '86970', '39', '40', 'T Th', ' 9:00 AM', 9, 0, 10, 15, None, None, None, None, None, None, None, 'Not Reserved'], ['CSE515', '77678', '6', '100', 'M W', ' 6:00 PM', 18, 0, 19, 15, None, None, None, None, None, None, None, 'Reserved'], ['CSE520', '77960', '46', '70', 'T Th', '12:00 PM', 12, 0, 13, 15, None, None, None, None, None, None, None, 'Not Reserved'], ['CSE580', '78303', '30', '30', 'ONLINE', None, None, None, None, None, None, None, None, None, None, None, None, 'Not Reserved'], ['CSE584', '77998', '30', '30', 'ONLINE', None, None, None, None, None, None, None, None, None, None, None, None, 'Not Reserved'], ['CSE595', '80974', '30', '30', 'ONLINE', None, None, None, None, None, None, None, None, None, None, None, None, 'Not Reserved'], ['CSE599', '78297', '30', '30', 'ONLINE', None, None, None, None, None, None, None, None, None, None, None, None, 'Not Reserved'], ['CSE792', '80975', '30', '30', 'ONLINE', None, None, None, None, None, None, None, None, None, None, None, None, 'Not Reserved'], ['CSE795', '80995', '30', '30', 'ONLINE', None, None, None, None, None, None, None, None, None, None, None, None, 'Not Reserved'], ['CSE100', '81575', '333', '435', 'M W F', ' 1:30 PM', 13, 30, 14, 20, None, None, None, None, None, None, None, 'Not Reserved'], ['CSE100', '81576', '10', '25', 'M', '10:30 AM', 10, 30, 11, 20, None, None, None, None, None, None, None, 'Not Reserved'], ['CSE100', '81577', '22', '27', 'W', '10:30 AM', 10, 30, 11, 20, None, None, None, None, None, None, None, 'Not Reserved'], ['CSE100', '81579', '14', '27', 'F', '10:30 AM', 10, 30, 11, 20, None, None, None, None, None, None, None, 'Not Reserved'], ['CSE100', '81580', '19', '27', 'T', '10:30 AM', 10, 30, 11, 20, None, None, None, None, None, None, None, 'Not Reserved'], ['CSE110', '86338', '29', '30', 'T', ' 9:00 AM', 9, 0, 9, 50, None, None, None, None, None, None, None, 'Not Reserved'], ['CSE110', '86339', '29', '30', 'Th', ' 9:00 AM', 9, 0, 9, 50, None, None, None, None, None, None, None, 'Not Reserved'], ['CSE110', '86964', '29', '30', 'M', ' 4:30 PM', 16, 30, 17, 20, None, None, None, None, None, None, None, 'Not Reserved'], ['CSE110', '89977', '106', '120', 'M W', ' 6:00 PM', 18, 0, 19, 15, None, None, None, None, None, None, None, 'Not Reserved'], ['CSE110', '86956', '30', '30', 'Th', '10:30 AM', 10, 30, 11, 20, None, None, None, None, None, None, None, 'Not Reserved'], ['CSE110', '86959', '22', '30', 'T', ' 3:00 PM', 15, 0, 15, 50, None, None, None, None, None, None, None, 'Not Reserved'], ['CSE110', '89979', '93', '120', 'T Th', '10:30 AM', 10, 30, 11, 45, None, None, None, None, None, None, None, 'Not Reserved'], ['CSE110', '86950', '24', '30', 'W', ' 7:30 AM', 7, 30, 8, 20, None, None, None, None, None, None, None, 'Not Reserved'], ['CSE110', '86951', '28', '30', 'F', ' 7:30 AM', 7, 30, 8, 20, None, None, None, None, None, None, None, 'Not Reserved'], ['CSE110', '86960', '15', '30', 'W', ' 3:00 PM', 15, 0, 15, 50, None, None, None, None, None, None, None, 'Not Reserved'], ['CSE110', '86966', '26', '30', 'F', ' 4:30 PM', 16, 30, 17, 20, None, None, None, None, None, None, None, 'Not Reserved'], ['CSE110', '86955', '13', '30', 'W', '10:30 AM', 10, 30, 11, 20, None, None, None, None, None, None, None, 'Reserved'], ['CSE110', '86957', '25', '30', 'F', '10:30 AM', 10, 30, 11, 20, None, None, None, None, None, None, None, 'Not Reserved'], ['CSE110', '86965', '19', '30', 'W', ' 4:30 PM', 16, 30, 17, 20, None, None, None, None, None, None, None, 'Reserved'], ['CSE120', '79004', '7', '52', 'T Th', '10:30 AM', 10, 30, 11, 45, None, None, None, None, None, None, None, 'Not Reserved'], ['CSE120', '80673', '34', '50', 'M W', ' 9:00 AM', 9, 0, 10, 15, None, None, None, None, None, None, None, 'Not Reserved'], ['CSE120', '89808', '11', '36', 'ONLINE', None, None, None, None, None, None, None, None, None, None, None, None, 'Not Reserved'], ['CSE240', '77513', '110', '299', 'T Th', ' 7:30 AM', 7, 30, 8, 45, None, None, None, None, None, None, None, 'Not Reserved'], ['CSE310', '83387', '53', '135', 'M W', ' 6:00 PM', 18, 0, 19, 15, None, None, None, None, None, None, None, 'Not Reserved'], ['CSE394', '91067', '52', '60', 'T Th', ' 7:30 AM', 7, 30, 8, 45, None, None, None, None, None, None, None, 'Not Reserved'], ['CSE420', '82285', '27', '70', 'M W F', ' 1:30 PM', 13, 30, 14, 20, None, None, None, None, None, None, None, 'Not Reserved'], ['CSE464', '76967', '25', '120', 'M W', ' 4:30 PM', 16, 30, 17, 45, None, None, None, None, None, None, None, 'Not Reserved'], ['CSE471', '90873', '36', '100', 'F', ' 1:30 PM', 13, 30, 16, 0, None, None, None, None, None, None, None, 'Not Reserved'], ['CSE472', '82010', '60', '66', 'M W', ' 9:00 AM', 9, 0, 10, 15, None, None, None, None, None, None, None, 'Not Reserved'], ['CSE484', '80999', '30', '30', 'ONLINE', None, None, None, None, None, None, None, None, None, None, None, None, 'Not Reserved'], ['CSE485', '86969', '6', '39', 'F', '1:30PM', 13, 30, 14, 45, '', '', None, None, '', None, None, 'Not Reserved'], ['CSE492', '78302', '30', '30', 'ONLINE', None, None, None, None, None, None, None, None, None, None, None, None, 'Not Reserved'], ['CSE494', '86970', '39', '40', 'T Th', ' 9:00 AM', 9, 0, 10, 15, None, None, None, None, None, None, None, 'Not Reserved'], ['CSE515', '77678', '6', '100', 'M W', ' 6:00 PM', 18, 0, 19, 15, None, None, None, None, None, None, None, 'Reserved'], ['CSE520', '77960', '46', '70', 'T Th', '12:00 PM', 12, 0, 13, 15, None, None, None, None, None, None, None, 'Not Reserved'], ['CSE580', '78303', '30', '30', 'ONLINE', None, None, None, None, None, None, None, None, None, None, None, None, 'Not Reserved'], ['CSE584', '77998', '30', '30', 'ONLINE', None, None, None, None, None, None, None, None, None, None, None, None, 'Not Reserved'], ['CSE595', '80974', '30', '30', 'ONLINE', None, None, None, None, None, None, None, None, None, None, None, None, 'Not Reserved'], ['CSE599', '78297', '30', '30', 'ONLINE', None, None, None, None, None, None, None, None, None, None, None, None, 'Not Reserved'], ['CSE792', '80975', '30', '30', 'ONLINE', None, None, None, None, None, None, None, None, None, None, None, None, 'Not Reserved'], ['CSE795', '80995', '30', '30', 'ONLINE', None, None, None, None, None, None, None, None, None, None, None, None, 'Not Reserved']], 'PHS': [], 'GRD': [['GRD595', '73572', '30', '30', 'ONLINE', None, None, None, None, None, None, None, None, None, None, None, None, 'Not Reserved'], ['GRD598', '74059', '37', '38', 'F', '12:00PM', 12, 0, 14, 0, 'F', '12:00PM', 12, 0, '2:00PM', 14, 0, 'Not Reserved'], ['GRD791', '71365', '25', '25', 'F', '9:00AM', 9, 0, 11, 0, 'F', '9:00AM', 9, 0, '11:00AM', 11, 0, 'Not Reserved'], ['GRD791', '71366', '60', '60', 'F', '10:30AM', 10, 30, 12, 30, 'F', '10:30AM', 10, 30, '12:30PM', 12, 30, 'Not Reserved']], 'ECD': [['ECD211', '74122', '108', '150', 'ONLINE', None, None, None, None, None, None, None, None, None, None, None, None, 'Reserved'], ['ECD220', '88269', '15', '35', 'ONLINE', None, None, None, None, None, None, None, None, None, None, None, None, 'Reserved'], ['ECD220', '74123', '121', '150', 'ONLINE', None, None, None, None, None, None, None, None, None, None, None, None, 'Reserved'], ['ECD220', '79875', '8', '35', 'M W', ' 3:00 PM', 15, 0, 16, 15, None, None, None, None, None, None, None, 'Not Reserved'], ['ECD520', '78645', '10', '10', 'ONLINE', None, None, None, None, None, None, None, None, None, None, None, None, 'Reserved'], ['ECD525', '77850', '15', '15', 'ONLINE', None, None, None, None, None, None, None, None, None, None, None, None, 'Reserved'], ['ECD549', '77851', '10', '10', 'ONLINE', None, None, None, None, None, None, None, None, None, None, None, None, 'Reserved'], ['ECD565', '87373', '10', '10', 'ONLINE', None, None, None, None, None, None, None, None, None, None, None, None, 'Reserved'], ['ECD565', '78650', '5', '5', 'ONLINE', None, None, None, None, None, None, None, None, None, None, None, None, 'Reserved']], 'GCU': [], 'ENV': [['ENV201', '91011', '20', '24', 'T Th', ' 1:30 PM', 13, 30, 14, 45, None, None, None, None, None, None, None, 'Not Reserved']], 'GRA': [], 'BLE': [['BLE220', '83080', '54', '70', 'ONLINE', None, None, None, None, None, None, None, None, None, None, None, None, 'Reserved'], ['BLE220', '73949', '29', '35', 'T Th', ' 9:00 AM', 9, 0, 10, 15, None, None, None, None, None, None, None, 'Not Reserved'], ['BLE220', '74051', '27', '35', 'T Th', '10:30 AM', 10, 30, 11, 45, None, None, None, None, None, None, None, 'Not Reserved'], ['BLE220', '74125', '21', '35', 'T Th', ' 3:00 PM', 15, 0, 16, 15, None, None, None, None, None, None, None, 'Not Reserved'], ['BLE220', '74633', '19', '35', 'ONLINE', None, None, None, None, None, None, None, None, None, None, None, None, 'Reserved'], ['BLE220', '74635', '17', '35', 'M W', ' 3:00 PM', 15, 0, 16, 15, None, None, None, None, None, None, None, 'Not Reserved'], ['BLE220', '74637', '2', '35', 'T Th', ' 9:00 AM', 9, 0, 10, 0, None, None, None, None, None, None, None, 'Not Reserved'], ['BLE220', '79934', '25', '35', 'ONLINE', None, None, None, None, None, None, None, None, None, None, None, None, 'Reserved'], ['BLE220', '79936', '35', '35', 'ONLINE', None, None, None, None, None, None, None, None, None, None, None, None, 'Reserved'], ['BLE220', '79969', '27', '35', 'Th', ' 4:30 PM', 16, 30, 19, 15, None, None, None, None, None, None, None, 'Not Reserved'], ['BLE220', '81318', '8', '25', 'M W', '12:00 PM', 12, 0, 13, 15, None, None, None, None, None, None, None, 'Not Reserved'], ['BLE520', '79830', '15', '15', 'ONLINE', None, None, None, None, None, None, None, None, None, None, None, None, 'Reserved'], ['BLE535', '80587', '10', '10', 'ONLINE', None, None, None, None, None, None, None, None, None, None, None, None, 'Reserved']], 'CST': [['CST100', '88849', '48', '60', 'T Th', '12:00 PM', 12, 0, 13, 15, None, None, None, None, None, None, None, 'Not Reserved'], ['CST200', '80841', '54', '72', 'T Th', ' 9:00 AM', 9, 0, 10, 15, None, None, None, None, None, None, None, 'Not Reserved'], ['CST456', '77732', '15', '40', 'M W F', '12:00 PM', 12, 0, 12, 50, None, None, None, None, None, None, None, 'Not Reserved'], ['CST492', '76451', '30', '30', 'ONLINE', None, None, None, None, None, None, None, None, None, None, None, None, 'Not Reserved'], ['CST493', '76315', '30', '30', 'ONLINE', None, None, None, None, None, None, None, None, None, None, None, None, 'Not Reserved'], ['CST494', '86834', '56', '56', 'T Th', ' 9:00 AM', 9, 0, 10, 15, None, None, None, None, None, None, None, 'Not Reserved'], ['CST494', '86835', '54', '54', 'T Th', '10:30 AM', 10, 30, 11, 45, None, None, None, None, None, None, None, 'Not Reserved'], ['CST100', '88849', '48', '60', 'T Th', '12:00 PM', 12, 0, 13, 15, None, None, None, None, None, None, None, 'Not Reserved'], ['CST200', '80841', '54', '72', 'T Th', ' 9:00 AM', 9, 0, 10, 15, None, None, None, None, None, None, None, 'Not Reserved'], ['CST456', '77732', '15', '40', 'M W F', '12:00 PM', 12, 0, 12, 50, None, None, None, None, None, None, None, 'Not Reserved'], ['CST492', '76451', '30', '30', 'ONLINE', None, None, None, None, None, None, None, None, None, None, None, None, 'Not Reserved'], ['CST493', '76315', '30', '30', 'ONLINE', None, None, None, None, None, None, None, None, None, None, None, None, 'Not Reserved'], ['CST494', '86834', '56', '56', 'T Th', ' 9:00 AM', 9, 0, 10, 15, None, None, None, None, None, None, None, 'Not Reserved'], ['CST494', '86835', '54', '54', 'T Th', '10:30 AM', 10, 30, 11, 45, None, None, None, None, None, None, None, 'Not Reserved']], 'HCI': [], 'DSC': [], 'CSS': [], 'SER': [], 'EAC': [], 'TBX': [], 'LAW': [['LAW210', '79031', '83', '200', 'M W', ' 9:00 AM', 9, 0, 10, 15, None, None, None, None, None, None, None, 'Not Reserved'], ['LAW210', '87536', '39', '75', 'F', '9:00AM', 9, 0, 10, 15, '', '', None, None, '', None, None, 'Not Reserved'], ['LAW310', '80367', '91', '150', 'M W', ' 3:00 PM', 15, 0, 16, 15, None, None, None, None, None, None, None, 'Not Reserved'], ['LAW315', '90460', '52', '75', 'W', '6:00PM', 18, 0, 20, 45, '', '', None, None, '', None, None, 'Not Reserved'], ['LAW515', '71530', '70', '70', 'T Th', ' 8:00 AM', 8, 0, 9, 55, None, None, None, None, None, None, None, 'Not Reserved'], ['LAW515', '71531', '70', '70', 'W F', '10:00 AM', 10, 0, 11, 55, None, None, None, None, None, None, None, 'Not Reserved'], ['LAW515', '71532', '60', '60', 'T Th', ' 1:30 PM', 13, 30, 15, 25, None, None, None, None, None, None, None, 'Not Reserved'], ['LAW517', '71533', '59', '60', 'T Th', '10:00 AM', 10, 0, 11, 55, None, None, None, None, None, None, None, 'Not Reserved'], ['LAW517', '71534', '69', '70', 'T Th', '10:00 AM', 10, 0, 11, 55, None, None, None, None, None, None, None, 'Not Reserved'], ['LAW517', '71535', '70', '70', 'M W', ' 1:30 PM', 13, 30, 15, 25, None, None, None, None, None, None, None, 'Not Reserved'], ['LAW518', '71536', '68', '70', 'M W', '10:00 AM', 10, 0, 11, 55, None, None, None, None, None, None, None, 'Not Reserved'], ['LAW518', '71537', '59', '60', 'M W', ' 1:30 PM', 13, 30, 15, 25, None, None, None, None, None, None, None, 'Not Reserved'], ['LAW518', '71538', '70', '70', 'T Th', ' 3:30 PM', 15, 30, 17, 25, None, None, None, None, None, None, None, 'Not Reserved'], ['LAW519', '71523', '25', '25', 'W', ' 8:00 AM', 8, 0, 9, 55, None, None, None, None, None, None, None, 'Not Reserved'], ['LAW519', '71524', '25', '25', 'F', '10:00 AM', 10, 0, 11, 55, None, None, None, None, None, None, None, 'Not Reserved'], ['LAW519', '71525', '25', '25', 'F', '10:00 AM', 10, 0, 11, 55, None, None, None, None, None, None, None, 'Not Reserved'], ['LAW519', '71526', '20', '20', 'T', ' 1:30 PM', 13, 30, 15, 25, None, None, None, None, None, None, None, 'Not Reserved'], ['LAW519', '71527', '20', '20', 'Th', ' 1:30 PM', 13, 30, 15, 25, None, None, None, None, None, None, None, 'Not Reserved'], ['LAW519', '71528', '25', '25', 'M', '10:00 AM', 10, 0, 11, 55, None, None, None, None, None, None, None, 'Not Reserved'], ['LAW519', '71529', '25', '25', 'T', '10:00 AM', 10, 0, 11, 55, None, None, None, None, None, None, None, 'Not Reserved'], ['LAW519', '74127', '25', '25', 'W', '10:00 AM', 10, 0, 11, 55, None, None, None, None, None, None, None, 'Not Reserved'], ['LAW519', '91324', '25', '25', 'W', ' 3:30 PM', 15, 30, 17, 25, None, None, None, None, None, None, None, 'Not Reserved'], ['LAW581', '75127', '30', '30', 'ONLINE', None, None, None, None, None, None, None, None, None, None, None, None, 'Reserved'], ['LAW585', '91308', '10', '10', 'T F', ' 8:00 AM', 8, 0, 9, 55, None, None, None, None, None, None, None, 'Reserved'], ['LAW598', '77963', '21', '24', 'ONLINE', None, None, None, None, None, None, None, None, None, None, None, None, 'Reserved'], ['LAW598', '77964', '24', '30', 'ONLINE', None, None, None, None, None, None, None, None, None, None, None, None, 'Reserved'], ['LAW598', '84669', '20', '24', 'ONLINE', None, None, None, None, None, None, None, None, None, None, None, None, 'Reserved'], ['LAW598', '84670', '20', '24', 'ONLINE', None, None, None, None, None, None, None, None, None, None, None, None, 'Reserved'], ['LAW601', '77897', '37', '60', 'M W', ' 3:30 PM', 15, 30, 16, 55, None, None, None, None, None, None, None, 'Not Reserved'], ['LAW604', '71544', '11', '90', 'T Th', '10:30 AM', 10, 30, 11, 55, None, None, None, None, None, None, None, 'Not Reserved'], ['LAW605', '71545', '29', '80', 'M W', '10:30 AM', 10, 30, 11, 55, None, None, None, None, None, None, None, 'Not Reserved'], ['LAW606', '76363', '50', '80', 'T Th', ' 1:30 PM', 13, 30, 15, 25, None, None, None, None, None, None, None, 'Not Reserved'], ['LAW610', '91311', '21', '30', 'M', ' 3:30 PM', 15, 30, 17, 25, None, None, None, None, None, None, None, 'Not Reserved'], ['LAW611', '71546', '15', '25', 'Th', ' 1:30 PM', 13, 30, 15, 25, None, None, None, None, None, None, None, 'Not Reserved'], ['LAW612', '80362', '11', '90', 'M W', ' 3:30 PM', 15, 30, 16, 55, None, None, None, None, None, None, None, 'Not Reserved'], ['LAW614', '91312', '1', '25', 'M', '10:00 AM', 10, 0, 11, 55, None, None, None, None, None, None, None, 'Not Reserved'], ['LAW615', '74143', '7', '35', 'T Th', '10:30 AM', 10, 30, 11, 55, None, None, None, None, None, None, None, 'Not Reserved'], ['LAW616', '91313', '3', '25', 'T Th', ' 1:30 PM', 13, 30, 14, 55, None, None, None, None, None, None, None, 'Not Reserved'], ['LAW624', '91314', '43', '60', 'F', ' 8:00 AM', 8, 0, 9, 55, None, None, None, None, None, None, None, 'Not Reserved'], ['LAW625', '71548', '9', '90', 'M W', ' 1:30 PM', 13, 30, 15, 25, None, None, None, None, None, None, None, 'Not Reserved'], ['LAW626', '84132', '3', '16', 'Th', ' 1:30 PM', 13, 30, 15, 25, None, None, None, None, None, None, None, 'Reserved'], ['LAW626', '91315', '3', '16', 'W', '10:00 AM', 10, 0, 11, 55, None, None, None, None, None, None, None, 'Not Reserved'], ['LAW632', '71549', '23', '40', 'M W', '10:00 AM', 10, 0, 11, 25, None, None, None, None, None, None, None, 'Not Reserved'], ['LAW638', '71551', '35', '35', 'T Th', ' 8:30 AM', 8, 30, 9, 55, None, None, None, None, None, None, None, 'Not Reserved'], ['LAW643', '71553', '2', '70', 'T Th', ' 3:30 PM', 15, 30, 16, 55, None, None, None, None, None, None, None, 'Not Reserved'], ['LAW645', '74134', '40', '50', 'T Th', ' 3:30 PM', 15, 30, 16, 55, None, None, None, None, None, None, None, 'Not Reserved'], ['LAW646', '74135', '28', '40', 'M W', ' 1:30 PM', 13, 30, 14, 55, None, None, None, None, None, None, None, 'Not Reserved'], ['LAW650', '91342', '17', '50', 'T Th', ' 1:30 PM', 13, 30, 14, 55, None, None, None, None, None, None, None, 'Not Reserved'], ['LAW653', '91317', '1', '18', 'M', ' 1:30 PM', 13, 30, 16, 25, None, None, None, None, None, None, None, 'Not Reserved'], ['LAW654', '71554', '21', '65', 'T Th', ' 1:30 PM', 13, 30, 15, 25, None, None, None, None, None, None, None, 'Not Reserved'], ['LAW657', '77845', '21', '50', 'F', ' 8:30 AM', 8, 30, 11, 25, None, None, None, None, None, None, None, 'Not Reserved'], ['LAW664', '82989', '32', '60', 'T Th', ' 3:30 PM', 15, 30, 16, 55, None, None, None, None, None, None, None, 'Not Reserved'], ['LAW667', '76371', '29', '50', 'M', ' 6:00 PM', 18, 0, 19, 55, None, None, None, None, None, None, None, 'Not Reserved'], ['LAW691', '74129', '19', '40', 'T Th', ' 3:30 PM', 15, 30, 16, 55, None, None, None, None, None, None, None, 'Not Reserved'], ['LAW691', '71539', '5', '17', 'M', ' 5:00 PM', 17, 0, 18, 55, None, None, None, None, None, None, None, 'Not Reserved'], ['LAW691', '74130', '35', '40', 'W', ' 3:30 PM', 15, 30, 17, 25, None, None, None, None, None, None, None, 'Not Reserved'], ['LAW691', '71542', '19', '30', 'T', ' 5:30 PM', 17, 30, 19, 25, None, None, None, None, None, None, None, 'Not Reserved'], ['LAW691', '71543', '14', '50', 'M W', ' 1:30 PM', 13, 30, 14, 55, None, None, None, None, None, None, None, 'Not Reserved'], ['LAW691', '74137', '15', '30', 'M', ' 3:30 PM', 15, 30, 17, 25, None, None, None, None, None, None, None, 'Not Reserved'], ['LAW691', '76373', '5', '18', 'Th', ' 9:00 AM', 9, 0, 9, 55, None, None, None, None, None, None, None, 'Not Reserved'], ['LAW691', '77862', '10', '16', 'T', ' 5:00 PM', 17, 0, 18, 55, None, None, None, None, None, None, None, 'Not Reserved'], ['LAW691', '80377', '9', '15', 'T', ' 9:00 AM', 9, 0, 9, 55, None, None, None, None, None, None, None, 'Not Reserved'], ['LAW691', '82987', '12', '25', 'M', ' 1:30 PM', 13, 30, 16, 25, None, None, None, None, None, None, None, 'Not Reserved'], ['LAW691', '83195', '4', '16', 'W', ' 6:00 PM', 18, 0, 19, 55, None, None, None, None, None, None, None, 'Not Reserved'], ['LAW715', '76374', '45', '70', 'T', ' 6:00 PM', 18, 0, 20, 55, None, None, None, None, None, None, None, 'Not Reserved'], ['LAW734', '91348', '2', '16', 'M', ' 1:30 PM', 13, 30, 15, 25, None, None, None, None, None, None, None, 'Not Reserved'], ['LAW735', '73534', '20', '20', 'ONLINE', None, None, None, None, None, None, None, None, None, None, None, None, 'Not Reserved'], ['LAW735', '75358', '24', '30', 'ONLINE', None, None, None, None, None, None, None, None, None, None, None, None, 'Not Reserved'], ['LAW745', '91349', '1', '15', 'W', '10:00 AM', 10, 0, 11, 55, None, None, None, None, None, None, None, 'Not Reserved'], ['LAW770', '71556', '44', '70', 'ONLINE', None, None, None, None, None, None, None, None, None, None, None, None, 'Not Reserved'], ['LAW771', '71557', '63', '70', 'ONLINE', None, None, None, None, None, None, None, None, None, None, None, None, 'Not Reserved'], ['LAW772', '71558', '5', '10', 'T', ' 7:00 PM', 19, 0, 20, 55, None, None, None, None, None, None, None, 'Not Reserved'], ['LAW774', '71559', '8', '15', 'W', ' 6:00 PM', 18, 0, 19, 55, None, None, None, None, None, None, None, 'Not Reserved'], ['LAW775', '74132', '7', '15', 'M W', ' 1:30 PM', 13, 30, 15, 25, None, None, None, None, None, None, None, 'Not Reserved'], ['LAW776', '73530', '7', '10', 'M W', '1:30PM', 13, 30, 15, 25, 'F', '9:00AM', 9, 0, '10:55AM', 10, 55, 'Not Reserved'], ['LAW777', '73532', '12', '20', 'M', ' 4:30 PM', 16, 30, 18, 25, None, None, None, None, None, None, None, 'Not Reserved'], ['LAW778', '77617', '7', '10', 'M W F', '10:00 AM', 10, 0, 11, 55, None, None, None, None, None, None, None, 'Not Reserved'], ['LAW781', '71560', '47', '50', 'ONLINE', None, None, None, None, None, None, None, None, None, None, None, None, 'Not Reserved'], ['LAW785', '71561', '105', '150', 'ONLINE', None, None, None, None, None, None, None, None, None, None, None, None, 'Not Reserved'], ['LAW785', '75122', '49', '50', 'ONLINE', None, None, None, None, None, None, None, None, None, None, None, None, 'Not Reserved'], ['LAW791', '77831', '20', '35', 'T', ' 3:30 PM', 15, 30, 17, 30, None, None, None, None, None, None, None, 'Not Reserved'], ['LAW791', '77833', '13', '16', 'T', '10:00 AM', 10, 0, 12, 0, None, None, None, None, None, None, None, 'Not Reserved'], ['LAW791', '77834', '6', '15', 'W', ' 4:00 PM', 16, 0, 18, 0, None, None, None, None, None, None, None, 'Not Reserved'], ['LAW791', '77836', '5', '16', 'M', '10:00 AM', 10, 0, 12, 0, None, None, None, None, None, None, None, 'Not Reserved'], ['LAW791', '77848', '15', '16', 'Th', ' 7:55 AM', 7, 55, 9, 55, None, None, None, None, None, None, None, 'Not Reserved'], ['LAW791', '79775', '10', '16', 'W', ' 4:00 PM', 16, 0, 18, 0, None, None, None, None, None, None, None, 'Not Reserved'], ['LAW791', '71562', '15', '18', 'M', '10:00 AM', 10, 0, 11, 55, None, None, None, None, None, None, None, 'Not Reserved'], ['LAW791', '71563', '1', '15', 'W', ' 1:30 PM', 13, 30, 15, 25, None, None, None, None, None, None, None, 'Not Reserved'], ['LAW791', '74158', '10', '16', 'M', ' 4:00 PM', 16, 0, 17, 55, None, None, None, None, None, None, None, 'Not Reserved'], ['LAW791', '71565', '8', '16', 'W', ' 8:15 AM', 8, 15, 9, 55, None, None, None, None, None, None, None, 'Not Reserved'], ['LAW791', '71566', '2', '16', 'T', '10:00 AM', 10, 0, 11, 55, None, None, None, None, None, None, None, 'Not Reserved'], ['LAW791', '71567', '9', '16', 'ONLINE', None, None, None, None, None, None, None, None, None, None, None, None, 'Not Reserved'], ['LAW791', '71569', '19', '20', 'ONLINE', None, None, None, None, None, None, None, None, None, None, None, None, 'Not Reserved'], ['LAW791', '71570', '19', '20', 'M', ' 4:30 PM', 16, 30, 18, 25, None, None, None, None, None, None, None, 'Not Reserved'], ['LAW791', '71571', '15', '16', 'ONLINE', None, None, None, None, None, None, None, None, None, None, None, None, 'Not Reserved'], ['LAW791', '71572', '9', '16', 'W', ' 3:30 PM', 15, 30, 17, 25, None, None, None, None, None, None, None, 'Not Reserved'], ['LAW791', '71573', '17', '20', 'ONLINE', None, None, None, None, None, None, None, None, None, None, None, None, 'Not Reserved'], ['LAW791', '91326', '21', '30', 'ONLINE', None, None, None, None, None, None, None, None, None, None, None, None, 'Not Reserved'], ['LAW791', '71574', '11', '20', 'T Th', '1:30PM', 13, 30, 15, 25, 'W', '1:30PM', 13, 30, '3:25PM', 15, 25, 'Not Reserved'], ['LAW791', '71576', '12', '16', 'T F', '10:00 AM', 10, 0, 11, 55, None, None, None, None, None, None, None, 'Not Reserved'], ['LAW791', '75123', '15', '16', 'T Th', ' 3:30 PM', 15, 30, 17, 25, None, None, None, None, None, None, None, 'Not Reserved'], ['LAW791', '75124', '11', '12', 'ONLINE', None, None, None, None, None, None, None, None, None, None, None, None, 'Not Reserved'], ['LAW791', '75125', '11', '16', 'ONLINE', None, None, None, None, None, None, None, None, None, None, None, None, 'Not Reserved'], ['LAW791', '76391', '13', '16', 'M', ' 4:00 PM', 16, 0, 17, 55, None, None, None, None, None, None, None, 'Not Reserved'], ['LAW791', '76413', '9', '15', 'W', ' 1:30 PM', 13, 30, 15, 25, None, None, None, None, None, None, None, 'Not Reserved'], ['LAW791', '83188', '2', '16', 'Th', ' 4:00 PM', 16, 0, 17, 55, None, None, None, None, None, None, None, 'Not Reserved'], ['LAW791', '76448', '20', '20', 'ONLINE', None, None, None, None, None, None, None, None, None, None, None, None, 'Not Reserved'], ['LAW791', '76507', '29', '30', 'ONLINE', None, None, None, None, None, None, None, None, None, None, None, None, 'Not Reserved'], ['LAW791', '77863', '5', '5', 'ONLINE', None, None, None, None, None, None, None, None, None, None, None, None, 'Not Reserved'], ['LAW791', '77864', '5', '5', 'ONLINE', None, None, None, None, None, None, None, None, None, None, None, None, 'Not Reserved'], ['LAW791', '91412', '5', '5', 'ONLINE', None, None, None, None, None, None, None, None, None, None, None, None, 'Not Reserved'], ['LAW791', '91413', '5', '5', 'ONLINE', None, None, None, None, None, None, None, None, None, None, None, None, 'Not Reserved'], ['LAW791', '80613', '30', '30', 'ONLINE', None, None, None, None, None, None, None, None, None, None, None, None, 'Not Reserved'], ['LAW795', '75380', '28', '30', 'ONLINE', None, None, None, None, None, None, None, None, None, None, None, None, 'Not Reserved'], ['LAW797', '75325', '30', '30', 'ONLINE', None, None, None, None, None, None, None, None, None, None, None, None, 'Not Reserved']], 'EXW': [['EXW100', '74394', '45', '75', 'F', '9:00AM', 9, 0, 10, 15, '', '', None, None, '', None, None, 'Not Reserved'], ['EXW100', '91715', '21', '24', 'T Th', '9:00AM', 9, 0, 10, 15, '', '', None, None, '', None, None, 'Not Reserved'], ['EXW100', '75453', '65', '84', 'F', '1:30PM', 13, 30, 14, 45, '', '', None, None, '', None, None, 'Not Reserved'], ['EXW100', '75454', '43', '75', 'F', '10:30AM', 10, 30, 11, 45, '', '', None, None, '', None, None, 'Not Reserved'], ['EXW100', '86482', '55', '60', 'F', '3:00PM', 15, 0, 16, 15, '', '', None, None, '', None, None, 'Not Reserved'], ['EXW100', '86484', '46', '50', 'F', '10:30AM', 10, 30, 11, 45, '', '', None, None, '', None, None, 'Not Reserved'], ['EXW100', '86486', '60', '60', 'F', '9:00AM', 9, 0, 10, 15, '', '', None, None, '', None, None, 'Not Reserved'], ['EXW100', '86487', '50', '60', 'F', '12:00PM', 12, 0, 13, 15, '', '', None, None, '', None, None, 'Not Reserved'], ['EXW101', '86476', '5', '24', 'M W', ' 9:00 AM', 9, 0, 10, 15, None, None, None, None, None, None, None, 'Reserved'], ['EXW101', '86479', '9', '24', 'T Th', ' 9:00 AM', 9, 0, 10, 15, None, None, None, None, None, None, None, 'Reserved'], ['EXW101', '86481', '15', '24', 'T Th', ' 3:00 PM', 15, 0, 16, 15, None, None, None, None, None, None, None, 'Reserved'], ['EXW102', '90485', '45', '60', 'M W', '12:00 PM', 12, 0, 13, 15, None, None, None, None, None, None, None, 'Reserved'], ['EXW102', '91716', '24', '24', 'T Th', '10:30 AM', 10, 30, 11, 45, None, None, None, None, None, None, None, 'Reserved'], ['EXW214', '76845', '1', '24', 'M W', '12:00 PM', 12, 0, 12, 50, None, None, None, None, None, None, None, 'Not Reserved'], ['EXW216', '76851', '2', '24', 'M W', ' 3:00 PM', 15, 0, 15, 50, None, None, None, None, None, None, None, 'Not Reserved'], ['EXW216', '76852', '16', '24', 'M W', ' 4:30 PM', 16, 30, 17, 20, None, None, None, None, None, None, None, 'Not Reserved'], ['EXW216', '91719', '17', '24', 'M W', '12:00 PM', 12, 0, 12, 50, None, None, None, None, None, None, None, 'Not Reserved'], ['EXW218', '76856', '6', '24', 'M W', ' 9:00 AM', 9, 0, 9, 50, None, None, None, None, None, None, None, 'Not Reserved'], ['EXW218', '76863', '20', '24', 'T Th', ' 3:00 PM', 15, 0, 15, 50, None, None, None, None, None, None, None, 'Not Reserved'], ['EXW284', '86104', '26', '40', 'F', '10:30 AM', 10, 30, 11, 20, None, None, None, None, None, None, None, 'Reserved'], ['EXW284', '86105', '29', '40', 'F', '12:00 PM', 12, 0, 12, 50, None, None, None, None, None, None, None, 'Reserved'], ['EXW302', '76572', '5', '10', 'ONLINE', None, None, None, None, None, None, None, None, None, None, None, None, 'Reserved'], ['EXW302', '86447', '10', '10', 'ONLINE', None, None, None, None, None, None, None, None, None, None, None, None, 'Reserved'], ['EXW302', '76875', '9', '10', 'ONLINE', None, None, None, None, None, None, None, None, None, None, None, None, 'Reserved'], ['EXW302', '91722', '20', '20', 'ONLINE', None, None, None, None, None, None, None, None, None, None, None, None, 'Reserved'], ['EXW315', '81017', '55', '101', 'M W', ' 4:30 PM', 16, 30, 17, 45, None, None, None, None, None, None, None, 'Not Reserved'], ['EXW316', '83247', '8', '22', 'F', ' 9:00 AM', 9, 0, 10, 15, None, None, None, None, None, None, None, 'Reserved'], ['EXW316', '83248', '11', '22', 'F', '10:30 AM', 10, 30, 11, 45, None, None, None, None, None, None, None, 'Reserved'], ['EXW316', '83249', '13', '22', 'F', '12:00 PM', 12, 0, 13, 15, None, None, None, None, None, None, None, 'Reserved'], ['EXW316', '83251', '21', '22', 'F', ' 1:30 PM', 13, 30, 14, 45, None, None, None, None, None, None, None, 'Reserved'], ['EXW320', '74396', '17', '90', 'M W', ' 9:00 AM', 9, 0, 10, 15, None, None, None, None, None, None, None, 'Not Reserved'], ['EXW325', '81108', '5', '20', 'ONLINE', None, None, None, None, None, None, None, None, None, None, None, None, 'Reserved'], ['EXW325', '81109', '14', '20', 'ONLINE', None, None, None, None, None, None, None, None, None, None, None, None, 'Reserved'], ['EXW325', '77947', '32', '40', 'ONLINE', None, None, None, None, None, None, None, None, None, None, None, None, 'Reserved'], ['EXW330', '74402', '47', '88', 'M W', ' 4:30 PM', 16, 30, 17, 45, None, None, None, None, None, None, None, 'Not Reserved'], ['EXW330', '78009', '4', '24', 'F', '12:00 PM', 12, 0, 13, 15, None, None, None, None, None, None, None, 'Not Reserved'], ['EXW330', '81020', '19', '24', 'F', ' 1:30 PM', 13, 30, 14, 45, None, None, None, None, None, None, None, 'Not Reserved'], ['EXW348', '82377', '25', '40', 'M W F', '10:30 AM', 10, 30, 12, 20, None, None, None, None, None, None, None, 'Not Reserved'], ['EXW350', '74400', '4', '60', 'M W F', ' 1:30 PM', 13, 30, 14, 20, None, None, None, None, None, None, None, 'Not Reserved'], ['EXW394', '87028', '60', '60', 'T Th', ' 3:00 PM', 15, 0, 16, 15, None, None, None, None, None, None, None, 'Not Reserved'], ['EXW400', '88644', '18', '40', 'ONLINE', None, None, None, None, None, None, None, None, None, None, None, None, 'Reserved'], ['EXW400', '80025', '1', '20', 'ONLINE', None, None, None, None, None, None, None, None, None, None, None, None, 'Reserved'], ['EXW400', '86470', '31', '40', 'ONLINE', None, None, None, None, None, None, None, None, None, None, None, None, 'Reserved'], ['EXW400', '86471', '18', '40', 'M W F', '10:30 AM', 10, 30, 12, 20, None, None, None, None, None, None, None, 'Not Reserved'], ['EXW410', '86494', '29', '40', 'M W', '10:30 AM', 10, 30, 11, 45, None, None, None, None, None, None, None, 'Not Reserved'], ['EXW420', '74406', '13', '144', 'M W', ' 1:30 PM', 13, 30, 14, 45, None, None, None, None, None, None, None, 'Not Reserved'], ['EXW420', '78440', '3', '24', 'F', ' 9:00 AM', 9, 0, 10, 15, None, None, None, None, None, None, None, 'Not Reserved'], ['EXW420', '82393', '10', '24', 'F', '10:30 AM', 10, 30, 11, 45, None, None, None, None, None, None, None, 'Not Reserved'], ['EXW425', '77950', '13', '35', 'T Th', ' 3:00 PM', 15, 0, 15, 50, None, None, None, None, None, None, None, 'Not Reserved'], ['EXW425', '78622', '1', '20', 'F', '12:00 PM', 12, 0, 13, 15, None, None, None, None, None, None, None, 'Not Reserved'], ['EXW425', '78623', '8', '20', 'M', ' 9:00 AM', 9, 0, 10, 15, None, None, None, None, None, None, None, 'Not Reserved'], ['EXW425', '78626', '2', '20', 'W', ' 9:00 AM', 9, 0, 10, 15, None, None, None, None, None, None, None, 'Not Reserved'], ['EXW425', '78627', '2', '20', 'W', '10:30 AM', 10, 30, 11, 45, None, None, None, None, None, None, None, 'Not Reserved'], ['EXW436', '81021', '14', '24', 'M W', ' 1:30 PM', 13, 30, 14, 45, None, None, None, None, None, None, None, 'Not Reserved'], ['EXW444', '74410', '21', '50', 'M W', '10:30 AM', 10, 30, 11, 45, None, None, None, None, None, None, None, 'Not Reserved'], ['EXW446', '75455', '33', '50', 'T Th', ' 9:00 AM', 9, 0, 10, 15, None, None, None, None, None, None, None, 'Not Reserved'], ['EXW450', '74411', '21', '60', 'T Th', ' 4:30 PM', 16, 30, 19, 15, None, None, None, None, None, None, None, 'Not Reserved'], ['EXW450', '74795', '32', '60', 'T Th', ' 4:30 PM', 16, 30, 19, 15, None, None, None, None, None, None, None, 'Not Reserved'], ['EXW454', '82410', '14', '30', 'T Th', '10:30 AM', 10, 30, 11, 45, None, None, None, None, None, None, None, 'Not Reserved'], ['EXW456', '86110', '16', '30', 'T Th', '12:00 PM', 12, 0, 13, 15, None, None, None, None, None, None, None, 'Not Reserved'], ['EXW484', '74412', '50', '100', 'ONLINE', None, None, None, None, None, None, None, None, None, None, None, None, 'Reserved'], ['EXW492', '74413', '9', '10', 'ONLINE', None, None, None, None, None, None, None, None, None, None, None, None, 'Reserved'], ['EXW493', '75069', '10', '10', 'ONLINE', None, None, None, None, None, None, None, None, None, None, None, None, 'Reserved'], ['EXW494', '91713', '15', '15', 'ONLINE', None, None, None, None, None, None, None, None, None, None, None, None, 'Not Reserved'], ['EXW499', '74385', '25', '25', 'ONLINE', None, None, None, None, None, None, None, None, None, None, None, None, 'Not Reserved'], ['EXW499', '78025', '25', '25', 'ONLINE', None, None, None, None, None, None, None, None, None, None, None, None, 'Not Reserved'], ['EXW499', '85640', '25', '25', 'ONLINE', None, None, None, None, None, None, None, None, None, None, None, None, 'Not Reserved'], ['EXW499', '85688', '25', '25', 'ONLINE', None, None, None, None, None, None, None, None, None, None, None, None, 'Not Reserved'], ['EXW499', '85733', '25', '25', 'ONLINE', None, None, None, None, None, None, None, None, None, None, None, None, 'Not Reserved'], ['EXW499', '85957', '1', '1', 'ONLINE', None, None, None, None, None, None, None, None, None, None, None, None, 'Not Reserved'], ['EXW499', '91045', '5', '6', 'ONLINE', None, None, None, None, None, None, None, None, None, None, None, None, 'Not Reserved'], ['EXW500', '88668', '14', '16', 'T', ' 4:30 PM', 16, 30, 19, 15, None, None, None, None, None, None, None, 'Not Reserved'], ['EXW501', '86492', '6', '16', 'Th', ' 4:30 PM', 16, 30, 19, 15, None, None, None, None, None, None, None, 'Not Reserved'], ['EXW536', '74414', '21', '30', 'W', ' 4:30 PM', 16, 30, 19, 15, None, None, None, None, None, None, None, 'Not Reserved'], ['EXW542', '74415', '24', '30', 'Th', ' 4:30 PM', 16, 30, 19, 15, None, None, None, None, None, None, None, 'Not Reserved'], ['EXW560', '86493', '21', '24', 'M W', ' 4:30 PM', 16, 30, 17, 45, None, None, None, None, None, None, None, 'Not Reserved'], ['EXW568', '88657', '12', '12', 'T Th', '12:00 PM', 12, 0, 13, 15, None, None, None, None, None, None, None, 'Not Reserved'], ['EXW584', '74386', '25', '25', 'ONLINE', None, None, None, None, None, None, None, None, None, None, None, None, 'Not Reserved'], ['EXW590', '74387', '24', '25', 'ONLINE', None, None, None, None, None, None, None, None, None, None, None, None, 'Not Reserved'], ['EXW591', '75318', '20', '24', 'M', ' 3:00 PM', 15, 0, 15, 50, None, None, None, None, None, None, None, 'Not Reserved'], ['EXW592', '74388', '22', '25', 'ONLINE', None, None, None, None, None, None, None, None, None, None, None, None, 'Not Reserved'], ['EXW595', '74389', '25', '25', 'ONLINE', None, None, None, None, None, None, None, None, None, None, None, None, 'Not Reserved'], ['EXW598', '75091', '3', '8', 'T Th', '12:00 PM', 12, 0, 13, 15, None, None, None, None, None, None, None, 'Not Reserved'], ['EXW598', '81145', '5', '10', 'M W', '10:30 AM', 10, 30, 11, 45, None, None, None, None, None, None, None, 'Not Reserved'], ['EXW599', '74390', '21', '25', 'ONLINE', None, None, None, None, None, None, None, None, None, None, None, None, 'Not Reserved'], ['EXW640', '74417', '14', '16', 'T', ' 4:30 PM', 16, 30, 19, 15, None, None, None, None, None, None, None, 'Not Reserved'], ['EXW645', '88643', '27', '30', 'T', ' 4:30 PM', 16, 30, 19, 15, None, None, None, None, None, None, None, 'Not Reserved'], ['EXW691', '74418', '11', '18', 'M', ' 3:00 PM', 15, 0, 15, 50, None, None, None, None, None, None, None, 'Reserved'], ['EXW692', '74391', '28', '30', 'ONLINE', None, None, None, None, None, None, None, None, None, None, None, None, 'Not Reserved'], ['EXW700', '74416', '21', '24', 'M', ' 4:30 PM', 16, 30, 19, 15, None, None, None, None, None, None, None, 'Not Reserved'], ['EXW792', '74392', '22', '25', 'ONLINE', None, None, None, None, None, None, None, None, None, None, None, None, 'Not Reserved'], ['EXW799', '74393', '23', '25', 'ONLINE', None, None, None, None, None, None, None, None, None, None, None, None, 'Not Reserved']], 'ASU': [['ASUdeg', 'DOCTY', '   ', '\r\n ', 'nsitional//EN"\r        "http://www.w3.o', 'al//EN"\r        "http://www.w3.org/TR/xhtml1/DTD/xhtml1-transitional.dtd"\r<html xmlns="http://www.w3.org/1999/xhtml"\r<head\r\r<meta http-e', None, None, None, None, None, None, None, None, None, None, None, 'Reserved'], ['ASUOnl', '71221', '70', '70', 'ONLINE', None, None, None, None, None, None, None, None, None, None, None, None, 'Reserved'], ['ASUdeg', 'DOCTY', '   ', '\r\n ', 'nsitional//EN"\r        "http://www.w3.o', 'al//EN"\r        "http://www.w3.org/TR/xhtml1/DTD/xhtml1-transitional.dtd"\r<html xmlns="http://www.w3.org/1999/xhtml"\r<head\r\r<meta http-e', None, None, None, None, None, None, None, None, None, None, None, 'Reserved'], ['ASU140', '91752', '40', '40', 'Th', '10:30 AM', 10, 30, 11, 45, None, None, None, None, None, None, None, 'Not Reserved'], ['ASUOnl', '90630', '5', '12', 'M W', ' 3:00 PM', 15, 0, 16, 15, None, None, None, None, None, None, None, 'Not Reserved'], ['ASUdeg', 'DOCTY', '   ', '\r\n ', 'nsitional//EN"\r        "http://www.w3.o', 'al//EN"\r        "http://www.w3.org/TR/xhtml1/DTD/xhtml1-transitional.dtd"\r<html xmlns="http://www.w3.org/1999/xhtml"\r<head\r\r<meta http-e', None, None, None, None, None, None, None, None, None, None, None, 'Reserved'], ['ASUOnl', '84174', '24', '30', 'Th', ' 4:30 PM', 16, 30, 19, 15, None, None, None, None, None, None, None, 'Not Reserved'], ['ASUdeg', 'DOCTY', '   ', '\r\n ', 'nsitional//EN"\r        "http://www.w3.o', 'al//EN"\r        "http://www.w3.org/TR/xhtml1/DTD/xhtml1-transitional.dtd"\r<html xmlns="http://www.w3.org/1999/xhtml"\r<head\r\r<meta http-e', None, None, None, None, None, None, None, None, None, None, None, 'Reserved'], ['ASUExp', '83699', '17', '19', 'M', ' 9:00 AM', 9, 0, 9, 50, None, None, None, None, None, None, None, 'Not Reserved'], ['ASUExp', '90056', '16', '19', 'W', ' 4:30 PM', 16, 30, 17, 20, None, None, None, None, None, None, None, 'Not Reserved'], ['ASUExp', '83700', '18', '19', 'M', '10:30 AM', 10, 30, 11, 20, None, None, None, None, None, None, None, 'Not Reserved'], ['ASUExp', '83701', '18', '19', 'M', '12:00 PM', 12, 0, 12, 50, None, None, None, None, None, None, None, 'Not Reserved'], ['ASUExp', '83702', '17', '19', 'W', '10:30 AM', 10, 30, 11, 20, None, None, None, None, None, None, None, 'Not Reserved'], ['ASUExp', '83703', '18', '19', 'M', ' 1:30 PM', 13, 30, 14, 20, None, None, None, None, None, None, None, 'Not Reserved'], ['ASUExp', '83704', '19', '19', 'M', ' 4:30 PM', 16, 30, 17, 20, None, None, None, None, None, None, None, 'Not Reserved'], ['ASUExp', '83705', '18', '19', 'M', ' 3:00 PM', 15, 0, 15, 50, None, None, None, None, None, None, None, 'Not Reserved'], ['ASUExp', '83706', '18', '19', 'M', ' 1:30 PM', 13, 30, 14, 20, None, None, None, None, None, None, None, 'Not Reserved'], ['ASUExp', '83707', '18', '19', 'M', ' 7:30 AM', 7, 30, 8, 20, None, None, None, None, None, None, None, 'Not Reserved'], ['ASUExp', '79283', '11', '15', 'M', '12:00 PM', 12, 0, 12, 50, None, None, None, None, None, None, None, 'Not Reserved'], ['ASUExp', '79284', '12', '15', 'M', ' 1:00 PM', 13, 0, 13, 50, None, None, None, None, None, None, None, 'Reserved'], ['ASUExp', '79286', '14', '15', 'M', ' 2:00 PM', 14, 0, 14, 50, None, None, None, None, None, None, None, 'Not Reserved'], ['ASUExp', '79288', '9', '15', 'W', '12:00 PM', 12, 0, 12, 50, None, None, None, None, None, None, None, 'Reserved'], ['ASUExp', '79290', '15', '15', 'Th', ' 9:00 AM', 9, 0, 9, 50, None, None, None, None, None, None, None, 'Not Reserved'], ['ASUExp', '79291', '15', '15', 'Th', '10:00 AM', 10, 0, 10, 50, None, None, None, None, None, None, None, 'Reserved'], ['ASUExp', '79292', '13', '15', 'Th', '11:00 AM', 11, 0, 11, 50, None, None, None, None, None, None, None, 'Not Reserved'], ['ASUExp', '79293', '15', '15', 'Th', '12:00 PM', 12, 0, 12, 50, None, None, None, None, None, None, None, 'Not Reserved'], ['ASUExp', '79295', '14', '15', 'F', ' 9:00 AM', 9, 0, 9, 50, None, None, None, None, None, None, None, 'Not Reserved'], ['ASUExp', '79297', '13', '15', 'F', '11:00 AM', 11, 0, 11, 50, None, None, None, None, None, None, None, 'Not Reserved'], ['ASUExp', '83124', '12', '15', 'W', ' 1:00 PM', 13, 0, 13, 50, None, None, None, None, None, None, None, 'Not Reserved'], ['ASUExp', '83125', '15', '15', 'W', ' 2:00 PM', 14, 0, 14, 50, None, None, None, None, None, None, None, 'Not Reserved'], ['ASUExp', '83126', '12', '15', 'Th', ' 2:00 PM', 14, 0, 14, 50, None, None, None, None, None, None, None, 'Not Reserved'], ['ASUExp', '88117', '13', '15', 'F', '12:00 PM', 12, 0, 12, 50, None, None, None, None, None, None, None, 'Not Reserved'], ['ASUExp', '88325', '15', '15', 'Th', ' 1:00 PM', 13, 0, 13, 50, None, None, None, None, None, None, None, 'Not Reserved'], ['ASUExp', '77197', '18', '19', 'W', ' 9:00 AM', 9, 0, 9, 50, None, None, None, None, None, None, None, 'Not Reserved'], ['ASUExp', '78280', '18', '19', 'Th', ' 4:30 PM', 16, 30, 17, 20, None, None, None, None, None, None, None, 'Reserved'], ['ASUExp', '83179', '17', '19', 'T', ' 9:00 AM', 9, 0, 9, 50, None, None, None, None, None, None, None, 'Not Reserved'], ['ASUExp', '83181', '16', '19', 'T', ' 4:30 PM', 16, 30, 17, 20, None, None, None, None, None, None, None, 'Not Reserved'], ['ASUExp', '78044', '18', '19', 'W', '12:00 PM', 12, 0, 12, 50, None, None, None, None, None, None, None, 'Reserved'], ['ASUExp', '78151', '15', '19', 'M', '12:00 PM', 12, 0, 12, 50, None, None, None, None, None, None, None, 'Not Reserved'], ['ASUExp', '76489', '13', '19', 'T', ' 3:00 PM', 15, 0, 15, 50, None, None, None, None, None, None, None, 'Reserved'], ['ASUExp', '76849', '19', '19', 'Th', ' 3:00 PM', 15, 0, 15, 50, None, None, None, None, None, None, None, 'Reserved'], ['ASUExp', '78146', '19', '19', 'M', ' 1:30 PM', 13, 30, 14, 20, None, None, None, None, None, None, None, 'Reserved'], ['ASUExp', '78147', '14', '19', 'W', ' 1:30 PM', 13, 30, 14, 20, None, None, None, None, None, None, None, 'Reserved'], ['ASUExp', '78977', '19', '19', 'F', ' 1:30 PM', 13, 30, 14, 20, None, None, None, None, None, None, None, 'Reserved'], ['ASUExp', '78978', '19', '19', 'T', ' 1:30 PM', 13, 30, 14, 20, None, None, None, None, None, None, None, 'Reserved'], ['ASUExp', '78979', '19', '19', 'Th', ' 1:30 PM', 13, 30, 14, 20, None, None, None, None, None, None, None, 'Reserved'], ['ASUExp', '87531', '18', '19', 'M', ' 4:30 PM', 16, 30, 17, 20, None, None, None, None, None, None, None, 'Reserved'], ['ASUExp', '87532', '17', '19', 'W', ' 4:30 PM', 16, 30, 17, 20, None, None, None, None, None, None, None, 'Reserved'], ['ASUExp', '87535', '15', '19', 'Th', ' 4:30 PM', 16, 30, 17, 20, None, None, None, None, None, None, None, 'Not Reserved'], ['ASUExp', '90159', '18', '19', 'F', '10:30 AM', 10, 30, 11, 20, None, None, None, None, None, None, None, 'Reserved'], ['ASUExp', '90160', '19', '19', 'F', '10:30 AM', 10, 30, 11, 20, None, None, None, None, None, None, None, 'Reserved'], ['ASUExp', '90161', '18', '19', 'M', ' 3:00 PM', 15, 0, 15, 50, None, None, None, None, None, None, None, 'Reserved'], ['ASUExp', '90163', '16', '19', 'F', '12:00 PM', 12, 0, 12, 50, None, None, None, None, None, None, None, 'Reserved'], ['ASUExp', '90164', '17', '19', 'F', '12:00 PM', 12, 0, 12, 50, None, None, None, None, None, None, None, 'Reserved'], ['ASUExp', '90165', '18', '19', 'F', '12:00 PM', 12, 0, 12, 50, None, None, None, None, None, None, None, 'Reserved'], ['ASUExp', '90172', '19', '19', 'F', '10:30 AM', 10, 30, 11, 20, None, None, None, None, None, None, None, 'Reserved'], ['ASUExp', '90173', '19', '19', 'Th', '10:30 AM', 10, 30, 11, 20, None, None, None, None, None, None, None, 'Reserved'], ['ASUExp', '90174', '19', '19', 'F', '10:30 AM', 10, 30, 11, 20, None, None, None, None, None, None, None, 'Reserved'], ['ASUExp', '90175', '19', '19', 'F', '12:00 PM', 12, 0, 12, 50, None, None, None, None, None, None, None, 'Reserved'], ['ASUExp', '90176', '18', '19', 'F', '12:00 PM', 12, 0, 12, 50, None, None, None, None, None, None, None, 'Reserved'], ['ASUExp', '76549', '17', '19', 'M', '12:00 PM', 12, 0, 12, 50, None, None, None, None, None, None, None, 'Reserved'], ['ASUExp', '76550', '17', '19', 'W', '12:00 PM', 12, 0, 12, 50, None, None, None, None, None, None, None, 'Reserved'], ['ASUExp', '89085', '19', '19', 'Th', '10:30 AM', 10, 30, 11, 20, None, None, None, None, None, None, None, 'Reserved'], ['ASUExp', '90068', '15', '15', 'T', ' 3:00 PM', 15, 0, 15, 50, None, None, None, None, None, None, None, 'Reserved'], ['ASUExp', '90069', '15', '15', 'Th', ' 3:00 PM', 15, 0, 15, 50, None, None, None, None, None, None, None, 'Reserved'], ['ASUExp', '90070', '18', '18', 'M', ' 3:00 PM', 15, 0, 15, 50, None, None, None, None, None, None, None, 'Reserved'], ['ASUExp', '90071', '17', '17', 'W', ' 3:00 PM', 15, 0, 15, 50, None, None, None, None, None, None, None, 'Reserved'], ['ASUExp', '90072', '15', '15', 'F', ' 3:00 PM', 15, 0, 15, 50, None, None, None, None, None, None, None, 'Reserved'], ['ASUExp', '76850', '18', '19', 'F', '10:40 AM', 10, 40, 11, 30, None, None, None, None, None, None, None, 'Reserved'], ['ASUExp', '83708', '15', '19', 'W', ' 9:00 AM', 9, 0, 9, 50, None, None, None, None, None, None, None, 'Not Reserved'], ['ASUExp', '83709', '16', '19', 'W', '10:30 AM', 10, 30, 11, 20, None, None, None, None, None, None, None, 'Not Reserved'], ['ASUExp', '83710', '17', '19', 'W', ' 9:00 AM', 9, 0, 9, 50, None, None, None, None, None, None, None, 'Not Reserved'], ['ASUExp', '83711', '13', '19', 'W', '12:00 PM', 12, 0, 12, 50, None, None, None, None, None, None, None, 'Not Reserved'], ['ASUExp', '83712', '18', '19', 'W', ' 1:30 PM', 13, 30, 14, 20, None, None, None, None, None, None, None, 'Not Reserved'], ['ASUExp', '83713', '19', '19', 'W', ' 3:00 PM', 15, 0, 15, 50, None, None, None, None, None, None, None, 'Not Reserved'], ['ASUExp', '83714', '19', '19', 'W', ' 9:00 AM', 9, 0, 9, 50, None, None, None, None, None, None, None, 'Not Reserved'], ['ASUExp', '83715', '19', '19', 'W', ' 4:30 PM', 16, 30, 17, 20, None, None, None, None, None, None, None, 'Not Reserved'], ['ASUExp', '83717', '18', '19', 'W', ' 3:00 PM', 15, 0, 15, 50, None, None, None, None, None, None, None, 'Not Reserved'], ['ASUExp', '83719', '19', '19', 'W', ' 7:30 AM', 7, 30, 8, 20, None, None, None, None, None, None, None, 'Not Reserved'], ['ASUExp', '83720', '19', '19', 'W', ' 1:30 PM', 13, 30, 14, 20, None, None, None, None, None, None, None, 'Not Reserved'], ['ASUExp', '83721', '17', '19', 'W', '10:30 AM', 10, 30, 11, 20, None, None, None, None, None, None, None, 'Not Reserved'], ['ASUExp', '83722', '19', '19', 'W', ' 7:30 AM', 7, 30, 8, 20, None, None, None, None, None, None, None, 'Not Reserved'], ['ASUExp', '78073', '16', '19', 'M', '10:30 AM', 10, 30, 11, 20, None, None, None, None, None, None, None, 'Reserved'], ['ASUOnl', '89466', '1', '12', 'W', ' 4:30 PM', 16, 30, 19, 30, None, None, None, None, None, None, None, 'Not Reserved'], ['ASUdeg', 'DOCTY', '   ', '\r\n ', 'nsitional//EN"\r        "http://www.w3.o', 'al//EN"\r        "http://www.w3.org/TR/xhtml1/DTD/xhtml1-transitional.dtd"\r<html xmlns="http://www.w3.org/1999/xhtml"\r<head\r\r<meta http-e', None, None, None, None, None, None, None, None, None, None, None, 'Reserved'], ['ASUOnl', '71366', '60', '60', 'F', '10:30AM', 10, 30, 12, 30, 'F', '10:30AM', 10, 30, '12:30PM', 12, 30, 'Not Reserved'], ['ASUdeg', 'DOCTY', '   ', '\r\n ', 'nsitional//EN"\r        "http://www.w3.o', 'al//EN"\r        "http://www.w3.org/TR/xhtml1/DTD/xhtml1-transitional.dtd"\r<html xmlns="http://www.w3.org/1999/xhtml"\r<head\r\r<meta http-e', None, None, None, None, None, None, None, None, None, None, None, 'Reserved'], ['ASUOnl', '80772', '24', '25', 'ONLINE', None, None, None, None, None, None, None, None, None, None, None, None, 'Not Reserved'], ['ASUdeg', 'DOCTY', '   ', '\r\n ', 'nsitional//EN"\r        "http://www.w3.o', 'al//EN"\r        "http://www.w3.org/TR/xhtml1/DTD/xhtml1-transitional.dtd"\r<html xmlns="http://www.w3.org/1999/xhtml"\r<head\r\r<meta http-e', None, None, None, None, None, None, None, None, None, None, None, 'Reserved'], ['ASUExp', '79350', '20', '20', 'Th', ' 9:00 AM', 9, 0, 10, 15, None, None, None, None, None, None, None, 'Not Reserved'], ['ASUExp', '79351', '20', '20', 'T', ' 1:30 PM', 13, 30, 14, 45, None, None, None, None, None, None, None, 'Not Reserved'], ['ASUExp', '79352', '20', '20', 'W', '10:30 AM', 10, 30, 11, 45, None, None, None, None, None, None, None, 'Not Reserved'], ['ASUExp', '79353', '20', '20', 'W', ' 3:00 PM', 15, 0, 16, 15, None, None, None, None, None, None, None, 'Not Reserved'], ['ASUExp', '79354', '20', '20', 'Th', ' 1:30 PM', 13, 30, 14, 45, None, None, None, None, None, None, None, 'Not Reserved'], ['ASUExp', '79355', '19', '20', 'F', ' 9:00 AM', 9, 0, 10, 15, None, None, None, None, None, None, None, 'Not Reserved'], ['ASUExp', '79358', '20', '20', 'Th', ' 9:00 AM', 9, 0, 10, 15, None, None, None, None, None, None, None, 'Not Reserved'], ['ASUExp', '79359', '20', '20', 'T', ' 1:30 PM', 13, 30, 14, 45, None, None, None, None, None, None, None, 'Not Reserved'], ['ASUExp', '79360', '20', '20', 'W', '10:30 AM', 10, 30, 11, 45, None, None, None, None, None, None, None, 'Not Reserved'], ['ASUExp', '79361', '20', '20', 'W', ' 3:00 PM', 15, 0, 16, 15, None, None, None, None, None, None, None, 'Not Reserved'], ['ASUExp', '79362', '20', '20', 'Th', ' 1:30 PM', 13, 30, 14, 45, None, None, None, None, None, None, None, 'Not Reserved'], ['ASUExp', '79363', '20', '20', 'F', ' 9:00 AM', 9, 0, 10, 15, None, None, None, None, None, None, None, 'Not Reserved'], ['ASUExp', '91172', '20', '20', 'F', '10:30 AM', 10, 30, 11, 20, None, None, None, None, None, None, None, 'Reserved'], ['ASUExp', '91173', '20', '20', 'F', ' 2:00 PM', 14, 0, 14, 50, None, None, None, None, None, None, None, 'Reserved'], ['ASUOnl', '78112', '10', '10', 'ONLINE', None, None, None, None, None, None, None, None, None, None, None, None, 'Not Reserved'], ['ASUdeg', 'DOCTY', '   ', '\r\n ', 'nsitional//EN"\r        "http://www.w3.o', 'al//EN"\r        "http://www.w3.org/TR/xhtml1/DTD/xhtml1-transitional.dtd"\r<html xmlns="http://www.w3.org/1999/xhtml"\r<head\r\r<meta http-e', None, None, None, None, None, None, None, None, None, None, None, 'Reserved'], ['ASUOnl', '75325', '30', '30', 'ONLINE', None, None, None, None, None, None, None, None, None, None, None, None, 'Not Reserved'], ['ASUdeg', 'DOCTY', '   ', '\r\n ', 'nsitional//EN"\r        "http://www.w3.o', 'al//EN"\r        "http://www.w3.org/TR/xhtml1/DTD/xhtml1-transitional.dtd"\r<html xmlns="http://www.w3.org/1999/xhtml"\r<head\r\r<meta http-e', None, None, None, None, None, None, None, None, None, None, None, 'Reserved'], ['ASUOnl', '89146', '23', '24', 'Th', ' 1:00 PM', 13, 0, 14, 50, None, None, None, None, None, None, None, 'Not Reserved'], ['ASUdeg', 'DOCTY', '   ', '\r\n ', 'nsitional//EN"\r        "http://www.w3.o', 'al//EN"\r        "http://www.w3.org/TR/xhtml1/DTD/xhtml1-transitional.dtd"\r<html xmlns="http://www.w3.org/1999/xhtml"\r<head\r\r<meta http-e', None, None, None, None, None, None, None, None, None, None, None, 'Reserved'], ['ASU194', '86172', '20', '20', 'Th', ' 4:30 PM', 16, 30, 17, 45, None, None, None, None, None, None, None, 'Not Reserved'], ['ASU194', '86175', '20', '20', 'Th', ' 4:30 PM', 16, 30, 17, 45, None, None, None, None, None, None, None, 'Not Reserved'], ['ASU194', '86176', '19', '20', 'Th', ' 4:30 PM', 16, 30, 17, 45, None, None, None, None, None, None, None, 'Not Reserved'], ['ASUOnl', '89415', '4', '30', 'T', ' 6:00 PM', 18, 0, 20, 45, None, None, None, None, None, None, None, 'Not Reserved'], ['ASUdeg', 'DOCTY', '   ', '\r\n ', 'nsitional//EN"\r        "http://www.w3.o', 'al//EN"\r        "http://www.w3.org/TR/xhtml1/DTD/xhtml1-transitional.dtd"\r<html xmlns="http://www.w3.org/1999/xhtml"\r<head\r\r<meta http-e', None, None, None, None, None, None, None, None, None, None, None, 'Reserved'], ['ASU194', '91444', '20', '20', 'M W', ' 1:30 PM', 13, 30, 14, 45, None, None, None, None, None, None, None, 'Not Reserved'], ['ASUOnl', '75669', '24', '30', 'M W', ' 3:00 PM', 15, 0, 16, 15, None, None, None, None, None, None, None, 'Not Reserved'], ['ASUdeg', 'DOCTY', '   ', '\r\n ', 'nsitional//EN"\r        "http://www.w3.o', 'al//EN"\r        "http://www.w3.org/TR/xhtml1/DTD/xhtml1-transitional.dtd"\r<html xmlns="http://www.w3.org/1999/xhtml"\r<head\r\r<meta http-e', None, None, None, None, None, None, None, None, None, None, None, 'Reserved'], ['ASUExp', '83699', '17', '19', 'M', ' 9:00 AM', 9, 0, 9, 50, None, None, None, None, None, None, None, 'Not Reserved'], ['ASUExp', '90056', '16', '19', 'W', ' 4:30 PM', 16, 30, 17, 20, None, None, None, None, None, None, None, 'Not Reserved'], ['ASUExp', '83700', '18', '19', 'M', '10:30 AM', 10, 30, 11, 20, None, None, None, None, None, None, None, 'Not Reserved'], ['ASUExp', '83701', '18', '19', 'M', '12:00 PM', 12, 0, 12, 50, None, None, None, None, None, None, None, 'Not Reserved'], ['ASUExp', '83702', '17', '19', 'W', '10:30 AM', 10, 30, 11, 20, None, None, None, None, None, None, None, 'Not Reserved'], ['ASUExp', '83703', '18', '19', 'M', ' 1:30 PM', 13, 30, 14, 20, None, None, None, None, None, None, None, 'Not Reserved'], ['ASUExp', '83704', '19', '19', 'M', ' 4:30 PM', 16, 30, 17, 20, None, None, None, None, None, None, None, 'Not Reserved'], ['ASUExp', '83705', '18', '19', 'M', ' 3:00 PM', 15, 0, 15, 50, None, None, None, None, None, None, None, 'Not Reserved'], ['ASUExp', '83706', '18', '19', 'M', ' 1:30 PM', 13, 30, 14, 20, None, None, None, None, None, None, None, 'Not Reserved'], ['ASUExp', '83707', '18', '19', 'M', ' 7:30 AM', 7, 30, 8, 20, None, None, None, None, None, None, None, 'Not Reserved'], ['ASUExp', '79283', '11', '15', 'M', '12:00 PM', 12, 0, 12, 50, None, None, None, None, None, None, None, 'Not Reserved'], ['ASUExp', '79284', '12', '15', 'M', ' 1:00 PM', 13, 0, 13, 50, None, None, None, None, None, None, None, 'Reserved'], ['ASUExp', '79286', '14', '15', 'M', ' 2:00 PM', 14, 0, 14, 50, None, None, None, None, None, None, None, 'Not Reserved'], ['ASUExp', '79288', '9', '15', 'W', '12:00 PM', 12, 0, 12, 50, None, None, None, None, None, None, None, 'Reserved'], ['ASUExp', '79290', '15', '15', 'Th', ' 9:00 AM', 9, 0, 9, 50, None, None, None, None, None, None, None, 'Not Reserved'], ['ASUExp', '79291', '15', '15', 'Th', '10:00 AM', 10, 0, 10, 50, None, None, None, None, None, None, None, 'Reserved'], ['ASUExp', '79292', '13', '15', 'Th', '11:00 AM', 11, 0, 11, 50, None, None, None, None, None, None, None, 'Not Reserved'], ['ASUExp', '79293', '15', '15', 'Th', '12:00 PM', 12, 0, 12, 50, None, None, None, None, None, None, None, 'Not Reserved'], ['ASUExp', '79295', '14', '15', 'F', ' 9:00 AM', 9, 0, 9, 50, None, None, None, None, None, None, None, 'Not Reserved'], ['ASUExp', '79297', '13', '15', 'F', '11:00 AM', 11, 0, 11, 50, None, None, None, None, None, None, None, 'Not Reserved'], ['ASUExp', '83124', '12', '15', 'W', ' 1:00 PM', 13, 0, 13, 50, None, None, None, None, None, None, None, 'Not Reserved'], ['ASUExp', '83125', '15', '15', 'W', ' 2:00 PM', 14, 0, 14, 50, None, None, None, None, None, None, None, 'Not Reserved'], ['ASUExp', '83126', '12', '15', 'Th', ' 2:00 PM', 14, 0, 14, 50, None, None, None, None, None, None, None, 'Not Reserved'], ['ASUExp', '88117', '13', '15', 'F', '12:00 PM', 12, 0, 12, 50, None, None, None, None, None, None, None, 'Not Reserved'], ['ASUExp', '88325', '15', '15', 'Th', ' 1:00 PM', 13, 0, 13, 50, None, None, None, None, None, None, None, 'Not Reserved'], ['ASUExp', '77197', '18', '19', 'W', ' 9:00 AM', 9, 0, 9, 50, None, None, None, None, None, None, None, 'Not Reserved'], ['ASUExp', '78280', '18', '19', 'Th', ' 4:30 PM', 16, 30, 17, 20, None, None, None, None, None, None, None, 'Reserved'], ['ASUExp', '83179', '17', '19', 'T', ' 9:00 AM', 9, 0, 9, 50, None, None, None, None, None, None, None, 'Not Reserved'], ['ASUExp', '83181', '16', '19', 'T', ' 4:30 PM', 16, 30, 17, 20, None, None, None, None, None, None, None, 'Not Reserved'], ['ASUExp', '78044', '18', '19', 'W', '12:00 PM', 12, 0, 12, 50, None, None, None, None, None, None, None, 'Reserved'], ['ASUExp', '78151', '15', '19', 'M', '12:00 PM', 12, 0, 12, 50, None, None, None, None, None, None, None, 'Not Reserved'], ['ASUExp', '76489', '13', '19', 'T', ' 3:00 PM', 15, 0, 15, 50, None, None, None, None, None, None, None, 'Reserved'], ['ASUExp', '76849', '19', '19', 'Th', ' 3:00 PM', 15, 0, 15, 50, None, None, None, None, None, None, None, 'Reserved'], ['ASUExp', '78146', '19', '19', 'M', ' 1:30 PM', 13, 30, 14, 20, None, None, None, None, None, None, None, 'Reserved'], ['ASUExp', '78147', '14', '19', 'W', ' 1:30 PM', 13, 30, 14, 20, None, None, None, None, None, None, None, 'Reserved'], ['ASUExp', '78977', '19', '19', 'F', ' 1:30 PM', 13, 30, 14, 20, None, None, None, None, None, None, None, 'Reserved'], ['ASUExp', '78978', '19', '19', 'T', ' 1:30 PM', 13, 30, 14, 20, None, None, None, None, None, None, None, 'Reserved'], ['ASUExp', '78979', '19', '19', 'Th', ' 1:30 PM', 13, 30, 14, 20, None, None, None, None, None, None, None, 'Reserved'], ['ASUExp', '87531', '18', '19', 'M', ' 4:30 PM', 16, 30, 17, 20, None, None, None, None, None, None, None, 'Reserved'], ['ASUExp', '87532', '17', '19', 'W', ' 4:30 PM', 16, 30, 17, 20, None, None, None, None, None, None, None, 'Reserved'], ['ASUExp', '87535', '15', '19', 'Th', ' 4:30 PM', 16, 30, 17, 20, None, None, None, None, None, None, None, 'Not Reserved'], ['ASUExp', '90159', '18', '19', 'F', '10:30 AM', 10, 30, 11, 20, None, None, None, None, None, None, None, 'Reserved'], ['ASUExp', '90160', '19', '19', 'F', '10:30 AM', 10, 30, 11, 20, None, None, None, None, None, None, None, 'Reserved'], ['ASUExp', '90161', '18', '19', 'M', ' 3:00 PM', 15, 0, 15, 50, None, None, None, None, None, None, None, 'Reserved'], ['ASUExp', '90163', '16', '19', 'F', '12:00 PM', 12, 0, 12, 50, None, None, None, None, None, None, None, 'Reserved'], ['ASUExp', '90164', '17', '19', 'F', '12:00 PM', 12, 0, 12, 50, None, None, None, None, None, None, None, 'Reserved'], ['ASUExp', '90165', '18', '19', 'F', '12:00 PM', 12, 0, 12, 50, None, None, None, None, None, None, None, 'Reserved'], ['ASUExp', '90172', '19', '19', 'F', '10:30 AM', 10, 30, 11, 20, None, None, None, None, None, None, None, 'Reserved'], ['ASUExp', '90173', '19', '19', 'Th', '10:30 AM', 10, 30, 11, 20, None, None, None, None, None, None, None, 'Reserved'], ['ASUExp', '90174', '19', '19', 'F', '10:30 AM', 10, 30, 11, 20, None, None, None, None, None, None, None, 'Reserved'], ['ASUExp', '90175', '19', '19', 'F', '12:00 PM', 12, 0, 12, 50, None, None, None, None, None, None, None, 'Reserved'], ['ASUExp', '90176', '18', '19', 'F', '12:00 PM', 12, 0, 12, 50, None, None, None, None, None, None, None, 'Reserved'], ['ASUExp', '76549', '17', '19', 'M', '12:00 PM', 12, 0, 12, 50, None, None, None, None, None, None, None, 'Reserved'], ['ASUExp', '76550', '17', '19', 'W', '12:00 PM', 12, 0, 12, 50, None, None, None, None, None, None, None, 'Reserved'], ['ASUExp', '89085', '19', '19', 'Th', '10:30 AM', 10, 30, 11, 20, None, None, None, None, None, None, None, 'Reserved'], ['ASUExp', '90068', '15', '15', 'T', ' 3:00 PM', 15, 0, 15, 50, None, None, None, None, None, None, None, 'Reserved'], ['ASUExp', '90069', '15', '15', 'Th', ' 3:00 PM', 15, 0, 15, 50, None, None, None, None, None, None, None, 'Reserved'], ['ASUExp', '90070', '18', '18', 'M', ' 3:00 PM', 15, 0, 15, 50, None, None, None, None, None, None, None, 'Reserved'], ['ASUExp', '90071', '17', '17', 'W', ' 3:00 PM', 15, 0, 15, 50, None, None, None, None, None, None, None, 'Reserved'], ['ASUExp', '90072', '15', '15', 'F', ' 3:00 PM', 15, 0, 15, 50, None, None, None, None, None, None, None, 'Reserved'], ['ASUExp', '76850', '18', '19', 'F', '10:40 AM', 10, 40, 11, 30, None, None, None, None, None, None, None, 'Reserved'], ['ASUExp', '83708', '15', '19', 'W', ' 9:00 AM', 9, 0, 9, 50, None, None, None, None, None, None, None, 'Not Reserved'], ['ASUExp', '83709', '16', '19', 'W', '10:30 AM', 10, 30, 11, 20, None, None, None, None, None, None, None, 'Not Reserved'], ['ASUExp', '83710', '17', '19', 'W', ' 9:00 AM', 9, 0, 9, 50, None, None, None, None, None, None, None, 'Not Reserved'], ['ASUExp', '83711', '13', '19', 'W', '12:00 PM', 12, 0, 12, 50, None, None, None, None, None, None, None, 'Not Reserved'], ['ASUExp', '83712', '18', '19', 'W', ' 1:30 PM', 13, 30, 14, 20, None, None, None, None, None, None, None, 'Not Reserved'], ['ASUExp', '83713', '19', '19', 'W', ' 3:00 PM', 15, 0, 15, 50, None, None, None, None, None, None, None, 'Not Reserved'], ['ASUExp', '83714', '19', '19', 'W', ' 9:00 AM', 9, 0, 9, 50, None, None, None, None, None, None, None, 'Not Reserved'], ['ASUExp', '83715', '19', '19', 'W', ' 4:30 PM', 16, 30, 17, 20, None, None, None, None, None, None, None, 'Not Reserved'], ['ASUExp', '83717', '18', '19', 'W', ' 3:00 PM', 15, 0, 15, 50, None, None, None, None, None, None, None, 'Not Reserved'], ['ASUExp', '83719', '19', '19', 'W', ' 7:30 AM', 7, 30, 8, 20, None, None, None, None, None, None, None, 'Not Reserved'], ['ASUExp', '83720', '19', '19', 'W', ' 1:30 PM', 13, 30, 14, 20, None, None, None, None, None, None, None, 'Not Reserved'], ['ASUExp', '83721', '17', '19', 'W', '10:30 AM', 10, 30, 11, 20, None, None, None, None, None, None, None, 'Not Reserved'], ['ASUExp', '83722', '19', '19', 'W', ' 7:30 AM', 7, 30, 8, 20, None, None, None, None, None, None, None, 'Not Reserved'], ['ASUExp', '78073', '16', '19', 'M', '10:30 AM', 10, 30, 11, 20, None, None, None, None, None, None, None, 'Reserved'], ['ASUOnl', '89466', '1', '12', 'W', ' 4:30 PM', 16, 30, 19, 30, None, None, None, None, None, None, None, 'Not Reserved'], ['ASUdeg', 'DOCTY', '   ', '\r\n ', 'nsitional//EN"\r        "http://www.w3.o', 'al//EN"\r        "http://www.w3.org/TR/xhtml1/DTD/xhtml1-transitional.dtd"\r<html xmlns="http://www.w3.org/1999/xhtml"\r<head\r\r<meta http-e', None, None, None, None, None, None, None, None, None, None, None, 'Reserved'], ['ASUExp', '82847', '8', '19', 'T', '4:30PM', 16, 30, 17, 20, '', '', None, None, '', None, None, 'Reserved'], ['ASUExp', '82848', '14', '19', 'Th', '4:30PM', 16, 30, 17, 20, '', '', None, None, '', None, None, 'Reserved'], ['ASUExp', '82956', '18', '19', 'M', '1:30PM', 13, 30, 14, 20, '', '', None, None, '', None, None, 'Reserved'], ['ASUExp', '82957', '18', '19', 'M', '3:00PM', 15, 0, 15, 50, '', '', None, None, '', None, None, 'Reserved'], ['ASUExp', '82958', '17', '19', 'W', '12:00PM', 12, 0, 12, 50, '', '', None, None, '', None, None, 'Reserved'], ['ASUExp', '82959', '19', '19', 'W', '3:00PM', 15, 0, 15, 50, '', '', None, None, '', None, None, 'Reserved'], ['ASUExp', '82960', '18', '19', 'T', '1:30PM', 13, 30, 14, 20, '', '', None, None, '', None, None, 'Reserved'], ['ASUExp', '82961', '19', '19', 'T', '3:00PM', 15, 0, 15, 50, '', '', None, None, '', None, None, 'Reserved'], ['ASUExp', '82962', '19', '19', 'Th', '3:00PM', 15, 0, 15, 50, '', '', None, None, '', None, None, 'Reserved'], ['ASUExp', '82963', '14', '19', 'M', '10:30AM', 10, 30, 11, 20, '', '', None, None, '', None, None, 'Reserved'], ['ASUExp', '82964', '19', '19', 'Th', '1:30PM', 13, 30, 14, 20, '', '', None, None, '', None, None, 'Reserved'], ['ASUExp', '82965', '19', '19', 'W', '10:30AM', 10, 30, 11, 20, '', '', None, None, '', None, None, 'Reserved'], ['ASUExp', '82966', '18', '19', 'M', '1:30PM', 13, 30, 14, 20, '', '', None, None, '', None, None, 'Reserved'], ['ASUExp', '82967', '19', '19', 'M', '3:00PM', 15, 0, 15, 50, '', '', None, None, '', None, None, 'Reserved'], ['ASUExp', '82968', '19', '19', 'W', '3:00PM', 15, 0, 15, 50, '', '', None, None, '', None, None, 'Reserved'], ['ASUExp', '82969', '19', '19', 'W', '1:30PM', 13, 30, 14, 20, '', '', None, None, '', None, None, 'Reserved'], ['ASUExp', '82975', '19', '19', 'W', '9:00AM', 9, 0, 9, 50, '', '', None, None, '', None, None, 'Reserved'], ['ASUExp', '82977', '19', '19', 'M', '9:00AM', 9, 0, 9, 50, '', '', None, None, '', None, None, 'Reserved'], ['ASUExp', '86892', '19', '19', 'M', '12:00PM', 12, 0, 12, 50, '', '', None, None, '', None, None, 'Reserved'], ['ASUExp', '90566', '19', '19', 'W', '9:00AM', 9, 0, 9, 50, '', '', None, None, '', None, None, 'Reserved'], ['ASUExp', '90568', '19', '19', 'W', '1:30PM', 13, 30, 14, 20, '', '', None, None, '', None, None, 'Reserved'], ['ASUExp', '90579', '19', '19', 'T', '9:00AM', 9, 0, 10, 15, '', '', None, None, '', None, None, 'Reserved'], ['ASUExp', '90580', '19', '19', 'Th', '9:00AM', 9, 0, 10, 15, '', '', None, None, '', None, None, 'Reserved'], ['ASUOnl', '75590', '3', '3', 'T Th', '12:00 PM', 12, 0, 13, 15, None, None, None, None, None, None, None, 'Reserved'], ['ASUdeg', 'DOCTY', '   ', '\r\n ', 'nsitional//EN"\r        "http://www.w3.o', 'al//EN"\r        "http://www.w3.org/TR/xhtml1/DTD/xhtml1-transitional.dtd"\r<html xmlns="http://www.w3.org/1999/xhtml"\r<head\r\r<meta http-e', None, None, None, None, None, None, None, None, None, None, None, 'Reserved'], ['ASUExp', '73780', '18', '19', 'ONLINE', None, None, None, None, None, 'M', None, None, None, None, None, None, 'Not Reserved'], ['ASUExp', '73377', '19', '19', 'ONLINE', None, None, None, None, None, 'W', None, None, None, None, None, None, 'Not Reserved'], ['ASUExp', '73378', '19', '19', 'ONLINE', None, None, None, None, None, 'F', None, None, None, None, None, None, 'Not Reserved'], ['ASUExp', '73776', '19', '19', 'ONLINE', None, None, None, None, None, 'M', None, None, None, None, None, None, 'Not Reserved'], ['ASUExp', '73777', '17', '19', 'ONLINE', None, None, None, None, None, 'W', None, None, None, None, None, None, 'Not Reserved'], ['ASUExp', '74328', '17', '19', 'ONLINE', None, None, None, None, None, 'F', None, None, None, None, None, None, 'Not Reserved'], ['ASUExp', '73778', '19', '19', 'ONLINE', None, None, None, None, None, 'T', None, None, None, None, None, None, 'Not Reserved'], ['ASUExp', '73779', '19', '19', 'ONLINE', None, None, None, None, None, 'Th', None, None, None, None, None, None, 'Not Reserved'], ['ASUExp', '74329', '17', '19', 'ONLINE', None, None, None, None, None, 'T', None, None, None, None, None, None, 'Not Reserved'], ['ASUExp', '74331', '18', '19', 'ONLINE', None, None, None, None, None, 'Th', None, None, None, None, None, None, 'Not Reserved'], ['ASUExp', '76274', '18', '19', 'ONLINE', None, None, None, None, None, 'M', None, None, None, None, None, None, 'Not Reserved'], ['ASUExp', '76277', '19', '19', 'ONLINE', None, None, None, None, None, 'W', None, None, None, None, None, None, 'Not Reserved'], ['ASUExp', '76881', '19', '19', 'ONLINE', None, None, None, None, None, 'F', None, None, None, None, None, None, 'Not Reserved'], ['ASUExp', '83666', '17', '19', 'ONLINE', None, None, None, None, None, 'T', None, None, None, None, None, None, 'Not Reserved'], ['ASUExp', '83667', '19', '19', 'ONLINE', None, None, None, None, None, 'Th', None, None, None, None, None, None, 'Not Reserved'], ['ASU240', '91150', '30', '30', 'ONLINE', None, None, None, None, None, None, None, None, None, None, None, None, 'Not Reserved'], ['ASUOnl', '72434', '50', '50', 'T Th', ' 8:00 AM', 8, 0, 17, 0, None, None, None, None, None, None, None, 'Not Reserved'], ['ASUdeg', 'DOCTY', '   ', '\r\n ', 'nsitional//EN"\r        "http://www.w3.o', 'al//EN"\r        "http://www.w3.org/TR/xhtml1/DTD/xhtml1-transitional.dtd"\r<html xmlns="http://www.w3.org/1999/xhtml"\r<head\r\r<meta http-e', None, None, None, None, None, None, None, None, None, None, None, 'Reserved'], ['ASUExp', '73336', '19', '19', 'T', '12:00 PM', 12, 0, 13, 15, None, None, None, None, None, None, None, 'Reserved'], ['ASUExp', '79196', '19', '19', 'Th', '12:00 PM', 12, 0, 13, 15, None, None, None, None, None, None, None, 'Reserved'], ['ASUExp', '79197', '19', '19', 'M', '10:30 AM', 10, 30, 11, 45, None, None, None, None, None, None, None, 'Reserved'], ['ASUExp', '73587', '19', '19', 'W', '10:30 AM', 10, 30, 11, 45, None, None, None, None, None, None, None, 'Reserved'], ['ASU140', '90293', '30', '30', 'ONLINE', None, None, None, None, None, None, None, None, None, None, None, None, 'Reserved'], ['ASUand', '79198', '13', '19', 'M', '10:30 AM', 10, 30, 11, 45, None, None, None, None, None, None, None, 'Reserved'], ['ASUand', '79199', '18', '19', 'W', '10:30 AM', 10, 30, 11, 45, None, None, None, None, None, None, None, 'Reserved'], ['ASUOnl', '72956', '28', '30', 'ONLINE', None, None, None, None, None, None, None, None, None, None, None, None, 'Not Reserved'], ['ASUdeg', 'DOCTY', '   ', '\r\n ', 'nsitional//EN"\r        "http://www.w3.o', 'al//EN"\r        "http://www.w3.org/TR/xhtml1/DTD/xhtml1-transitional.dtd"\r<html xmlns="http://www.w3.org/1999/xhtml"\r<head\r\r<meta http-e', None, None, None, None, None, None, None, None, None, None, None, 'Reserved'], ['ASUOnl', '87780', '20', '20', 'M W F', '12:00 PM', 12, 0, 13, 15, None, None, None, None, None, None, None, 'Not Reserved']], 'ANB': [], 'PSB': [], 'SST': [], 'THA': [], 'ECN': [['ECN211', '81177', '36', '64', 'T Th', ' 4:30 PM', 16, 30, 17, 45, None, None, None, None, None, None, None, 'Not Reserved'], ['ECN211', '86130', '2', '265', 'M W', ' 3:00 PM', 15, 0, 16, 15, None, None, None, None, None, None, None, 'Not Reserved'], ['ECN211', '86131', '151', '265', 'M W', ' 4:30 PM', 16, 30, 17, 45, None, None, None, None, None, None, None, 'Not Reserved'], ['ECN211', '76736', '259', '379', 'T Th', '12:00 PM', 12, 0, 13, 15, None, None, None, None, None, None, None, 'Not Reserved'], ['ECN211', '70899', '239', '379', 'T Th', ' 1:30 PM', 13, 30, 14, 45, None, None, None, None, None, None, None, 'Not Reserved'], ['ECN211', '70901', '124', '265', 'ONLINE', None, None, None, None, None, None, None, None, None, None, None, None, 'Not Reserved'], ['ECN212', '73820', '56', '100', 'T Th', ' 1:30 PM', 13, 30, 14, 45, None, None, None, None, None, None, None, 'Not Reserved'], ['ECN212', '76794', '87', '379', 'M W', ' 1:30 PM', 13, 30, 14, 45, None, None, None, None, None, None, None, 'Not Reserved'], ['ECN212', '86134', '336', '379', 'F', '12:00 PM', 12, 0, 14, 45, None, None, None, None, None, None, None, 'Not Reserved'], ['ECN212', '86135', '104', '265', 'ONLINE', None, None, None, None, None, None, None, None, None, None, None, None, 'Reserved'], ['ECN212', '74607', '83', '120', 'T Th', '10:30 AM', 10, 30, 11, 45, None, None, None, None, None, None, None, 'Not Reserved'], ['ECN213', '70905', '23', '40', 'T Th', ' 1:30 PM', 13, 30, 14, 45, None, None, None, None, None, None, None, 'Reserved'], ['ECN221', '72322', '87', '265', 'M W', ' 3:00 PM', 15, 0, 16, 15, None, None, None, None, None, None, None, 'Not Reserved'], ['ECN221', '72988', '192', '265', 'M W', ' 4:30 PM', 16, 30, 17, 45, None, None, None, None, None, None, None, 'Not Reserved'], ['ECN221', '73728', '28', '60', 'T Th', ' 4:30 PM', 16, 30, 17, 45, None, None, None, None, None, None, None, 'Not Reserved'], ['ECN221', '73233', '45', '60', 'T Th', ' 7:30 AM', 7, 30, 8, 45, None, None, None, None, None, None, None, 'Not Reserved'], ['ECN231', '77687', '18', '42', 'T Th', ' 9:00 AM', 9, 0, 10, 15, None, None, None, None, None, None, None, 'Reserved'], ['ECN306', '74369', '232', '366', 'T Th', ' 7:30 AM', 7, 30, 8, 45, None, None, None, None, None, None, None, 'Not Reserved'], ['ECN306', '86136', '69', '150', 'T Th', ' 3:00 PM', 15, 0, 16, 15, None, None, None, None, None, None, None, 'Not Reserved'], ['ECN312', '81113', '24', '44', 'T Th', ' 9:00 AM', 9, 0, 10, 15, None, None, None, None, None, None, None, 'Not Reserved'], ['ECN312', '70908', '1', '44', 'T Th', '10:30 AM', 10, 30, 11, 45, None, None, None, None, None, None, None, 'Not Reserved'], ['ECN312', '75665', '15', '44', 'T Th', ' 1:30 PM', 13, 30, 14, 45, None, None, None, None, None, None, None, 'Not Reserved'], ['ECN312', '70910', '34', '44', 'T Th', ' 3:00 PM', 15, 0, 16, 15, None, None, None, None, None, None, None, 'Not Reserved'], ['ECN312', '78373', '19', '43', 'T Th', ' 4:30 PM', 16, 30, 17, 45, None, None, None, None, None, None, None, 'Not Reserved'], ['ECN313', '70906', '2', '40', 'T Th', ' 1:30 PM', 13, 30, 14, 45, None, None, None, None, None, None, None, 'Not Reserved'], ['ECN313', '70907', '12', '40', 'T Th', '10:30 AM', 10, 30, 11, 45, None, None, None, None, None, None, None, 'Not Reserved'], ['ECN313', '75666', '3', '40', 'T Th', ' 9:00 AM', 9, 0, 10, 15, None, None, None, None, None, None, None, 'Not Reserved'], ['ECN313', '86142', '8', '40', 'T Th', ' 3:00 PM', 15, 0, 16, 15, None, None, None, None, None, None, None, 'Not Reserved'], ['ECN335', '75667', '34', '54', 'T Th', ' 3:00 PM', 15, 0, 16, 15, None, None, None, None, None, None, None, 'Not Reserved'], ['ECN355', '89817', '36', '54', 'T Th', ' 7:30 AM', 7, 30, 8, 45, None, None, None, None, None, None, None, 'Not Reserved'], ['ECN355', '90228', '37', '54', 'T Th', ' 4:30 PM', 16, 30, 17, 45, None, None, None, None, None, None, None, 'Not Reserved'], ['ECN360', '90127', '32', '54', 'T Th', ' 7:30 AM', 7, 30, 8, 45, None, None, None, None, None, None, None, 'Not Reserved'], ['ECN394', '84202', '9', '54', 'T Th', '12:00 PM', 12, 0, 13, 15, None, None, None, None, None, None, None, 'Not Reserved'], ['ECN394', '91236', '44', '50', 'T Th', ' 4:30 PM', 16, 30, 17, 45, None, None, None, None, None, None, None, 'Not Reserved'], ['ECN410', '86145', '20', '40', 'T Th', '10:30 AM', 10, 30, 11, 45, None, None, None, None, None, None, None, 'Not Reserved'], ['ECN410', '81114', '1', '50', 'T Th', ' 3:00 PM', 15, 0, 16, 15, None, None, None, None, None, None, None, 'Not Reserved'], ['ECN416', '75668', '6', '43', 'T Th', ' 3:00 PM', 15, 0, 16, 15, None, None, None, None, None, None, None, 'Not Reserved'], ['ECN416', '91410', '22', '38', 'T Th', '12:00 PM', 12, 0, 13, 15, None, None, None, None, None, None, None, 'Not Reserved'], ['ECN423', '80474', '1', '40', 'T Th', '10:30 AM', 10, 30, 11, 45, None, None, None, None, None, None, None, 'Not Reserved'], ['ECN425', '81115', '5', '35', 'T Th', ' 4:30 PM', 16, 30, 17, 45, None, None, None, None, None, None, None, 'Not Reserved'], ['ECN425', '76738', '25', '40', 'T Th', ' 1:30 PM', 13, 30, 14, 45, None, None, None, None, None, None, None, 'Not Reserved'], ['ECN436', '74141', '16', '43', 'T Th', '10:30 AM', 10, 30, 11, 45, None, None, None, None, None, None, None, 'Not Reserved'], ['ECN445', '78374', '22', '49', 'T Th', ' 9:00 AM', 9, 0, 10, 15, None, None, None, None, None, None, None, 'Not Reserved'], ['ECN475', '72853', '8', '35', 'T Th', ' 3:00 PM', 15, 0, 16, 15, None, None, None, None, None, None, None, 'Not Reserved'], ['ECN484', '70915', '20', '20', 'ONLINE', None, None, None, None, None, None, None, None, None, None, None, None, 'Not Reserved'], ['ECN484', '74058', '20', '20', 'ONLINE', None, None, None, None, None, None, None, None, None, None, None, None, 'Not Reserved'], ['ECN493', '70916', '15', '20', 'ONLINE', None, None, None, None, None, None, None, None, None, None, None, None, 'Reserved'], ['ECN494', '91415', '27', '40', 'T Th', ' 3:00 PM', 15, 0, 16, 15, None, None, None, None, None, None, None, 'Not Reserved'], ['ECN501', '72832', '50', '50', 'T', ' 6:00 PM', 18, 0, 22, 0, None, None, None, None, None, None, None, 'Reserved'], ['ECN501', '72833', '50', '50', 'Th', ' 6:00 PM', 18, 0, 22, 0, None, None, None, None, None, None, None, 'Reserved'], ['ECN501', '72830', '52', '52', 'M W', ' 8:00 AM', 8, 0, 10, 5, None, None, None, None, None, None, None, 'Reserved'], ['ECN501', '72831', '52', '52', 'M W', '10:20 AM', 10, 20, 12, 25, None, None, None, None, None, None, None, 'Reserved'], ['ECN501', '84101', '32', '35', 'T Th', ' 1:30 PM', 13, 30, 16, 0, None, None, None, None, None, None, None, 'Not Reserved'], ['ECN501', '83858', '60', '60', 'M W', ' 1:30 PM', 13, 30, 16, 0, None, None, None, None, None, None, None, 'Reserved'], ['ECN501', '73484', '54', '55', 'F Sa', ' 8:00 AM', 8, 0, 17, 0, None, None, None, None, None, None, None, 'Reserved'], ['ECN501', '72834', '70', '70', 'ONLINE', None, None, None, None, None, None, None, None, None, None, None, None, 'Reserved'], ['ECN501', '84735', '70', '70', 'ONLINE', None, None, None, None, None, None, None, None, None, None, None, None, 'Reserved'], ['ECN502', '70918', '52', '52', 'T Th', ' 8:00 AM', 8, 0, 10, 5, None, None, None, None, None, None, None, 'Reserved'], ['ECN502', '70919', '52', '52', 'T Th', '10:20 AM', 10, 20, 12, 25, None, None, None, None, None, None, None, 'Reserved'], ['ECN502', '84104', '33', '35', 'T Th', ' 1:30 PM', 13, 30, 16, 0, None, None, None, None, None, None, None, 'Not Reserved'], ['ECN502', '83859', '60', '60', 'T Th', ' 9:00 AM', 9, 0, 11, 30, None, None, None, None, None, None, None, 'Reserved'], ['ECN503', '77173', '9', '50', 'T', ' 6:00 PM', 18, 0, 22, 0, None, None, None, None, None, None, None, 'Reserved'], ['ECN503', '77183', '39', '50', 'Th', ' 6:00 PM', 18, 0, 22, 0, None, None, None, None, None, None, None, 'Reserved'], ['ECN503', '78068', '63', '63', 'ONLINE', None, None, None, None, None, None, None, None, None, None, None, None, 'Reserved'], ['ECN525', '74371', '31', '35', 'T Th', ' 3:00 PM', 15, 0, 16, 15, None, None, None, None, None, None, None, 'Not Reserved'], ['ECN527', '74173', '19', '35', 'T Th', ' 4:30 PM', 16, 30, 17, 45, None, None, None, None, None, None, None, 'Not Reserved'], ['ECN584', '70922', '10', '10', 'ONLINE', None, None, None, None, None, None, None, None, None, None, None, None, 'Not Reserved'], ['ECN590', '70923', '10', '10', 'ONLINE', None, None, None, None, None, None, None, None, None, None, None, None, 'Not Reserved'], ['ECN591', '77246', '24', '52', 'M', ' 8:00 AM', 8, 0, 10, 5, None, None, None, None, None, None, None, 'Reserved'], ['ECN591', '77248', '22', '52', 'M', '10:20 AM', 10, 20, 12, 25, None, None, None, None, None, None, None, 'Reserved'], ['ECN591', '85481', '30', '30', 'M', ' 4:30 PM', 16, 30, 19, 15, None, None, None, None, None, None, None, 'Not Reserved'], ['ECN591', '77561', '100', '100', 'M T W Th F Sa Su', ' 8:00 AM', 8, 0, 17, 0, None, None, None, None, None, None, None, 'Reserved'], ['ECN591', '80253', '100', '100', 'M T W Th F Sa Su', ' 8:00 AM', 8, 0, 17, 0, None, None, None, None, None, None, None, 'Reserved'], ['ECN592', '70924', '10', '10', 'ONLINE', None, None, None, None, None, None, None, None, None, None, None, None, 'Not Reserved'], ['ECN593', '70925', '10', '10', 'ONLINE', None, None, None, None, None, None, None, None, None, None, None, None, 'Not Reserved'], ['ECN594', '70926', '36', '36', 'ONLINE', None, None, None, None, None, None, None, None, None, None, None, None, 'Not Reserved'], ['ECN594', '73816', '35', '36', 'T', '12:00 PM', 12, 0, 13, 15, None, None, None, None, None, None, None, 'Not Reserved'], ['ECN594', '73817', '36', '36', 'Th', '12:00 PM', 12, 0, 13, 15, None, None, None, None, None, None, None, 'Not Reserved'], ['ECN595', '70927', '10', '10', 'ONLINE', None, None, None, None, None, None, None, None, None, None, None, None, 'Not Reserved'], ['ECN599', '70928', '5', '5', 'ONLINE', None, None, None, None, None, None, None, None, None, None, None, None, 'Not Reserved'], ['ECN711', '70929', '35', '36', 'T Th', '10:30 AM', 10, 30, 11, 45, None, None, None, None, None, None, None, 'Not Reserved'], ['ECN712', '70898', '36', '36', 'T Th', ' 1:30 PM', 13, 30, 14, 45, None, None, None, None, None, None, None, 'Not Reserved'], ['ECN715', '81128', '10', '10', 'M', ' 9:00 AM', 9, 0, 11, 45, None, None, None, None, None, None, None, 'Not Reserved'], ['ECN716', '75670', '35', '35', 'W', ' 9:00 AM', 9, 0, 11, 45, None, None, None, None, None, None, None, 'Not Reserved'], ['ECN726', '70930', '32', '36', 'T Th', ' 3:00 PM', 15, 0, 16, 15, None, None, None, None, None, None, None, 'Not Reserved'], ['ECN770', '70931', '36', '36', 'W', '12:00 PM', 12, 0, 14, 45, None, None, None, None, None, None, None, 'Not Reserved'], ['ECN790', '70932', '10', '10', 'ONLINE', None, None, None, None, None, None, None, None, None, None, None, None, 'Not Reserved'], ['ECN791', '75046', '36', '36', 'M', ' 3:30 PM', 15, 30, 17, 0, None, None, None, None, None, None, None, 'Not Reserved'], ['ECN791', '80798', '36', '36', 'W', ' 3:30 PM', 15, 30, 17, 0, None, None, None, None, None, None, None, 'Not Reserved'], ['ECN791', '76009', '35', '36', 'F', ' 3:30 PM', 15, 30, 17, 0, None, None, None, None, None, None, None, 'Not Reserved'], ['ECN791', '89814', '35', '35', 'M', ' 9:00 AM', 9, 0, 11, 45, None, None, None, None, None, None, None, 'Not Reserved'], ['ECN791', '89815', '35', '35', 'M', '12:00 PM', 12, 0, 14, 45, None, None, None, None, None, None, None, 'Not Reserved'], ['ECN791', '86772', '10', '10', 'W', '12:00 PM', 12, 0, 14, 45, None, None, None, None, None, None, None, 'Not Reserved'], ['ECN791', '91731', '10', '10', 'T Th', '10:30 AM', 10, 30, 11, 45, None, None, None, None, None, None, None, 'Not Reserved'], ['ECN792', '70933', '18', '20', 'ONLINE', None, None, None, None, None, None, None, None, None, None, None, None, 'Not Reserved'], ['ECN795', '70934', '10', '10', 'ONLINE', None, None, None, None, None, None, None, None, None, None, None, None, 'Not Reserved'], ['ECN799', '70935', '9', '10', 'ONLINE', None, None, None, None, None, None, None, None, None, None, None, None, 'Not Reserved']], 'MPH': [], 'CBS': [], 'ABS': [['ABS130', '81926', '58', '72', 'T Th', '12:00 PM', 12, 0, 13, 15, None, None, None, None, None, None, None, 'Not Reserved'], ['ABS130', '81953', '21', '24', 'Th', ' 1:30 PM', 13, 30, 15, 30, None, None, None, None, None, None, None, 'Not Reserved'], ['ABS130', '87046', '21', '24', 'Th', ' 4:00 PM', 16, 0, 18, 0, None, None, None, None, None, None, None, 'Not Reserved'], ['ABS130', '90618', '16', '24', 'T', ' 1:30 PM', 13, 30, 15, 30, None, None, None, None, None, None, None, 'Not Reserved'], ['ABS225', '84371', '11', '24', 'M W F', '10:30 AM', 10, 30, 11, 20, None, None, None, None, None, None, None, 'Not Reserved'], ['ABS226', '84372', '16', '24', 'M', ' 1:00 PM', 13, 0, 15, 30, None, None, None, None, None, None, None, 'Not Reserved'], ['ABS270', '81955', '77', '100', 'ONLINE', None, None, None, None, None, None, None, None, None, None, None, None, 'Reserved'], ['ABS271', '90605', '12', '30', 'M', ' 4:30 PM', 16, 30, 19, 15, None, None, None, None, None, None, None, 'Not Reserved'], ['ABS274', '84728', '8', '24', 'T', ' 4:30 PM', 16, 30, 19, 15, None, None, None, None, None, None, None, 'Not Reserved'], ['ABS274', '84731', '8', '24', 'Th', ' 1:30 PM', 13, 30, 16, 15, None, None, None, None, None, None, None, 'Not Reserved'], ['ABS302', '81956', '17', '60', 'ONLINE', None, None, None, None, None, None, None, None, None, None, None, None, 'Reserved'], ['ABS311', '90935', '3', '40', 'T Th', ' 1:30 PM', 13, 30, 14, 45, None, None, None, None, None, None, None, 'Not Reserved'], ['ABS350', '91851', '23', '23', 'T Th', ' 1:30 PM', 13, 30, 14, 45, None, None, None, None, None, None, None, 'Not Reserved'], ['ABS355', '81957', '13', '54', 'T Th', '12:00 PM', 12, 0, 13, 15, None, None, None, None, None, None, None, 'Not Reserved'], ['ABS360', '81958', '302', '500', 'ONLINE', None, None, None, None, None, None, None, None, None, None, None, None, 'Reserved'], ['ABS364', '87047', '11', '20', 'T Th', '12:00 PM', 12, 0, 13, 15, None, None, None, None, None, None, None, 'Not Reserved'], ['ABS380', '82026', '20', '24', 'M W F', ' 1:30 PM', 13, 30, 14, 20, None, None, None, None, None, None, None, 'Not Reserved'], ['ABS380', '82027', '20', '24', 'F', ' 2:30 PM', 14, 30, 16, 15, None, None, None, None, None, None, None, 'Not Reserved'], ['ABS384', '91082', '24', '28', 'Th', ' 4:30 PM', 16, 30, 19, 15, None, None, None, None, None, None, None, 'Not Reserved'], ['ABS394', '83565', '37', '50', 'T Th', ' 1:30 PM', 13, 30, 14, 45, None, None, None, None, None, None, None, 'Not Reserved'], ['ABS425', '87049', '24', '24', 'M W F', ' 9:00 AM', 9, 0, 9, 50, None, None, None, None, None, None, None, 'Not Reserved'], ['ABS440', '84373', '20', '24', 'M W F', ' 9:00 AM', 9, 0, 9, 50, None, None, None, None, None, None, None, 'Not Reserved'], ['ABS441', '84374', '21', '24', 'W', '12:00 PM', 12, 0, 12, 50, None, None, None, None, None, None, None, 'Not Reserved'], ['ABS460', '82029', '53', '100', 'ONLINE', None, None, None, None, None, None, None, None, None, None, None, None, 'Reserved'], ['ABS465', '85914', '5', '5', 'ONLINE', None, None, None, None, None, None, None, None, None, None, None, None, 'Not Reserved'], ['ABS472', '90936', '5', '15', 'T Th', ' 9:00 AM', 9, 0, 10, 15, None, None, None, None, None, None, None, 'Not Reserved'], ['ABS476', '84376', '2', '24', 'T Th', '10:30 AM', 10, 30, 11, 45, None, None, None, None, None, None, None, 'Not Reserved'], ['ABS484', '85601', '3', '3', 'ONLINE', None, None, None, None, None, None, None, None, None, None, None, None, 'Not Reserved'], ['ABS485', '85470', '11', '20', 'T', ' 4:30 PM', 16, 30, 19, 15, None, None, None, None, None, None, None, 'Not Reserved'], ['ABS489', '81962', '4', '5', 'ONLINE', None, None, None, None, None, None, None, None, None, None, None, None, 'Not Reserved'], ['ABS490', '82031', '32', '32', 'W', ' 3:00 PM', 15, 0, 15, 50, None, None, None, None, None, None, None, 'Not Reserved'], ['ABS493', '82053', '5', '5', 'ONLINE', None, None, None, None, None, None, None, None, None, None, None, None, 'Not Reserved'], ['ABS494', '85782', '19', '28', 'Th', ' 7:30 PM', 19, 30, 22, 15, None, None, None, None, None, None, None, 'Not Reserved'], ['ABS494', '87050', '21', '24', 'T Th', ' 9:00 AM', 9, 0, 10, 15, None, None, None, None, None, None, None, 'Not Reserved'], ['ABS494', '87189', '15', '24', 'T Th', '10:30 AM', 10, 30, 11, 45, None, None, None, None, None, None, None, 'Not Reserved'], ['ABS494', '90931', '1', '5', 'ONLINE', None, None, None, None, None, None, None, None, None, None, None, None, 'Not Reserved'], ['ABS499', '82077', '5', '5', 'ONLINE', None, None, None, None, None, None, None, None, None, None, None, None, 'Not Reserved'], ['ABS499', '85732', '11', '12', 'M W F', ' 4:30 PM', 16, 30, 18, 50, None, None, None, None, None, None, None, 'Not Reserved'], ['ABS550', '87268', '5', '8', 'M', '1:00PM', 13, 0, 13, 50, 'M T W Th F', '9:00AM', 9, 0, '12:00PM', 12, 0, 'Not Reserved'], ['ABS590', '82080', '5', '5', 'ONLINE', None, None, None, None, None, None, None, None, None, None, None, None, 'Not Reserved'], ['ABS592', '82081', '5', '5', 'ONLINE', None, None, None, None, None, None, None, None, None, None, None, None, 'Not Reserved'], ['ABS593', '82082', '30', '30', 'ONLINE', None, None, None, None, None, None, None, None, None, None, None, None, 'Not Reserved'], ['ABS595', '82836', '10', '10', 'ONLINE', None, None, None, None, None, None, None, None, None, None, None, None, 'Not Reserved'], ['ABS598', '85471', '4', '4', 'T', ' 4:30 PM', 16, 30, 19, 15, None, None, None, None, None, None, None, 'Not Reserved'], ['ABS598', '90937', '7', '7', 'T Th', ' 9:00 AM', 9, 0, 10, 15, None, None, None, None, None, None, None, 'Not Reserved'], ['ABS598', '91673', '5', '5', 'T Th', ' 9:00 AM', 9, 0, 10, 15, None, None, None, None, None, None, None, 'Not Reserved'], ['ABS598', '91674', '4', '5', 'T', '3:00PM', 15, 0, 16, 15, '', '', None, None, '', None, None, 'Not Reserved'], ['ABS599', '84182', '5', '5', 'ONLINE', None, None, None, None, None, None, None, None, None, None, None, None, 'Not Reserved'], ['ABS691', '83560', '11', '12', 'W', ' 3:00 PM', 15, 0, 15, 50, None, None, None, None, None, None, None, 'Not Reserved']], 'ANP': [], 'CED': [['CED194', '75461', '26', '26', 'W', ' 3:00 PM', 15, 0, 16, 45, None, None, None, None, None, None, None, 'Not Reserved'], ['CED250', '76483', '14', '35', 'ONLINE', None, None, None, None, None, None, None, None, None, None, None, None, 'Reserved'], ['CED250', '86987', '27', '35', 'ONLINE', None, None, None, None, None, None, None, None, None, None, None, None, 'Reserved'], ['CED250', '86098', '24', '30', 'T Th', ' 9:00 AM', 9, 0, 10, 15, None, None, None, None, None, None, None, 'Not Reserved'], ['CED250', '81924', '22', '30', 'T Th', ' 9:00 AM', 9, 0, 10, 15, None, None, None, None, None, None, None, 'Not Reserved'], ['CED250', '75463', '20', '30', 'T Th', '10:30 AM', 10, 30, 11, 45, None, None, None, None, None, None, None, 'Not Reserved'], ['CED250', '75464', '20', '30', 'T Th', '12:00 PM', 12, 0, 13, 15, None, None, None, None, None, None, None, 'Not Reserved'], ['CED250', '75993', '23', '30', 'T Th', '12:00 PM', 12, 0, 13, 15, None, None, None, None, None, None, None, 'Not Reserved'], ['CED250', '75466', '22', '30', 'T Th', ' 1:30 PM', 13, 30, 14, 45, None, None, None, None, None, None, None, 'Not Reserved'], ['CED250', '75504', '21', '30', 'T Th', ' 1:30 PM', 13, 30, 14, 45, None, None, None, None, None, None, None, 'Not Reserved'], ['CED250', '78317', '28', '30', 'T Th', ' 3:00 PM', 15, 0, 16, 15, None, None, None, None, None, None, None, 'Not Reserved'], ['CED250', '86097', '31', '35', 'ONLINE', None, None, None, None, None, None, None, None, None, None, None, None, 'Reserved'], ['CED484', '84508', '20', '20', 'ONLINE', None, None, None, None, None, None, None, None, None, None, None, None, 'Not Reserved'], ['CED502', '85439', '13', '30', 'T', ' 1:30 PM', 13, 30, 16, 15, None, None, None, None, None, None, None, 'Reserved'], ['CED529', '75472', '2', '30', 'Th', ' 4:30 PM', 16, 30, 19, 15, None, None, None, None, None, None, None, 'Reserved'], ['CED595', '75475', '30', '30', 'ONLINE', None, None, None, None, None, None, None, None, None, None, None, None, 'Reserved'], ['CED599', '85533', '8', '10', 'ONLINE', None, None, None, None, None, None, None, None, None, None, None, None, 'Not Reserved'], ['CED680', '77743', '30', '30', 'W', ' 4:30 PM', 16, 30, 19, 15, None, None, None, None, None, None, None, 'Not Reserved'], ['CED680', '75477', '10', '10', 'M', ' 3:00 PM', 15, 0, 20, 0, None, None, None, None, None, None, None, 'Not Reserved'], ['CED680', '75476', '10', '10', 'T', ' 2:30 PM', 14, 30, 19, 30, None, None, None, None, None, None, None, 'Not Reserved'], ['CED680', '82640', '10', '10', 'Th', ' 9:00 AM', 9, 0, 14, 0, None, None, None, None, None, None, None, 'Not Reserved'], ['CED680', '87003', '10', '10', 'Th', ' 2:30 PM', 14, 30, 19, 30, None, None, None, None, None, None, None, 'Not Reserved'], ['CED684', '85650', '30', '30', 'M', ' 4:30 PM', 16, 30, 19, 15, None, None, None, None, None, None, None, 'Not Reserved']], 'PHI': [], 'IND': [], 'OPM': [], 'HTY': [], 'AVC': [], 'ACC': [['ACC101', '78362', '80', '100', 'F', ' 1:30 PM', 13, 30, 14, 45, None, None, None, None, None, None, None, 'Not Reserved'], ['ACC101', '78849', '21', '25', 'F', ' 3:00 PM', 15, 0, 16, 15, None, None, None, None, None, None, None, 'Reserved'], ['ACC101', '78851', '24', '25', 'F', ' 3:00 PM', 15, 0, 16, 15, None, None, None, None, None, None, None, 'Reserved'], ['ACC101', '78852', '16', '25', 'F', ' 3:00 PM', 15, 0, 16, 15, None, None, None, None, None, None, None, 'Reserved'], ['ACC101', '81421', '19', '25', 'F', ' 3:00 PM', 15, 0, 16, 15, None, None, None, None, None, None, None, 'Not Reserved'], ['ACC101', '82721', '99', '100', 'F', ' 3:00 PM', 15, 0, 16, 15, None, None, None, None, None, None, None, 'Reserved'], ['ACC101', '82723', '25', '25', 'F', ' 1:30 PM', 13, 30, 14, 45, None, None, None, None, None, None, None, 'Reserved'], ['ACC101', '82724', '24', '25', 'F', ' 1:30 PM', 13, 30, 14, 45, None, None, None, None, None, None, None, 'Reserved'], ['ACC101', '82725', '25', '25', 'ONLINE', None, None, None, None, None, None, None, None, None, None, None, None, 'Reserved'], ['ACC101', '82728', '25', '25', 'ONLINE', None, None, None, None, None, None, None, None, None, None, None, None, 'Reserved'], ['ACC231', '74850', '69', '125', 'ONLINE', None, None, None, None, None, None, None, None, None, None, None, None, 'Reserved'], ['ACC231', '70156', '177', '250', 'M W F', ' 7:30 AM', 7, 30, 8, 20, None, None, None, None, None, None, None, 'Not Reserved'], ['ACC231', '73794', '18', '40', 'M', ' 6:00 PM', 18, 0, 20, 45, None, None, None, None, None, None, None, 'Not Reserved'], ['ACC231', '73795', '1', '40', 'T Th', ' 3:00 PM', 15, 0, 16, 15, None, None, None, None, None, None, None, 'Not Reserved'], ['ACC231', '75755', '19', '40', 'M W', ' 3:00 PM', 15, 0, 16, 15, None, None, None, None, None, None, None, 'Not Reserved'], ['ACC232', '74876', '18', '50', 'T Th', ' 9:00 AM', 9, 0, 10, 15, None, None, None, None, None, None, None, 'Not Reserved'], ['ACC241', '76787', '40', '125', 'ONLINE', None, None, None, None, None, 'F', None, None, None, None, None, None, 'Reserved'], ['ACC241', '70421', '7', '360', 'T Th', ' 7:30 AM', 7, 30, 8, 45, None, None, None, None, None, None, None, 'Not Reserved'], ['ACC241', '89795', '14', '45', 'M W F', ' 7:30 AM', 7, 30, 8, 20, None, None, None, None, None, None, None, 'Not Reserved'], ['ACC242', '74878', '2', '48', 'T Th', '12:00 PM', 12, 0, 13, 15, None, None, None, None, None, None, None, 'Not Reserved'], ['ACC242', '82458', '1', '48', 'T Th', ' 3:00 PM', 15, 0, 16, 15, None, None, None, None, None, None, None, 'Not Reserved'], ['ACC242', '83398', '2', '48', 'T Th', ' 9:00 AM', 9, 0, 10, 15, None, None, None, None, None, None, None, 'Not Reserved'], ['ACC242', '83596', '3', '47', 'W', ' 6:00 PM', 18, 0, 20, 45, None, None, None, None, None, None, None, 'Not Reserved'], ['ACC261', '84020', '33', '40', 'M W', ' 3:00 PM', 15, 0, 16, 15, None, None, None, None, None, None, None, 'Reserved'], ['ACC271', '73686', '2', '45', 'T Th', '10:30 AM', 10, 30, 11, 45, None, None, None, None, None, None, None, 'Not Reserved'], ['ACC271', '74896', '2', '45', 'T Th', '12:00 PM', 12, 0, 13, 15, None, None, None, None, None, None, None, 'Not Reserved'], ['ACC340', '73912', '9', '47', 'T Th', ' 7:30 AM', 7, 30, 8, 45, None, None, None, None, None, None, None, 'Not Reserved'], ['ACC340', '73913', '2', '47', 'T Th', ' 9:00 AM', 9, 0, 10, 15, None, None, None, None, None, None, None, 'Not Reserved'], ['ACC340', '75747', '15', '45', 'W', ' 6:00 PM', 18, 0, 20, 45, None, None, None, None, None, None, None, 'Not Reserved'], ['ACC350', '70429', '10', '45', 'M W', ' 3:00 PM', 15, 0, 16, 15, None, None, None, None, None, None, None, 'Not Reserved'], ['ACC360', '82469', '10', '30', 'T Th', ' 7:30 AM', 7, 30, 8, 45, None, None, None, None, None, None, None, 'Not Reserved'], ['ACC382', '78698', '11', '220', 'ONLINE', None, None, None, None, None, None, None, None, None, None, None, None, 'Reserved'], ['ACC430', '70431', '11', '35', 'T Th', ' 7:30 AM', 7, 30, 8, 45, None, None, None, None, None, None, None, 'Not Reserved'], ['ACC430', '80376', '1', '35', 'M W', ' 1:30 PM', 13, 30, 14, 45, None, None, None, None, None, None, None, 'Not Reserved'], ['ACC430', '82485', '18', '35', 'M W', ' 3:00 PM', 15, 0, 16, 15, None, None, None, None, None, None, None, 'Not Reserved'], ['ACC440', '88238', '14', '45', 'T', ' 6:00 PM', 18, 0, 20, 45, None, None, None, None, None, None, None, 'Not Reserved'], ['ACC444', '74507', '20', '30', 'M', ' 6:00 PM', 18, 0, 20, 45, None, None, None, None, None, None, None, 'Not Reserved'], ['ACC444', '83466', '32', '40', 'T Th', ' 7:30 AM', 7, 30, 8, 45, None, None, None, None, None, None, None, 'Not Reserved'], ['ACC444', '83482', '2', '40', 'T Th', ' 9:00 AM', 9, 0, 10, 15, None, None, None, None, None, None, None, 'Not Reserved'], ['ACC444', '83483', '1', '40', 'T Th', ' 1:30 PM', 13, 30, 14, 45, None, None, None, None, None, None, None, 'Not Reserved'], ['ACC450', '70435', '12', '35', 'T Th', ' 7:30 AM', 7, 30, 8, 45, None, None, None, None, None, None, None, 'Not Reserved'], ['ACC493', '77694', '9', '10', 'ONLINE', None, None, None, None, None, None, None, None, None, None, None, None, 'Not Reserved'], ['ACC502', '70436', '52', '52', 'T Th', ' 8:00 AM', 8, 0, 10, 5, None, None, None, None, None, None, None, 'Reserved'], ['ACC502', '70437', '52', '52', 'T Th', '10:20 AM', 10, 20, 12, 25, None, None, None, None, None, None, None, 'Reserved'], ['ACC502', '84102', '33', '35', 'M W', ' 1:30 PM', 13, 30, 16, 0, None, None, None, None, None, None, None, 'Not Reserved'], ['ACC502', '84639', '60', '60', 'T Th', '10:30 AM', 10, 30, 11, 45, None, None, None, None, None, None, None, 'Reserved'], ['ACC502', '70439', '50', '50', 'T', ' 6:00 PM', 18, 0, 22, 0, None, None, None, None, None, None, None, 'Reserved'], ['ACC502', '73477', '50', '50', 'Th', ' 6:00 PM', 18, 0, 22, 0, None, None, None, None, None, None, None, 'Reserved'], ['ACC502', '70438', '54', '55', 'F Sa', ' 8:00 AM', 8, 0, 17, 0, None, None, None, None, None, None, None, 'Reserved'], ['ACC502', '72879', '70', '70', 'ONLINE', None, None, None, None, None, None, None, None, None, None, None, None, 'Reserved'], ['ACC502', '84736', '70', '70', 'ONLINE', None, None, None, None, None, None, None, None, None, None, None, None, 'Reserved'], ['ACC503', '70440', '39', '50', 'T', ' 6:00 PM', 18, 0, 22, 0, None, None, None, None, None, None, None, 'Reserved'], ['ACC503', '70442', '9', '50', 'Th', ' 6:00 PM', 18, 0, 22, 0, None, None, None, None, None, None, None, 'Reserved'], ['ACC503', '72602', '16', '48', 'F', '4:30PM', 16, 30, 18, 30, 'Sa', '8:00AM', 8, 0, '12:00PM', 12, 0, 'Reserved'], ['ACC503', '80052', '22', '55', 'F Sa', ' 8:00 AM', 8, 0, 17, 0, None, None, None, None, None, None, None, 'Reserved'], ['ACC503', '90465', '70', '70', 'ONLINE', None, None, None, None, None, None, None, None, None, None, None, None, 'Reserved'], ['ACC503', '90470', '70', '70', 'ONLINE', None, None, None, None, None, None, None, None, None, None, None, None, 'Reserved'], ['ACC503', '84640', '60', '60', 'M W', '10:30 AM', 10, 30, 11, 45, None, None, None, None, None, None, None, 'Reserved'], ['ACC511', '70443', '38', '60', 'T Th', ' 2:30 PM', 14, 30, 17, 0, None, None, None, None, None, None, None, 'Not Reserved'], ['ACC512', '75800', '34', '60', 'T Th', ' 8:00 AM', 8, 0, 10, 30, None, None, None, None, None, None, None, 'Not Reserved'], ['ACC512', '75801', '35', '60', 'T Th', '11:00 AM', 11, 0, 13, 30, None, None, None, None, None, None, None, 'Not Reserved'], ['ACC512', '78493', '36', '60', 'T Th', ' 2:00 PM', 14, 0, 16, 30, None, None, None, None, None, None, None, 'Not Reserved'], ['ACC513', '74245', '36', '60', 'M W', '11:00 AM', 11, 0, 13, 30, None, None, None, None, None, None, None, 'Not Reserved'], ['ACC513', '78577', '34', '60', 'M W', ' 2:00 PM', 14, 0, 16, 30, None, None, None, None, None, None, None, 'Not Reserved'], ['ACC513', '78584', '35', '60', 'M W', ' 8:00 AM', 8, 0, 10, 30, None, None, None, None, None, None, None, 'Not Reserved'], ['ACC571', '72969', '38', '60', 'T Th', '11:00 AM', 11, 0, 13, 30, None, None, None, None, None, None, None, 'Not Reserved'], ['ACC573', '76809', '38', '60', 'M W', '10:00 AM', 10, 0, 12, 30, None, None, None, None, None, None, None, 'Not Reserved'], ['ACC577', '84500', '33', '55', 'T Th', ' 2:30 PM', 14, 30, 17, 0, None, None, None, None, None, None, None, 'Not Reserved'], ['ACC591', '81134', '36', '60', 'M W', ' 7:30 AM', 7, 30, 10, 0, None, None, None, None, None, None, None, 'Not Reserved'], ['ACC591', '78617', '34', '60', 'M W', ' 7:30 AM', 7, 30, 10, 0, None, None, None, None, None, None, None, 'Not Reserved'], ['ACC591', '80261', '35', '60', 'M W', '10:15 AM', 10, 15, 12, 45, None, None, None, None, None, None, None, 'Not Reserved'], ['ACC591', '80263', '36', '60', 'M W', ' 1:30 PM', 13, 30, 16, 0, None, None, None, None, None, None, None, 'Not Reserved'], ['ACC591', '73855', '39', '65', 'M W', '10:30 AM', 10, 30, 13, 0, None, None, None, None, None, None, None, 'Not Reserved'], ['ACC591', '76749', '40', '65', 'M W', ' 1:30 PM', 13, 30, 16, 0, None, None, None, None, None, None, None, 'Not Reserved'], ['ACC591', '75094', '38', '60', 'T Th', '11:00 AM', 11, 0, 13, 30, None, None, None, None, None, None, None, 'Not Reserved'], ['ACC591', '76807', '35', '60', 'T Th', ' 8:00 AM', 8, 0, 10, 30, None, None, None, None, None, None, None, 'Not Reserved'], ['ACC591', '76808', '36', '60', 'T Th', '11:00 AM', 11, 0, 13, 30, None, None, None, None, None, None, None, 'Not Reserved'], ['ACC591', '78596', '34', '60', 'T Th', ' 2:00 PM', 14, 0, 16, 30, None, None, None, None, None, None, None, 'Not Reserved'], ['ACC595', '74229', '100', '100', 'ONLINE', None, None, None, None, None, None, None, None, None, None, None, None, 'Reserved'], ['ACC791', '85775', '10', '10', 'ONLINE', None, None, None, None, None, None, None, None, None, None, None, None, 'Not Reserved'], ['ACC791', '75371', '6', '6', 'ONLINE', None, None, None, None, None, None, None, None, None, None, None, None, 'Not Reserved'], ['ACC792', '80542', '10', '10', 'ONLINE', None, None, None, None, None, None, None, None, None, None, None, None, 'Not Reserved'], ['ACC795', '76561', '5', '5', 'ONLINE', None, None, None, None, None, None, None, None, None, None, None, None, 'Not Reserved'], ['ACC799', '70444', '10', '10', 'ONLINE', None, None, None, None, None, None, None, None, None, None, None, None, 'Not Reserved']], 'EMS': [['EMS511', '83984', '30', '30', 'ONLINE', None, None, None, None, None, None, None, None, None, None, None, None, 'Not Reserved'], ['EMS512', '83985', '30', '30', 'ONLINE', None, None, None, None, None, None, None, None, None, None, None, None, 'Not Reserved'], ['EMS513', '83986', '30', '30', 'ONLINE', None, None, None, None, None, None, None, None, None, None, None, None, 'Not Reserved'], ['EMS514', '83987', '30', '30', 'ONLINE', None, None, None, None, None, None, None, None, None, None, None, None, 'Not Reserved'], ['EMS515', '83988', '30', '30', 'ONLINE', None, None, None, None, None, None, None, None, None, None, None, None, 'Not Reserved']], 'ATE': [['ATE550', '75206', '35', '35', 'T Th', ' 1:30 PM', 13, 30, 14, 45, None, None, None, None, None, None, None, 'Not Reserved'], ['ATE562', '82981', '10', '10', 'M', ' 7:30 AM', 7, 30, 10, 15, None, None, None, None, None, None, None, 'Not Reserved']], 'BCH': [['BCH361', '75759', '116', '168', 'T Th', '12:00 PM', 12, 0, 13, 15, None, None, None, None, None, None, None, 'Reserved'], ['BCH361', '84091', '41', '80', 'T Th', ' 1:30 PM', 13, 30, 14, 45, None, None, None, None, None, None, None, 'Reserved'], ['BCH367', '85680', '10', '40', 'F', ' 9:00 AM', 9, 0, 9, 50, None, None, None, None, None, None, None, 'Reserved'], ['BCH367', '85683', '10', '20', 'F', ' 1:30 PM', 13, 30, 16, 0, None, None, None, None, None, None, None, 'Not Reserved'], ['BCH367', '75760', '22', '48', 'M', '10:30 AM', 10, 30, 11, 45, None, None, None, None, None, None, None, 'Reserved'], ['BCH367', '83235', '9', '12', 'W', ' 7:30 AM', 7, 30, 10, 20, None, None, None, None, None, None, None, 'Not Reserved'], ['BCH367', '83237', '5', '12', 'M', ' 6:00 PM', 18, 0, 20, 50, None, None, None, None, None, None, None, 'Not Reserved'], ['BCH367', '83265', '8', '12', 'F', ' 7:30 AM', 7, 30, 10, 20, None, None, None, None, None, None, None, 'Not Reserved'], ['BCH367', '76101', '21', '48', 'M', ' 1:30 PM', 13, 30, 14, 45, None, None, None, None, None, None, None, 'Reserved'], ['BCH367', '83238', '8', '12', 'W', ' 7:30 AM', 7, 30, 10, 20, None, None, None, None, None, None, None, 'Not Reserved'], ['BCH367', '83240', '6', '12', 'M', ' 6:00 PM', 18, 0, 20, 50, None, None, None, None, None, None, None, 'Not Reserved'], ['BCH367', '83266', '7', '12', 'F', ' 7:30 AM', 7, 30, 10, 20, None, None, None, None, None, None, None, 'Not Reserved'], ['BCH361', '79738', '5', '175', 'T Th', ' 1:30 PM', 13, 30, 14, 45, None, None, None, None, None, None, None, 'Not Reserved'], ['BCH367', '77582', '6', '16', 'W', ' 1:30 PM', 13, 30, 16, 20, None, None, None, None, None, None, None, 'Not Reserved'], ['BCH462', '76266', '109', '178', 'T Th', ' 4:30 PM', 16, 30, 17, 45, None, None, None, None, None, None, None, 'Not Reserved'], ['BCH467', '77584', '1', '16', 'Th', '12:00 PM', 12, 0, 16, 50, None, None, None, None, None, None, None, 'Not Reserved'], ['BCH467', '77585', '7', '16', 'Th', ' 2:30 PM', 14, 30, 19, 20, None, None, None, None, None, None, None, 'Not Reserved'], ['BCH494', '78032', '22', '25', 'M W F', '12:00 PM', 12, 0, 12, 50, None, None, None, None, None, None, None, 'Not Reserved'], ['BCH501', '78030', '18', '40', 'F', ' 1:30 PM', 13, 30, 14, 45, None, None, None, None, None, None, None, 'Not Reserved'], ['BCH561', '83394', '18', '20', 'M W', ' 3:00 PM', 15, 0, 17, 45, None, None, None, None, None, None, None, 'Not Reserved'], ['BCH564', '91717', '18', '24', 'M W F', '10:30 AM', 10, 30, 11, 20, None, None, None, None, None, None, None, 'Not Reserved'], ['BCH598', '78031', '20', '20', 'T Th', '12:00 PM', 12, 0, 13, 15, None, None, None, None, None, None, None, 'Not Reserved'], ['BCH598', '78995', '10', '13', 'T Th', ' 9:00 AM', 9, 0, 10, 15, None, None, None, None, None, None, None, 'Not Reserved'], ['BCH371', '78469', '20', '60', 'T Th', ' 9:00 AM', 9, 0, 10, 15, None, None, None, None, None, None, None, 'Not Reserved'], ['BCH372', '91516', '21', '24', 'T', ' 2:15 PM', 14, 15, 17, 0, None, None, None, None, None, None, None, 'Not Reserved']], 'ATC': [['ATC230', '78383', '12', '40', 'T Th', ' 9:00 AM', 9, 0, 10, 15, None, None, None, None, None, None, None, 'Not Reserved'], ['ATC431', '78384', '13', '20', 'T Th', ' 9:00 AM', 9, 0, 9, 50, None, None, None, None, None, None, None, 'Not Reserved'], ['ATC431', '78386', '3', '10', 'T', '10:00 AM', 10, 0, 12, 30, None, None, None, None, None, None, None, 'Not Reserved'], ['ATC431', '78387', '10', '10', 'Th', '10:00 AM', 10, 0, 12, 30, None, None, None, None, None, None, None, 'Not Reserved'], ['ATC432', '76512', '8', '8', 'M', ' 9:00 AM', 9, 0, 11, 30, None, None, None, None, None, None, None, 'Not Reserved'], ['ATC432', '76930', '7', '8', 'W', ' 9:00 AM', 9, 0, 11, 30, None, None, None, None, None, None, None, 'Not Reserved'], ['ATC433', '77800', '9', '20', 'T Th', '12:30 PM', 12, 30, 13, 20, None, None, None, None, None, None, None, 'Not Reserved'], ['ATC433', '77801', '1', '10', 'T', ' 1:30 PM', 13, 30, 16, 0, None, None, None, None, None, None, None, 'Not Reserved'], ['ATC433', '77802', '8', '10', 'Th', ' 1:30 PM', 13, 30, 16, 0, None, None, None, None, None, None, None, 'Not Reserved'], ['ATC230', '78383', '12', '40', 'T Th', ' 9:00 AM', 9, 0, 10, 15, None, None, None, None, None, None, None, 'Not Reserved'], ['ATC431', '78384', '13', '20', 'T Th', ' 9:00 AM', 9, 0, 9, 50, None, None, None, None, None, None, None, 'Not Reserved'], ['ATC431', '78386', '3', '10', 'T', '10:00 AM', 10, 0, 12, 30, None, None, None, None, None, None, None, 'Not Reserved'], ['ATC431', '78387', '10', '10', 'Th', '10:00 AM', 10, 0, 12, 30, None, None, None, None, None, None, None, 'Not Reserved'], ['ATC432', '76512', '8', '8', 'M', ' 9:00 AM', 9, 0, 11, 30, None, None, None, None, None, None, None, 'Not Reserved'], ['ATC432', '76930', '7', '8', 'W', ' 9:00 AM', 9, 0, 11, 30, None, None, None, None, None, None, None, 'Not Reserved'], ['ATC433', '77800', '9', '20', 'T Th', '12:30 PM', 12, 30, 13, 20, None, None, None, None, None, None, None, 'Not Reserved'], ['ATC433', '77801', '1', '10', 'T', ' 1:30 PM', 13, 30, 16, 0, None, None, None, None, None, None, None, 'Not Reserved'], ['ATC433', '77802', '8', '10', 'Th', ' 1:30 PM', 13, 30, 16, 0, None, None, None, None, None, None, None, 'Not Reserved']], 'MUS': [], 'CMN': [['CMN505', '72637', '29', '35', 'W', ' 6:00 PM', 18, 0, 20, 45, None, None, None, None, None, None, None, 'Not Reserved'], ['CMN531', '91015', '1', '20', 'T', ' 6:00 PM', 18, 0, 20, 45, None, None, None, None, None, None, None, 'Not Reserved'], ['CMN570', '86495', '4', '20', 'Th', ' 4:30 PM', 16, 30, 19, 15, None, None, None, None, None, None, None, 'Not Reserved'], ['CMN580', '72636', '4', '5', 'ONLINE', None, None, None, None, None, None, None, None, None, None, None, None, 'Not Reserved'], ['CMN580', '91431', '3', '5', 'ONLINE', None, None, None, None, None, None, None, None, None, None, None, None, 'Not Reserved'], ['CMN580', '91730', '4', '5', 'ONLINE', None, None, None, None, None, None, None, None, None, None, None, None, 'Not Reserved'], ['CMN580', '91753', '4', '5', 'ONLINE', None, None, None, None, None, None, None, None, None, None, None, None, 'Not Reserved'], ['CMN584', '78887', '5', '5', 'ONLINE', None, None, None, None, None, None, None, None, None, None, None, None, 'Reserved'], ['CMN590', '72635', '5', '5', 'ONLINE', None, None, None, None, None, None, None, None, None, None, None, None, 'Reserved'], ['CMN590', '84051', '5', '5', 'ONLINE', None, None, None, None, None, None, None, None, None, None, None, None, 'Not Reserved'], ['CMN591', '91013', '1', '10', 'T Th', '10:30 AM', 10, 30, 11, 45, None, None, None, None, None, None, None, 'Not Reserved'], ['CMN592', '75460', '4', '5', 'ONLINE', None, None, None, None, None, None, None, None, None, None, None, None, 'Reserved'], ['CMN593', '72634', '4', '5', 'ONLINE', None, None, None, None, None, None, None, None, None, None, None, None, 'Reserved'], ['CMN593', '85499', '4', '5', 'ONLINE', None, None, None, None, None, None, None, None, None, None, None, None, 'Not Reserved'], ['CMN595', '72632', '10', '10', 'ONLINE', None, None, None, None, None, None, None, None, None, None, None, None, 'Reserved'], ['CMN598', '76761', '6', '10', 'T Th', '12:00 PM', 12, 0, 13, 15, None, None, None, None, None, None, None, 'Not Reserved'], ['CMN598', '80412', '9', '10', 'M W', ' 3:00 PM', 15, 0, 16, 15, None, None, None, None, None, None, None, 'Reserved'], ['CMN598', '80672', '3', '10', 'T Th', ' 9:00 AM', 9, 0, 10, 15, None, None, None, None, None, None, None, 'Reserved'], ['CMN599', '72638', '5', '5', 'ONLINE', None, None, None, None, None, None, None, None, None, None, None, None, 'Not Reserved'], ['CMN599', '80411', '5', '5', 'ONLINE', None, None, None, None, None, None, None, None, None, None, None, None, 'Not Reserved'], ['CMN599', '80950', '4', '5', 'ONLINE', None, None, None, None, None, None, None, None, None, None, None, None, 'Not Reserved'], ['CMN599', '84340', '5', '5', 'ONLINE', None, None, None, None, None, None, None, None, None, None, None, None, 'Not Reserved']], 'ACO': [['ACO100', '82202', '22', '36', 'M W F', '10:30 AM', 10, 30, 11, 20, None, None, None, None, None, None, None, 'Not Reserved'], ['ACO101', '70445', '30', '36', 'M W', ' 3:00 PM', 15, 0, 16, 15, None, None, None, None, None, None, None, 'Reserved'], ['ACO101', '90503', '27', '36', 'T Th', ' 1:30 PM', 13, 30, 14, 45, None, None, None, None, None, None, None, 'Reserved'], ['ACO102', '70446', '19', '36', 'T Th', '12:00 PM', 12, 0, 13, 15, None, None, None, None, None, None, None, 'Reserved'], ['ACO201', '77631', '17', '36', 'T Th', '12:00 PM', 12, 0, 13, 15, None, None, None, None, None, None, None, 'Not Reserved'], ['ACO320', '76821', '19', '36', 'T Th', ' 9:00 AM', 9, 0, 10, 15, None, None, None, None, None, None, None, 'Not Reserved'], ['ACO330', '72444', '22', '36', 'T Th', '10:30 AM', 10, 30, 11, 45, None, None, None, None, None, None, None, 'Not Reserved'], ['ACO422', '90504', '34', '36', 'T Th', ' 9:00 AM', 9, 0, 10, 15, None, None, None, None, None, None, None, 'Not Reserved'], ['ACO430', '82204', '35', '36', 'T Th', ' 1:30 PM', 13, 30, 14, 45, None, None, None, None, None, None, None, 'Not Reserved'], ['ACO484', '80559', '5', '5', 'ONLINE', None, None, None, None, None, None, None, None, None, None, None, None, 'Not Reserved'], ['ACO484', '80735', '5', '5', 'ONLINE', None, None, None, None, None, None, None, None, None, None, None, None, 'Not Reserved'], ['ACO499', '91756', '4', '5', 'ONLINE', None, None, None, None, None, None, None, None, None, None, None, None, 'Not Reserved'], ['ACO499', '75914', '12', '15', 'ONLINE', None, None, None, None, None, None, None, None, None, None, None, None, 'Not Reserved']], 'GLG': [['GLG101', '73357', '326', '400', 'ONLINE', None, None, None, None, None, None, None, None, None, None, None, None, 'Reserved'], ['GLG103', '73358', '335', '400', 'ONLINE', None, None, None, None, None, None, None, None, None, None, None, None, 'Reserved']], 'IDN': [], 'MUD': [], 'TMC': [], 'COE': [['COE501', '78178', '59', '60', 'ONLINE', None, None, None, None, None, None, None, None, None, None, None, None, 'Reserved'], ['COE501', '87375', '25', '25', 'ONLINE', None, None, None, None, None, None, None, None, None, None, None, None, 'Reserved'], ['COE502', '75844', '12', '20', 'Th', ' 4:30 PM', 16, 30, 19, 15, None, None, None, None, None, None, None, 'Not Reserved'], ['COE503', '76501', '19', '20', 'Th', ' 4:30 PM', 16, 30, 19, 15, None, None, None, None, None, None, None, 'Not Reserved'], ['COE503', '91352', '17', '20', 'W', ' 4:30 PM', 16, 30, 19, 15, None, None, None, None, None, None, None, 'Not Reserved']], 'REL': [], 'ACT': [['ACT201', '81441', '53', '75', 'M W', ' 1:30 PM', 13, 30, 14, 45, None, None, None, None, None, None, None, 'Not Reserved'], ['ACT415', '81442', '15', '40', 'M W', ' 3:00 PM', 15, 0, 16, 15, None, None, None, None, None, None, None, 'Not Reserved'], ['ACT440', '89377', '22', '30', 'M W', ' 4:30 PM', 16, 30, 17, 45, None, None, None, None, None, None, None, 'Not Reserved'], ['ACT450', '83979', '30', '35', 'T Th', ' 3:00 PM', 15, 0, 16, 15, None, None, None, None, None, None, None, 'Not Reserved']], 'LSC': [], 'NEW': [], 'ETH': [['ETH100', '71190', '17', '60', 'ONLINE', None, None, None, None, None, None, None, None, None, None, None, None, 'Reserved']], 'REA': [], 'COM': [['COM100', '79069', '2', '40', 'M W', ' 3:00 PM', 15, 0, 16, 15, None, None, None, None, None, None, None, 'Not Reserved'], ['COM100', '80831', '24', '39', 'W', ' 6:00 PM', 18, 0, 20, 45, None, None, None, None, None, None, None, 'Not Reserved'], ['COM100', '91834', '40', '40', 'M W', ' 1:30 PM', 13, 30, 14, 45, None, None, None, None, None, None, None, 'Reserved'], ['COM207', '89363', '34', '35', 'F', ' 1:30 PM', 13, 30, 14, 20, None, None, None, None, None, None, None, 'Not Reserved'], ['COM207', '77451', '19', '35', 'M W', ' 3:00 PM', 15, 0, 16, 15, None, None, None, None, None, None, None, 'Not Reserved'], ['COM225', '77468', '1', '25', 'T Th', ' 1:30 PM', 13, 30, 14, 45, None, None, None, None, None, None, None, 'Not Reserved'], ['COM225', '77469', '16', '25', 'T Th', ' 4:30 PM', 16, 30, 17, 45, None, None, None, None, None, None, None, 'Not Reserved'], ['COM225', '77470', '22', '25', 'T Th', ' 4:30 PM', 16, 30, 17, 45, None, None, None, None, None, None, None, 'Not Reserved'], ['COM225', '77472', '1', '25', 'M W', ' 4:30 PM', 16, 30, 17, 45, None, None, None, None, None, None, None, 'Not Reserved'], ['COM230', '89395', '19', '30', 'M W F', '12:00 PM', 12, 0, 12, 50, None, None, None, None, None, None, None, 'Reserved'], ['COM230', '89397', '7', '30', 'T Th', ' 7:30 AM', 7, 30, 8, 45, None, None, None, None, None, None, None, 'Not Reserved'], ['COM230', '89400', '19', '30', 'M W', ' 3:00 PM', 15, 0, 16, 15, None, None, None, None, None, None, None, 'Reserved'], ['COM230', '79192', '15', '30', 'T Th', ' 9:00 AM', 9, 0, 10, 15, None, None, None, None, None, None, None, 'Reserved'], ['COM230', '89405', '24', '30', 'T Th', ' 9:00 AM', 9, 0, 10, 15, None, None, None, None, None, None, None, 'Reserved'], ['COM230', '89407', '19', '30', 'T Th', ' 9:00 AM', 9, 0, 10, 15, None, None, None, None, None, None, None, 'Reserved'], ['COM230', '89411', '17', '30', 'M W', ' 4:30 PM', 16, 30, 17, 45, None, None, None, None, None, None, None, 'Reserved'], ['COM230', '89414', '10', '30', 'M', ' 6:00 PM', 18, 0, 20, 45, None, None, None, None, None, None, None, 'Not Reserved'], ['COM230', '89415', '4', '30', 'T', ' 6:00 PM', 18, 0, 20, 45, None, None, None, None, None, None, None, 'Not Reserved'], ['COM100', '74440', '100', '120', 'T Th', '10:30 AM', 10, 30, 11, 45, None, None, None, None, None, None, None, 'Not Reserved'], ['COM100', '89132', '50', '50', 'M W F', '10:30 AM', 10, 30, 11, 20, None, None, None, None, None, None, None, 'Reserved'], ['COM100', '89641', '30', '30', 'T Th', ' 9:00 AM', 9, 0, 10, 15, None, None, None, None, None, None, None, 'Not Reserved'], ['COM124', '82024', '13', '60', 'ONLINE', None, None, None, None, None, None, None, None, None, None, None, None, 'Reserved'], ['COM207', '75585', '17', '40', 'T Th', ' 9:00 AM', 9, 0, 10, 15, None, None, None, None, None, None, None, 'Not Reserved'], ['COM225', '74441', '24', '25', 'M W', ' 3:00 PM', 15, 0, 16, 15, None, None, None, None, None, None, None, 'Not Reserved'], ['COM225', '74442', '20', '25', 'M', ' 6:00 PM', 18, 0, 20, 45, None, None, None, None, None, None, None, 'Not Reserved'], ['COM225', '82023', '3', '25', 'T Th', ' 1:30 PM', 13, 30, 14, 45, None, None, None, None, None, None, None, 'Not Reserved'], ['COM225', '85579', '18', '25', 'T Th', ' 3:00 PM', 15, 0, 16, 15, None, None, None, None, None, None, None, 'Not Reserved'], ['COM225', '90258', '11', '25', 'T Th', ' 9:00 AM', 9, 0, 10, 15, None, None, None, None, None, None, None, 'Not Reserved'], ['COM230', '75586', '11', '30', 'T Th', '10:30 AM', 10, 30, 11, 45, None, None, None, None, None, None, None, 'Not Reserved'], ['COM259', '74443', '21', '30', 'M W F', ' 9:00 AM', 9, 0, 9, 50, None, None, None, None, None, None, None, 'Not Reserved'], ['COM263', '86427', '17', '30', 'M W F', '10:30 AM', 10, 30, 11, 20, None, None, None, None, None, None, None, 'Not Reserved'], ['COM294', '86428', '10', '10', 'M', ' 1:30 PM', 13, 30, 16, 15, None, None, None, None, None, None, None, 'Not Reserved'], ['COM308', '74444', '36', '60', 'T Th', ' 3:00 PM', 15, 0, 16, 15, None, None, None, None, None, None, None, 'Not Reserved'], ['COM309', '74445', '15', '30', 'T Th', ' 4:30 PM', 16, 30, 17, 45, None, None, None, None, None, None, None, 'Not Reserved'], ['COM309', '74446', '17', '30', 'T Th', ' 9:00 AM', 9, 0, 10, 15, None, None, None, None, None, None, None, 'Not Reserved'], ['COM312', '83232', '66', '100', 'ONLINE', None, None, None, None, None, None, None, None, None, None, None, None, 'Reserved'], ['COM312', '83233', '87', '100', 'ONLINE', None, None, None, None, None, None, None, None, None, None, None, None, 'Reserved'], ['COM314', '78980', '36', '40', 'T Th', ' 1:30 PM', 13, 30, 14, 45, None, None, None, None, None, None, None, 'Not Reserved'], ['COM316', '74447', '26', '60', 'T Th', '10:30 AM', 10, 30, 11, 45, None, None, None, None, None, None, None, 'Not Reserved'], ['COM316', '77421', '47', '60', 'Th', ' 6:00 PM', 18, 0, 20, 45, None, None, None, None, None, None, None, 'Not Reserved'], ['COM317', '76890', '55', '60', 'T', ' 6:00 PM', 18, 0, 20, 45, None, None, None, None, None, None, None, 'Not Reserved'], ['COM319', '74448', '53', '60', 'W', ' 6:00 PM', 18, 0, 20, 45, None, None, None, None, None, None, None, 'Not Reserved'], ['COM320', '82828', '5', '35', 'M', ' 6:00 PM', 18, 0, 20, 45, None, None, None, None, None, None, None, 'Not Reserved'], ['COM342', '76759', '18', '30', 'T Th', ' 1:30 PM', 13, 30, 14, 45, None, None, None, None, None, None, None, 'Not Reserved'], ['COM353', '82829', '4', '30', 'T', ' 6:00 PM', 18, 0, 20, 30, None, None, None, None, None, None, None, 'Not Reserved'], ['COM382', '75154', '2', '3', 'ONLINE', None, None, None, None, None, None, None, None, None, None, None, None, 'Not Reserved'], ['COM382', '77305', '2', '3', 'ONLINE', None, None, None, None, None, None, None, None, None, None, None, None, 'Not Reserved'], ['COM382', '77691', '2', '3', 'ONLINE', None, None, None, None, None, None, None, None, None, None, None, None, 'Not Reserved'], ['COM382', '91647', '3', '3', 'ONLINE', None, None, None, None, None, None, None, None, None, None, None, None, 'Not Reserved'], ['COM382', '91649', '2', '3', 'ONLINE', None, None, None, None, None, None, None, None, None, None, None, None, 'Not Reserved'], ['COM382', '91677', '2', '3', 'ONLINE', None, None, None, None, None, None, None, None, None, None, None, None, 'Not Reserved'], ['COM383', '82021', '10', '10', 'M', ' 1:30 PM', 13, 30, 16, 15, None, None, None, None, None, None, None, 'Not Reserved'], ['COM394', '77685', '11', '15', 'T Th', '12:00 PM', 12, 0, 13, 15, None, None, None, None, None, None, None, 'Not Reserved'], ['COM394', '79072', '17', '20', 'T', ' 6:00 PM', 18, 0, 20, 45, None, None, None, None, None, None, None, 'Not Reserved'], ['COM394', '84402', '20', '25', 'ONLINE', None, None, None, None, None, None, None, None, None, None, None, None, 'Reserved'], ['COM400', '79001', '9', '80', 'ONLINE', None, None, None, None, None, None, None, None, None, None, None, None, 'Reserved'], ['COM411', '74451', '7', '50', 'T Th', '12:00 PM', 12, 0, 13, 15, None, None, None, None, None, None, None, 'Not Reserved'], ['COM417', '76760', '24', '60', 'ONLINE', None, None, None, None, None, None, None, None, None, None, None, None, 'Reserved'], ['COM417', '90732', '34', '60', 'ONLINE', None, None, None, None, None, None, None, None, None, None, None, None, 'Reserved'], ['COM422', '86472', '45', '60', 'T Th', '12:00 PM', 12, 0, 13, 15, None, None, None, None, None, None, None, 'Not Reserved'], ['COM430', '79024', '44', '100', 'ONLINE', None, None, None, None, None, None, None, None, None, None, None, None, 'Reserved'], ['COM451', '77419', '41', '50', 'M W', ' 3:00 PM', 15, 0, 16, 15, None, None, None, None, None, None, None, 'Not Reserved'], ['COM451', '82838', '30', '100', 'ONLINE', None, None, None, None, None, None, None, None, None, None, None, None, 'Reserved'], ['COM453', '76936', '26', '100', 'ONLINE', None, None, None, None, None, None, None, None, None, None, None, None, 'Reserved'], ['COM457', '82156', '28', '50', 'T Th', '10:30 AM', 10, 30, 11, 45, None, None, None, None, None, None, None, 'Not Reserved'], ['COM477', '86488', '33', '50', 'T Th', ' 9:00 AM', 9, 0, 10, 15, None, None, None, None, None, None, None, 'Not Reserved'], ['COM483', '82152', '25', '25', 'M', ' 1:30 PM', 13, 30, 14, 45, None, None, None, None, None, None, None, 'Not Reserved'], ['COM484', '74454', '11', '11', 'ONLINE', None, None, None, None, None, None, None, None, None, None, None, None, 'Not Reserved'], ['COM492', '82153', '4', '5', 'ONLINE', None, None, None, None, None, None, None, None, None, None, None, None, 'Not Reserved'], ['COM492', '84281', '5', '5', 'ONLINE', None, None, None, None, None, None, None, None, None, None, None, None, 'Not Reserved'], ['COM492', '85866', '3', '3', 'ONLINE', None, None, None, None, None, None, None, None, None, None, None, None, 'Not Reserved'], ['COM492', '91245', '2', '3', 'ONLINE', None, None, None, None, None, None, None, None, None, None, None, None, 'Reserved'], ['COM493', '82154', '5', '5', 'ONLINE', None, None, None, None, None, None, None, None, None, None, None, None, 'Not Reserved'], ['COM498', '74458', '21', '25', 'ONLINE', None, None, None, None, None, None, None, None, None, None, None, None, 'Not Reserved'], ['COM499', '76535', '4', '5', 'ONLINE', None, None, None, None, None, None, None, None, None, None, None, None, 'Not Reserved']], 'CTI': [], 'RED': [], 'CON': [['CON100', '76288', '16', '40', 'W', ' 9:00 AM', 9, 0, 11, 30, None, None, None, None, None, None, None, 'Not Reserved'], ['CON106', '88332', '21', '30', 'T Th', ' 9:00 AM', 9, 0, 10, 15, None, None, None, None, None, None, None, 'Not Reserved'], ['CON106', '89954', '21', '30', 'W', '11:00 AM', 11, 0, 13, 15, None, None, None, None, None, None, None, 'Not Reserved'], ['CON243', '79567', '33', '85', 'M W F', ' 7:30 AM', 7, 30, 8, 20, None, None, None, None, None, None, None, 'Not Reserved'], ['CON244', '88317', '17', '40', 'M', '12:00 PM', 12, 0, 13, 40, None, None, None, None, None, None, None, 'Not Reserved'], ['CON244', '88318', '17', '40', 'W', '12:00 PM', 12, 0, 13, 40, None, None, None, None, None, None, None, 'Not Reserved'], ['CON446', '80290', '17', '20', 'M', ' 6:00 PM', 18, 0, 20, 45, None, None, None, None, None, None, None, 'Not Reserved'], ['CON453', '79570', '6', '38', 'M W', ' 1:30 PM', 13, 30, 14, 45, None, None, None, None, None, None, None, 'Not Reserved'], ['CON453', '79572', '6', '19', 'W', ' 4:30 PM', 16, 30, 18, 30, None, None, None, None, None, None, None, 'Not Reserved'], ['CON454', '83162', '2', '5', 'T', '12:00 PM', 12, 0, 14, 45, None, None, None, None, None, None, None, 'Not Reserved'], ['CON455', '79573', '11', '36', 'T', ' 4:30 PM', 16, 30, 19, 15, None, None, None, None, None, None, None, 'Not Reserved'], ['CON457', '83731', '10', '20', 'T Th', ' 3:00 PM', 15, 0, 16, 15, None, None, None, None, None, None, None, 'Not Reserved'], ['CON492', '77893', '12', '12', 'ONLINE', None, None, None, None, None, None, None, None, None, None, None, None, 'Not Reserved'], ['CON493', '77886', '9', '10', 'ONLINE', None, None, None, None, None, None, None, None, None, None, None, None, 'Not Reserved'], ['CON494', '83991', '30', '30', 'Th', '12:00 PM', 12, 0, 14, 45, None, None, None, None, None, None, None, 'Not Reserved'], ['CON495', '79574', '1', '37', 'T Th', ' 7:30 AM', 7, 30, 8, 45, None, None, None, None, None, None, None, 'Not Reserved'], ['CON496', '79575', '10', '35', 'M', ' 6:00 PM', 18, 0, 20, 45, None, None, None, None, None, None, None, 'Not Reserved'], ['CON557', '83732', '4', '20', 'T Th', ' 3:00 PM', 15, 0, 16, 15, None, None, None, None, None, None, None, 'Not Reserved'], ['CON567', '91720', '12', '15', 'F', ' 2:15 PM', 14, 15, 17, 5, None, None, None, None, None, None, None, 'Not Reserved'], ['CON595', '80981', '30', '30', 'ONLINE', None, None, None, None, None, None, None, None, None, None, None, None, 'Not Reserved'], ['CON598', '91148', '26', '30', 'ONLINE', None, None, None, None, None, None, None, None, None, None, None, None, 'Not Reserved'], ['CON598', '80291', '9', '20', 'M', ' 6:00 PM', 18, 0, 20, 45, None, None, None, None, None, None, None, 'Not Reserved'], ['CON598', '77957', '15', '15', 'T', '7:30AM', 7, 30, 8, 20, '', '12:00AM', None, None, '12:00AM', None, None, 'Reserved'], ['CON598', '91454', '24', '30', 'W', ' 6:00 PM', 18, 0, 20, 45, None, None, None, None, None, None, None, 'Not Reserved'], ['CON598', '91648', '12', '15', 'T Th', ' 1:30 PM', 13, 30, 14, 45, None, None, None, None, None, None, None, 'Not Reserved'], ['CON100', '76288', '16', '40', 'W', ' 9:00 AM', 9, 0, 11, 30, None, None, None, None, None, None, None, 'Not Reserved'], ['CON106', '88332', '21', '30', 'T Th', ' 9:00 AM', 9, 0, 10, 15, None, None, None, None, None, None, None, 'Not Reserved'], ['CON106', '89954', '21', '30', 'W', '11:00 AM', 11, 0, 13, 15, None, None, None, None, None, None, None, 'Not Reserved'], ['CON243', '79567', '33', '85', 'M W F', ' 7:30 AM', 7, 30, 8, 20, None, None, None, None, None, None, None, 'Not Reserved'], ['CON244', '88317', '17', '40', 'M', '12:00 PM', 12, 0, 13, 40, None, None, None, None, None, None, None, 'Not Reserved'], ['CON244', '88318', '17', '40', 'W', '12:00 PM', 12, 0, 13, 40, None, None, None, None, None, None, None, 'Not Reserved'], ['CON446', '80290', '17', '20', 'M', ' 6:00 PM', 18, 0, 20, 45, None, None, None, None, None, None, None, 'Not Reserved'], ['CON453', '79570', '6', '38', 'M W', ' 1:30 PM', 13, 30, 14, 45, None, None, None, None, None, None, None, 'Not Reserved'], ['CON453', '79572', '6', '19', 'W', ' 4:30 PM', 16, 30, 18, 30, None, None, None, None, None, None, None, 'Not Reserved'], ['CON454', '83162', '2', '5', 'T', '12:00 PM', 12, 0, 14, 45, None, None, None, None, None, None, None, 'Not Reserved'], ['CON455', '79573', '11', '36', 'T', ' 4:30 PM', 16, 30, 19, 15, None, None, None, None, None, None, None, 'Not Reserved'], ['CON457', '83731', '10', '20', 'T Th', ' 3:00 PM', 15, 0, 16, 15, None, None, None, None, None, None, None, 'Not Reserved'], ['CON492', '77893', '12', '12', 'ONLINE', None, None, None, None, None, None, None, None, None, None, None, None, 'Not Reserved'], ['CON493', '77886', '9', '10', 'ONLINE', None, None, None, None, None, None, None, None, None, None, None, None, 'Not Reserved'], ['CON494', '83991', '30', '30', 'Th', '12:00 PM', 12, 0, 14, 45, None, None, None, None, None, None, None, 'Not Reserved'], ['CON495', '79574', '1', '37', 'T Th', ' 7:30 AM', 7, 30, 8, 45, None, None, None, None, None, None, None, 'Not Reserved'], ['CON496', '79575', '10', '35', 'M', ' 6:00 PM', 18, 0, 20, 45, None, None, None, None, None, None, None, 'Not Reserved'], ['CON557', '83732', '4', '20', 'T Th', ' 3:00 PM', 15, 0, 16, 15, None, None, None, None, None, None, None, 'Not Reserved'], ['CON567', '91720', '12', '15', 'F', ' 2:15 PM', 14, 15, 17, 5, None, None, None, None, None, None, None, 'Not Reserved'], ['CON595', '80981', '30', '30', 'ONLINE', None, None, None, None, None, None, None, None, None, None, None, None, 'Not Reserved'], ['CON598', '91148', '26', '30', 'ONLINE', None, None, None, None, None, None, None, None, None, None, None, None, 'Not Reserved'], ['CON598', '80291', '9', '20', 'M', ' 6:00 PM', 18, 0, 20, 45, None, None, None, None, None, None, None, 'Not Reserved'], ['CON598', '77957', '15', '15', 'T', '7:30AM', 7, 30, 8, 20, '', '12:00AM', None, None, '12:00AM', None, None, 'Reserved'], ['CON598', '91454', '24', '30', 'W', ' 6:00 PM', 18, 0, 20, 45, None, None, None, None, None, None, None, 'Not Reserved'], ['CON598', '91648', '12', '15', 'T Th', ' 1:30 PM', 13, 30, 14, 45, None, None, None, None, None, None, None, 'Not Reserved']], 'ASC': [], 'SET': [], 'SES': [], 'TEM': [], 'MDL': [['MDL450', '76709', '8', '20', 'M', ' 8:00 AM', 8, 0, 16, 0, None, None, None, None, None, None, None, 'Not Reserved'], ['MDL460', '76710', '8', '20', 'M', ' 8:00 AM', 8, 0, 16, 0, None, None, None, None, None, None, None, 'Not Reserved']], 'AST': [['AST111', '79347', '143', '220', 'M W F', '10:30 AM', 10, 30, 11, 20, None, None, None, None, None, None, None, 'Not Reserved'], ['AST113', '77746', '123', '800', 'ONLINE', None, None, None, None, None, None, None, None, None, None, None, None, 'Reserved'], ['AST113', '76546', '20', '24', 'Th', ' 8:30 PM', 20, 30, 23, 0, None, None, None, None, None, None, None, 'Not Reserved'], ['AST692', '76458', '10', '10', 'ONLINE', None, None, None, None, None, None, None, None, None, None, None, None, 'Not Reserved'], ['AST111', '70176', '126', '150', 'T Th', ' 1:30 PM', 13, 30, 14, 45, None, None, None, None, None, None, None, 'Not Reserved'], ['AST113', '72606', '10', '24', 'T', ' 6:00 PM', 18, 0, 20, 45, None, None, None, None, None, None, None, 'Not Reserved'], ['AST113', '72607', '19', '24', 'W', ' 6:00 PM', 18, 0, 20, 45, None, None, None, None, None, None, None, 'Not Reserved'], ['AST113', '72608', '20', '24', 'Th', ' 6:00 PM', 18, 0, 20, 45, None, None, None, None, None, None, None, 'Not Reserved']], 'MDC': [], 'DAH': [], 'NUR': [], 'LNP': [], 'PBH': [], 'JST': [], 'ASB': [['ASB202', '74686', '34', '45', 'T Th', '12:00 PM', 12, 0, 13, 15, None, None, None, None, None, None, None, 'Not Reserved'], ['ASB222', '74685', '42', '100', 'ONLINE', None, None, None, None, None, None, None, None, None, None, None, None, 'Reserved'], ['ASB353', '83293', '34', '75', 'ONLINE', None, None, None, None, None, None, None, None, None, None, None, None, 'Reserved'], ['ASB353', '83296', '60', '75', 'ONLINE', None, None, None, None, None, None, None, None, None, None, None, None, 'Reserved'], ['ASB353', '83331', '91', '100', 'ONLINE', None, None, None, None, None, None, None, None, None, None, None, None, 'Reserved'], ['ASB353', '83141', '24', '30', 'F', '9:00AM', 9, 0, 10, 15, '', '', None, None, '', None, None, 'Not Reserved'], ['ASB100', '77450', '238', '400', 'ONLINE', None, None, None, None, None, None, None, None, None, None, None, None, 'Reserved'], ['ASB100', '86860', '34', '80', 'T', '12:00 PM', 12, 0, 13, 15, None, None, None, None, None, None, None, 'Reserved'], ['ASB100', '86861', '20', '80', 'Th', '12:00 PM', 12, 0, 13, 15, None, None, None, None, None, None, None, 'Not Reserved'], ['ASB101', '81472', '377', '450', 'M W', ' 9:00 AM', 9, 0, 10, 15, None, None, None, None, None, None, None, 'Not Reserved'], ['ASB102', '78408', '65', '80', 'M', '3:00PM', 15, 0, 16, 15, '', '12:00AM', None, None, '12:00AM', None, None, 'Not Reserved'], ['ASB191', '76723', '19', '19', 'M', '12:00 PM', 12, 0, 12, 50, None, None, None, None, None, None, None, 'Not Reserved'], ['ASB210', '78377', '112', '200', 'ONLINE', None, None, None, None, None, None, None, None, None, None, None, None, 'Reserved'], ['ASB252', '86884', '147', '175', 'M W', ' 3:00 PM', 15, 0, 16, 15, None, None, None, None, None, None, None, 'Not Reserved'], ['ASB301', '87762', '81', '100', 'T Th', ' 9:00 AM', 9, 0, 10, 15, None, None, None, None, None, None, None, 'Not Reserved'], ['ASB316', '86885', '63', '100', 'M W', ' 3:00 PM', 15, 0, 16, 15, None, None, None, None, None, None, None, 'Not Reserved'], ['ASB337', '80043', '84', '150', 'ONLINE', None, None, None, None, None, None, None, None, None, None, None, None, 'Reserved'], ['ASB353', '76345', '188', '300', 'ONLINE', None, None, None, None, None, None, None, None, None, None, None, None, 'Reserved'], ['ASB395', '91176', '97', '100', 'ONLINE', None, None, None, None, None, None, None, None, None, None, None, None, 'Reserved'], ['ASB464', '87009', '17', '20', 'M W', '12:00 PM', 12, 0, 13, 15, None, None, None, None, None, None, None, 'Not Reserved'], ['ASB541', '86826', '3', '15', 'T', ' 1:30 PM', 13, 30, 16, 15, None, None, None, None, None, None, None, 'Not Reserved'], ['ASB580', '80334', '28', '30', 'ONLINE', None, None, None, None, None, None, None, None, None, None, None, None, 'Reserved'], ['ASB591', '83608', '11', '20', 'Th', ' 4:30 PM', 16, 30, 19, 15, None, None, None, None, None, None, None, 'Not Reserved'], ['ASB211', '70175', '10', '32', 'T Th', ' 4:30 PM', 16, 30, 17, 45, None, None, None, None, None, None, None, 'Not Reserved'], ['ASB311', '80272', '46', '60', 'T Th', ' 1:30 PM', 13, 30, 14, 45, None, None, None, None, None, None, None, 'Not Reserved'], ['ASB346', '75563', '36', '80', 'ONLINE', None, None, None, None, None, None, None, None, None, None, None, None, 'Reserved'], ['ASB353', '74529', '5', '30', 'W', ' 6:00 PM', 18, 0, 20, 45, None, None, None, None, None, None, None, 'Not Reserved'], ['ASB394', '86497', '8', '10', 'T', ' 6:00 PM', 18, 0, 20, 45, None, None, None, None, None, None, None, 'Not Reserved']], 'ECT': [], 'SEC': [], 'AFR': [['AFR215', '82861', '34', '80', 'T Th', '12:00 PM', 12, 0, 13, 15, None, None, None, None, None, None, None, 'Not Reserved'], ['AFR300', '89747', '17', '30', 'T Th', '12:00 PM', 12, 0, 13, 15, None, None, None, None, None, None, None, 'Not Reserved'], ['AFR336', '89960', '15', '25', 'ONLINE', None, None, None, None, None, None, None, None, None, None, None, None, 'Not Reserved'], ['AFR375', '76490', '46', '60', 'ONLINE', None, None, None, None, None, None, None, None, None, None, None, None, 'Reserved'], ['AFR375', '76876', '120', '132', 'T Th', ' 7:30 AM', 7, 30, 8, 45, None, None, None, None, None, None, None, 'Not Reserved'], ['AFR394', '82866', '17', '20', 'ONLINE', None, None, None, None, None, None, None, None, None, None, None, None, 'Not Reserved'], ['AFR493', '77494', '10', '10', 'ONLINE', None, None, None, None, None, None, None, None, None, None, None, None, 'Reserved'], ['AFR499', '77496', '5', '5', 'ONLINE', None, None, None, None, None, None, None, None, None, None, None, None, 'Not Reserved']], 'ARB': [['ARB101', '77102', '19', '28', 'T Th', '1:30PM', 13, 30, 14, 45, '', '', None, None, '', None, None, 'Not Reserved'], ['ARB336', '83105', '15', '25', 'ONLINE', None, None, None, None, None, None, None, None, None, None, None, None, 'Reserved'], ['ARB337', '83107', '18', '25', 'ONLINE', None, None, None, None, None, None, None, None, None, None, None, None, 'Reserved'], ['ARB394', '81943', '2', '28', 'T Th', '10:30 AM', 10, 30, 11, 45, None, None, None, None, None, None, None, 'Not Reserved'], ['ARB492', '83109', '1', '1', 'ONLINE', None, None, None, None, None, None, None, None, None, None, None, None, 'Not Reserved'], ['ARB493', '77726', '3', '3', 'ONLINE', None, None, None, None, None, None, None, None, None, None, None, None, 'Not Reserved']], 'ECS': [['ECS312', '84023', '5', '35', 'ONLINE', None, None, None, None, None, None, None, None, None, None, None, None, 'Reserved'], ['ECS430', '88273', '32', '35', 'ONLINE', None, None, None, None, None, None, None, None, None, None, None, None, 'Reserved'], ['ECS431', '86994', '49', '70', 'ONLINE', None, None, None, None, None, None, None, None, None, None, None, None, 'Reserved']], 'SEM': [], 'MTE': [['MTE280', '79847', '1', '32', 'M W', ' 3:00 PM', 15, 0, 16, 15, None, None, None, None, None, None, None, 'Not Reserved'], ['MTE280', '79848', '23', '32', 'M', ' 4:30 PM', 16, 30, 19, 15, None, None, None, None, None, None, None, 'Not Reserved'], ['MTE280', '79849', '27', '34', 'M W', ' 3:00 PM', 15, 0, 16, 15, None, None, None, None, None, None, None, 'Not Reserved'], ['MTE280', '79850', '17', '35', 'T Th', '12:00 PM', 12, 0, 13, 15, None, None, None, None, None, None, None, 'Not Reserved'], ['MTE280', '80677', '21', '32', 'W', ' 4:30 PM', 16, 30, 19, 15, None, None, None, None, None, None, None, 'Not Reserved'], ['MTE281', '79851', '19', '35', 'M W', ' 3:00 PM', 15, 0, 16, 15, None, None, None, None, None, None, None, 'Not Reserved'], ['MTE281', '79853', '30', '35', 'M W F', '10:30 AM', 10, 30, 11, 20, None, None, None, None, None, None, None, 'Not Reserved'], ['MTE281', '79938', '18', '35', 'M', ' 4:30 PM', 16, 30, 19, 15, None, None, None, None, None, None, None, 'Not Reserved']], 'ASM': [['ASM344', '86920', '6', '30', 'M W', '10:30 AM', 10, 30, 11, 45, None, None, None, None, None, None, None, 'Not Reserved'], ['ASM344', '86921', '4', '15', 'Th', '12:55 PM', 12, 55, 14, 45, None, None, None, None, None, None, None, 'Not Reserved'], ['ASM345', '86909', '77', '175', 'T Th', '12:00 PM', 12, 0, 13, 15, None, None, None, None, None, None, None, 'Not Reserved'], ['ASM365', '81939', '8', '50', 'T Th', ' 3:00 PM', 15, 0, 16, 15, None, None, None, None, None, None, None, 'Not Reserved'], ['ASM446', '81941', '27', '40', 'T Th', ' 3:00 PM', 15, 0, 16, 15, None, None, None, None, None, None, None, 'Not Reserved'], ['ASM543', '89004', '4', '5', 'M W', ' 9:00 AM', 9, 0, 10, 15, None, None, None, None, None, None, None, 'Not Reserved'], ['ASM565', '86862', '12', '15', 'M W', ' 3:00 PM', 15, 0, 16, 15, None, None, None, None, None, None, None, 'Not Reserved'], ['ASM591', '81973', '1', '10', 'M', ' 1:30 PM', 13, 30, 16, 15, None, None, None, None, None, None, None, 'Not Reserved']], 'WPC': [], 'ERM': [], 'ARP': [], 'IBC': [], 'GTD': [], 'IMD': [], 'ELL': [['ELL515', '77837', '24', '24', 'T', '4:30PM', 16, 30, 19, 15, '', '12:00AM', None, None, '12:00AM', None, None, 'Reserved'], ['ELL515', '74677', '28', '36', 'W', '4:30PM', 16, 30, 20, 45, '', '12:00AM', None, None, '12:00AM', None, None, 'Reserved'], ['ELL515', '87117', '32', '32', 'M', ' 4:30 PM', 16, 30, 20, 45, None, None, None, None, None, None, None, 'Reserved'], ['ELL515', '74678', '35', '40', 'T', '4:30PM', 16, 30, 20, 45, '', '12:00AM', None, None, '12:00AM', None, None, 'Reserved'], ['ELL515', '74710', '29', '30', 'W', '4:30PM', 16, 30, 20, 45, '', '12:00AM', None, None, '12:00AM', None, None, 'Reserved'], ['ELL515', '78763', '16', '24', 'M', '4:30PM', 16, 30, 19, 15, '', '12:00AM', None, None, '12:00AM', None, None, 'Reserved'], ['ELL515', '78764', '21', '24', 'Th', '4:30PM', 16, 30, 19, 15, '', '12:00AM', None, None, '12:00AM', None, None, 'Reserved'], ['ELL515', '78765', '18', '24', 'T', '4:30PM', 16, 30, 19, 15, '', '12:00AM', None, None, '12:00AM', None, None, 'Reserved'], ['ELL515', '74679', '32', '37', 'M', ' 7:30 PM', 19, 30, 22, 15, None, None, None, None, None, None, None, 'Reserved'], ['ELL516', '74676', '23', '35', 'Th', ' 4:30 PM', 16, 30, 20, 45, None, None, None, None, None, None, None, 'Reserved'], ['ELL516', '74768', '25', '30', 'T F', ' 2:00 PM', 14, 0, 16, 40, None, None, None, None, None, None, None, 'Reserved'], ['ELL516', '80575', '9', '20', 'ONLINE', None, None, None, None, None, None, None, None, None, None, None, None, 'Not Reserved']], 'HES': [], 'WAC': [], 'FMS': [], 'FMP': [], 'VTN': [], 'HED': [['HED510', '81320', '32', '35', 'T', '7:30PM', 19, 30, 22, 15, '', '', None, None, '', None, None, 'Reserved'], ['HED510', '78115', '26', '35', 'T', '4:30PM', 16, 30, 19, 15, '', '', None, None, '', None, None, 'Reserved'], ['HED573', '88813', '13', '35', 'T', '7:30PM', 19, 30, 22, 15, '', '', None, None, '', None, None, 'Reserved'], ['HED573', '87456', '16', '35', 'T', '4:30PM', 16, 30, 19, 15, '', '', None, None, '', None, None, 'Reserved'], ['HED580', '81321', '20', '30', 'Th', ' 4:30 PM', 16, 30, 19, 15, None, None, None, None, None, None, None, 'Reserved'], ['HED590', '76594', '6', '6', 'ONLINE', None, None, None, None, None, None, None, None, None, None, None, None, 'Not Reserved'], ['HED593', '88823', '14', '35', 'T', '7:30PM', 19, 30, 22, 15, '', '', None, None, '', None, None, 'Reserved'], ['HED593', '78055', '16', '35', 'T', '4:30PM', 16, 30, 19, 15, '', '', None, None, '', None, None, 'Reserved'], ['HED598', '90878', '26', '35', 'W', '4:30PM', 16, 30, 19, 15, '', '', None, None, '', None, None, 'Reserved'], ['HED598', '81322', '27', '35', 'W', '4:30PM', 16, 30, 19, 15, '', '', None, None, '', None, None, 'Reserved'], ['HED598', '84139', '32', '35', 'W', '4:30PM', 16, 30, 19, 15, '', '', None, None, '', None, None, 'Reserved'], ['HED620', '88820', '14', '35', 'W', '7:30PM', 19, 30, 22, 15, '', '', None, None, '', None, None, 'Reserved'], ['HED620', '75726', '27', '35', 'Th', '4:30PM', 16, 30, 19, 15, '', '', None, None, '', None, None, 'Reserved'], ['HED634', '78120', '29', '35', 'Th', '4:30PM', 16, 30, 19, 15, '', '', None, None, '', None, None, 'Reserved'], ['HED644', '80264', '20', '35', 'T', '4:30PM', 16, 30, 19, 15, '', '', None, None, '', None, None, 'Reserved'], ['HED649', '80266', '22', '35', 'W', '4:30PM', 16, 30, 19, 15, '', '', None, None, '', None, None, 'Reserved'], ['HED649', '81323', '32', '35', 'T', '7:30PM', 19, 30, 22, 15, '', '', None, None, '', None, None, 'Reserved'], ['HED689', '89194', '21', '35', 'M', ' 4:30 PM', 16, 30, 19, 15, None, None, None, None, None, None, None, 'Reserved'], ['HED689', '81324', '32', '35', 'W', '7:30PM', 19, 30, 22, 15, '', '', None, None, '', None, None, 'Reserved'], ['HED691', '75727', '21', '35', 'M', '4:30PM', 16, 30, 19, 15, '', '', None, None, '', None, None, 'Reserved'], ['HED799', '76238', '30', '30', 'ONLINE', None, None, None, None, None, None, None, None, None, None, None, None, 'Reserved']], 'HCR': [], 'RDG': [], 'ADE': [['ADE321', '70447', '2', '15', 'M W', ' 1:30 PM', 13, 30, 17, 55, None, None, None, None, None, None, None, 'Not Reserved'], ['ADE321', '70448', '6', '15', 'M W', ' 1:30 PM', 13, 30, 17, 55, None, None, None, None, None, None, None, 'Not Reserved'], ['ADE321', '70449', '4', '15', 'M W', ' 1:30 PM', 13, 30, 17, 55, None, None, None, None, None, None, None, 'Not Reserved'], ['ADE421', '70450', '2', '15', 'W F', ' 1:30 PM', 13, 30, 17, 55, None, None, None, None, None, None, None, 'Not Reserved'], ['ADE421', '70451', '3', '15', 'W F', ' 1:30 PM', 13, 30, 17, 55, None, None, None, None, None, None, None, 'Not Reserved'], ['ADE421', '70452', '6', '15', 'W F', ' 1:30 PM', 13, 30, 17, 55, None, None, None, None, None, None, None, 'Not Reserved'], ['ADE511', '70453', '18', '18', 'M W F', ' 1:30 PM', 13, 30, 17, 5, None, None, None, None, None, None, None, 'Not Reserved'], ['ADE521', '70454', '15', '15', 'M W', ' 1:30 PM', 13, 30, 17, 55, None, None, None, None, None, None, None, 'Not Reserved'], ['ADE521', '70455', '15', '15', 'M W', ' 1:30 PM', 13, 30, 17, 55, None, None, None, None, None, None, None, 'Not Reserved'], ['ADE521', '70456', '15', '15', 'M W', ' 1:30 PM', 13, 30, 17, 55, None, None, None, None, None, None, None, 'Not Reserved'], ['ADE621', '70457', '6', '7', 'W F', ' 1:30 PM', 13, 30, 17, 55, None, None, None, None, None, None, None, 'Not Reserved'], ['ADE621', '70458', '5', '10', 'W F', ' 1:30 PM', 13, 30, 17, 55, None, None, None, None, None, None, None, 'Not Reserved'], ['ADE621', '74094', '2', '8', 'W F', ' 1:30 PM', 13, 30, 17, 55, None, None, None, None, None, None, None, 'Not Reserved'], ['ADE621', '74428', '3', '8', 'W F', ' 1:30 PM', 13, 30, 17, 55, None, None, None, None, None, None, None, 'Not Reserved'], ['ADE621', '83975', '3', '4', 'W F', ' 1:30 PM', 13, 30, 17, 55, None, None, None, None, None, None, None, 'Not Reserved']], 'EDS': [], 'AIS': [['AIS180', '77145', '37', '50', 'ONLINE', None, None, None, None, None, None, None, None, None, None, None, None, 'Reserved'], ['AIS194', '79063', '15', '25', 'M', ' 6:00 PM', 18, 0, 20, 45, None, None, None, None, None, None, None, 'Not Reserved'], ['AIS394', '79071', '19', '25', 'W', ' 6:00 PM', 18, 0, 20, 45, None, None, None, None, None, None, None, 'Not Reserved'], ['AIS493', '83962', '5', '5', 'ONLINE', None, None, None, None, None, None, None, None, None, None, None, None, 'Not Reserved'], ['AIS494', '89403', '13', '15', 'M', ' 4:30 PM', 16, 30, 19, 15, None, None, None, None, None, None, None, 'Not Reserved'], ['AIS501', '78008', '19', '20', 'W', ' 6:00 PM', 18, 0, 20, 45, None, None, None, None, None, None, None, 'Not Reserved'], ['AIS502', '81945', '20', '20', 'T', ' 6:00 PM', 18, 0, 20, 45, None, None, None, None, None, None, None, 'Not Reserved'], ['AIS512', '81949', '19', '20', 'Th', ' 6:00 PM', 18, 0, 20, 30, None, None, None, None, None, None, None, 'Not Reserved']], 'HEB': [], 'UET': [], 'FSE': [], 'UNI': [], 'IEE': [], 'OBS': [], 'MEE': [], 'MED': [['MED100', '82860', '129', '150', 'T', ' 4:30 PM', 16, 30, 17, 45, None, None, None, None, None, None, None, 'Reserved'], ['MED484', '91624', '5', '5', 'ONLINE', None, None, None, None, None, None, None, None, None, None, None, None, 'Reserved']], 'EDA': [['EDA501', '77505', '15', '15', 'ONLINE', None, None, None, None, None, None, None, None, None, None, None, None, 'Reserved'], ['EDA526', '70341', '25', '25', 'Th', '4:30PM', 16, 30, 19, 15, '', '', None, None, '', None, None, 'Not Reserved'], ['EDA548', '78735', '10', '10', 'ONLINE', None, None, None, None, None, None, None, None, None, None, None, None, 'Reserved'], ['EDA572', '78737', '12', '15', 'ONLINE', None, None, None, None, None, None, None, None, None, None, None, None, 'Reserved'], ['EDA634', '76394', '10', '10', 'ONLINE', None, None, None, None, None, None, None, None, None, None, None, None, 'Reserved'], ['EDA634', '75214', '25', '25', 'Th', '4:30PM', 16, 30, 19, 15, '', '', None, None, '', None, None, 'Not Reserved'], ['EDA684', '74972', '22', '25', 'ONLINE', None, None, None, None, None, None, None, None, None, None, None, None, 'Not Reserved'], ['EDA773', '91159', '5', '5', 'ONLINE', None, None, None, None, None, None, None, None, None, None, None, None, 'Not Reserved'], ['EDA784', '84142', '25', '25', 'ONLINE', None, None, None, None, None, None, None, None, None, None, None, None, 'Not Reserved'], ['EDA792', '75675', '45', '45', 'ONLINE', None, None, None, None, None, None, None, None, None, None, None, None, 'Not Reserved'], ['EDA799', '75676', '49', '50', 'ONLINE', None, None, None, None, None, None, None, None, None, None, None, None, 'Reserved']], 'SED': [], 'ALD': [], 'NTR': [['NTR100', '86017', '22', '40', 'ONLINE', None, None, None, None, None, None, None, None, None, None, None, None, 'Reserved'], ['NTR100', '74512', '11', '40', 'ONLINE', None, None, None, None, None, None, None, None, None, None, None, None, 'Reserved'], ['NTR100', '74513', '89', '120', 'T Th', ' 1:30 PM', 13, 30, 14, 45, None, None, None, None, None, None, None, 'Not Reserved'], ['NTR142', '74514', '56', '126', 'ONLINE', None, None, None, None, None, None, None, None, None, None, None, None, 'Reserved'], ['NTR142', '74515', '9', '18', 'F', '10:15 AM', 10, 15, 12, 45, None, None, None, None, None, None, None, 'Not Reserved'], ['NTR142', '74516', '3', '18', 'T', '10:15 AM', 10, 15, 12, 45, None, None, None, None, None, None, None, 'Not Reserved'], ['NTR142', '74517', '7', '18', 'T', ' 2:30 PM', 14, 30, 17, 0, None, None, None, None, None, None, None, 'Not Reserved'], ['NTR142', '75898', '2', '18', 'W', '10:15 AM', 10, 15, 12, 45, None, None, None, None, None, None, None, 'Not Reserved'], ['NTR142', '75899', '12', '18', 'W', ' 2:30 PM', 14, 30, 17, 0, None, None, None, None, None, None, None, 'Not Reserved'], ['NTR142', '76437', '15', '18', 'Th', '10:15 AM', 10, 15, 12, 45, None, None, None, None, None, None, None, 'Not Reserved'], ['NTR142', '76543', '15', '18', 'Th', ' 2:30 PM', 14, 30, 17, 0, None, None, None, None, None, None, None, 'Not Reserved'], ['NTR142', '86194', '11', '18', 'F', ' 2:30 PM', 14, 30, 17, 0, None, None, None, None, None, None, None, 'Not Reserved'], ['NTR150', '74520', '73', '115', 'M', ' 1:30 PM', 13, 30, 14, 45, None, None, None, None, None, None, None, 'Not Reserved'], ['NTR241', '74522', '38', '80', 'W F', ' 1:30 PM', 13, 30, 14, 45, None, None, None, None, None, None, None, 'Not Reserved'], ['NTR241', '74521', '39', '120', 'T Th', ' 3:00 PM', 15, 0, 16, 15, None, None, None, None, None, None, None, 'Not Reserved'], ['NTR241', '75564', '27', '100', 'M W', '12:00 PM', 12, 0, 13, 15, None, None, None, None, None, None, None, 'Not Reserved'], ['NTR241', '77200', '30', '80', 'T Th', ' 9:00 AM', 9, 0, 10, 15, None, None, None, None, None, None, None, 'Not Reserved'], ['NTR241', '77201', '11', '84', 'T Th', '12:00 PM', 12, 0, 13, 15, None, None, None, None, None, None, None, 'Not Reserved'], ['NTR300', '74518', '37', '50', 'W', '3:00PM', 15, 0, 16, 15, '', '', None, None, '', None, None, 'Not Reserved'], ['NTR320', '74523', '1', '30', 'ONLINE', None, None, None, None, None, None, None, None, None, None, None, None, 'Reserved'], ['NTR320', '80511', '34', '40', 'ONLINE', None, None, None, None, None, None, None, None, None, None, None, None, 'Reserved'], ['NTR340', '74702', '29', '80', 'Th', '3:00PM', 15, 0, 16, 15, '', '', None, None, '', None, None, 'Not Reserved'], ['NTR341', '74531', '25', '70', 'T Th', ' 1:30 PM', 13, 30, 14, 45, None, None, None, None, None, None, None, 'Not Reserved'], ['NTR341', '74532', '42', '70', 'T Th', ' 9:00 AM', 9, 0, 10, 15, None, None, None, None, None, None, None, 'Not Reserved'], ['NTR341', '77135', '34', '70', 'T Th', '10:30 AM', 10, 30, 11, 45, None, None, None, None, None, None, None, 'Not Reserved'], ['NTR343', '74533', '30', '60', 'M', '12:00PM', 12, 0, 12, 50, '', '', None, None, '', None, None, 'Not Reserved'], ['NTR343', '75591', '30', '60', 'M', '1:30PM', 13, 30, 14, 20, '', '', None, None, '', None, None, 'Not Reserved'], ['NTR344', '75258', '4', '45', 'ONLINE', None, None, None, None, None, None, None, None, None, None, None, None, 'Reserved'], ['NTR344', '74534', '37', '70', 'Th', '12:00PM', 12, 0, 13, 15, '', '', None, None, '', None, None, 'Not Reserved'], ['NTR345', '74535', '31', '45', 'M W F', ' 9:00 AM', 9, 0, 9, 50, None, None, None, None, None, None, None, 'Reserved'], ['NTR345', '77619', '12', '45', 'M W F', '10:30 AM', 10, 30, 11, 20, None, None, None, None, None, None, None, 'Reserved'], ['NTR348', '77337', '33', '40', 'ONLINE', None, None, None, None, None, None, None, None, None, None, None, None, 'Reserved'], ['NTR348', '84441', '5', '18', 'ONLINE', None, None, None, None, None, None, None, None, None, None, None, None, 'Reserved'], ['NTR348', '75680', '34', '40', 'ONLINE', None, None, None, None, None, None, None, None, None, None, None, None, 'Reserved'], ['NTR351', '74536', '18', '40', 'M W F', '12:00 PM', 12, 0, 12, 50, None, None, None, None, None, None, None, 'Reserved'], ['NTR353', '82615', '59', '70', 'F', '12:00PM', 12, 0, 13, 15, '', '12:00AM', None, None, '12:00AM', None, None, 'Not Reserved'], ['NTR400', '74537', '41', '100', 'F', '10:30AM', 10, 30, 11, 45, '', '', None, None, '', None, None, 'Not Reserved'], ['NTR401', '75565', '25', '45', 'ONLINE', None, None, None, None, None, None, None, None, None, None, None, None, 'Reserved'], ['NTR440', '74557', '8', '70', 'T Th', '10:30 AM', 10, 30, 11, 45, None, None, None, None, None, None, None, 'Not Reserved'], ['NTR440', '77219', '2', '5', 'T Th', '10:30 AM', 10, 30, 11, 45, None, None, None, None, None, None, None, 'Reserved'], ['NTR440', '82297', '20', '60', 'M W', ' 3:00 PM', 15, 0, 16, 15, None, None, None, None, None, None, None, 'Not Reserved'], ['NTR441', '74558', '48', '70', 'T Th', '10:30 AM', 10, 30, 11, 45, None, None, None, None, None, None, None, 'Not Reserved'], ['NTR441', '75589', '34', '70', 'T Th', '12:00 PM', 12, 0, 13, 15, None, None, None, None, None, None, None, 'Not Reserved'], ['NTR441', '77226', '1', '2', 'T Th', '10:30 AM', 10, 30, 11, 45, None, None, None, None, None, None, None, 'Reserved'], ['NTR444', '74559', '7', '70', 'T Th', ' 3:00 PM', 15, 0, 16, 15, None, None, None, None, None, None, None, 'Not Reserved'], ['NTR444', '74744', '48', '70', 'T Th', ' 4:30 PM', 16, 30, 17, 45, None, None, None, None, None, None, None, 'Not Reserved'], ['NTR445', '74560', '13', '50', 'W F', '12:00 PM', 12, 0, 12, 50, None, None, None, None, None, None, None, 'Not Reserved'], ['NTR445', '77208', '9', '12', 'Th', ' 7:30 AM', 7, 30, 10, 20, None, None, None, None, None, None, None, 'Not Reserved'], ['NTR445', '77209', '2', '12', 'F', ' 7:30 AM', 7, 30, 10, 20, None, None, None, None, None, None, None, 'Not Reserved'], ['NTR445', '75566', '13', '50', 'W F', ' 1:30 PM', 13, 30, 14, 20, None, None, None, None, None, None, None, 'Not Reserved'], ['NTR445', '77638', '7', '12', 'T', '10:40 AM', 10, 40, 13, 30, None, None, None, None, None, None, None, 'Not Reserved'], ['NTR445', '77640', '4', '12', 'Th', '10:40 AM', 10, 40, 13, 30, None, None, None, None, None, None, None, 'Not Reserved'], ['NTR446', '74561', '26', '100', 'T Th', ' 1:30 PM', 13, 30, 14, 45, None, None, None, None, None, None, None, 'Not Reserved'], ['NTR446', '74562', '12', '25', 'M', ' 7:30 AM', 7, 30, 10, 15, None, None, None, None, None, None, None, 'Not Reserved'], ['NTR446', '74564', '14', '50', 'F', ' 7:30 AM', 7, 30, 10, 15, None, None, None, None, None, None, None, 'Not Reserved'], ['NTR448', '74565', '28', '89', 'F', '12:00PM', 12, 0, 13, 15, '', '', None, None, '', None, None, 'Not Reserved'], ['NTR448', '77473', '12', '50', 'M', '3:00PM', 15, 0, 16, 15, '', '', None, None, '', None, None, 'Not Reserved'], ['NTR450', '74745', '48', '84', 'M W', '10:30 AM', 10, 30, 11, 45, None, None, None, None, None, None, None, 'Not Reserved'], ['NTR450', '82654', '16', '80', 'M W', '12:00 PM', 12, 0, 13, 15, None, None, None, None, None, None, None, 'Not Reserved'], ['NTR457', '75945', '17', '60', 'W', '1:30PM', 13, 30, 14, 45, '', '', None, None, '', None, None, 'Not Reserved'], ['NTR460', '82779', '29', '40', 'T', '12:00PM', 12, 0, 13, 15, '', '', None, None, '', None, None, 'Not Reserved'], ['NTR492', '75073', '9', '10', 'ONLINE', None, None, None, None, None, None, None, None, None, None, None, None, 'Reserved'], ['NTR493', '74566', '8', '10', 'ONLINE', None, None, None, None, None, None, None, None, None, None, None, None, 'Reserved'], ['NTR494', '80514', '18', '20', 'T', '12:00PM', 12, 0, 13, 15, '', '', None, None, '', None, None, 'Not Reserved'], ['NTR494', '80525', '20', '20', 'Th', '12:00PM', 12, 0, 13, 15, '', '', None, None, '', None, None, 'Not Reserved'], ['NTR498', '84456', '12', '20', 'F', ' 9:00 AM', 9, 0, 9, 50, None, None, None, None, None, None, None, 'Not Reserved'], ['NTR499', '74567', '20', '20', 'ONLINE', None, None, None, None, None, None, None, None, None, None, None, None, 'Not Reserved'], ['NTR500', '74579', '29', '30', 'T', '4:30PM', 16, 30, 19, 15, '', '', None, None, '', None, None, 'Reserved'], ['NTR500', '82616', '20', '20', 'ONLINE', None, None, None, None, None, None, None, None, None, None, None, None, 'Reserved'], ['NTR501', '83006', '24', '30', 'T', '4:30PM', 16, 30, 19, 15, '', '', None, None, '', None, None, 'Reserved'], ['NTR503', '82614', '23', '24', 'T Th', ' 3:00 PM', 15, 0, 16, 15, None, None, None, None, None, None, None, 'Reserved'], ['NTR532', '91629', '18', '20', 'M', '1:30PM', 13, 30, 14, 45, '', '', None, None, '', None, None, 'Reserved'], ['NTR540', '74568', '5', '5', 'T Th', '10:30 AM', 10, 30, 11, 45, None, None, None, None, None, None, None, 'Reserved'], ['NTR541', '74569', '3', '3', 'T Th', '10:30 AM', 10, 30, 11, 45, None, None, None, None, None, None, None, 'Reserved'], ['NTR541', '75590', '3', '3', 'T Th', '12:00 PM', 12, 0, 13, 15, None, None, None, None, None, None, None, 'Reserved']], 'DNP': [], 'PUB': [], 'SPE': [], 'INT': [], 'EDP': [['EDP310', '76153', '29', '105', 'ONLINE', None, None, None, None, None, None, None, None, None, None, None, None, 'Reserved'], ['EDP310', '76154', '34', '105', 'ONLINE', None, None, None, None, None, None, None, None, None, None, None, None, 'Reserved'], ['EDP310', '83000', '90', '105', 'ONLINE', None, None, None, None, None, None, None, None, None, None, None, None, 'Reserved'], ['EDP310', '76162', '56', '105', 'ONLINE', None, None, None, None, None, None, None, None, None, None, None, None, 'Reserved'], ['EDP310', '89865', '84', '105', 'ONLINE', None, None, None, None, None, None, None, None, None, None, None, None, 'Reserved'], ['EDP310', '76159', '70', '105', 'ONLINE', None, None, None, None, None, None, None, None, None, None, None, None, 'Reserved'], ['EDP310', '76161', '58', '105', 'ONLINE', None, None, None, None, None, None, None, None, None, None, None, None, 'Reserved'], ['EDP310', '83002', '94', '105', 'ONLINE', None, None, None, None, None, None, None, None, None, None, None, None, 'Reserved'], ['EDP310', '76166', '87', '105', 'ONLINE', None, None, None, None, None, None, None, None, None, None, None, None, 'Reserved'], ['EDP310', '89902', '5', '35', 'ONLINE', None, None, None, None, None, None, None, None, None, None, None, None, 'Reserved'], ['EDP310', '89992', '18', '35', 'ONLINE', None, None, None, None, None, None, None, None, None, None, None, None, 'Reserved'], ['EDP310', '76168', '22', '35', 'W', ' 4:30 PM', 16, 30, 19, 15, None, None, None, None, None, None, None, 'Not Reserved'], ['EDP313', '89983', '10', '35', 'ONLINE', None, None, None, None, None, None, None, None, None, None, None, None, 'Reserved'], ['EDP313', '77729', '11', '35', 'T Th', ' 9:00 AM', 9, 0, 10, 15, None, None, None, None, None, None, None, 'Not Reserved'], ['EDP313', '77730', '25', '35', 'W', ' 4:30 PM', 16, 30, 19, 15, None, None, None, None, None, None, None, 'Not Reserved'], ['EDP502', '75822', '14', '15', 'Th', ' 4:30 PM', 16, 30, 19, 15, None, None, None, None, None, None, None, 'Not Reserved'], ['EDP514', '76742', '20', '30', 'M', ' 3:00 PM', 15, 0, 17, 45, None, None, None, None, None, None, None, 'Reserved'], ['EDP540', '76366', '12', '30', 'T', ' 4:30 PM', 16, 30, 19, 15, None, None, None, None, None, None, None, 'Not Reserved'], ['EDP552', '80338', '11', '40', 'W', ' 4:30 PM', 16, 30, 19, 15, None, None, None, None, None, None, None, 'Not Reserved'], ['EDP554', '80337', '28', '40', 'Th', ' 4:30 PM', 16, 30, 19, 15, None, None, None, None, None, None, None, 'Not Reserved'], ['EDP591', '75825', '21', '25', 'T Th', ' 1:30 PM', 13, 30, 14, 45, None, None, None, None, None, None, None, 'Not Reserved'], ['EDP592', '75626', '10', '10', 'ONLINE', None, None, None, None, None, None, None, None, None, None, None, None, 'Not Reserved'], ['EDP783', '75823', '8', '8', 'T', ' 4:40 PM', 16, 40, 18, 10, None, None, None, None, None, None, None, 'Not Reserved'], ['EDP792', '75628', '20', '20', 'ONLINE', None, None, None, None, None, None, None, None, None, None, None, None, 'Not Reserved'], ['EDP799', '76235', '29', '30', 'ONLINE', None, None, None, None, None, None, None, None, None, None, None, None, 'Not Reserved']], 'LES': [], 'PLC': [], 'PLB': [], 'EDT': [['EDT180', '88107', '38', '70', 'ONLINE', None, None, None, None, None, None, None, None, None, None, None, None, 'Reserved'], ['EDT180', '78714', '51', '70', 'ONLINE', None, None, None, None, None, None, None, None, None, None, None, None, 'Reserved'], ['EDT180', '78715', '57', '70', 'ONLINE', None, None, None, None, None, None, None, None, None, None, None, None, 'Reserved'], ['EDT180', '78717', '15', '35', 'T Th', ' 9:00 AM', 9, 0, 10, 15, None, None, None, None, None, None, None, 'Not Reserved'], ['EDT180', '78718', '20', '35', 'M W F', '10:30 AM', 10, 30, 11, 20, None, None, None, None, None, None, None, 'Not Reserved'], ['EDT180', '78719', '12', '35', 'M W F', '10:30 AM', 10, 30, 11, 20, None, None, None, None, None, None, None, 'Not Reserved'], ['EDT180', '78720', '29', '35', 'M W F', '12:00 PM', 12, 0, 12, 50, None, None, None, None, None, None, None, 'Not Reserved'], ['EDT180', '78721', '30', '35', 'M W F', ' 1:30 PM', 13, 30, 14, 20, None, None, None, None, None, None, None, 'Not Reserved'], ['EDT180', '78723', '68', '70', 'ONLINE', None, None, None, None, None, None, None, None, None, None, None, None, 'Reserved'], ['EDT180', '78724', '70', '70', 'ONLINE', None, None, None, None, None, None, None, None, None, None, None, None, 'Reserved'], ['EDT180', '78725', '20', '35', 'T', ' 4:30 PM', 16, 30, 19, 15, None, None, None, None, None, None, None, 'Not Reserved'], ['EDT180', '82078', '30', '35', 'T Th', '12:00 PM', 12, 0, 13, 15, None, None, None, None, None, None, None, 'Not Reserved'], ['EDT180', '82894', '29', '35', 'T Th', '10:30 AM', 10, 30, 11, 45, None, None, None, None, None, None, None, 'Not Reserved'], ['EDT180', '84726', '7', '30', 'M W F', ' 1:30 PM', 13, 30, 14, 20, None, None, None, None, None, None, None, 'Not Reserved'], ['EDT180', '78722', '19', '35', 'T Th', ' 1:30 PM', 13, 30, 14, 45, None, None, None, None, None, None, None, 'Reserved'], ['EDT180', '85506', '23', '30', 'T Th', '10:30 AM', 10, 30, 11, 45, None, None, None, None, None, None, None, 'Not Reserved'], ['EDT321', '87527', '58', '70', 'ONLINE', None, None, None, None, None, None, None, None, None, None, None, None, 'Reserved'], ['EDT321', '73891', '30', '35', 'T', ' 6:00 PM', 18, 0, 20, 45, None, None, None, None, None, None, None, 'Not Reserved'], ['EDT321', '76051', '67', '70', 'ONLINE', None, None, None, None, None, None, None, None, None, None, None, None, 'Reserved'], ['EDT321', '76052', '33', '35', 'T Th', ' 9:00 AM', 9, 0, 10, 15, None, None, None, None, None, None, None, 'Not Reserved'], ['EDT321', '76053', '28', '35', 'T Th', '12:00 PM', 12, 0, 13, 15, None, None, None, None, None, None, None, 'Not Reserved'], ['EDT321', '76054', '27', '35', 'T Th', '10:30 AM', 10, 30, 11, 45, None, None, None, None, None, None, None, 'Not Reserved'], ['EDT321', '76055', '28', '35', 'T Th', ' 1:30 PM', 13, 30, 14, 45, None, None, None, None, None, None, None, 'Not Reserved'], ['EDT321', '76056', '23', '25', 'M W', ' 3:00 PM', 15, 0, 16, 15, None, None, None, None, None, None, None, 'Reserved'], ['EDT321', '76064', '63', '70', 'ONLINE', None, None, None, None, None, None, None, None, None, None, None, None, 'Reserved'], ['EDT321', '76065', '70', '70', 'ONLINE', None, None, None, None, None, None, None, None, None, None, None, None, 'Reserved'], ['EDT460', '84652', '10', '15', 'T', ' 1:30 PM', 13, 30, 14, 45, None, None, None, None, None, None, None, 'Not Reserved'], ['EDT461', '87887', '12', '15', 'W', ' 4:30 PM', 16, 30, 19, 15, None, None, None, None, None, None, None, 'Not Reserved'], ['EDT463', '89999', '19', '35', 'ONLINE', None, None, None, None, None, None, None, None, None, None, None, None, 'Reserved'], ['EDT494', '91783', '12', '12', 'ONLINE', None, None, None, None, None, None, None, None, None, None, None, None, 'Not Reserved'], ['EDT494', '77530', '2', '12', 'W', ' 4:30 PM', 16, 30, 19, 15, None, None, None, None, None, None, None, 'Not Reserved'], ['EDT501', '75629', '21', '30', 'W', ' 4:30 PM', 16, 30, 19, 15, None, None, None, None, None, None, None, 'Not Reserved'], ['EDT502', '76226', '20', '25', 'M', ' 4:30 PM', 16, 30, 19, 15, None, None, None, None, None, None, None, 'Not Reserved'], ['EDT503', '91156', '28', '30', 'W', ' 4:30 PM', 16, 30, 19, 15, None, None, None, None, None, None, None, 'Not Reserved'], ['EDT507', '80421', '31', '32', 'M', ' 4:30 PM', 16, 30, 19, 15, None, None, None, None, None, None, None, 'Not Reserved'], ['EDT523', '75809', '26', '30', 'ONLINE', None, None, None, None, None, None, None, None, None, None, None, None, 'Reserved'], ['EDT524', '77932', '27', '30', 'ONLINE', None, None, None, None, None, None, None, None, None, None, None, None, 'Reserved'], ['EDT530', '75810', '15', '24', 'ONLINE', None, None, None, None, None, None, None, None, None, None, None, None, 'Reserved'], ['EDT540', '80420', '8', '12', 'W', ' 4:30 PM', 16, 30, 19, 15, None, None, None, None, None, None, None, 'Not Reserved'], ['EDT560', '87886', '13', '15', 'T', ' 1:30 PM', 13, 30, 14, 45, None, None, None, None, None, None, None, 'Not Reserved'], ['EDT561', '87888', '12', '15', 'W', ' 4:30 PM', 16, 30, 19, 15, None, None, None, None, None, None, None, 'Not Reserved'], ['EDT580', '85590', '30', '30', 'ONLINE', None, None, None, None, None, None, None, None, None, None, None, None, 'Not Reserved'], ['EDT584', '85686', '30', '30', 'ONLINE', None, None, None, None, None, None, None, None, None, None, None, None, 'Not Reserved'], ['EDT584', '87412', '30', '30', 'ONLINE', None, None, None, None, None, None, None, None, None, None, None, None, 'Not Reserved'], ['EDT590', '75630', '29', '30', 'ONLINE', None, None, None, None, None, None, None, None, None, None, None, None, 'Not Reserved'], ['EDT593', '77531', '17', '24', 'ONLINE', None, None, None, None, None, None, None, None, None, None, None, None, 'Reserved'], ['EDT690', '85685', '30', '30', 'ONLINE', None, None, None, None, None, None, None, None, None, None, None, None, 'Not Reserved'], ['EDT780', '76621', '5', '5', 'ONLINE', None, None, None, None, None, None, None, None, None, None, None, None, 'Not Reserved'], ['EDT790', '75631', '29', '30', 'ONLINE', None, None, None, None, None, None, None, None, None, None, None, None, 'Not Reserved'], ['EDT792', '75632', '17', '20', 'ONLINE', None, None, None, None, None, None, None, None, None, None, None, None, 'Not Reserved'], ['EDT799', '76236', '30', '30', 'ONLINE', None, None, None, None, None, None, None, None, None, None, None, None, 'Reserved']], 'OMT': [], 'RUS': [], 'ALT': [['ALT502', '83602', '20', '25', 'T Th', ' 9:00 AM', 9, 0, 10, 15, None, None, None, None, None, None, None, 'Not Reserved'], ['ALT502', '83602', '20', '25', 'T Th', ' 9:00 AM', 9, 0, 10, 15, None, None, None, None, None, None, None, 'Not Reserved']], 'PUP': [], 'TWC': [], 'LDE': [], 'CRD': [['CRD210', '79320', '72', '108', 'M W F', ' 1:30 PM', 13, 30, 14, 20, None, None, None, None, None, None, None, 'Not Reserved'], ['CRD210', '89187', '16', '40', 'M W F', ' 9:00 AM', 9, 0, 9, 50, None, None, None, None, None, None, None, 'Not Reserved'], ['CRD301', '82381', '17', '40', 'M W F', '10:30 AM', 10, 30, 11, 20, None, None, None, None, None, None, None, 'Not Reserved'], ['CRD301', '89230', '36', '110', 'M W', ' 3:00 PM', 15, 0, 16, 15, None, None, None, None, None, None, None, 'Not Reserved'], ['CRD302', '82385', '14', '80', 'M W F', '10:30 AM', 10, 30, 11, 20, None, None, None, None, None, None, None, 'Not Reserved'], ['CRD302', '89233', '17', '40', 'M W F', '12:00 PM', 12, 0, 12, 50, None, None, None, None, None, None, None, 'Not Reserved'], ['CRD403', '82386', '47', '108', 'M W F', '12:00 PM', 12, 0, 12, 50, None, None, None, None, None, None, None, 'Not Reserved'], ['CRD494', '79323', '10', '10', 'ONLINE', None, None, None, None, None, None, None, None, None, None, None, None, 'Reserved'], ['CRD500', '72328', '21', '24', 'T', ' 1:30 PM', 13, 30, 16, 15, None, None, None, None, None, None, None, 'Not Reserved'], ['CRD502', '75044', '12', '20', 'T Th', ' 4:30 PM', 16, 30, 17, 45, None, None, None, None, None, None, None, 'Not Reserved'], ['CRD552', '79331', '32', '35', 'W', ' 4:30 PM', 16, 30, 19, 15, None, None, None, None, None, None, None, 'Not Reserved'], ['CRD569', '75960', '8', '10', 'ONLINE', None, None, None, None, None, None, None, None, None, None, None, None, 'Reserved'], ['CRD572', '84540', '6', '6', 'ONLINE', None, None, None, None, None, None, None, None, None, None, None, None, 'Reserved'], ['CRD580', '76344', '3', '3', 'ONLINE', None, None, None, None, None, None, None, None, None, None, None, None, 'Not Reserved'], ['CRD591', '73937', '5', '5', 'T Th', ' 9:00 AM', 9, 0, 10, 15, None, None, None, None, None, None, None, 'Not Reserved'], ['CRD591', '73938', '5', '5', 'W', ' 6:00 PM', 18, 0, 20, 45, None, None, None, None, None, None, None, 'Not Reserved'], ['CRD592', '75963', '5', '5', 'ONLINE', None, None, None, None, None, None, None, None, None, None, None, None, 'Not Reserved'], ['CRD595', '72329', '5', '5', 'ONLINE', None, None, None, None, None, None, None, None, None, None, None, None, 'Not Reserved'], ['CRD598', '77679', '4', '10', 'ONLINE', None, None, None, None, None, None, None, None, None, None, None, None, 'Reserved'], ['CRD598', '91439', '1', '2', 'ONLINE', None, None, None, None, None, None, None, None, None, None, None, None, 'Not Reserved'], ['CRD599', '74165', '3', '4', 'ONLINE', None, None, None, None, None, None, None, None, None, None, None, None, 'Not Reserved'], ['CRD610', '73594', '13', '15', 'Th', ' 1:30 PM', 13, 30, 16, 15, None, None, None, None, None, None, None, 'Not Reserved'], ['CRD620', '74776', '13', '15', 'T', ' 1:30 PM', 13, 30, 16, 15, None, None, None, None, None, None, None, 'Not Reserved'], ['CRD640', '79333', '12', '15', 'W', ' 3:00 PM', 15, 0, 18, 15, None, None, None, None, None, None, None, 'Not Reserved'], ['CRD690', '78170', '5', '5', 'ONLINE', None, None, None, None, None, None, None, None, None, None, None, None, 'Not Reserved'], ['CRD792', '75222', '10', '10', 'ONLINE', None, None, None, None, None, None, None, None, None, None, None, None, 'Not Reserved'], ['CRD792', '85645', '3', '3', 'ONLINE', None, None, None, None, None, None, None, None, None, None, None, None, 'Not Reserved'], ['CRD795', '80923', '5', '5', 'ONLINE', None, None, None, None, None, None, None, None, None, None, None, None, 'Not Reserved'], ['CRD799', '84539', '4', '6', 'ONLINE', None, None, None, None, None, None, None, None, None, None, None, None, 'Not Reserved']], 'USL': [], 'SWE': [], 'SWG': [['SWG501', '73105', '23', '24', 'F', ' 1:30 PM', 13, 30, 16, 15, None, None, None, None, None, None, None, 'Not Reserved'], ['SWG501', '73106', '24', '24', 'F', ' 1:30 PM', 13, 30, 16, 15, None, None, None, None, None, None, None, 'Not Reserved'], ['SWG501', '73107', '24', '24', 'F', ' 1:30 PM', 13, 30, 16, 15, None, None, None, None, None, None, None, 'Not Reserved'], ['SWG501', '73109', '22', '22', 'F', ' 1:30 PM', 13, 30, 16, 15, None, None, None, None, None, None, None, 'Not Reserved'], ['SWG501', '75778', '30', '30', 'M', ' 6:00 PM', 18, 0, 20, 45, None, None, None, None, None, None, None, 'Not Reserved'], ['SWG501', '75779', '29', '30', 'M', ' 6:00 PM', 18, 0, 20, 45, None, None, None, None, None, None, None, 'Not Reserved'], ['SWG501', '77131', '30', '30', 'M', ' 6:00 PM', 18, 0, 20, 45, None, None, None, None, None, None, None, 'Not Reserved'], ['SWG501', '77133', '26', '30', 'W', ' 9:00 AM', 9, 0, 11, 50, None, None, None, None, None, None, None, 'Not Reserved'], ['SWG501', '77134', '25', '25', 'W', ' 9:00 AM', 9, 0, 11, 50, None, None, None, None, None, None, None, 'Not Reserved'], ['SWG501', '90025', '27', '30', 'Th', ' 5:40 PM', 17, 40, 20, 30, None, None, None, None, None, None, None, 'Not Reserved'], ['SWG510', '73110', '21', '24', 'F', ' 9:00 AM', 9, 0, 11, 45, None, None, None, None, None, None, None, 'Not Reserved'], ['SWG510', '73111', '24', '24', 'F', ' 9:00 AM', 9, 0, 11, 45, None, None, None, None, None, None, None, 'Not Reserved'], ['SWG510', '73112', '21', '24', 'F', ' 9:00 AM', 9, 0, 11, 45, None, None, None, None, None, None, None, 'Not Reserved'], ['SWG510', '73113', '23', '24', 'F', ' 9:00 AM', 9, 0, 11, 45, None, None, None, None, None, None, None, 'Not Reserved'], ['SWG510', '73729', '16', '25', 'T', ' 6:00 PM', 18, 0, 20, 45, None, None, None, None, None, None, None, 'Not Reserved'], ['SWG510', '73115', '20', '25', 'T', ' 6:00 PM', 18, 0, 20, 45, None, None, None, None, None, None, None, 'Not Reserved'], ['SWG510', '73116', '24', '25', 'T', ' 6:00 PM', 18, 0, 20, 45, None, None, None, None, None, None, None, 'Not Reserved'], ['SWG510', '74061', '9', '24', 'T', ' 6:00 PM', 18, 0, 20, 45, None, None, None, None, None, None, None, 'Not Reserved'], ['SWG510', '74254', '15', '18', 'M', ' 1:00 PM', 13, 0, 15, 50, None, None, None, None, None, None, None, 'Not Reserved'], ['SWG510', '79007', '17', '18', 'M', ' 1:00 PM', 13, 0, 15, 50, None, None, None, None, None, None, None, 'Not Reserved'], ['SWG510', '87374', '10', '20', 'W', ' 5:40 PM', 17, 40, 20, 30, None, None, None, None, None, None, None, 'Not Reserved'], ['SWG510', '84663', '13', '18', 'W', ' 5:40 PM', 17, 40, 20, 30, None, None, None, None, None, None, None, 'Not Reserved'], ['SWG519', '87899', '12', '30', 'Sa', '8:00AM', 8, 0, 16, 30, 'Sa', '8:00AM', 8, 0, '4:30PM', 16, 30, 'Not Reserved'], ['SWG531', '72427', '24', '24', 'M', ' 1:30 PM', 13, 30, 16, 15, None, None, None, None, None, None, None, 'Not Reserved'], ['SWG531', '72428', '23', '24', 'M', ' 1:30 PM', 13, 30, 16, 15, None, None, None, None, None, None, None, 'Not Reserved'], ['SWG531', '74043', '24', '24', 'M', ' 1:30 PM', 13, 30, 16, 15, None, None, None, None, None, None, None, 'Not Reserved'], ['SWG531', '74796', '24', '24', 'M', ' 1:30 PM', 13, 30, 16, 15, None, None, None, None, None, None, None, 'Not Reserved'], ['SWG531', '72429', '24', '24', 'M', ' 1:30 PM', 13, 30, 16, 15, None, None, None, None, None, None, None, 'Not Reserved'], ['SWG531', '73157', '24', '25', 'W', ' 6:00 PM', 18, 0, 20, 45, None, None, None, None, None, None, None, 'Not Reserved'], ['SWG531', '74605', '24', '25', 'W', ' 6:00 PM', 18, 0, 20, 45, None, None, None, None, None, None, None, 'Not Reserved'], ['SWG531', '75780', '23', '24', 'W', ' 6:00 PM', 18, 0, 20, 45, None, None, None, None, None, None, None, 'Not Reserved'], ['SWG531', '77138', '24', '25', 'M', ' 9:00 AM', 9, 0, 11, 50, None, None, None, None, None, None, None, 'Not Reserved'], ['SWG531', '77140', '25', '25', 'M', ' 9:00 AM', 9, 0, 11, 50, None, None, None, None, None, None, None, 'Not Reserved'], ['SWG531', '82610', '25', '25', 'M', ' 5:40 PM', 17, 40, 20, 30, None, None, None, None, None, None, None, 'Not Reserved'], ['SWG533', '72430', '24', '24', 'M', ' 9:00 AM', 9, 0, 11, 45, None, None, None, None, None, None, None, 'Not Reserved'], ['SWG533', '72431', '23', '24', 'M', ' 9:00 AM', 9, 0, 11, 45, None, None, None, None, None, None, None, 'Not Reserved'], ['SWG533', '82611', '24', '24', 'M', ' 9:00 AM', 9, 0, 11, 45, None, None, None, None, None, None, None, 'Not Reserved'], ['SWG533', '72957', '22', '22', 'M', ' 9:00 AM', 9, 0, 11, 45, None, None, None, None, None, None, None, 'Not Reserved'], ['SWG533', '74797', '24', '24', 'M', ' 9:00 AM', 9, 0, 11, 45, None, None, None, None, None, None, None, 'Not Reserved'], ['SWG533', '82612', '25', '25', 'Th', ' 6:00 PM', 18, 0, 20, 45, None, None, None, None, None, None, None, 'Not Reserved'], ['SWG533', '74606', '21', '25', 'Th', ' 6:00 PM', 18, 0, 20, 45, None, None, None, None, None, None, None, 'Not Reserved'], ['SWG533', '75328', '25', '25', 'W', ' 1:00 PM', 13, 0, 15, 50, None, None, None, None, None, None, None, 'Not Reserved'], ['SWG533', '82613', '24', '25', 'W', ' 1:00 PM', 13, 0, 15, 50, None, None, None, None, None, None, None, 'Not Reserved'], ['SWG533', '84528', '24', '25', 'T', ' 5:40 PM', 17, 40, 20, 30, None, None, None, None, None, None, None, 'Not Reserved'], ['SWG533', '91123', '29', '30', 'Sa', '9:00AM', 9, 0, 17, 30, 'Sa', '9:00AM', 9, 0, '5:30PM', 17, 30, 'Not Reserved'], ['SWG541', '72432', '161', '200', 'T Th', ' 8:00 AM', 8, 0, 17, 0, None, None, None, None, None, None, None, 'Not Reserved'], ['SWG541', '72433', '42', '60', 'T Th', ' 8:00 AM', 8, 0, 17, 0, None, None, None, None, None, None, None, 'Not Reserved'], ['SWG542', '72434', '50', '50', 'T Th', ' 8:00 AM', 8, 0, 17, 0, None, None, None, None, None, None, None, 'Not Reserved']], 'CIS': [['CIS105', '80033', '24', '125', 'ONLINE', None, None, None, None, None, None, None, None, None, None, None, None, 'Not Reserved'], ['CIS105', '85960', '68', '100', 'ONLINE', None, None, None, None, None, None, None, None, None, None, None, None, 'Reserved'], ['CIS105', '70759', '251', '350', 'M W', ' 3:00 PM', 15, 0, 16, 15, None, None, None, None, None, None, None, 'Reserved'], ['CIS105', '70760', '332', '350', 'M W', ' 4:30 PM', 16, 30, 17, 45, None, None, None, None, None, None, None, 'Reserved'], ['CIS105', '70761', '331', '350', 'M W', ' 6:00 PM', 18, 0, 19, 15, None, None, None, None, None, None, None, 'Reserved'], ['CIS105', '73509', '299', '350', 'T Th', ' 3:00 PM', 15, 0, 16, 15, None, None, None, None, None, None, None, 'Reserved'], ['CIS105', '73510', '318', '350', 'T Th', ' 4:30 PM', 16, 30, 17, 45, None, None, None, None, None, None, None, 'Reserved'], ['CIS105', '73650', '335', '350', 'T Th', ' 6:00 PM', 18, 0, 19, 15, None, None, None, None, None, None, None, 'Reserved'], ['CIS105', '73856', '130', '150', 'M W', ' 3:00 PM', 15, 0, 16, 15, None, None, None, None, None, None, None, 'Not Reserved'], ['CIS105', '74785', '120', '135', 'T Th', ' 9:00 AM', 9, 0, 10, 15, None, None, None, None, None, None, None, 'Not Reserved'], ['CIS235', '79274', '1', '40', 'T Th', '12:00 PM', 12, 0, 13, 15, None, None, None, None, None, None, None, 'Not Reserved'], ['CIS235', '76997', '23', '40', 'T Th', ' 9:00 AM', 9, 0, 10, 15, None, None, None, None, None, None, None, 'Not Reserved'], ['CIS236', '74115', '30', '35', 'T Th', ' 9:00 AM', 9, 0, 10, 15, None, None, None, None, None, None, None, 'Not Reserved'], ['CIS236', '74431', '9', '35', 'T Th', '10:30 AM', 10, 30, 11, 45, None, None, None, None, None, None, None, 'Not Reserved'], ['CIS236', '74432', '18', '35', 'T Th', '12:00 PM', 12, 0, 13, 15, None, None, None, None, None, None, None, 'Not Reserved'], ['CIS236', '75605', '16', '35', 'T Th', ' 3:00 PM', 15, 0, 16, 15, None, None, None, None, None, None, None, 'Not Reserved'], ['CIS236', '80606', '34', '36', 'T Th', ' 4:30 PM', 16, 30, 17, 45, None, None, None, None, None, None, None, 'Not Reserved'], ['CIS236', '89512', '26', '36', 'T Th', ' 1:30 PM', 13, 30, 14, 45, None, None, None, None, None, None, None, 'Not Reserved'], ['CIS236', '84630', '32', '36', 'M W', ' 3:00 PM', 15, 0, 16, 15, None, None, None, None, None, None, None, 'Not Reserved'], ['CIS308', '82310', '1', '60', 'ONLINE', None, None, None, None, None, None, None, None, None, None, None, None, 'Reserved'], ['CIS309', '82313', '1', '60', 'ONLINE', None, None, None, None, None, None, None, None, None, None, None, None, 'Reserved'], ['CIS311', '82315', '3', '60', 'ONLINE', None, None, None, None, None, None, None, None, None, None, None, None, 'Reserved'], ['CIS315', '82320', '25', '40', 'M W', ' 3:00 PM', 15, 0, 16, 15, None, None, None, None, None, None, None, 'Not Reserved'], ['CIS340', '74433', '12', '40', 'T Th', ' 9:00 AM', 9, 0, 10, 15, None, None, None, None, None, None, None, 'Not Reserved'], ['CIS355', '89530', '20', '36', 'M W', ' 4:30 PM', 16, 30, 17, 45, None, None, None, None, None, None, None, 'Not Reserved'], ['CIS360', '70765', '1', '40', 'T Th', ' 3:00 PM', 15, 0, 16, 15, None, None, None, None, None, None, None, 'Reserved'], ['CIS360', '75067', '38', '48', 'W', ' 4:30 PM', 16, 30, 19, 15, None, None, None, None, None, None, None, 'Reserved'], ['CIS365', '82306', '24', '40', 'T Th', ' 3:00 PM', 15, 0, 16, 15, None, None, None, None, None, None, None, 'Reserved'], ['CIS375', '89544', '3', '35', 'M W', ' 4:30 PM', 16, 30, 17, 45, None, None, None, None, None, None, None, 'Not Reserved'], ['CIS405', '82323', '2', '60', 'ONLINE', None, None, None, None, None, None, None, None, None, None, None, None, 'Reserved'], ['CIS415', '89548', '6', '35', 'M W', ' 3:00 PM', 15, 0, 16, 15, None, None, None, None, None, None, None, 'Not Reserved'], ['CIS425', '70757', '1', '50', 'T Th', ' 1:30 PM', 13, 30, 14, 45, None, None, None, None, None, None, None, 'Not Reserved'], ['CIS425', '70758', '4', '40', 'T Th', ' 9:00 AM', 9, 0, 10, 15, None, None, None, None, None, None, None, 'Not Reserved'], ['CIS430', '79294', '27', '36', 'M W', ' 3:00 PM', 15, 0, 16, 15, None, None, None, None, None, None, None, 'Not Reserved'], ['CIS440', '74434', '1', '35', 'T Th', '10:30 AM', 10, 30, 11, 45, None, None, None, None, None, None, None, 'Not Reserved'], ['CIS440', '79296', '6', '35', 'T Th', ' 1:30 PM', 13, 30, 14, 45, None, None, None, None, None, None, None, 'Not Reserved'], ['CIS450', '89560', '24', '35', 'T Th', ' 3:00 PM', 15, 0, 16, 15, None, None, None, None, None, None, None, 'Not Reserved'], ['CIS484', '73323', '30', '30', 'ONLINE', None, None, None, None, None, None, None, None, None, None, None, None, 'Not Reserved'], ['CIS493', '70768', '9', '10', 'ONLINE', None, None, None, None, None, None, None, None, None, None, None, None, 'Not Reserved'], ['CIS505', '84096', '60', '60', 'M W', ' 9:00 AM', 9, 0, 11, 30, None, None, None, None, None, None, None, 'Not Reserved'], ['CIS505', '79345', '60', '60', 'M W', ' 1:30 PM', 13, 30, 16, 0, None, None, None, None, None, None, None, 'Not Reserved'], ['CIS505', '90451', '60', '60', 'ONLINE', None, None, None, None, None, None, None, None, None, None, None, None, 'Not Reserved'], ['CIS506', '83584', '50', '50', 'Th', ' 6:00 PM', 18, 0, 22, 0, None, None, None, None, None, None, None, 'Not Reserved'], ['CIS506', '81279', '50', '50', 'ONLINE', None, None, None, None, None, None, None, None, None, None, None, None, 'Not Reserved'], ['CIS508', '84099', '60', '60', 'M W', ' 1:30 PM', 13, 30, 16, 0, None, None, None, None, None, None, None, 'Not Reserved'], ['CIS508', '79346', '60', '60', 'M W', ' 9:00 AM', 9, 0, 11, 30, None, None, None, None, None, None, None, 'Not Reserved'], ['CIS508', '90452', '60', '60', 'ONLINE', None, None, None, None, None, None, None, None, None, None, None, None, 'Not Reserved'], ['CIS509', '90448', '30', '30', 'ONLINE', None, None, None, None, None, None, None, None, None, None, None, None, 'Not Reserved'], ['CIS510', '91560', '50', '50', 'ONLINE', None, None, None, None, None, None, None, None, None, None, None, None, 'Not Reserved'], ['CIS512', '83585', '50', '50', 'T', ' 6:00 PM', 18, 0, 22, 0, None, None, None, None, None, None, None, 'Not Reserved'], ['CIS525', '91559', '50', '50', 'ONLINE', None, None, None, None, None, None, None, None, None, None, None, None, 'Not Reserved'], ['CIS540', '91430', '50', '50', 'Th', ' 6:00 PM', 18, 0, 22, 0, None, None, None, None, None, None, None, 'Not Reserved'], ['CIS540', '91558', '50', '50', 'ONLINE', None, None, None, None, None, None, None, None, None, None, None, None, 'Not Reserved'], ['CIS591', '91218', '100', '100', 'M T W Th F Sa Su', ' 8:00 AM', 8, 0, 17, 0, None, None, None, None, None, None, None, 'Reserved'], ['CIS591', '83580', '63', '63', 'ONLINE', None, None, None, None, None, None, None, None, None, None, None, None, 'Reserved'], ['CIS593', '86033', '49', '50', 'ONLINE', None, None, None, None, None, None, None, None, None, None, None, None, 'Not Reserved'], ['CIS790', '70771', '10', '10', 'ONLINE', None, None, None, None, None, None, None, None, None, None, None, None, 'Not Reserved'], ['CIS791', '70772', '40', '40', 'F', ' 9:00 AM', 9, 0, 11, 45, None, None, None, None, None, None, None, 'Not Reserved'], ['CIS792', '70773', '10', '10', 'ONLINE', None, None, None, None, None, None, None, None, None, None, None, None, 'Not Reserved'], ['CIS795', '70774', '2', '2', 'ONLINE', None, None, None, None, None, None, None, None, None, None, None, None, 'Not Reserved'], ['CIS799', '70775', '10', '10', 'ONLINE', None, None, None, None, None, None, None, None, None, None, None, None, 'Not Reserved']], 'CRJ': [['CRJ100', '74105', '33', '100', 'ONLINE', None, None, None, None, None, None, None, None, None, None, None, None, 'Reserved'], ['CRJ100', '74107', '51', '59', 'M W', ' 4:30 PM', 16, 30, 17, 45, None, None, None, None, None, None, None, 'Not Reserved'], ['CRJ100', '74108', '19', '59', 'T Th', ' 1:30 PM', 13, 30, 14, 45, None, None, None, None, None, None, None, 'Not Reserved'], ['CRJ100', '75187', '98', '125', 'W', ' 6:00 PM', 18, 0, 20, 45, None, None, None, None, None, None, None, 'Not Reserved'], ['CRJ100', '75257', '55', '59', 'M', ' 6:00 PM', 18, 0, 20, 45, None, None, None, None, None, None, None, 'Not Reserved'], ['CRJ100', '78103', '44', '59', 'T Th', ' 6:00 PM', 18, 0, 19, 15, None, None, None, None, None, None, None, 'Not Reserved'], ['CRJ100', '85505', '48', '59', 'T Th', ' 9:00 AM', 9, 0, 10, 15, None, None, None, None, None, None, None, 'Not Reserved'], ['CRJ201', '75681', '15', '80', 'ONLINE', None, None, None, None, None, None, None, None, None, None, None, None, 'Reserved'], ['CRJ201', '75682', '53', '80', 'T Th', ' 3:00 PM', 15, 0, 16, 15, None, None, None, None, None, None, None, 'Not Reserved'], ['CRJ201', '75684', '66', '80', 'M W', ' 4:30 PM', 16, 30, 17, 45, None, None, None, None, None, None, None, 'Not Reserved'], ['CRJ201', '75929', '67', '80', 'M W', ' 3:00 PM', 15, 0, 16, 15, None, None, None, None, None, None, None, 'Not Reserved'], ['CRJ201', '79719', '13', '80', 'T Th', '12:00 PM', 12, 0, 13, 15, None, None, None, None, None, None, None, 'Not Reserved'], ['CRJ203', '90326', '36', '80', 'M W', ' 3:00 PM', 15, 0, 16, 15, None, None, None, None, None, None, None, 'Not Reserved'], ['CRJ204', '74075', '16', '80', 'T', ' 6:00 PM', 18, 0, 20, 45, None, None, None, None, None, None, None, 'Not Reserved'], ['CRJ225', '76245', '62', '80', 'T Th', ' 3:00 PM', 15, 0, 16, 15, None, None, None, None, None, None, None, 'Not Reserved'], ['CRJ225', '76246', '50', '80', 'T Th', ' 4:30 PM', 16, 30, 17, 45, None, None, None, None, None, None, None, 'Not Reserved'], ['CRJ225', '76247', '74', '80', 'M W', ' 6:00 PM', 18, 0, 19, 15, None, None, None, None, None, None, None, 'Not Reserved'], ['CRJ225', '78793', '52', '80', 'W', ' 6:00 PM', 18, 0, 20, 45, None, None, None, None, None, None, None, 'Not Reserved'], ['CRJ230', '74084', '1', '80', 'T Th', ' 3:00 PM', 15, 0, 16, 15, None, None, None, None, None, None, None, 'Not Reserved'], ['CRJ240', '74079', '15', '80', 'T Th', ' 1:30 PM', 13, 30, 14, 45, None, None, None, None, None, None, None, 'Not Reserved'], ['CRJ260', '74074', '60', '80', 'Th', ' 6:00 PM', 18, 0, 20, 45, None, None, None, None, None, None, None, 'Not Reserved'], ['CRJ284', '82843', '72', '100', 'ONLINE', None, None, None, None, None, None, None, None, None, None, None, None, 'Reserved'], ['CRJ302', '74086', '26', '40', 'M', ' 6:00 PM', 18, 0, 20, 45, None, None, None, None, None, None, None, 'Not Reserved'], ['CRJ303', '74087', '15', '59', 'T Th', '10:30 AM', 10, 30, 11, 45, None, None, None, None, None, None, None, 'Not Reserved'], ['CRJ303', '79619', '11', '59', 'M W', ' 3:00 PM', 15, 0, 16, 15, None, None, None, None, None, None, None, 'Not Reserved'], ['CRJ303', '79626', '19', '59', 'W', ' 6:00 PM', 18, 0, 20, 45, None, None, None, None, None, None, None, 'Not Reserved'], ['CRJ305', '75075', '38', '59', 'T Th', ' 7:30 AM', 7, 30, 8, 45, None, None, None, None, None, None, None, 'Not Reserved'], ['CRJ305', '76280', '45', '59', 'M W', ' 6:00 PM', 18, 0, 19, 15, None, None, None, None, None, None, None, 'Not Reserved'], ['CRJ305', '78870', '51', '59', 'T Th', ' 6:00 PM', 18, 0, 19, 15, None, None, None, None, None, None, None, 'Not Reserved'], ['CRJ306', '74109', '30', '59', 'T Th', ' 4:30 PM', 16, 30, 17, 45, None, None, None, None, None, None, None, 'Not Reserved'], ['CRJ306', '77075', '22', '59', 'T', ' 6:00 PM', 18, 0, 20, 45, None, None, None, None, None, None, None, 'Not Reserved'], ['CRJ308', '76248', '6', '60', 'ONLINE', None, None, None, None, None, None, None, None, None, None, None, None, 'Reserved'], ['CRJ308', '76249', '17', '59', 'T Th', '10:30 AM', 10, 30, 11, 45, None, None, None, None, None, None, None, 'Not Reserved'], ['CRJ308', '76250', '7', '60', 'M W', ' 3:00 PM', 15, 0, 16, 15, None, None, None, None, None, None, None, 'Not Reserved'], ['CRJ308', '78894', '18', '59', 'T Th', ' 1:30 PM', 13, 30, 14, 45, None, None, None, None, None, None, None, 'Not Reserved'], ['CRJ315', '89107', '49', '59', 'Th', ' 6:00 PM', 18, 0, 20, 45, None, None, None, None, None, None, None, 'Not Reserved'], ['CRJ321', '74083', '11', '60', 'ONLINE', None, None, None, None, None, None, None, None, None, None, None, None, 'Reserved'], ['CRJ321', '89137', '28', '59', 'T', ' 6:00 PM', 18, 0, 20, 45, None, None, None, None, None, None, None, 'Not Reserved'], ['CRJ350', '74114', '1', '60', 'ONLINE', None, None, None, None, None, None, None, None, None, None, None, None, 'Reserved'], ['CRJ350', '75737', '30', '59', 'T Th', ' 7:30 AM', 7, 30, 8, 45, None, None, None, None, None, None, None, 'Not Reserved'], ['CRJ404', '81916', '23', '59', 'T Th', ' 7:30 AM', 7, 30, 8, 45, None, None, None, None, None, None, None, 'Not Reserved'], ['CRJ409', '81928', '30', '59', 'F', ' 9:00 AM', 9, 0, 11, 45, None, None, None, None, None, None, None, 'Not Reserved'], ['CRJ410', '74073', '20', '59', 'Th', ' 6:00 PM', 18, 0, 20, 45, None, None, None, None, None, None, None, 'Not Reserved'], ['CRJ443', '74110', '13', '60', 'ONLINE', None, None, None, None, None, None, None, None, None, None, None, None, 'Reserved'], ['CRJ461', '74260', '1', '59', 'T Th', '12:00 PM', 12, 0, 13, 15, None, None, None, None, None, None, None, 'Not Reserved'], ['CRJ470', '91143', '3', '40', 'ONLINE', None, None, None, None, None, None, None, None, None, None, None, None, 'Reserved'], ['CRJ470', '74111', '7', '40', 'W', ' 6:00 PM', 18, 0, 20, 45, None, None, None, None, None, None, None, 'Not Reserved'], ['CRJ484', '76513', '100', '100', 'ONLINE', None, None, None, None, None, None, None, None, None, None, None, None, 'Not Reserved'], ['CRJ492', '74089', '10', '10', 'ONLINE', None, None, None, None, None, None, None, None, None, None, None, None, 'Not Reserved'], ['CRJ493', '77026', '8', '10', 'ONLINE', None, None, None, None, None, None, None, None, None, None, None, None, 'Not Reserved'], ['CRJ494', '74081', '18', '59', 'T Th', ' 9:00 AM', 9, 0, 10, 15, None, None, None, None, None, None, None, 'Not Reserved'], ['CRJ494', '75043', '6', '100', 'T Th', ' 4:30 PM', 16, 30, 17, 45, None, None, None, None, None, None, None, 'Not Reserved'], ['CRJ499', '75415', '10', '10', 'ONLINE', None, None, None, None, None, None, None, None, None, None, None, None, 'Not Reserved'], ['CRJ501', '77865', '8', '20', 'T', ' 1:30 PM', 13, 30, 16, 15, None, None, None, None, None, None, None, 'Not Reserved'], ['CRJ503', '74088', '8', '20', 'Th', ' 1:30 PM', 13, 30, 16, 15, None, None, None, None, None, None, None, 'Not Reserved'], ['CRJ512', '90329', '14', '20', 'M', ' 4:30 PM', 16, 30, 19, 15, None, None, None, None, None, None, None, 'Not Reserved'], ['CRJ513', '87976', '5', '20', 'Th', ' 1:30 PM', 13, 30, 16, 15, None, None, None, None, None, None, None, 'Not Reserved'], ['CRJ584', '74119', '25', '25', 'ONLINE', None, None, None, None, None, None, None, None, None, None, None, None, 'Not Reserved'], ['CRJ595', '76455', '10', '10', 'ONLINE', None, None, None, None, None, None, None, None, None, None, None, None, 'Not Reserved'], ['CRJ599', '74112', '7', '10', 'ONLINE', None, None, None, None, None, None, None, None, None, None, None, None, 'Not Reserved'], ['CRJ602', '87989', '10', '20', 'W', ' 3:00 PM', 15, 0, 17, 45, None, None, None, None, None, None, None, 'Not Reserved'], ['CRJ604', '74505', '7', '20', 'T', ' 1:30 PM', 13, 30, 16, 15, None, None, None, None, None, None, None, 'Not Reserved'], ['CRJ609', '87991', '9', '20', 'M', ' 3:00 PM', 15, 0, 17, 45, None, None, None, None, None, None, None, 'Not Reserved'], ['CRJ792', '74509', '10', '10', 'ONLINE', None, None, None, None, None, None, None, None, None, None, None, None, 'Not Reserved'], ['CRJ795', '76593', '4', '10', 'ONLINE', None, None, None, None, None, None, None, None, None, None, None, None, 'Not Reserved'], ['CRJ799', '74226', '16', '20', 'ONLINE', None, None, None, None, None, None, None, None, None, None, None, None, 'Not Reserved']], 'MKT': [], 'WST': [], 'MSI': [], 'ROM': [], 'GPH': [], 'MSE': [], 'KOR': [], 'SWU': [], 'HCD': [['HCD100', '88641', '25', '30', 'T Th', ' 9:00 AM', 9, 0, 10, 15, None, None, None, None, None, None, None, 'Not Reserved'], ['HCD101', '84359', '42', '50', 'T Th', '10:30 AM', 10, 30, 11, 45, None, None, None, None, None, None, None, 'Not Reserved'], ['HCD300', '88646', '14', '25', 'T Th', '10:30 AM', 10, 30, 11, 45, None, None, None, None, None, None, None, 'Not Reserved'], ['HCD303', '88642', '16', '30', 'T Th', ' 1:30 PM', 13, 30, 14, 45, None, None, None, None, None, None, None, 'Not Reserved'], ['HCD484', '91340', '5', '5', 'ONLINE', None, None, None, None, None, None, None, None, None, None, None, None, 'Reserved'], ['HCD492', '85655', '20', '20', 'ONLINE', None, None, None, None, None, None, None, None, None, None, None, None, 'Reserved'], ['HCD493', '85656', '20', '20', 'ONLINE', None, None, None, None, None, None, None, None, None, None, None, None, 'Reserved'], ['HCD501', '80213', '59', '60', 'M W F', '10:30 AM', 10, 30, 12, 45, None, None, None, None, None, None, None, 'Reserved'], ['HCD502', '83210', '59', '60', 'T Th', ' 1:00 PM', 13, 0, 15, 45, None, None, None, None, None, None, None, 'Not Reserved'], ['HCD510', '90835', '60', '60', 'W F', '10:30 AM', 10, 30, 12, 30, None, None, None, None, None, None, None, 'Not Reserved'], ['HCD511', '83212', '59', '60', 'T Th', '10:30 AM', 10, 30, 13, 15, None, None, None, None, None, None, None, 'Reserved'], ['HCD540', '83211', '59', '60', 'T Th', '10:00 AM', 10, 0, 12, 0, None, None, None, None, None, None, None, 'Not Reserved'], ['HCD592', '91036', '60', '60', 'F', ' 1:30 PM', 13, 30, 14, 30, None, None, None, None, None, None, None, 'Not Reserved'], ['HCD594', '80265', '60', '60', 'F', ' 1:30 PM', 13, 30, 15, 30, None, None, None, None, None, None, None, 'Reserved'], ['HCD594', '90841', '59', '60', 'W', ' 1:30 PM', 13, 30, 15, 30, None, None, None, None, None, None, None, 'Not Reserved'], ['HCD598', '82759', '8', '8', 'ONLINE', None, None, None, None, None, None, None, None, None, None, None, None, 'Reserved']], 'BIO': [['BIO100', '81964', '23', '42', 'T Th', ' 9:00 AM', 9, 0, 10, 15, None, None, None, None, None, None, None, 'Not Reserved'], ['BIO100', '81965', '8', '24', 'T', '10:30 AM', 10, 30, 12, 30, None, None, None, None, None, None, None, 'Not Reserved'], ['BIO100', '81966', '21', '24', 'Th', '10:30 AM', 10, 30, 12, 30, None, None, None, None, None, None, None, 'Not Reserved'], ['BIO100', '70581', '84', '120', 'M W F', ' 9:00 AM', 9, 0, 9, 50, None, None, None, None, None, None, None, 'Reserved'], ['BIO100', '72721', '17', '24', 'T', '10:30 AM', 10, 30, 12, 20, None, None, None, None, None, None, None, 'Not Reserved'], ['BIO100', '73309', '16', '24', 'T', '12:30 PM', 12, 30, 14, 20, None, None, None, None, None, None, None, 'Not Reserved'], ['BIO100', '73821', '20', '24', 'T', ' 2:30 PM', 14, 30, 16, 20, None, None, None, None, None, None, None, 'Not Reserved'], ['BIO100', '74047', '17', '24', 'T', ' 4:30 PM', 16, 30, 18, 20, None, None, None, None, None, None, None, 'Not Reserved'], ['BIO100', '85582', '14', '24', 'M', ' 2:30 PM', 14, 30, 16, 20, None, None, None, None, None, None, None, 'Not Reserved'], ['BIO181', '81968', '57', '96', 'M W F', '10:30 AM', 10, 30, 11, 20, None, None, None, None, None, None, None, 'Not Reserved'], ['BIO181', '81969', '8', '24', 'M', '12:00 PM', 12, 0, 14, 30, None, None, None, None, None, None, None, 'Not Reserved'], ['BIO181', '81970', '20', '24', 'M', ' 3:00 PM', 15, 0, 17, 30, None, None, None, None, None, None, None, 'Not Reserved'], ['BIO181', '81977', '15', '24', 'T', '12:00 PM', 12, 0, 14, 30, None, None, None, None, None, None, None, 'Not Reserved'], ['BIO181', '81978', '14', '24', 'W', '12:00 PM', 12, 0, 14, 30, None, None, None, None, None, None, None, 'Not Reserved'], ['BIO181', '75011', '139', '168', 'M W F', '12:00 PM', 12, 0, 12, 50, None, None, None, None, None, None, None, 'Reserved'], ['BIO181', '75013', '12', '24', 'W', ' 2:00 PM', 14, 0, 16, 50, None, None, None, None, None, None, None, 'Not Reserved'], ['BIO181', '75245', '20', '24', 'Th', ' 7:30 AM', 7, 30, 10, 20, None, None, None, None, None, None, None, 'Not Reserved'], ['BIO181', '76412', '19', '24', 'Th', '10:30 AM', 10, 30, 13, 20, None, None, None, None, None, None, None, 'Not Reserved'], ['BIO181', '76529', '20', '24', 'Th', ' 1:30 PM', 13, 30, 16, 20, None, None, None, None, None, None, None, 'Not Reserved'], ['BIO181', '78035', '22', '24', 'Th', ' 4:30 PM', 16, 30, 19, 20, None, None, None, None, None, None, None, 'Not Reserved'], ['BIO181', '78037', '23', '24', 'F', ' 7:30 AM', 7, 30, 10, 20, None, None, None, None, None, None, None, 'Not Reserved'], ['BIO181', '86715', '23', '24', 'Th', ' 7:30 AM', 7, 30, 10, 20, None, None, None, None, None, None, None, 'Not Reserved'], ['BIO181', '75012', '126', '144', 'M W F', ' 1:30 PM', 13, 30, 14, 20, None, None, None, None, None, None, None, 'Reserved'], ['BIO181', '75016', '22', '24', 'W', ' 5:00 PM', 17, 0, 19, 50, None, None, None, None, None, None, None, 'Not Reserved'], ['BIO181', '76929', '19', '24', 'Th', ' 1:30 PM', 13, 30, 16, 20, None, None, None, None, None, None, None, 'Not Reserved'], ['BIO181', '78036', '24', '24', 'Th', ' 4:30 PM', 16, 30, 19, 20, None, None, None, None, None, None, None, 'Not Reserved'], ['BIO181', '78836', '19', '24', 'F', '10:30 AM', 10, 30, 13, 20, None, None, None, None, None, None, None, 'Not Reserved'], ['BIO181', '85580', '20', '24', 'W', ' 2:30 PM', 14, 30, 17, 20, None, None, None, None, None, None, None, 'Not Reserved'], ['BIO181', '85581', '22', '24', 'Th', '10:30 AM', 10, 30, 13, 20, None, None, None, None, None, None, None, 'Not Reserved'], ['BIO182', '81985', '48', '72', 'M W F', '10:30 AM', 10, 30, 11, 20, None, None, None, None, None, None, None, 'Not Reserved'], ['BIO182', '81986', '13', '24', 'W', ' 8:00 AM', 8, 0, 10, 20, None, None, None, None, None, None, None, 'Not Reserved'], ['BIO182', '81988', '18', '24', 'W', '12:00 PM', 12, 0, 14, 30, None, None, None, None, None, None, None, 'Not Reserved'], ['BIO182', '81989', '17', '24', 'M', '12:00 PM', 12, 0, 14, 30, None, None, None, None, None, None, None, 'Not Reserved'], ['BIO182', '75761', '85', '144', 'T Th', ' 3:00 PM', 15, 0, 16, 15, None, None, None, None, None, None, None, 'Reserved'], ['BIO182', '76097', '8', '24', 'W', ' 2:00 PM', 14, 0, 16, 50, None, None, None, None, None, None, None, 'Not Reserved'], ['BIO182', '76098', '18', '24', 'W', ' 5:00 PM', 17, 0, 19, 50, None, None, None, None, None, None, None, 'Not Reserved'], ['BIO182', '76099', '18', '24', 'Th', ' 7:30 AM', 7, 30, 10, 20, None, None, None, None, None, None, None, 'Not Reserved'], ['BIO182', '76613', '8', '24', 'Th', '10:30 AM', 10, 30, 13, 20, None, None, None, None, None, None, None, 'Not Reserved'], ['BIO182', '78038', '13', '24', 'F', '10:30 AM', 10, 30, 13, 20, None, None, None, None, None, None, None, 'Not Reserved'], ['BIO182', '86716', '20', '24', 'F', ' 7:30 AM', 7, 30, 10, 20, None, None, None, None, None, None, None, 'Not Reserved'], ['BIO201', '82110', '19', '72', 'T Th', ' 3:00 PM', 15, 0, 16, 15, None, None, None, None, None, None, None, 'Not Reserved'], ['BIO201', '82112', '2', '24', 'T', '12:00 PM', 12, 0, 14, 30, None, None, None, None, None, None, None, 'Not Reserved'], ['BIO201', '82115', '9', '24', 'Th', '12:00 PM', 12, 0, 14, 30, None, None, None, None, None, None, None, 'Not Reserved'], ['BIO201', '84193', '8', '24', 'T', ' 9:00 AM', 9, 0, 11, 30, None, None, None, None, None, None, None, 'Not Reserved'], ['BIO201', '82111', '30', '96', 'ONLINE', None, None, None, None, None, None, None, None, None, None, None, None, 'Reserved'], ['BIO201', '82113', '9', '24', 'T', ' 4:30 PM', 16, 30, 19, 0, None, None, None, None, None, None, None, 'Not Reserved'], ['BIO201', '82117', '19', '24', 'Th', ' 4:30 PM', 16, 30, 19, 0, None, None, None, None, None, None, None, 'Not Reserved'], ['BIO201', '84195', '2', '24', 'M', ' 4:30 PM', 16, 30, 19, 0, None, None, None, None, None, None, None, 'Not Reserved'], ['BIO201', '70604', '31', '120', 'M W F', '10:30AM', 10, 30, 11, 20, '', '12:00AM', None, None, '12:00AM', None, None, 'Reserved'], ['BIO201', '74544', '10', '24', 'T', ' 9:00 AM', 9, 0, 10, 50, None, None, None, None, None, None, None, 'Not Reserved'], ['BIO201', '76541', '5', '24', 'Th', ' 3:00 PM', 15, 0, 16, 50, None, None, None, None, None, None, None, 'Not Reserved'], ['BIO201', '83436', '16', '24', 'M', ' 5:00 PM', 17, 0, 18, 50, None, None, None, None, None, None, None, 'Not Reserved'], ['BIO201', '70605', '71', '120', 'M W F', '12:00PM', 12, 0, 12, 50, '', '12:00AM', None, None, '12:00AM', None, None, 'Reserved'], ['BIO201', '74539', '10', '24', 'M', ' 9:00 AM', 9, 0, 10, 50, None, None, None, None, None, None, None, 'Not Reserved'], ['BIO201', '74542', '11', '24', 'M', ' 3:00 PM', 15, 0, 16, 50, None, None, None, None, None, None, None, 'Not Reserved'], ['BIO201', '74545', '19', '24', 'T', '11:00 AM', 11, 0, 12, 50, None, None, None, None, None, None, None, 'Not Reserved'], ['BIO201', '76285', '19', '24', 'W', ' 5:00 PM', 17, 0, 18, 50, None, None, None, None, None, None, None, 'Not Reserved'], ['BIO201', '76540', '12', '24', 'Th', ' 1:00 PM', 13, 0, 14, 50, None, None, None, None, None, None, None, 'Not Reserved'], ['BIO201', '76282', '122', '168', 'M W F', '9:00AM', 9, 0, 9, 50, '', '12:00AM', None, None, '12:00AM', None, None, 'Reserved'], ['BIO201', '74540', '7', '24', 'M', '11:00 AM', 11, 0, 12, 50, None, None, None, None, None, None, None, 'Not Reserved'], ['BIO201', '74543', '22', '24', 'M', ' 7:00 PM', 19, 0, 20, 50, None, None, None, None, None, None, None, 'Not Reserved'], ['BIO201', '74546', '13', '24', 'T', ' 1:00 PM', 13, 0, 14, 50, None, None, None, None, None, None, None, 'Not Reserved'], ['BIO201', '74548', '23', '24', 'T', ' 5:00 PM', 17, 0, 18, 50, None, None, None, None, None, None, None, 'Not Reserved'], ['BIO201', '76284', '20', '24', 'W', ' 3:00 PM', 15, 0, 16, 50, None, None, None, None, None, None, None, 'Not Reserved'], ['BIO201', '76539', '19', '24', 'Th', '11:00 AM', 11, 0, 12, 50, None, None, None, None, None, None, None, 'Not Reserved'], ['BIO201', '76933', '18', '24', 'F', '11:00 AM', 11, 0, 12, 50, None, None, None, None, None, None, None, 'Not Reserved'], ['BIO201', '76538', '77', '120', 'M W F', '1:30PM', 13, 30, 14, 20, '', '12:00AM', None, None, '12:00AM', None, None, 'Reserved'], ['BIO201', '74547', '10', '24', 'T', ' 3:00 PM', 15, 0, 16, 50, None, None, None, None, None, None, None, 'Not Reserved'], ['BIO201', '74549', '18', '24', 'W', ' 9:00 AM', 9, 0, 10, 50, None, None, None, None, None, None, None, 'Not Reserved'], ['BIO201', '74550', '11', '24', 'W', '11:00 AM', 11, 0, 12, 50, None, None, None, None, None, None, None, 'Not Reserved'], ['BIO201', '76286', '19', '24', 'Th', ' 9:00 AM', 9, 0, 10, 50, None, None, None, None, None, None, None, 'Not Reserved'], ['BIO201', '76932', '19', '24', 'F', ' 9:00 AM', 9, 0, 10, 50, None, None, None, None, None, None, None, 'Not Reserved'], ['BIO202', '82119', '9', '48', 'M', '4:30PM', 16, 30, 17, 15, '', '', None, None, '', None, None, 'Not Reserved'], ['BIO202', '82126', '9', '24', 'M', ' 5:30 PM', 17, 30, 20, 0, None, None, None, None, None, None, None, 'Not Reserved'], ['BIO202', '82121', '4', '48', 'ONLINE', None, None, None, None, None, None, None, None, None, None, None, None, 'Reserved'], ['BIO202', '84196', '4', '24', 'F', '12:00 PM', 12, 0, 14, 30, None, None, None, None, None, None, None, 'Not Reserved'], ['BIO202', '75645', '73', '168', 'T Th', '7:30AM', 7, 30, 8, 45, '', '12:00AM', None, None, '12:00AM', None, None, 'Reserved'], ['BIO202', '72733', '3', '24', 'M', ' 1:00 PM', 13, 0, 14, 50, None, None, None, None, None, None, None, 'Not Reserved'], ['BIO202', '75646', '14', '24', 'M', ' 5:00 PM', 17, 0, 18, 50, None, None, None, None, None, None, None, 'Not Reserved'], ['BIO202', '75651', '11', '24', 'W', ' 1:00 PM', 13, 0, 14, 50, None, None, None, None, None, None, None, 'Not Reserved'], ['BIO202', '76461', '7', '24', 'Th', ' 1:00 PM', 13, 0, 14, 50, None, None, None, None, None, None, None, 'Not Reserved'], ['BIO202', '76951', '16', '24', 'W', ' 9:00 AM', 9, 0, 10, 50, None, None, None, None, None, None, None, 'Not Reserved'], ['BIO202', '86717', '22', '24', 'W', ' 3:00 PM', 15, 0, 16, 50, None, None, None, None, None, None, None, 'Not Reserved'], ['BIO340', '76952', '47', '120', 'M W', '12:00 PM', 12, 0, 13, 15, None, None, None, None, None, None, None, 'Reserved'], ['BIO340', '76953', '1', '60', 'F', '12:00 PM', 12, 0, 13, 15, None, None, None, None, None, None, None, 'Not Reserved'], ['BIO340', '82049', '36', '50', 'F', ' 1:30 PM', 13, 30, 14, 45, None, None, None, None, None, None, None, 'Not Reserved'], ['BIO353', '86939', '16', '40', 'M W', ' 3:00 PM', 15, 0, 16, 15, None, None, None, None, None, None, None, 'Not Reserved'], ['BIO360', '82011', '30', '48', 'T Th', ' 9:00 AM', 9, 0, 10, 15, None, None, None, None, None, None, None, 'Not Reserved'], ['BIO480', '91209', '18', '20', 'M', ' 4:30 PM', 16, 30, 19, 15, None, None, None, None, None, None, None, 'Not Reserved'], ['BIO494', '73005', '14', '24', 'W', ' 6:00 PM', 18, 0, 20, 45, None, None, None, None, None, None, None, 'Not Reserved'], ['BIO494', '73822', '21', '24', 'Th', ' 6:00 PM', 18, 0, 20, 45, None, None, None, None, None, None, None, 'Not Reserved'], ['BIO494', '74274', '11', '12', 'M', ' 6:00 PM', 18, 0, 18, 50, None, None, None, None, None, None, None, 'Not Reserved'], ['BIO494', '76536', '12', '12', 'ONLINE', None, None, None, None, None, None, None, None, None, None, None, None, 'Not Reserved'], ['BIO494', '78290', '5', '5', 'ONLINE', None, None, None, None, None, None, None, None, None, None, None, None, 'Not Reserved'], ['BIO100', '89903', '13', '75', 'T Th', ' 9:00 AM', 9, 0, 10, 15, None, None, None, None, None, None, None, 'Reserved'], ['BIO100', '90066', '56', '75', 'ONLINE', None, None, None, None, None, None, None, None, None, None, None, None, 'Not Reserved'], ['BIO140', '76262', '41', '50', 'ONLINE', None, None, None, None, None, None, None, None, None, None, None, None, 'Reserved'], ['BIO151', '89945', '24', '24', 'Th', ' 1:30 PM', 13, 30, 15, 30, None, None, None, None, None, None, None, 'Not Reserved'], ['BIO181', '77255', '105', '190', 'M W', ' 6:00 PM', 18, 0, 19, 15, None, None, None, None, None, None, None, 'Not Reserved'], ['BIO181', '77323', '6', '24', 'T', ' 7:30 PM', 19, 30, 22, 15, None, None, None, None, None, None, None, 'Not Reserved'], ['BIO181', '77324', '4', '24', 'W', ' 7:30 PM', 19, 30, 22, 15, None, None, None, None, None, None, None, 'Not Reserved'], ['BIO181', '77325', '18', '24', 'Th', ' 7:30 PM', 19, 30, 22, 15, None, None, None, None, None, None, None, 'Not Reserved'], ['BIO181', '77326', '12', '24', 'M', ' 7:30 PM', 19, 30, 22, 15, None, None, None, None, None, None, None, 'Not Reserved'], ['BIO181', '77327', '23', '24', 'W', ' 7:30 PM', 19, 30, 22, 15, None, None, None, None, None, None, None, 'Not Reserved'], ['BIO189', '77262', '18', '19', 'F', ' 4:30 PM', 16, 30, 17, 20, None, None, None, None, None, None, None, 'Not Reserved'], ['BIO189', '77263', '12', '19', 'M', ' 4:30 PM', 16, 30, 17, 20, None, None, None, None, None, None, None, 'Not Reserved'], ['BIO189', '77266', '14', '19', 'M', ' 4:30 PM', 16, 30, 17, 20, None, None, None, None, None, None, None, 'Not Reserved'], ['BIO189', '77268', '18', '19', 'F', ' 4:30 PM', 16, 30, 17, 20, None, None, None, None, None, None, None, 'Not Reserved'], ['BIO189', '77269', '17', '19', 'M', ' 4:30 PM', 16, 30, 17, 20, None, None, None, None, None, None, None, 'Not Reserved'], ['BIO189', '77184', '19', '19', 'W', ' 4:30 PM', 16, 30, 17, 20, None, None, None, None, None, None, None, 'Not Reserved'], ['BIO189', '77264', '19', '19', 'W', ' 4:30 PM', 16, 30, 17, 20, None, None, None, None, None, None, None, 'Not Reserved'], ['BIO189', '77265', '19', '19', 'F', ' 4:30 PM', 16, 30, 17, 20, None, None, None, None, None, None, None, 'Not Reserved'], ['BIO189', '77267', '19', '19', 'W', ' 4:30 PM', 16, 30, 17, 20, None, None, None, None, None, None, None, 'Not Reserved'], ['BIO189', '77270', '19', '19', 'W', ' 4:30 PM', 16, 30, 17, 20, None, None, None, None, None, None, None, 'Not Reserved'], ['BIO189', '89776', '19', '19', 'F', ' 4:30 PM', 16, 30, 17, 20, None, None, None, None, None, None, None, 'Not Reserved'], ['BIO202', '80635', '18', '24', 'Th', ' 3:00 PM', 15, 0, 17, 50, None, None, None, None, None, None, None, 'Not Reserved'], ['BIO281', '79384', '396', '456', 'T Th', '10:30 AM', 10, 30, 11, 20, None, None, None, None, None, None, None, 'Not Reserved'], ['BIO281', '79385', '19', '24', 'M', ' 9:00 AM', 9, 0, 11, 45, None, None, None, None, None, None, None, 'Reserved'], ['BIO281', '79386', '13', '24', 'M', '12:00 PM', 12, 0, 14, 45, None, None, None, None, None, None, None, 'Not Reserved'], ['BIO281', '79387', '17', '24', 'M', ' 3:00 PM', 15, 0, 17, 45, None, None, None, None, None, None, None, 'Reserved'], ['BIO281', '79388', '22', '24', 'M', ' 6:00 PM', 18, 0, 20, 45, None, None, None, None, None, None, None, 'Not Reserved'], ['BIO281', '79390', '15', '24', 'T', '12:00 PM', 12, 0, 14, 45, None, None, None, None, None, None, None, 'Reserved'], ['BIO281', '79391', '18', '24', 'T', ' 3:00 PM', 15, 0, 17, 45, None, None, None, None, None, None, None, 'Reserved'], ['BIO281', '79393', '23', '24', 'W', ' 7:30 AM', 7, 30, 10, 15, None, None, None, None, None, None, None, 'Not Reserved'], ['BIO281', '79394', '20', '24', 'W', '10:30 AM', 10, 30, 13, 15, None, None, None, None, None, None, None, 'Not Reserved'], ['BIO281', '79395', '20', '24', 'W', ' 1:30 PM', 13, 30, 16, 15, None, None, None, None, None, None, None, 'Not Reserved'], ['BIO281', '79396', '23', '24', 'W', ' 4:30 PM', 16, 30, 19, 15, None, None, None, None, None, None, None, 'Not Reserved'], ['BIO281', '79398', '19', '24', 'Th', '12:00 PM', 12, 0, 14, 45, None, None, None, None, None, None, None, 'Reserved'], ['BIO281', '79399', '21', '24', 'Th', ' 3:00 PM', 15, 0, 17, 45, None, None, None, None, None, None, None, 'Not Reserved'], ['BIO281', '79400', '24', '24', 'Th', ' 6:00 PM', 18, 0, 20, 45, None, None, None, None, None, None, None, 'Not Reserved'], ['BIO281', '79401', '22', '24', 'F', ' 9:00 AM', 9, 0, 11, 45, None, None, None, None, None, None, None, 'Not Reserved'], ['BIO281', '79402', '24', '24', 'F', '12:00 PM', 12, 0, 14, 45, None, None, None, None, None, None, None, 'Not Reserved'], ['BIO281', '79404', '39', '48', 'W', ' 9:00 AM', 9, 0, 9, 50, None, None, None, None, None, None, None, 'Not Reserved'], ['BIO281', '79405', '35', '48', 'W', '12:00 PM', 12, 0, 12, 50, None, None, None, None, None, None, None, 'Reserved'], ['BIO281', '79406', '36', '48', 'W', ' 3:00 PM', 15, 0, 15, 50, None, None, None, None, None, None, None, 'Not Reserved'], ['BIO281', '79407', '44', '48', 'W', ' 4:30 PM', 16, 30, 17, 20, None, None, None, None, None, None, None, 'Not Reserved'], ['BIO281', '79408', '44', '48', 'W', ' 9:00 AM', 9, 0, 9, 50, None, None, None, None, None, None, None, 'Not Reserved'], ['BIO281', '79409', '45', '48', 'W', '12:00 PM', 12, 0, 12, 50, None, None, None, None, None, None, None, 'Not Reserved'], ['BIO281', '79410', '44', '48', 'W', ' 3:00 PM', 15, 0, 15, 50, None, None, None, None, None, None, None, 'Not Reserved'], ['BIO281', '79411', '47', '48', 'W', ' 4:30 PM', 16, 30, 17, 20, None, None, None, None, None, None, None, 'Not Reserved'], ['BIO281', '79415', '29', '72', 'T Th', '10:30 AM', 10, 30, 11, 20, None, None, None, None, None, None, None, 'Reserved'], ['BIO281', '79389', '5', '24', 'T', ' 7:30 AM', 7, 30, 10, 15, None, None, None, None, None, None, None, 'Reserved'], ['BIO281', '79392', '12', '24', 'T', ' 6:00 PM', 18, 0, 20, 45, None, None, None, None, None, None, None, 'Reserved'], ['BIO281', '79397', '12', '24', 'Th', ' 7:30 AM', 7, 30, 10, 15, None, None, None, None, None, None, None, 'Reserved'], ['BIO281', '79403', '29', '72', 'W', ' 7:55 AM', 7, 55, 8, 45, None, None, None, None, None, None, None, 'Reserved'], ['BIO289', '78494', '70', '70', 'F', ' 9:00 AM', 9, 0, 10, 15, None, None, None, None, None, None, None, 'Not Reserved'], ['BIO340', '81424', '149', '225', 'M W', '1:30PM', 13, 30, 14, 45, 'F', '1:30PM', 13, 30, '2:20PM', 14, 20, 'Not Reserved'], ['BIO345', '91185', '31', '48', 'Th', ' 6:00 PM', 18, 0, 19, 20, None, None, None, None, None, None, None, 'Not Reserved'], ['BIO345', '91186', '43', '48', 'Th', ' 7:30 PM', 19, 30, 20, 40, None, None, None, None, None, None, None, 'Not Reserved'], ['BIO353', '90006', '2', '40', 'M', ' 1:00 PM', 13, 0, 13, 50, None, None, None, None, None, None, None, 'Not Reserved'], ['BIO360', '89906', '25', '48', 'F', '10:30 AM', 10, 30, 11, 20, None, None, None, None, None, None, None, 'Not Reserved'], ['BIO360', '89918', '15', '48', 'F', '12:00 PM', 12, 0, 12, 50, None, None, None, None, None, None, None, 'Not Reserved'], ['BIO360', '89919', '13', '48', 'F', '10:30 AM', 10, 30, 11, 20, None, None, None, None, None, None, None, 'Not Reserved'], ['BIO360', '89920', '12', '48', 'F', ' 9:00 AM', 9, 0, 9, 50, None, None, None, None, None, None, None, 'Not Reserved'], ['BIO386', '76858', '47', '80', 'M W', ' 9:00 AM', 9, 0, 10, 15, None, None, None, None, None, None, None, 'Not Reserved'], ['BIO386', '76859', '12', '20', 'T', ' 9:00 AM', 9, 0, 11, 45, None, None, None, None, None, None, None, 'Not Reserved'], ['BIO386', '76860', '12', '20', 'T', '12:00 PM', 12, 0, 14, 45, None, None, None, None, None, None, None, 'Not Reserved'], ['BIO386', '76861', '12', '20', 'Th', ' 9:00 AM', 9, 0, 11, 45, None, None, None, None, None, None, None, 'Not Reserved'], ['BIO386', '76862', '11', '20', 'Th', '12:00 PM', 12, 0, 14, 30, None, None, None, None, None, None, None, 'Not Reserved'], ['BIO389', '78495', '32', '32', 'F', ' 9:00 AM', 9, 0, 10, 15, None, None, None, None, None, None, None, 'Not Reserved'], ['BIO418', '87505', '6', '20', 'T Th', '12:00 PM', 12, 0, 13, 15, None, None, None, None, None, None, None, 'Not Reserved'], ['BIO420', '76525', '1', '35', 'T Th', ' 9:00 AM', 9, 0, 10, 15, None, None, None, None, None, None, None, 'Not Reserved'], ['BIO421', '76753', '27', '28', 'Th', ' 4:30 PM', 16, 30, 19, 15, None, None, None, None, None, None, None, 'Not Reserved'], ['BIO422', '78505', '35', '60', 'T Th', ' 3:00 PM', 15, 0, 16, 15, None, None, None, None, None, None, None, 'Not Reserved'], ['BIO434', '83428', '26', '36', 'M W', ' 1:30 PM', 13, 30, 14, 45, None, None, None, None, None, None, None, 'Not Reserved'], ['BIO434', '83429', '4', '6', 'M W', ' 1:30 PM', 13, 30, 14, 45, None, None, None, None, None, None, None, 'Reserved'], ['BIO434', '90227', '4', '6', 'F', ' 1:30 PM', 13, 30, 14, 20, None, None, None, None, None, None, None, 'Not Reserved'], ['BIO451', '91794', '25', '25', 'M W', ' 8:15 AM', 8, 15, 11, 45, None, None, None, None, None, None, None, 'Not Reserved'], ['BIO489', '78496', '18', '18', 'F', ' 9:00 AM', 9, 0, 10, 15, None, None, None, None, None, None, None, 'Not Reserved'], ['BIO494', '80585', '10', '10', 'F', ' 9:00 AM', 9, 0, 10, 15, None, None, None, None, None, None, None, 'Not Reserved'], ['BIO494', '89838', '16', '32', 'M W', ' 3:00 PM', 15, 0, 16, 15, None, None, None, None, None, None, None, 'Not Reserved'], ['BIO494', '77489', '26', '38', 'M', ' 6:00 PM', 18, 0, 20, 45, None, None, None, None, None, None, None, 'Not Reserved'], ['BIO502', '77389', '4', '4', 'T Th', ' 1:30 PM', 13, 30, 16, 15, None, None, None, None, None, None, None, 'Not Reserved'], ['BIO503', '76442', '4', '6', 'T', ' 1:30 PM', 13, 30, 16, 20, None, None, None, None, None, None, None, 'Not Reserved'], ['BIO504', '76443', '21', '25', 'T Th', '12:00 PM', 12, 0, 13, 15, None, None, None, None, None, None, None, 'Not Reserved'], ['BIO570', '77032', '2', '5', 'M', ' 3:00 PM', 15, 0, 17, 45, None, None, None, None, None, None, None, 'Not Reserved'], ['BIO591', '78127', '4', '4', 'ONLINE', None, None, None, None, None, None, None, None, None, None, None, None, 'Not Reserved'], ['BIO591', '83931', '2', '2', 'W', ' 9:00 AM', 9, 0, 11, 45, None, None, None, None, None, None, None, 'Not Reserved'], ['BIO591', '83634', '3', '3', 'ONLINE', None, None, None, None, None, None, None, None, None, None, None, None, 'Not Reserved'], ['BIO591', '76323', '5', '5', 'ONLINE', None, None, None, None, None, None, None, None, None, None, None, None, 'Not Reserved'], ['BIO598', '78999', '6', '10', 'T Th', ' 9:00 AM', 9, 0, 10, 15, None, None, None, None, None, None, None, 'Not Reserved'], ['BIO598', '83932', '14', '15', 'M', ' 3:30 PM', 15, 30, 16, 30, None, None, None, None, None, None, None, 'Not Reserved'], ['BIO598', '77490', '8', '10', 'M', ' 6:00 PM', 18, 0, 20, 45, None, None, None, None, None, None, None, 'Not Reserved'], ['BIO598', '76380', '5', '5', 'ONLINE', None, None, None, None, None, None, None, None, None, None, None, None, 'Not Reserved'], ['BIO598', '86927', '2', '5', 'T Th', '10:30 AM', 10, 30, 11, 45, None, None, None, None, None, None, None, 'Not Reserved'], ['BIO614', '89833', '19', '30', 'T Th', '12:00 PM', 12, 0, 13, 15, None, None, None, None, None, None, None, 'Not Reserved'], ['BIO615', '76829', '15', '18', 'T', '12:00 PM', 12, 0, 13, 15, None, None, None, None, None, None, None, 'Not Reserved'], ['BIO790', '76415', '15', '15', 'ONLINE', None, None, None, None, None, None, None, None, None, None, None, None, 'Not Reserved'], ['BIO100', '81200', '36', '60', 'T', '9:00AM', 9, 0, 10, 15, 'Th', '9:00AM', 9, 0, '10:15AM', 10, 15, 'Reserved'], ['BIO100', '86205', '36', '60', 'ONLINE', None, None, None, None, None, None, None, None, None, None, None, None, 'Not Reserved'], ['BIO100', '82951', '39', '60', 'T', '1:30PM', 13, 30, 14, 45, 'Th', '1:30PM', 13, 30, '2:45PM', 14, 45, 'Not Reserved'], ['BIO100', '83014', '39', '60', 'ONLINE', None, None, None, None, None, None, None, None, None, None, None, None, 'Not Reserved'], ['BIO113', '81432', '22', '48', 'T Th', ' 9:00 AM', 9, 0, 10, 15, None, None, None, None, None, None, None, 'Not Reserved'], ['BIO113', '86210', '5', '24', 'F', '10:30 AM', 10, 30, 13, 15, None, None, None, None, None, None, None, 'Not Reserved'], ['BIO113', '86211', '17', '24', 'F', ' 2:00 PM', 14, 0, 16, 45, None, None, None, None, None, None, None, 'Not Reserved'], ['BIO181', '75023', '77', '96', 'M W F', ' 9:00 AM', 9, 0, 9, 50, None, None, None, None, None, None, None, 'Not Reserved'], ['BIO181', '75027', '20', '24', 'T', ' 9:00 AM', 9, 0, 11, 45, None, None, None, None, None, None, None, 'Not Reserved'], ['BIO181', '85476', '16', '24', 'T', ' 6:30 PM', 18, 30, 21, 15, None, None, None, None, None, None, None, 'Not Reserved'], ['BIO181', '86214', '17', '24', 'W', ' 1:30 PM', 13, 30, 16, 15, None, None, None, None, None, None, None, 'Not Reserved'], ['BIO181', '86212', '56', '76', 'T Th', '10:30 AM', 10, 30, 11, 45, None, None, None, None, None, None, None, 'Not Reserved'], ['BIO181', '75024', '18', '24', 'M', '10:30 AM', 10, 30, 13, 15, None, None, None, None, None, None, None, 'Not Reserved'], ['BIO181', '75028', '17', '24', 'T', '12:00 PM', 12, 0, 14, 45, None, None, None, None, None, None, None, 'Not Reserved'], ['BIO181', '86213', '20', '24', 'W', '10:30 AM', 10, 30, 13, 15, None, None, None, None, None, None, None, 'Not Reserved'], ['BIO182', '75030', '34', '72', 'T Th', '10:30 AM', 10, 30, 11, 45, None, None, None, None, None, None, None, 'Not Reserved'], ['BIO182', '75031', '4', '24', 'W', '12:00 PM', 12, 0, 14, 45, None, None, None, None, None, None, None, 'Not Reserved'], ['BIO182', '75032', '9', '24', 'W', ' 3:15 PM', 15, 15, 18, 0, None, None, None, None, None, None, None, 'Not Reserved'], ['BIO182', '78139', '21', '24', 'W', ' 6:30 PM', 18, 30, 21, 15, None, None, None, None, None, None, None, 'Not Reserved'], ['BIO201', '76994', '46', '96', 'T Th', '10:30 AM', 10, 30, 11, 45, None, None, None, None, None, None, None, 'Not Reserved'], ['BIO201', '76996', '4', '24', 'Th', ' 3:15 PM', 15, 15, 18, 0, None, None, None, None, None, None, None, 'Not Reserved'], ['BIO201', '78365', '18', '24', 'F', ' 9:00 AM', 9, 0, 11, 45, None, None, None, None, None, None, None, 'Not Reserved'], ['BIO300', '74629', '41', '48', 'M W F', ' 9:00 AM', 9, 0, 9, 50, None, None, None, None, None, None, None, 'Not Reserved'], ['BIO301', '74632', '33', '36', 'T', ' 7:30 AM', 7, 30, 10, 15, None, None, None, None, None, None, None, 'Not Reserved'], ['BIO305', '74636', '52', '120', 'T Th', ' 9:00 AM', 9, 0, 10, 15, None, None, None, None, None, None, None, 'Not Reserved'], ['BIO305', '74639', '9', '24', 'Th', ' 3:15 PM', 15, 15, 18, 0, None, None, None, None, None, None, None, 'Not Reserved'], ['BIO305', '74640', '13', '24', 'Th', ' 6:30 PM', 18, 30, 21, 15, None, None, None, None, None, None, None, 'Not Reserved'], ['BIO305', '74641', '17', '24', 'F', ' 9:00 AM', 9, 0, 11, 45, None, None, None, None, None, None, None, 'Not Reserved'], ['BIO305', '78366', '13', '24', 'F', '12:15 PM', 12, 15, 15, 0, None, None, None, None, None, None, None, 'Not Reserved'], ['BIO306', '86170', '38', '48', 'M W', ' 3:00 PM', 15, 0, 16, 15, None, None, None, None, None, None, None, 'Not Reserved'], ['BIO331', '74642', '3', '50', 'T Th', '12:00 PM', 12, 0, 13, 15, None, None, None, None, None, None, None, 'Not Reserved'], ['BIO345', '74643', '62', '80', 'M W F', ' 9:00 AM', 9, 0, 9, 50, None, None, None, None, None, None, None, 'Not Reserved'], ['BIO431', '86223', '20', '60', 'M W F', '12:00 PM', 12, 0, 12, 50, None, None, None, None, None, None, None, 'Not Reserved'], ['BIO499', '80986', '5', '5', 'ONLINE', None, None, None, None, None, None, None, None, None, None, None, None, 'Not Reserved']], 'SOC': [], 'FRE': [], 'CIM': [], 'ARA': [['ARA101', '79945', '12', '19', 'F', '10:30 AM', 10, 30, 11, 20, None, None, None, None, None, None, None, 'Not Reserved'], ['ARA101', '79946', '15', '19', 'F', '10:30 AM', 10, 30, 11, 20, None, None, None, None, None, None, None, 'Not Reserved'], ['ARA101', '81745', '19', '19', 'F', ' 1:30 PM', 13, 30, 14, 20, None, None, None, None, None, None, None, 'Not Reserved'], ['ARA101', '79944', '109', '120', 'T', ' 6:00 PM', 18, 0, 20, 45, None, None, None, None, None, None, None, 'Not Reserved'], ['ARA110', '73687', '14', '15', 'M W', ' 7:30 AM', 7, 30, 10, 15, None, None, None, None, None, None, None, 'Not Reserved'], ['ARA218', '83759', '23', '25', 'W', ' 4:30 PM', 16, 30, 19, 15, None, None, None, None, None, None, None, 'Not Reserved'], ['ARA394', '72542', '30', '30', 'ONLINE', None, None, None, None, None, None, None, None, None, None, None, None, 'Not Reserved'], ['ARA394', '73661', '11', '20', 'T Th', ' 9:00 AM', 9, 0, 10, 15, None, None, None, None, None, None, None, 'Not Reserved'], ['ARA396', '78803', '215', '250', 'T Th', ' 3:00 PM', 15, 0, 16, 15, None, None, None, None, None, None, None, 'Not Reserved'], ['ARA484', '85913', '30', '30', 'ONLINE', None, None, None, None, None, None, None, None, None, None, None, None, 'Not Reserved'], ['ARA489', '79899', '2', '15', 'T', ' 4:30 PM', 16, 30, 19, 15, None, None, None, None, None, None, None, 'Not Reserved'], ['ARA499', '72543', '30', '30', 'ONLINE', None, None, None, None, None, None, None, None, None, None, None, None, 'Not Reserved'], ['ARA560', '80901', '5', '5', 'F', '10:30AM', 10, 30, 12, 30, 'F', '3:00PM', 15, 0, '4:45PM', 16, 45, 'Not Reserved'], ['ARA589', '81777', '5', '5', 'T', ' 4:30 PM', 16, 30, 19, 15, None, None, None, None, None, None, None, 'Not Reserved'], ['ARA598', '76928', '10', '10', 'M W', ' 7:30 AM', 7, 30, 10, 20, None, None, None, None, None, None, None, 'Not Reserved'], ['ARA598', '74838', '21', '25', 'F', ' 9:00 AM', 9, 0, 11, 45, None, None, None, None, None, None, None, 'Not Reserved']], 'FAR': [], 'MSC': [], 'DAN': [], 'PGM': [], 'POR': [], 'POS': [], 'MBB': [], 'TSS': [], 'PGV': [], 'SOS': [['SOS100', '74968', '65', '125', 'ONLINE', None, None, None, None, None, None, None, None, None, None, None, None, 'Reserved'], ['SOS100', '85498', '115', '125', 'ONLINE', None, None, None, None, None, None, None, None, None, None, None, None, 'Reserved'], ['SOS100', '75004', '111', '125', 'ONLINE', None, None, None, None, None, None, None, None, None, None, None, None, 'Reserved'], ['SOS101', '76797', '41', '53', 'T Th', '12:00 PM', 12, 0, 13, 15, None, None, None, None, None, None, None, 'Not Reserved'], ['SOS101', '80814', '49', '60', 'T Th', '10:30 AM', 10, 30, 11, 45, None, None, None, None, None, None, None, 'Not Reserved'], ['SOS110', '74002', '79', '138', 'M', ' 3:00 PM', 15, 0, 16, 15, None, None, None, None, None, None, None, 'Not Reserved'], ['SOS110', '74364', '1', '23', 'T', ' 3:00 PM', 15, 0, 16, 15, None, None, None, None, None, None, None, 'Not Reserved'], ['SOS110', '74365', '14', '23', 'T', ' 4:30 PM', 16, 30, 17, 45, None, None, None, None, None, None, None, 'Not Reserved'], ['SOS110', '82669', '18', '23', 'T', ' 1:30 PM', 13, 30, 14, 45, None, None, None, None, None, None, None, 'Not Reserved'], ['SOS110', '74003', '114', '138', 'W', ' 3:00 PM', 15, 0, 16, 15, None, None, None, None, None, None, None, 'Not Reserved'], ['SOS110', '76781', '13', '23', 'Th', ' 3:00 PM', 15, 0, 16, 15, None, None, None, None, None, None, None, 'Not Reserved'], ['SOS110', '76782', '19', '23', 'Th', ' 4:30 PM', 16, 30, 17, 45, None, None, None, None, None, None, None, 'Not Reserved'], ['SOS110', '76783', '21', '23', 'Th', ' 1:30 PM', 13, 30, 14, 45, None, None, None, None, None, None, None, 'Not Reserved'], ['SOS110', '82671', '15', '23', 'Th', ' 1:30 PM', 13, 30, 14, 45, None, None, None, None, None, None, None, 'Not Reserved'], ['SOS111', '83795', '30', '75', 'ONLINE', None, None, None, None, None, None, None, None, None, None, None, None, 'Reserved'], ['SOS111', '73598', '135', '217', 'M W', ' 4:30 PM', 16, 30, 17, 45, None, None, None, None, None, None, None, 'Not Reserved'], ['SOS111', '76785', '11', '12', 'M W', ' 4:30 PM', 16, 30, 17, 45, None, None, None, None, None, None, None, 'Not Reserved'], ['SOS111', '78325', '11', '12', 'W', ' 6:00 PM', 18, 0, 18, 50, None, None, None, None, None, None, None, 'Not Reserved'], ['SOS117', '91705', '33', '40', 'T Th', '10:30 AM', 10, 30, 11, 45, None, None, None, None, None, None, None, 'Not Reserved'], ['SOS171', '79371', '20', '69', 'T Th', ' 1:30 PM', 13, 30, 14, 45, None, None, None, None, None, None, None, 'Not Reserved'], ['SOS181', '80631', '44', '48', 'M', ' 4:30 PM', 16, 30, 17, 45, None, None, None, None, None, None, None, 'Not Reserved'], ['SOS181', '82530', '8', '8', 'Th', ' 9:00 AM', 9, 0, 10, 15, None, None, None, None, None, None, None, 'Not Reserved'], ['SOS181', '82531', '5', '7', 'Th', '12:00 PM', 12, 0, 13, 15, None, None, None, None, None, None, None, 'Not Reserved'], ['SOS181', '82534', '8', '8', 'Th', ' 1:30 PM', 13, 30, 14, 45, None, None, None, None, None, None, None, 'Not Reserved'], ['SOS181', '82538', '6', '8', 'T', '12:00 PM', 12, 0, 13, 15, None, None, None, None, None, None, None, 'Not Reserved'], ['SOS201', '79198', '13', '19', 'M', '10:30 AM', 10, 30, 11, 45, None, None, None, None, None, None, None, 'Reserved'], ['SOS201', '79199', '18', '19', 'W', '10:30 AM', 10, 30, 11, 45, None, None, None, None, None, None, None, 'Reserved'], ['SOS210', '79202', '19', '40', 'T Th', '12:00 PM', 12, 0, 13, 15, None, None, None, None, None, None, None, 'Not Reserved'], ['SOS211', '82148', '22', '40', 'T Th', ' 3:00 PM', 15, 0, 16, 15, None, None, None, None, None, None, None, 'Not Reserved'], ['SOS220', '79207', '36', '75', 'M W F', ' 9:00 AM', 9, 0, 9, 50, None, None, None, None, None, None, None, 'Not Reserved'], ['SOS230', '79203', '12', '25', 'M W', ' 4:30 PM', 16, 30, 17, 45, None, None, None, None, None, None, None, 'Reserved'], ['SOS230', '79204', '21', '25', 'M W', ' 4:30 PM', 16, 30, 17, 45, None, None, None, None, None, None, None, 'Reserved'], ['SOS231', '79205', '17', '25', 'F', '10:30 AM', 10, 30, 11, 45, None, None, None, None, None, None, None, 'Reserved'], ['SOS231', '79206', '17', '25', 'F', '10:30 AM', 10, 30, 11, 45, None, None, None, None, None, None, None, 'Reserved'], ['SOS272', '91235', '48', '50', 'M W', ' 1:30 PM', 13, 30, 14, 45, None, None, None, None, None, None, None, 'Not Reserved'], ['SOS300', '75939', '67', '125', 'ONLINE', None, None, None, None, None, None, None, None, None, None, None, None, 'Reserved'], ['SOS300', '77405', '105', '125', 'ONLINE', None, None, None, None, None, None, None, None, None, None, None, None, 'Reserved'], ['SOS311', '83821', '34', '60', 'ONLINE', None, None, None, None, None, None, None, None, None, None, None, None, 'Reserved'], ['SOS314', '89450', '1', '30', 'ONLINE', None, None, None, None, None, None, None, None, None, None, None, None, 'Reserved'], ['SOS315', '89455', '7', '30', 'ONLINE', None, None, None, None, None, None, None, None, None, None, None, None, 'Reserved'], ['SOS315', '82454', '2', '25', 'T Th', ' 9:00 AM', 9, 0, 10, 15, None, None, None, None, None, None, None, 'Not Reserved'], ['SOS320', '73741', '52', '60', 'W', ' 4:30 PM', 16, 30, 19, 15, None, None, None, None, None, None, None, 'Not Reserved'], ['SOS320', '74466', '46', '68', 'T Th', ' 1:30 PM', 13, 30, 14, 45, None, None, None, None, None, None, None, 'Not Reserved'], ['SOS321', '76216', '34', '40', 'T Th', ' 9:00 AM', 9, 0, 10, 15, None, None, None, None, None, None, None, 'Not Reserved'], ['SOS322', '73543', '21', '40', 'T Th', ' 9:00 AM', 9, 0, 10, 15, None, None, None, None, None, None, None, 'Not Reserved'], ['SOS323', '82465', '128', '138', 'M W F', '10:30 AM', 10, 30, 11, 20, None, None, None, None, None, None, None, 'Not Reserved'], ['SOS324', '74467', '29', '68', 'T Th', ' 1:30 PM', 13, 30, 14, 45, None, None, None, None, None, None, None, 'Not Reserved'], ['SOS325', '89726', '28', '30', 'ONLINE', None, None, None, None, None, None, None, None, None, None, None, None, 'Reserved'], ['SOS325', '73742', '14', '68', 'T Th', ' 3:00 PM', 15, 0, 16, 15, None, None, None, None, None, None, None, 'Not Reserved'], ['SOS326', '86320', '31', '50', 'M W', ' 3:00 PM', 15, 0, 16, 15, None, None, None, None, None, None, None, 'Not Reserved'], ['SOS327', '76998', '98', '138', 'T Th', '12:00PM', 12, 0, 13, 15, '', '', None, None, '', None, None, 'Not Reserved'], ['SOS328', '79131', '10', '30', 'T', ' 4:30 PM', 16, 30, 19, 15, None, None, None, None, None, None, None, 'Not Reserved'], ['SOS372', '80481', '7', '15', 'T Th', ' 9:00 AM', 9, 0, 10, 15, None, None, None, None, None, None, None, 'Not Reserved'], ['SOS385', '76792', '58', '70', 'ONLINE', None, None, None, None, None, None, None, None, None, None, None, None, 'Reserved'], ['SOS394', '79855', '12', '15', 'W', ' 4:30 PM', 16, 30, 19, 15, None, None, None, None, None, None, None, 'Not Reserved'], ['SOS394', '80914', '10', '10', 'ONLINE', None, None, None, None, None, None, None, None, None, None, None, None, 'Not Reserved'], ['SOS394', '81921', '36', '40', 'M W', '10:30 AM', 10, 30, 11, 45, None, None, None, None, None, None, None, 'Not Reserved'], ['SOS433', '86737', '8', '30', 'T Th', '12:00 PM', 12, 0, 13, 15, None, None, None, None, None, None, None, 'Not Reserved'], ['SOS434', '83954', '16', '18', 'M W', ' 1:30 PM', 13, 30, 14, 45, None, None, None, None, None, None, None, 'Not Reserved'], ['SOS442', '86741', '15', '15', 'W', ' 4:30 PM', 16, 30, 19, 15, None, None, None, None, None, None, None, 'Not Reserved'], ['SOS465', '91069', '10', '15', 'ONLINE', None, None, None, None, None, None, None, None, None, None, None, None, 'Reserved'], ['SOS480', '82452', '17', '20', 'T', '4:30PM', 16, 30, 17, 45, '', '', None, None, '', None, None, 'Reserved'], ['SOS484', '73922', '16', '16', 'Th', '3:00PM', 15, 0, 16, 15, '', '12:00AM', None, None, '12:00AM', None, None, 'Not Reserved'], ['SOS484', '74367', '5', '5', 'ONLINE', None, None, None, None, None, None, None, None, None, None, None, None, 'Not Reserved'], ['SOS484', '73923', '15', '15', 'ONLINE', None, None, None, None, None, None, None, None, None, None, None, None, 'Reserved'], ['SOS492', '76636', '4', '5', 'ONLINE', None, None, None, None, None, None, None, None, None, None, None, None, 'Not Reserved'], ['SOS493', '73941', '7', '10', 'ONLINE', None, None, None, None, None, None, None, None, None, None, None, None, 'Not Reserved'], ['SOS494', '83388', '7', '8', 'W', ' 9:00 AM', 9, 0, 11, 45, None, None, None, None, None, None, None, 'Not Reserved'], ['SOS494', '77724', '15', '20', 'ONLINE', None, None, None, None, None, None, None, None, None, None, None, None, 'Not Reserved'], ['SOS494', '83927', '5', '5', 'W', ' 4:30 PM', 16, 30, 19, 15, None, None, None, None, None, None, None, 'Not Reserved'], ['SOS494', '80031', '18', '19', 'M W', ' 3:00 PM', 15, 0, 16, 15, None, None, None, None, None, None, None, 'Not Reserved'], ['SOS494', '80111', '12', '15', 'W', ' 6:00 PM', 18, 0, 20, 45, None, None, None, None, None, None, None, 'Not Reserved'], ['SOS494', '90686', '20', '20', 'T Th', '10:30 AM', 10, 30, 11, 45, None, None, None, None, None, None, None, 'Not Reserved'], ['SOS498', '80490', '1', '5', 'F', ' 9:00 AM', 9, 0, 12, 50, None, None, None, None, None, None, None, 'Not Reserved'], ['SOS498', '91200', '6', '15', 'F', ' 9:00 AM', 9, 0, 11, 45, None, None, None, None, None, None, None, 'Not Reserved'], ['SOS498', '91452', '14', '15', 'M', ' 4:30 PM', 16, 30, 19, 15, None, None, None, None, None, None, None, 'Not Reserved'], ['SOS499', '78187', '4', '4', 'ONLINE', None, None, None, None, None, None, None, None, None, None, None, None, 'Not Reserved'], ['SOS510', '72705', '18', '30', 'T', ' 9:00 AM', 9, 0, 11, 45, None, None, None, None, None, None, None, 'Reserved'], ['SOS510', '82173', '25', '30', 'T', ' 9:00 AM', 9, 0, 11, 45, None, None, None, None, None, None, None, 'Reserved'], ['SOS512', '89460', '24', '30', 'T Th', '10:30 AM', 10, 30, 11, 45, None, None, None, None, None, None, None, 'Not Reserved'], ['SOS513', '83915', '24', '30', 'M W', ' 1:30 PM', 13, 30, 14, 45, None, None, None, None, None, None, None, 'Not Reserved'], ['SOS520', '82893', '21', '30', 'Th', ' 9:00 AM', 9, 0, 11, 45, None, None, None, None, None, None, None, 'Reserved'], ['SOS525', '83391', '23', '32', 'T Th', ' 1:30 PM', 13, 30, 14, 45, None, None, None, None, None, None, None, 'Reserved'], ['SOS531', '82892', '12', '20', 'T', ' 6:00 PM', 18, 0, 19, 15, None, None, None, None, None, None, None, 'Reserved'], ['SOS532', '89443', '14', '30', 'T Th', '12:00 PM', 12, 0, 13, 15, None, None, None, None, None, None, None, 'Not Reserved'], ['SOS534', '91191', '23', '30', 'T Th', ' 3:00 PM', 15, 0, 16, 15, None, None, None, None, None, None, None, 'Not Reserved'], ['SOS542', '86743', '2', '5', 'W', ' 4:30 PM', 16, 30, 19, 15, None, None, None, None, None, None, None, 'Not Reserved'], ['SOS545', '86744', '7', '18', 'T Th', ' 9:00 AM', 9, 0, 10, 15, None, None, None, None, None, None, None, 'Not Reserved'], ['SOS577', '86326', '27', '30', 'T', ' 1:30 PM', 13, 30, 14, 45, None, None, None, None, None, None, None, 'Not Reserved'], ['SOS579', '77669', '10', '12', 'T Th', '10:30 AM', 10, 30, 11, 45, None, None, None, None, None, None, None, 'Reserved'], ['SOS582', '86322', '39', '43', 'Th', '12:00 PM', 12, 0, 13, 40, None, None, None, None, None, None, None, 'Not Reserved'], ['SOS584', '78249', '4', '5', 'ONLINE', None, None, None, None, None, None, None, None, None, None, None, None, 'Not Reserved'], ['SOS589', '83392', '32', '40', 'F', ' 9:00 AM', 9, 0, 9, 50, None, None, None, None, None, None, None, 'Reserved'], ['SOS590', '91816', '15', '15', 'ONLINE', None, None, None, None, None, None, None, None, None, None, None, None, 'Not Reserved'], ['SOS591', '74301', '9', '9', 'M', '12:00 PM', 12, 0, 13, 0, None, None, None, None, None, None, None, 'Not Reserved'], ['SOS591', '83390', '7', '7', 'W', ' 9:00 AM', 9, 0, 11, 45, None, None, None, None, None, None, None, 'Not Reserved'], ['SOS591', '83184', '10', '10', 'T', ' 4:30 PM', 16, 30, 19, 15, None, None, None, None, None, None, None, 'Not Reserved'], ['SOS591', '83792', '22', '25', 'W', ' 4:30 PM', 16, 30, 19, 15, None, None, None, None, None, None, None, 'Not Reserved'], ['SOS591', '75908', '17', '20', 'M W F', '10:30 AM', 10, 30, 11, 20, None, None, None, None, None, None, None, 'Not Reserved'], ['SOS591', '80107', '17', '17', 'W', ' 6:00 PM', 18, 0, 20, 45, None, None, None, None, None, None, None, 'Not Reserved'], ['SOS591', '88481', '18', '20', 'M W', ' 9:00 AM', 9, 0, 10, 15, None, None, None, None, None, None, None, 'Reserved'], ['SOS592', '78300', '7', '7', 'ONLINE', None, None, None, None, None, None, None, None, None, None, None, None, 'Not Reserved'], ['SOS593', '76607', '20', '20', 'ONLINE', None, None, None, None, None, None, None, None, None, None, None, None, 'Not Reserved'], ['SOS594', '74323', '11', '11', 'M', ' 9:00 AM', 9, 0, 11, 0, None, None, None, None, None, None, None, 'Not Reserved'], ['SOS594', '83562', '3', '10', 'Th', ' 4:30 PM', 16, 30, 19, 15, None, None, None, None, None, None, None, 'Not Reserved'], ['SOS594', '84388', '10', '10', 'F', '10:00 AM', 10, 0, 12, 0, None, None, None, None, None, None, None, 'Not Reserved'], ['SOS594', '80491', '2', '5', 'F', ' 9:00 AM', 9, 0, 12, 50, None, None, None, None, None, None, None, 'Not Reserved'], ['SOS594', '91199', '3', '15', 'F', ' 9:00 AM', 9, 0, 11, 45, None, None, None, None, None, None, None, 'Not Reserved'], ['SOS594', '91453', '9', '15', 'M', ' 4:30 PM', 16, 30, 19, 15, None, None, None, None, None, None, None, 'Not Reserved'], ['SOS595', '75237', '30', '30', 'ONLINE', None, None, None, None, None, None, None, None, None, None, None, None, 'Not Reserved'], ['SOS596', '91630', '9', '10', 'ONLINE', None, None, None, None, None, None, None, None, None, None, None, None, 'Not Reserved'], ['SOS598', '90687', '6', '10', 'T Th', '10:30 AM', 10, 30, 11, 45, None, None, None, None, None, None, None, 'Not Reserved'], ['SOS598', '76888', '9', '10', 'T Th', ' 3:00 PM', 15, 0, 16, 15, None, None, None, None, None, None, None, 'Not Reserved'], ['SOS598', '75911', '3', '7', 'W', ' 6:00 PM', 18, 0, 21, 0, None, None, None, None, None, None, None, 'Not Reserved'], ['SOS598', '82595', '7', '14', 'W', ' 4:30 PM', 16, 30, 19, 15, None, None, None, None, None, None, None, 'Not Reserved'], ['SOS598', '91223', '3', '5', 'Th', ' 3:00 PM', 15, 0, 17, 45, None, None, None, None, None, None, None, 'Not Reserved'], ['SOS598', '80032', '17', '19', 'M W', ' 3:00 PM', 15, 0, 16, 15, None, None, None, None, None, None, None, 'Not Reserved'], ['SOS598', '91357', '9', '10', 'M W F', '6:00PM', 18, 0, 19, 20, 'W F', '6:00PM', 18, 0, '7:20PM', 19, 20, 'Not Reserved'], ['SOS599', '86060', '2', '2', 'ONLINE', None, None, None, None, None, None, None, None, None, None, None, None, 'Not Reserved'], ['SOS599', '72955', '30', '30', 'ONLINE', None, None, None, None, None, None, None, None, None, None, None, None, 'Not Reserved'], ['SOS790', '75408', '29', '30', 'ONLINE', None, None, None, None, None, None, None, None, None, None, None, None, 'Not Reserved'], ['SOS792', '75407', '30', '30', 'ONLINE', None, None, None, None, None, None, None, None, None, None, None, None, 'Not Reserved'], ['SOS795', '75379', '10', '10', 'ONLINE', None, None, None, None, None, None, None, None, None, None, None, None, 'Not Reserved'], ['SOS799', '72956', '28', '30', 'ONLINE', None, None, None, None, None, None, None, None, None, None, None, None, 'Not Reserved']], 'PSY': [], 'HON': [['HON171', '71388', '3', '15', 'T Th', '10:30 AM', 10, 30, 11, 45, None, None, None, None, None, None, None, 'Not Reserved'], ['HON171', '71389', '15', '15', 'T Th', '10:30 AM', 10, 30, 11, 45, None, None, None, None, None, None, None, 'Not Reserved'], ['HON171', '71391', '10', '15', 'T Th', ' 3:00 PM', 15, 0, 16, 15, None, None, None, None, None, None, None, 'Not Reserved'], ['HON171', '82909', '1', '15', 'W F', ' 9:00 AM', 9, 0, 10, 15, None, None, None, None, None, None, None, 'Not Reserved'], ['HON171', '71392', '6', '15', 'W F', '10:30 AM', 10, 30, 11, 45, None, None, None, None, None, None, None, 'Not Reserved'], ['HON171', '82910', '2', '15', 'M W', ' 4:30 PM', 16, 30, 17, 45, None, None, None, None, None, None, None, 'Not Reserved'], ['HON171', '71395', '10', '15', 'T Th', ' 7:30 AM', 7, 30, 8, 45, None, None, None, None, None, None, None, 'Not Reserved'], ['HON171', '71396', '12', '15', 'T Th', ' 9:00 AM', 9, 0, 10, 15, None, None, None, None, None, None, None, 'Not Reserved'], ['HON171', '90195', '13', '15', 'T Th', ' 3:00 PM', 15, 0, 16, 15, None, None, None, None, None, None, None, 'Not Reserved'], ['HON171', '71397', '14', '15', 'T Th', '10:30 AM', 10, 30, 11, 45, None, None, None, None, None, None, None, 'Not Reserved'], ['HON171', '71401', '15', '15', 'T Th', '10:30 AM', 10, 30, 11, 45, None, None, None, None, None, None, None, 'Not Reserved'], ['HON171', '71402', '13', '15', 'T Th', ' 1:30 PM', 13, 30, 14, 45, None, None, None, None, None, None, None, 'Not Reserved'], ['HON171', '71403', '10', '15', 'T Th', ' 3:00 PM', 15, 0, 16, 15, None, None, None, None, None, None, None, 'Not Reserved'], ['HON171', '82911', '11', '15', 'T Th', ' 9:00 AM', 9, 0, 10, 15, None, None, None, None, None, None, None, 'Not Reserved'], ['HON171', '73364', '15', '15', 'T Th', '10:30 AM', 10, 30, 11, 45, None, None, None, None, None, None, None, 'Not Reserved'], ['HON171', '77397', '12', '15', 'T Th', ' 9:00 AM', 9, 0, 10, 15, None, None, None, None, None, None, None, 'Not Reserved'], ['HON171', '78001', '15', '15', 'T Th', '10:30 AM', 10, 30, 11, 45, None, None, None, None, None, None, None, 'Not Reserved'], ['HON171', '73956', '15', '15', 'T Th', '10:30 AM', 10, 30, 11, 45, None, None, None, None, None, None, None, 'Not Reserved'], ['HON171', '73957', '11', '15', 'T Th', ' 1:30 PM', 13, 30, 14, 45, None, None, None, None, None, None, None, 'Not Reserved'], ['HON171', '82912', '11', '15', 'T Th', ' 3:00 PM', 15, 0, 16, 15, None, None, None, None, None, None, None, 'Not Reserved'], ['HON171', '74091', '14', '15', 'T Th', ' 9:00 AM', 9, 0, 10, 15, None, None, None, None, None, None, None, 'Not Reserved'], ['HON171', '74092', '15', '15', 'T Th', '10:30 AM', 10, 30, 11, 45, None, None, None, None, None, None, None, 'Not Reserved'], ['HON171', '74232', '15', '15', 'T Th', ' 1:30 PM', 13, 30, 14, 45, None, None, None, None, None, None, None, 'Not Reserved'], ['HON171', '74257', '15', '15', 'T Th', '10:30 AM', 10, 30, 11, 45, None, None, None, None, None, None, None, 'Not Reserved'], ['HON171', '75088', '15', '15', 'T Th', '10:30 AM', 10, 30, 11, 45, None, None, None, None, None, None, None, 'Not Reserved'], ['HON171', '75089', '15', '15', 'T Th', ' 1:30 PM', 13, 30, 14, 45, None, None, None, None, None, None, None, 'Not Reserved'], ['HON171', '75254', '14', '15', 'T Th', ' 3:00 PM', 15, 0, 16, 15, None, None, None, None, None, None, None, 'Not Reserved'], ['HON171', '75255', '15', '15', 'T Th', ' 9:00 AM', 9, 0, 10, 15, None, None, None, None, None, None, None, 'Not Reserved'], ['HON171', '82913', '15', '15', 'T Th', '10:30 AM', 10, 30, 11, 45, None, None, None, None, None, None, None, 'Not Reserved'], ['HON171', '75266', '14', '15', 'T Th', ' 1:30 PM', 13, 30, 14, 45, None, None, None, None, None, None, None, 'Not Reserved'], ['HON171', '75941', '8', '15', 'M W', ' 1:30 PM', 13, 30, 14, 45, None, None, None, None, None, None, None, 'Not Reserved'], ['HON171', '77001', '6', '15', 'M W', ' 9:00 AM', 9, 0, 10, 15, None, None, None, None, None, None, None, 'Not Reserved'], ['HON171', '77002', '8', '15', 'M W', '10:30 AM', 10, 30, 11, 45, None, None, None, None, None, None, None, 'Not Reserved'], ['HON171', '77003', '2', '15', 'M W', ' 1:30 PM', 13, 30, 14, 45, None, None, None, None, None, None, None, 'Not Reserved'], ['HON171', '77004', '4', '15', 'M W', ' 3:00 PM', 15, 0, 16, 15, None, None, None, None, None, None, None, 'Not Reserved'], ['HON171', '82915', '13', '15', 'M W', ' 1:30 PM', 13, 30, 14, 45, None, None, None, None, None, None, None, 'Not Reserved'], ['HON171', '77887', '14', '15', 'M W', ' 3:00 PM', 15, 0, 16, 15, None, None, None, None, None, None, None, 'Not Reserved'], ['HON171', '79691', '15', '15', 'M W', ' 4:30 PM', 16, 30, 17, 45, None, None, None, None, None, None, None, 'Not Reserved'], ['HON171', '79692', '9', '15', 'M W', ' 9:00 AM', 9, 0, 10, 15, None, None, None, None, None, None, None, 'Not Reserved'], ['HON171', '79693', '10', '15', 'M W', '10:30 AM', 10, 30, 11, 45, None, None, None, None, None, None, None, 'Not Reserved'], ['HON171', '79709', '13', '15', 'M W', ' 9:00 AM', 9, 0, 10, 15, None, None, None, None, None, None, None, 'Not Reserved'], ['HON171', '79710', '10', '15', 'M W', '10:30 AM', 10, 30, 11, 45, None, None, None, None, None, None, None, 'Not Reserved'], ['HON171', '79711', '10', '15', 'M W', ' 1:30 PM', 13, 30, 14, 45, None, None, None, None, None, None, None, 'Not Reserved'], ['HON171', '79712', '11', '15', 'M W', ' 3:00 PM', 15, 0, 16, 15, None, None, None, None, None, None, None, 'Not Reserved'], ['HON171', '90196', '15', '15', 'M W', ' 4:30 PM', 16, 30, 17, 45, None, None, None, None, None, None, None, 'Not Reserved'], ['HON171', '90197', '11', '15', 'T Th', ' 1:30 PM', 13, 30, 14, 45, None, None, None, None, None, None, None, 'Not Reserved'], ['HON171', '82916', '9', '15', 'M W', ' 7:30 AM', 7, 30, 8, 45, None, None, None, None, None, None, None, 'Not Reserved'], ['HON171', '90029', '14', '15', 'M W', ' 1:30 PM', 13, 30, 14, 45, None, None, None, None, None, None, None, 'Not Reserved'], ['HON171', '90030', '15', '15', 'M W', ' 9:00 AM', 9, 0, 10, 15, None, None, None, None, None, None, None, 'Not Reserved'], ['HON171', '90031', '13', '15', 'M W', '12:00 PM', 12, 0, 13, 15, None, None, None, None, None, None, None, 'Not Reserved'], ['HON171', '90032', '15', '15', 'M W', ' 3:00 PM', 15, 0, 16, 15, None, None, None, None, None, None, None, 'Not Reserved'], ['HON171', '90033', '15', '15', 'M W', '10:30 AM', 10, 30, 11, 45, None, None, None, None, None, None, None, 'Not Reserved'], ['HON171', '90034', '13', '15', 'M W', '12:00 PM', 12, 0, 13, 15, None, None, None, None, None, None, None, 'Not Reserved'], ['HON171', '90035', '14', '15', 'M W', ' 3:00 PM', 15, 0, 16, 15, None, None, None, None, None, None, None, 'Not Reserved'], ['HON171', '90036', '14', '15', 'M W', ' 4:30 PM', 16, 30, 17, 45, None, None, None, None, None, None, None, 'Not Reserved'], ['HON171', '90037', '15', '15', 'M W', ' 9:00 AM', 9, 0, 10, 15, None, None, None, None, None, None, None, 'Not Reserved'], ['HON171', '90038', '15', '15', 'M W', '10:30 AM', 10, 30, 11, 45, None, None, None, None, None, None, None, 'Not Reserved'], ['HON171', '90040', '15', '15', 'M W', ' 1:30 PM', 13, 30, 14, 45, None, None, None, None, None, None, None, 'Not Reserved'], ['HON171', '90041', '15', '15', 'M W', '10:30 AM', 10, 30, 11, 45, None, None, None, None, None, None, None, 'Not Reserved'], ['HON171', '90042', '15', '15', 'M W', ' 1:30 PM', 13, 30, 14, 45, None, None, None, None, None, None, None, 'Not Reserved'], ['HON171', '90043', '15', '15', 'M W', ' 3:00 PM', 15, 0, 16, 15, None, None, None, None, None, None, None, 'Not Reserved'], ['HON171', '90044', '14', '15', 'T Th', ' 9:00 AM', 9, 0, 10, 15, None, None, None, None, None, None, None, 'Not Reserved'], ['HON171', '90045', '15', '15', 'T Th', '10:30 AM', 10, 30, 11, 45, None, None, None, None, None, None, None, 'Not Reserved'], ['HON171', '90046', '12', '15', 'W F', ' 9:00 AM', 9, 0, 10, 15, None, None, None, None, None, None, None, 'Not Reserved'], ['HON171', '90047', '15', '15', 'W F', '10:30 AM', 10, 30, 11, 45, None, None, None, None, None, None, None, 'Not Reserved'], ['HON171', '90048', '12', '15', 'W F', ' 1:30 PM', 13, 30, 14, 45, None, None, None, None, None, None, None, 'Not Reserved'], ['HON171', '90049', '8', '15', 'W F', '10:30 AM', 10, 30, 11, 45, None, None, None, None, None, None, None, 'Not Reserved'], ['HON171', '90050', '10', '15', 'W F', '12:00 PM', 12, 0, 13, 15, None, None, None, None, None, None, None, 'Not Reserved'], ['HON171', '90052', '14', '15', 'W F', ' 9:00 AM', 9, 0, 10, 15, None, None, None, None, None, None, None, 'Not Reserved'], ['HON171', '90053', '15', '15', 'W F', '12:00 PM', 12, 0, 13, 15, None, None, None, None, None, None, None, 'Not Reserved'], ['HON171', '90054', '12', '15', 'W F', ' 1:30 PM', 13, 30, 14, 45, None, None, None, None, None, None, None, 'Not Reserved'], ['HON171', '73451', '3', '4', 'T Th', ' 1:30 PM', 13, 30, 14, 45, None, None, None, None, None, None, None, 'Not Reserved'], ['HON171', '87184', '1', '4', 'T Th', '10:30 AM', 10, 30, 11, 45, None, None, None, None, None, None, None, 'Not Reserved'], ['HON171', '73431', '16', '21', 'M W', '12:00 PM', 12, 0, 13, 15, None, None, None, None, None, None, None, 'Not Reserved'], ['HON171', '77259', '20', '21', 'M W', ' 1:30 PM', 13, 30, 14, 45, None, None, None, None, None, None, None, 'Not Reserved'], ['HON171', '77997', '21', '21', 'M W', ' 3:00 PM', 15, 0, 16, 15, None, None, None, None, None, None, None, 'Not Reserved'], ['HON171', '82768', '18', '21', 'W', ' 4:30 PM', 16, 30, 19, 15, None, None, None, None, None, None, None, 'Not Reserved'], ['HON171', '73524', '20', '21', 'T Th', ' 9:00 AM', 9, 0, 10, 15, None, None, None, None, None, None, None, 'Not Reserved'], ['HON171', '76422', '21', '21', 'T Th', '10:30 AM', 10, 30, 11, 45, None, None, None, None, None, None, None, 'Not Reserved'], ['HON171', '73955', '21', '21', 'T Th', ' 3:00 PM', 15, 0, 16, 15, None, None, None, None, None, None, None, 'Not Reserved'], ['HON171', '82264', '21', '21', 'T Th', ' 4:30 PM', 16, 30, 17, 45, None, None, None, None, None, None, None, 'Not Reserved'], ['HON171', '75867', '21', '21', 'M W', ' 7:30 AM', 7, 30, 8, 45, None, None, None, None, None, None, None, 'Not Reserved'], ['HON171', '78827', '21', '21', 'M W', ' 9:00 AM', 9, 0, 10, 15, None, None, None, None, None, None, None, 'Not Reserved'], ['HON171', '82265', '21', '21', 'M W', '10:30 AM', 10, 30, 11, 45, None, None, None, None, None, None, None, 'Not Reserved'], ['HON171', '89364', '20', '21', 'M W', '12:00 PM', 12, 0, 13, 15, None, None, None, None, None, None, None, 'Not Reserved'], ['HON171', '89365', '20', '21', 'M W', ' 1:30 PM', 13, 30, 14, 45, None, None, None, None, None, None, None, 'Not Reserved'], ['HON191', '81336', '57', '64', 'F', '12:00 PM', 12, 0, 13, 15, None, None, None, None, None, None, None, 'Not Reserved'], ['HON194', '90652', '20', '20', 'Th', '12:00 PM', 12, 0, 12, 50, None, None, None, None, None, None, None, 'Not Reserved'], ['HON194', '80016', '24', '25', 'W', '10:30 AM', 10, 30, 11, 20, None, None, None, None, None, None, None, 'Not Reserved'], ['HON194', '80792', '9', '10', 'ONLINE', None, None, None, None, None, None, None, None, None, None, None, None, 'Not Reserved'], ['HON194', '83401', '20', '20', 'M', ' 3:00 PM', 15, 0, 15, 50, None, None, None, None, None, None, None, 'Not Reserved'], ['HON294', '83166', '21', '25', 'F', '12:00 PM', 12, 0, 14, 45, None, None, None, None, None, None, None, 'Not Reserved'], ['HON294', '80791', '5', '10', 'ONLINE', None, None, None, None, None, None, None, None, None, None, None, None, 'Not Reserved'], ['HON370', '84444', '19', '25', 'W', ' 6:00 PM', 18, 0, 20, 45, None, None, None, None, None, None, None, 'Not Reserved'], ['HON370', '84446', '13', '15', 'T Th', ' 1:30 PM', 13, 30, 14, 45, None, None, None, None, None, None, None, 'Not Reserved'], ['HON370', '84447', '14', '15', 'M W', ' 4:30 PM', 16, 30, 17, 45, None, None, None, None, None, None, None, 'Not Reserved'], ['HON370', '84448', '13', '15', 'M W', '12:00 PM', 12, 0, 13, 15, None, None, None, None, None, None, None, 'Not Reserved'], ['HON370', '89483', '25', '25', 'M', ' 4:30 PM', 16, 30, 19, 15, None, None, None, None, None, None, None, 'Not Reserved'], ['HON370', '89367', '24', '24', 'M', ' 3:00 PM', 15, 0, 17, 30, None, None, None, None, None, None, None, 'Not Reserved'], ['HON394', '90344', '15', '25', 'M', '12:00 PM', 12, 0, 12, 50, None, None, None, None, None, None, None, 'Reserved'], ['HON394', '90345', '15', '25', 'F', '12:00 PM', 12, 0, 12, 50, None, None, None, None, None, None, None, 'Reserved'], ['HON394', '90346', '2', '25', 'T', ' 3:00 PM', 15, 0, 15, 50, None, None, None, None, None, None, None, 'Reserved'], ['HON394', '90468', '7', '25', 'T Th', ' 1:30 PM', 13, 30, 14, 45, None, None, None, None, None, None, None, 'Not Reserved'], ['HON394', '90569', '22', '25', 'Th', ' 4:30 PM', 16, 30, 19, 15, None, None, None, None, None, None, None, 'Not Reserved'], ['HON394', '90932', '1', '20', 'W', ' 3:00 PM', 15, 0, 17, 30, None, None, None, None, None, None, None, 'Not Reserved'], ['HON394', '80597', '16', '16', 'W', ' 4:30 PM', 16, 30, 17, 20, None, None, None, None, None, None, None, 'Not Reserved'], ['HON394', '80790', '37', '40', 'F', '10:30 AM', 10, 30, 11, 45, None, None, None, None, None, None, None, 'Not Reserved'], ['HON394', '81233', '19', '19', 'F', ' 9:00 AM', 9, 0, 10, 15, None, None, None, None, None, None, None, 'Not Reserved'], ['HON394', '87185', '9', '16', 'F', '12:00 PM', 12, 0, 13, 15, None, None, None, None, None, None, None, 'Not Reserved'], ['HON394', '90242', '7', '19', 'F', '10:30 AM', 10, 30, 11, 45, None, None, None, None, None, None, None, 'Not Reserved'], ['HON394', '90292', '7', '10', 'W', ' 4:30 PM', 16, 30, 19, 15, None, None, None, None, None, None, None, 'Not Reserved'], ['HON394', '90775', '4', '20', 'W', '1:00PM', 13, 0, 15, 0, 'W', '1:00PM', 13, 0, '3:00PM', 15, 0, 'Not Reserved'], ['HON394', '90582', '9', '24', 'W', ' 4:30 PM', 16, 30, 18, 10, None, None, None, None, None, None, None, 'Not Reserved'], ['HON394', '90583', '17', '24', 'W', ' 3:00 PM', 15, 0, 16, 40, None, None, None, None, None, None, None, 'Not Reserved'], ['HON394', '91071', '12', '20', 'W', ' 4:30 PM', 16, 30, 17, 45, None, None, None, None, None, None, None, 'Not Reserved'], ['HON394', '90300', '4', '10', 'F', '12:00PM', 12, 0, 13, 15, '', '12:00AM', None, None, '12:00AM', None, None, 'Not Reserved'], ['HON394', '90581', '1', '24', 'T', ' 4:30 PM', 16, 30, 17, 20, None, None, None, None, None, None, None, 'Not Reserved'], ['HON394', '84369', '20', '24', 'M W', ' 6:00 PM', 18, 0, 18, 50, None, None, None, None, None, None, None, 'Not Reserved'], ['HON447', '90096', '8', '10', 'T', '6:00PM', 18, 0, 21, 0, '', '', None, None, '', None, None, 'Not Reserved'], ['HON484', '71380', '25', '25', 'W', '5:00PM', 17, 0, 19, 50, 'W', '5:00PM', 17, 0, '7:50PM', 19, 50, 'Not Reserved'], ['HON484', '72951', '15', '15', 'ONLINE', None, None, None, None, None, None, None, None, None, None, None, None, 'Not Reserved'], ['HON484', '80757', '25', '25', 'ONLINE', None, None, None, None, None, None, None, None, None, None, None, None, 'Not Reserved'], ['HON492', '71381', '25', '25', 'ONLINE', None, None, None, None, None, None, None, None, None, None, None, None, 'Not Reserved'], ['HON492', '74335', '4', '6', 'ONLINE', None, None, None, None, None, None, None, None, None, None, None, None, 'Not Reserved'], ['HON492', '80765', '24', '25', 'ONLINE', None, None, None, None, None, None, None, None, None, None, None, None, 'Not Reserved'], ['HON492', '78831', '25', '25', 'ONLINE', None, None, None, None, None, None, None, None, None, None, None, None, 'Not Reserved'], ['HON493', '71382', '23', '25', 'ONLINE', None, None, None, None, None, None, None, None, None, None, None, None, 'Not Reserved'], ['HON493', '74336', '5', '5', 'ONLINE', None, None, None, None, None, None, None, None, None, None, None, None, 'Not Reserved'], ['HON493', '80766', '24', '25', 'ONLINE', None, None, None, None, None, None, None, None, None, None, None, None, 'Not Reserved'], ['HON493', '78832', '16', '25', 'ONLINE', None, None, None, None, None, None, None, None, None, None, None, None, 'Not Reserved'], ['HON494', '90570', '2', '15', 'T', ' 3:00 PM', 15, 0, 17, 45, None, None, None, None, None, None, None, 'Not Reserved'], ['HON494', '83494', '10', '20', 'T Th', ' 3:00 PM', 15, 0, 16, 15, None, None, None, None, None, None, None, 'Not Reserved'], ['HON494', '91532', '2', '5', 'T Th', ' 3:30 PM', 15, 30, 16, 55, None, None, None, None, None, None, None, 'Not Reserved'], ['HON494', '91533', '4', '4', 'T Th', ' 8:30 AM', 8, 30, 9, 55, None, None, None, None, None, None, None, 'Not Reserved'], ['HON494', '91537', '5', '5', 'M W', ' 1:30 PM', 13, 30, 14, 55, None, None, None, None, None, None, None, 'Not Reserved'], ['HON494', '91538', '8', '10', 'M', ' 6:00 PM', 18, 0, 19, 55, None, None, None, None, None, None, None, 'Not Reserved'], ['HON494', '91539', '2', '4', 'M W', '10:00 AM', 10, 0, 11, 25, None, None, None, None, None, None, None, 'Not Reserved'], ['HON494', '91540', '3', '5', 'T', ' 3:30 PM', 15, 30, 17, 25, None, None, None, None, None, None, None, 'Not Reserved'], ['HON494', '91541', '1', '8', 'T Th', ' 1:30 PM', 13, 30, 14, 55, None, None, None, None, None, None, None, 'Not Reserved'], ['HON494', '91542', '4', '5', 'M', '10:00 AM', 10, 0, 11, 55, None, None, None, None, None, None, None, 'Not Reserved'], ['HON494', '91543', '2', '5', 'T Th', '10:30 AM', 10, 30, 11, 55, None, None, None, None, None, None, None, 'Not Reserved'], ['HON494', '80489', '1', '10', 'F', ' 2:15 PM', 14, 15, 17, 5, None, None, None, None, None, None, None, 'Not Reserved'], ['HON494', '84398', '15', '20', 'W', '12:00 PM', 12, 0, 12, 50, None, None, None, None, None, None, None, 'Not Reserved'], ['HON494', '91544', '8', '10', 'F', ' 8:30 AM', 8, 30, 11, 25, None, None, None, None, None, None, None, 'Not Reserved'], ['HON494', '91545', '1', '3', 'T Th', '10:30 AM', 10, 30, 11, 55, None, None, None, None, None, None, None, 'Not Reserved'], ['HON494', '91549', '3', '3', 'T', ' 9:00 AM', 9, 0, 9, 55, None, None, None, None, None, None, None, 'Not Reserved'], ['HON494', '91551', '7', '10', 'T', ' 6:00 PM', 18, 0, 20, 55, None, None, None, None, None, None, None, 'Not Reserved'], ['HON494', '91553', '9', '10', 'T Th', ' 3:30 PM', 15, 30, 16, 55, None, None, None, None, None, None, None, 'Not Reserved'], ['HON494', '81337', '10', '10', 'ONLINE', None, None, None, None, None, None, None, None, None, None, None, None, 'Not Reserved'], ['HON494', '90584', '11', '24', 'W', ' 4:30 PM', 16, 30, 18, 10, None, None, None, None, None, None, None, 'Not Reserved'], ['HON494', '90585', '18', '24', 'T Th', ' 1:30 PM', 13, 30, 14, 20, None, None, None, None, None, None, None, 'Not Reserved'], ['HON497', '72887', '4', '5', 'W', ' 3:00 PM', 15, 0, 17, 45, None, None, None, None, None, None, None, 'Not Reserved'], ['HON497', '72904', '9', '16', 'T Th', ' 5:40 PM', 17, 40, 20, 30, None, None, None, None, None, None, None, 'Not Reserved'], ['HON497', '72905', '7', '8', 'T Th', ' 5:40 PM', 17, 40, 20, 30, None, None, None, None, None, None, None, 'Not Reserved'], ['HON498', '71383', '19', '19', 'ONLINE', None, None, None, None, None, None, None, None, None, None, None, None, 'Not Reserved'], ['HON498', '74348', '19', '19', 'ONLINE', None, None, None, None, None, None, None, None, None, None, None, None, 'Not Reserved'], ['HON498', '80767', '25', '25', 'ONLINE', None, None, None, None, None, None, None, None, None, None, None, None, 'Not Reserved'], ['HON498', '80717', '20', '24', 'F', '10:30 AM', 10, 30, 12, 0, None, None, None, None, None, None, None, 'Not Reserved'], ['HON498', '80773', '25', '25', 'ONLINE', None, None, None, None, None, None, None, None, None, None, None, None, 'Not Reserved'], ['HON499', '72972', '15', '19', 'ONLINE', None, None, None, None, None, None, None, None, None, None, None, None, 'Not Reserved'], ['HON499', '76595', '3', '3', 'ONLINE', None, None, None, None, None, None, None, None, None, None, None, None, 'Not Reserved'], ['HON499', '72973', '17', '19', 'ONLINE', None, None, None, None, None, None, None, None, None, None, None, None, 'Not Reserved'], ['HON499', '80853', '1', '1', 'ONLINE', None, None, None, None, None, None, None, None, None, None, None, None, 'Not Reserved'], ['HON499', '80752', '18', '19', 'ONLINE', None, None, None, None, None, None, None, None, None, None, None, None, 'Not Reserved'], ['HON499', '80772', '24', '25', 'ONLINE', None, None, None, None, None, None, None, None, None, None, None, None, 'Not Reserved']], 'BIS': [['BIS300', '77695', '5', '5', 'ONLINE', None, None, None, None, None, None, None, None, None, None, None, None, 'Reserved'], ['BIS301', '73485', '15', '25', 'ONLINE', None, None, None, None, None, None, None, None, None, None, None, None, 'Reserved'], ['BIS301', '75663', '23', '25', 'ONLINE', None, None, None, None, None, None, None, None, None, None, None, None, 'Reserved'], ['BIS301', '78209', '10', '25', 'ONLINE', None, None, None, None, None, None, None, None, None, None, None, None, 'Reserved'], ['BIS301', '80718', '23', '25', 'ONLINE', None, None, None, None, None, None, None, None, None, None, None, None, 'Reserved'], ['BIS301', '77696', '22', '25', 'ONLINE', None, None, None, None, None, None, None, None, None, None, None, None, 'Reserved'], ['BIS301', '73707', '4', '25', 'T Th', '10:30 AM', 10, 30, 11, 45, None, None, None, None, None, None, None, 'Reserved'], ['BIS301', '80443', '23', '25', 'ONLINE', None, None, None, None, None, None, None, None, None, None, None, None, 'Reserved'], ['BIS301', '91079', '21', '25', 'T Th', '12:00 PM', 12, 0, 13, 15, None, None, None, None, None, None, None, 'Not Reserved'], ['BIS302', '77697', '10', '25', 'ONLINE', None, None, None, None, None, None, None, None, None, None, None, None, 'Reserved'], ['BIS302', '90374', '19', '25', 'ONLINE', None, None, None, None, None, None, None, None, None, None, None, None, 'Reserved'], ['BIS302', '76623', '7', '25', 'ONLINE', None, None, None, None, None, None, None, None, None, None, None, None, 'Reserved'], ['BIS302', '76622', '22', '25', 'ONLINE', None, None, None, None, None, None, None, None, None, None, None, None, 'Reserved'], ['BIS302', '80576', '25', '25', 'ONLINE', None, None, None, None, None, None, None, None, None, None, None, None, 'Reserved'], ['BIS302', '80719', '25', '25', 'ONLINE', None, None, None, None, None, None, None, None, None, None, None, None, 'Reserved'], ['BIS302', '90393', '6', '25', 'T Th', '12:00 PM', 12, 0, 13, 15, None, None, None, None, None, None, None, 'Not Reserved'], ['BIS340', '90433', '25', '30', 'T', ' 6:00 PM', 18, 0, 20, 45, None, None, None, None, None, None, None, 'Reserved'], ['BIS345', '84495', '1', '5', 'ONLINE', None, None, None, None, None, None, None, None, None, None, None, None, 'Reserved'], ['BIS345', '90376', '25', '25', 'ONLINE', None, None, None, None, None, None, None, None, None, None, None, None, 'Reserved'], ['BIS345', '90377', '24', '25', 'ONLINE', None, None, None, None, None, None, None, None, None, None, None, None, 'Reserved'], ['BIS345', '90432', '26', '30', 'Th', ' 6:00 PM', 18, 0, 20, 45, None, None, None, None, None, None, None, 'Reserved'], ['BIS350', '77698', '9', '15', 'ONLINE', None, None, None, None, None, None, None, None, None, None, None, None, 'Reserved'], ['BIS350', '90378', '23', '25', 'ONLINE', None, None, None, None, None, None, None, None, None, None, None, None, 'Reserved'], ['BIS350', '90380', '22', '25', 'ONLINE', None, None, None, None, None, None, None, None, None, None, None, None, 'Reserved'], ['BIS350', '90434', '25', '30', 'W', ' 6:00 PM', 18, 0, 20, 45, None, None, None, None, None, None, None, 'Reserved'], ['BIS353', '90431', '27', '30', 'W', ' 6:00 PM', 18, 0, 20, 45, None, None, None, None, None, None, None, 'Reserved'], ['BIS360', '84283', '5', '5', 'ONLINE', None, None, None, None, None, None, None, None, None, None, None, None, 'Not Reserved'], ['BIS360', '90430', '27', '30', 'T', ' 6:00 PM', 18, 0, 20, 45, None, None, None, None, None, None, None, 'Reserved'], ['BIS370', '78352', '5', '5', 'ONLINE', None, None, None, None, None, None, None, None, None, None, None, None, 'Reserved'], ['BIS394', '77409', '4', '5', 'ONLINE', None, None, None, None, None, None, None, None, None, None, None, None, 'Reserved'], ['BIS394', '80475', '5', '5', 'ONLINE', None, None, None, None, None, None, None, None, None, None, None, None, 'Reserved'], ['BIS394', '90437', '14', '15', 'ONLINE', None, None, None, None, None, None, None, None, None, None, None, None, 'Reserved'], ['BIS401', '76831', '20', '20', 'ONLINE', None, None, None, None, None, None, None, None, None, None, None, None, 'Reserved'], ['BIS401', '78656', '30', '30', 'ONLINE', None, None, None, None, None, None, None, None, None, None, None, None, 'Reserved'], ['BIS401', '79630', '20', '20', 'ONLINE', None, None, None, None, None, None, None, None, None, None, None, None, 'Reserved'], ['BIS401', '70607', '150', '150', 'ONLINE', None, None, None, None, None, None, None, None, None, None, None, None, 'Reserved'], ['BIS401', '76361', '20', '20', 'ONLINE', None, None, None, None, None, None, None, None, None, None, None, None, 'Reserved'], ['BIS401', '76834', '10', '10', 'ONLINE', None, None, None, None, None, None, None, None, None, None, None, None, 'Reserved'], ['BIS402', '77701', '8', '15', 'ONLINE', None, None, None, None, None, None, None, None, None, None, None, None, 'Reserved'], ['BIS402', '78221', '14', '20', 'ONLINE', None, None, None, None, None, None, None, None, None, None, None, None, 'Reserved'], ['BIS402', '82526', '16', '20', 'ONLINE', None, None, None, None, None, None, None, None, None, None, None, None, 'Reserved'], ['BIS402', '77702', '13', '15', 'ONLINE', None, None, None, None, None, None, None, None, None, None, None, None, 'Reserved'], ['BIS402', '78223', '19', '20', 'ONLINE', None, None, None, None, None, None, None, None, None, None, None, None, 'Reserved'], ['BIS402', '85956', '14', '25', 'ONLINE', None, None, None, None, None, None, None, None, None, None, None, None, 'Reserved'], ['BIS402', '70608', '21', '25', 'T', ' 6:00 PM', 18, 0, 20, 45, None, None, None, None, None, None, None, 'Not Reserved'], ['BIS402', '80423', '22', '25', 'ONLINE', None, None, None, None, None, None, None, None, None, None, None, None, 'Reserved'], ['BIS402', '90817', '25', '25', 'ONLINE', None, None, None, None, None, None, None, None, None, None, None, None, 'Reserved'], ['BIS470', '77817', '5', '5', 'ONLINE', None, None, None, None, None, None, None, None, None, None, None, None, 'Reserved'], ['BIS484', '78122', '5', '5', 'ONLINE', None, None, None, None, None, None, None, None, None, None, None, None, 'Reserved'], ['BIS484', '80916', '20', '20', 'ONLINE', None, None, None, None, None, None, None, None, None, None, None, None, 'Reserved'], ['BIS484', '78124', '5', '5', 'ONLINE', None, None, None, None, None, None, None, None, None, None, None, None, 'Reserved'], ['BIS484', '80136', '5', '5', 'ONLINE', None, None, None, None, None, None, None, None, None, None, None, None, 'Reserved'], ['BIS484', '72877', '7', '10', 'ONLINE', None, None, None, None, None, None, None, None, None, None, None, None, 'Reserved'], ['BIS499', '80137', '10', '10', 'ONLINE', None, None, None, None, None, None, None, None, None, None, None, None, 'Reserved'], ['BIS499', '73976', '10', '10', 'ONLINE', None, None, None, None, None, None, None, None, None, None, None, None, 'Reserved']], 'HIN': [], 'SSH': [], 'SCM': [], 'CSM': [['CSM201', '72652', '39', '60', 'M', ' 6:00 PM', 18, 0, 20, 45, None, None, None, None, None, None, None, 'Not Reserved'], ['CSM303', '88003', '21', '30', 'T Th', ' 1:30 PM', 13, 30, 14, 45, None, None, None, None, None, None, None, 'Not Reserved'], ['CSM407', '89728', '28', '40', 'Th', ' 6:00 PM', 18, 0, 20, 45, None, None, None, None, None, None, None, 'Not Reserved']], 'ESS': [], 'PLA': [], 'STC': [], 'HPS': [], 'STM': [], 'EEE': [['EEE120', '77038', '3', '11', 'ONLINE', None, None, None, None, None, None, None, None, None, None, None, None, 'Not Reserved'], ['EEE120', '77039', '27', '31', 'ONLINE', None, None, None, None, None, None, None, None, None, None, None, None, 'Not Reserved'], ['EEE120', '79000', '15', '20', 'T Th', '10:30 AM', 10, 30, 11, 45, None, None, None, None, None, None, None, 'Not Reserved'], ['EEE120', '79193', '15', '20', 'ONLINE', None, None, None, None, None, None, None, None, None, None, None, None, 'Not Reserved'], ['EEE120', '83149', '18', '22', 'ONLINE', None, None, None, None, None, None, None, None, None, None, None, None, 'Not Reserved'], ['EEE120', '89094', '20', '22', 'M W', ' 9:00 AM', 9, 0, 10, 15, None, None, None, None, None, None, None, 'Not Reserved'], ['EEE120', '89095', '20', '22', 'ONLINE', None, None, None, None, None, None, None, None, None, None, None, None, 'Not Reserved'], ['EEE120', '89437', '32', '36', 'ONLINE', None, None, None, None, None, None, None, None, None, None, None, None, 'Not Reserved'], ['EEE202', '79006', '14', '72', 'T Th', ' 3:00 PM', 15, 0, 16, 15, None, None, None, None, None, None, None, 'Not Reserved'], ['EEE202', '77372', '51', '80', 'M W', ' 3:00 PM', 15, 0, 16, 15, None, None, None, None, None, None, None, 'Not Reserved'], ['EEE202', '76537', '3', '30', 'T', ' 9:00 AM', 9, 0, 12, 0, None, None, None, None, None, None, None, 'Not Reserved'], ['EEE202', '77610', '15', '30', 'T', ' 6:00 PM', 18, 0, 21, 0, None, None, None, None, None, None, None, 'Not Reserved'], ['EEE202', '77611', '12', '30', 'W', ' 6:00 PM', 18, 0, 21, 0, None, None, None, None, None, None, None, 'Not Reserved'], ['EEE202', '77612', '22', '30', 'Th', ' 6:00 PM', 18, 0, 21, 0, None, None, None, None, None, None, None, 'Not Reserved'], ['EEE203', '76494', '66', '95', 'M W', ' 9:00 AM', 9, 0, 10, 15, None, None, None, None, None, None, None, 'Not Reserved'], ['EEE304', '87227', '54', '72', 'M W', ' 9:00 AM', 9, 0, 10, 15, None, None, None, None, None, None, None, 'Not Reserved'], ['EEE333', '77035', '1', '72', 'ONLINE', None, None, None, None, None, None, None, None, None, None, None, None, 'Not Reserved'], ['EEE334', '78794', '22', '100', 'T Th', ' 3:00 PM', 15, 0, 16, 15, None, None, None, None, None, None, None, 'Not Reserved'], ['EEE334', '78797', '22', '100', 'ONLINE', None, None, None, None, None, None, None, None, None, None, None, None, 'Not Reserved'], ['EEE335', '77041', '41', '70', 'ONLINE', None, None, None, None, None, None, None, None, None, None, None, None, 'Not Reserved'], ['EEE335', '80430', '18', '70', 'T Th', ' 3:00 PM', 15, 0, 16, 15, None, None, None, None, None, None, None, 'Not Reserved'], ['EEE335', '80431', '18', '70', 'ONLINE', None, None, None, None, None, None, None, None, None, None, None, None, 'Not Reserved'], ['EEE341', '77627', '66', '115', 'ONLINE', None, None, None, None, None, None, None, None, None, None, None, None, 'Not Reserved'], ['EEE360', '89466', '1', '12', 'W', ' 4:30 PM', 16, 30, 19, 30, None, None, None, None, None, None, None, 'Not Reserved'], ['EEE120', '77038', '3', '11', 'ONLINE', None, None, None, None, None, None, None, None, None, None, None, None, 'Not Reserved'], ['EEE120', '77039', '27', '31', 'ONLINE', None, None, None, None, None, None, None, None, None, None, None, None, 'Not Reserved'], ['EEE120', '79000', '15', '20', 'T Th', '10:30 AM', 10, 30, 11, 45, None, None, None, None, None, None, None, 'Not Reserved'], ['EEE120', '79193', '15', '20', 'ONLINE', None, None, None, None, None, None, None, None, None, None, None, None, 'Not Reserved'], ['EEE120', '83149', '18', '22', 'ONLINE', None, None, None, None, None, None, None, None, None, None, None, None, 'Not Reserved'], ['EEE120', '89094', '20', '22', 'M W', ' 9:00 AM', 9, 0, 10, 15, None, None, None, None, None, None, None, 'Not Reserved'], ['EEE120', '89095', '20', '22', 'ONLINE', None, None, None, None, None, None, None, None, None, None, None, None, 'Not Reserved'], ['EEE120', '89437', '32', '36', 'ONLINE', None, None, None, None, None, None, None, None, None, None, None, None, 'Not Reserved'], ['EEE202', '79006', '14', '72', 'T Th', ' 3:00 PM', 15, 0, 16, 15, None, None, None, None, None, None, None, 'Not Reserved'], ['EEE202', '77372', '51', '80', 'M W', ' 3:00 PM', 15, 0, 16, 15, None, None, None, None, None, None, None, 'Not Reserved'], ['EEE202', '76537', '3', '30', 'T', ' 9:00 AM', 9, 0, 12, 0, None, None, None, None, None, None, None, 'Not Reserved'], ['EEE202', '77610', '15', '30', 'T', ' 6:00 PM', 18, 0, 21, 0, None, None, None, None, None, None, None, 'Not Reserved'], ['EEE202', '77611', '12', '30', 'W', ' 6:00 PM', 18, 0, 21, 0, None, None, None, None, None, None, None, 'Not Reserved'], ['EEE202', '77612', '22', '30', 'Th', ' 6:00 PM', 18, 0, 21, 0, None, None, None, None, None, None, None, 'Not Reserved'], ['EEE203', '76494', '66', '95', 'M W', ' 9:00 AM', 9, 0, 10, 15, None, None, None, None, None, None, None, 'Not Reserved'], ['EEE304', '87227', '54', '72', 'M W', ' 9:00 AM', 9, 0, 10, 15, None, None, None, None, None, None, None, 'Not Reserved'], ['EEE333', '77035', '1', '72', 'ONLINE', None, None, None, None, None, None, None, None, None, None, None, None, 'Not Reserved'], ['EEE334', '78794', '22', '100', 'T Th', ' 3:00 PM', 15, 0, 16, 15, None, None, None, None, None, None, None, 'Not Reserved'], ['EEE334', '78797', '22', '100', 'ONLINE', None, None, None, None, None, None, None, None, None, None, None, None, 'Not Reserved'], ['EEE335', '77041', '41', '70', 'ONLINE', None, None, None, None, None, None, None, None, None, None, None, None, 'Not Reserved'], ['EEE335', '80430', '18', '70', 'T Th', ' 3:00 PM', 15, 0, 16, 15, None, None, None, None, None, None, None, 'Not Reserved'], ['EEE335', '80431', '18', '70', 'ONLINE', None, None, None, None, None, None, None, None, None, None, None, None, 'Not Reserved'], ['EEE341', '77627', '66', '115', 'ONLINE', None, None, None, None, None, None, None, None, None, None, None, None, 'Not Reserved'], ['EEE360', '89466', '1', '12', 'W', ' 4:30 PM', 16, 30, 19, 30, None, None, None, None, None, None, None, 'Not Reserved']], 'MGT': [], 'TGM': [], 'BCS': [], 'MLS': [], 'LSE': [['LSE591', '91042', '21', '21', 'W', ' 4:30 PM', 16, 30, 19, 15, None, None, None, None, None, None, None, 'Not Reserved']], 'STP': [], 'STS': [], 'MTC': [], 'TEL': [], 'SLB': [], 'SLC': [], 'MCO': [['MCO120', '79729', '157', '200', 'ONLINE', None, None, None, None, None, None, None, None, None, None, None, None, 'Reserved'], ['MCO120', '84552', '93', '100', 'ONLINE', None, None, None, None, None, None, None, None, None, None, None, None, 'Reserved'], ['MCO194', '83269', '94', '100', 'ONLINE', None, None, None, None, None, None, None, None, None, None, None, None, 'Reserved'], ['MCO194', '83270', '99', '100', 'ONLINE', None, None, None, None, None, None, None, None, None, None, None, None, 'Reserved'], ['MCO240', '79736', '172', '200', 'ONLINE', None, None, None, None, None, None, None, None, None, None, None, None, 'Reserved'], ['MCO294', '71693', '200', '200', 'ONLINE', None, None, None, None, None, None, None, None, None, None, None, None, 'Not Reserved'], ['MCO418', '79725', '169', '200', 'ONLINE', None, None, None, None, None, None, None, None, None, None, None, None, 'Reserved'], ['MCO425', '91050', '87', '100', 'ONLINE', None, None, None, None, None, None, None, None, None, None, None, None, 'Reserved'], ['MCO435', '79778', '116', '200', 'ONLINE', None, None, None, None, None, None, None, None, None, None, None, None, 'Reserved'], ['MCO450', '79732', '152', '200', 'ONLINE', None, None, None, None, None, None, None, None, None, None, None, None, 'Reserved'], ['MCO456', '83460', '181', '200', 'ONLINE', None, None, None, None, None, None, None, None, None, None, None, None, 'Reserved'], ['MCO460', '74754', '177', '200', 'ONLINE', None, None, None, None, None, None, None, None, None, None, None, None, 'Reserved'], ['MCO465', '80477', '122', '200', 'ONLINE', None, None, None, None, None, None, None, None, None, None, None, None, 'Reserved'], ['MCO473', '79734', '116', '200', 'ONLINE', None, None, None, None, None, None, None, None, None, None, None, None, 'Reserved'], ['MCO492', '71689', '8', '10', 'ONLINE', None, None, None, None, None, None, None, None, None, None, None, None, 'Not Reserved'], ['MCO493', '71690', '15', '15', 'ONLINE', None, None, None, None, None, None, None, None, None, None, None, None, 'Not Reserved'], ['MCO494', '87030', '95', '100', 'ONLINE', None, None, None, None, None, None, None, None, None, None, None, None, 'Reserved'], ['MCO502', '77189', '8', '15', 'M T W Th', ' 8:00 AM', 8, 0, 12, 50, None, None, None, None, None, None, None, 'Not Reserved'], ['MCO503', '82897', '76', '100', 'ONLINE', None, None, None, None, None, None, None, None, None, None, None, None, 'Reserved'], ['MCO503', '82898', '13', '24', 'Th', ' 6:00 PM', 18, 0, 20, 20, None, None, None, None, None, None, None, 'Not Reserved'], ['MCO505', '82941', '3', '5', 'M W', '11:30 AM', 11, 30, 13, 20, None, None, None, None, None, None, None, 'Not Reserved'], ['MCO510', '84062', '19', '20', 'T Th', ' 4:00 PM', 16, 0, 17, 50, None, None, None, None, None, None, None, 'Not Reserved'], ['MCO515', '77193', '2', '10', 'T Th', ' 4:30 PM', 16, 30, 18, 20, None, None, None, None, None, None, None, 'Not Reserved'], ['MCO525', '91658', '41', '50', 'F', ' 9:00 AM', 9, 0, 11, 50, None, None, None, None, None, None, None, 'Not Reserved'], ['MCO550', '83066', '4', '15', 'ONLINE', None, None, None, None, None, 'M', None, None, None, None, None, None, 'Reserved'], ['MCO553', '79327', '3', '8', 'M W', '12:00 PM', 12, 0, 13, 50, None, None, None, None, None, None, None, 'Not Reserved'], ['MCO570', '75363', '14', '15', 'ONLINE', None, None, None, None, None, None, None, None, None, None, None, None, 'Not Reserved'], ['MCO570', '75364', '13', '15', 'ONLINE', None, None, None, None, None, None, None, None, None, None, None, None, 'Not Reserved'], ['MCO570', '75365', '10', '15', 'ONLINE', None, None, None, None, None, None, None, None, None, None, None, None, 'Not Reserved'], ['MCO570', '76221', '14', '15', 'ONLINE', None, None, None, None, None, None, None, None, None, None, None, None, 'Not Reserved'], ['MCO570', '76311', '13', '15', 'ONLINE', None, None, None, None, None, None, None, None, None, None, None, None, 'Not Reserved'], ['MCO570', '82950', '11', '15', 'ONLINE', None, None, None, None, None, None, None, None, None, None, None, None, 'Not Reserved'], ['MCO570', '87033', '13', '15', 'ONLINE', None, None, None, None, None, None, None, None, None, None, None, None, 'Not Reserved'], ['MCO570', '83009', '12', '15', 'ONLINE', None, None, None, None, None, None, None, None, None, None, None, None, 'Not Reserved'], ['MCO570', '87034', '11', '15', 'ONLINE', None, None, None, None, None, None, None, None, None, None, None, None, 'Not Reserved'], ['MCO570', '90371', '14', '15', 'ONLINE', None, None, None, None, None, None, None, None, None, None, None, None, 'Not Reserved'], ['MCO580', '71691', '15', '15', 'ONLINE', None, None, None, None, None, None, None, None, None, None, None, None, 'Not Reserved'], ['MCO584', '71692', '15', '15', 'ONLINE', None, None, None, None, None, None, None, None, None, None, None, None, 'Not Reserved'], ['MCO590', '71694', '4', '5', 'ONLINE', None, None, None, None, None, None, None, None, None, None, None, None, 'Not Reserved'], ['MCO593', '80363', '5', '5', 'ONLINE', None, None, None, None, None, None, None, None, None, None, None, None, 'Not Reserved'], ['MCO598', '79660', '5', '5', 'ONLINE', None, None, None, None, None, None, None, None, None, None, None, None, 'Reserved'], ['MCO598', '79704', '5', '5', 'ONLINE', None, None, None, None, None, None, None, None, None, None, None, None, 'Reserved'], ['MCO598', '73467', '8', '30', 'ONLINE', None, None, None, None, None, None, None, None, None, None, None, None, 'Not Reserved'], ['MCO598', '77503', '2', '3', 'T Th', '11:30 AM', 11, 30, 13, 20, None, None, None, None, None, None, None, 'Not Reserved'], ['MCO598', '90598', '4', '5', 'F', ' 9:00 AM', 9, 0, 12, 50, None, None, None, None, None, None, None, 'Not Reserved'], ['MCO598', '73578', '17', '17', 'ONLINE', None, None, None, None, None, None, None, None, None, None, None, None, 'Not Reserved'], ['MCO598', '76165', '14', '20', 'M', ' 1:30 PM', 13, 30, 16, 20, None, None, None, None, None, None, None, 'Not Reserved'], ['MCO598', '83393', '4', '10', 'T Th', ' 8:00 AM', 8, 0, 9, 50, None, None, None, None, None, None, None, 'Not Reserved'], ['MCO598', '80526', '3', '3', 'F', ' 9:00 AM', 9, 0, 12, 50, None, None, None, None, None, None, None, 'Not Reserved'], ['MCO598', '83567', '18', '18', 'ONLINE', None, None, None, None, None, None, None, None, None, None, None, None, 'Not Reserved'], ['MCO598', '84019', '5', '9', 'T Th', ' 4:30 PM', 16, 30, 17, 45, None, None, None, None, None, None, None, 'Not Reserved'], ['MCO710', '75897', '9', '10', 'M', ' 6:00 PM', 18, 0, 20, 45, None, None, None, None, None, None, None, 'Not Reserved'], ['MCO720', '75900', '9', '10', 'T', ' 6:00 PM', 18, 0, 20, 45, None, None, None, None, None, None, None, 'Not Reserved'], ['MCO722', '77205', '4', '10', 'W', ' 6:30 PM', 18, 30, 21, 15, None, None, None, None, None, None, None, 'Not Reserved'], ['MCO755', '76386', '9', '10', 'ONLINE', None, None, None, None, None, None, None, None, None, None, None, None, 'Not Reserved'], ['MCO790', '80984', '1', '1', 'ONLINE', None, None, None, None, None, None, None, None, None, None, None, None, 'Not Reserved'], ['MCO792', '78111', '9', '10', 'ONLINE', None, None, None, None, None, None, None, None, None, None, None, None, 'Not Reserved'], ['MCO799', '78112', '10', '10', 'ONLINE', None, None, None, None, None, None, None, None, None, None, None, None, 'Not Reserved']], 'LTC': [], 'CDE': [['CDE232', '72909', '45', '60', 'M', ' 4:30 PM', 16, 30, 19, 15, None, None, None, None, None, None, None, 'Not Reserved'], ['CDE232', '72910', '90', '100', 'T Th', ' 9:00 AM', 9, 0, 10, 15, None, None, None, None, None, None, None, 'Not Reserved'], ['CDE232', '74291', '21', '60', 'M W', '12:00 PM', 12, 0, 13, 15, None, None, None, None, None, None, None, 'Reserved'], ['CDE232', '78648', '291', '300', 'ONLINE', None, None, None, None, None, None, None, None, None, None, None, None, 'Reserved'], ['CDE232', '78651', '102', '110', 'T', ' 4:30 PM', 16, 30, 19, 15, None, None, None, None, None, None, None, 'Not Reserved'], ['CDE232', '91297', '12', '12', 'ONLINE', None, None, None, None, None, None, None, None, None, None, None, None, 'Reserved'], ['CDE312', '81393', '5', '50', 'T Th', ' 9:00 AM', 9, 0, 10, 15, None, None, None, None, None, None, None, 'Not Reserved'], ['CDE430', '78655', '30', '60', 'T Th', ' 3:00 PM', 15, 0, 16, 15, None, None, None, None, None, None, None, 'Not Reserved'], ['CDE450', '81403', '44', '60', 'M W F', ' 1:30 PM', 13, 30, 14, 20, None, None, None, None, None, None, None, 'Not Reserved'], ['CDE450', '88702', '30', '48', 'T Th', ' 9:00 AM', 9, 0, 10, 15, None, None, None, None, None, None, None, 'Not Reserved'], ['CDE498', '78782', '6', '12', 'M', ' 4:30 PM', 16, 30, 19, 15, None, None, None, None, None, None, None, 'Not Reserved'], ['CDE498', '89618', '9', '30', 'T Th', ' 3:00 PM', 15, 0, 16, 15, None, None, None, None, None, None, None, 'Not Reserved'], ['CDE499', '90607', '30', '30', 'ONLINE', None, None, None, None, None, None, None, None, None, None, None, None, 'Not Reserved'], ['CDE533', '89648', '8', '10', 'Th', ' 9:00 AM', 9, 0, 12, 0, None, None, None, None, None, None, None, 'Not Reserved'], ['CDE591', '89651', '44', '50', 'T Th', '10:30 AM', 10, 30, 11, 45, None, None, None, None, None, None, None, 'Not Reserved'], ['CDE592', '82846', '30', '30', 'ONLINE', None, None, None, None, None, None, None, None, None, None, None, None, 'Reserved'], ['CDE598', '90087', '7', '10', 'T Th', ' 3:00 PM', 15, 0, 16, 15, None, None, None, None, None, None, None, 'Not Reserved']], 'ARS': [['ARS100', '77009', '270', '300', 'ONLINE', None, None, None, None, None, None, None, None, None, None, None, None, 'Reserved'], ['ARS101', '74052', '378', '400', 'M W', ' 4:30 PM', 16, 30, 17, 45, None, None, None, None, None, None, None, 'Not Reserved'], ['ARS101', '83644', '179', '195', 'T Th', ' 3:00 PM', 15, 0, 16, 15, None, None, None, None, None, None, None, 'Not Reserved'], ['ARS102', '83113', '265', '300', 'ONLINE', None, None, None, None, None, None, None, None, None, None, None, None, 'Reserved'], ['ARS102', '76679', '358', '400', 'T Th', ' 4:30 PM', 16, 30, 17, 45, None, None, None, None, None, None, None, 'Not Reserved'], ['ARS201', '79926', '54', '100', 'ONLINE', None, None, None, None, None, None, None, None, None, None, None, None, 'Reserved'], ['ARS201', '74120', '95', '109', 'M W F', ' 9:00 AM', 9, 0, 9, 50, None, None, None, None, None, None, None, 'Not Reserved'], ['ARS202', '83114', '95', '109', 'T Th', ' 1:30 PM', 13, 30, 14, 45, None, None, None, None, None, None, None, 'Not Reserved'], ['ARS345', '81929', '78', '109', 'M W', ' 3:00 PM', 15, 0, 16, 15, None, None, None, None, None, None, None, 'Not Reserved'], ['ARS362', '86773', '27', '48', 'M W', ' 3:00 PM', 15, 0, 16, 15, None, None, None, None, None, None, None, 'Not Reserved'], ['ARS394', '81947', '1', '25', 'ONLINE', None, None, None, None, None, None, None, None, None, None, None, None, 'Reserved'], ['ARS394', '79937', '41', '48', 'M W', ' 4:30 PM', 16, 30, 17, 45, None, None, None, None, None, None, None, 'Not Reserved'], ['ARS394', '77332', '30', '30', 'ONLINE', None, None, None, None, None, None, None, None, None, None, None, None, 'Not Reserved'], ['ARS406', '86876', '87', '105', 'T Th', ' 9:00 AM', 9, 0, 10, 15, None, None, None, None, None, None, None, 'Not Reserved'], ['ARS440', '79942', '6', '20', 'ONLINE', None, None, None, None, None, None, None, None, None, None, None, None, 'Reserved'], ['ARS441', '86899', '4', '15', 'W', ' 1:30 PM', 13, 30, 16, 15, None, None, None, None, None, None, None, 'Not Reserved'], ['ARS442', '78353', '33', '45', 'T Th', '12:00 PM', 12, 0, 13, 15, None, None, None, None, None, None, None, 'Not Reserved'], ['ARS473', '76720', '48', '100', 'T Th', '10:30 AM', 10, 30, 11, 45, None, None, None, None, None, None, None, 'Not Reserved'], ['ARS480', '76706', '14', '20', 'W', ' 1:30 PM', 13, 30, 16, 15, None, None, None, None, None, None, None, 'Not Reserved'], ['ARS484', '84235', '30', '30', 'ONLINE', None, None, None, None, None, None, None, None, None, None, None, None, 'Not Reserved'], ['ARS485', '86910', '10', '30', 'ONLINE', None, None, None, None, None, None, None, None, None, None, None, None, 'Reserved'], ['ARS492', '72552', '30', '30', 'ONLINE', None, None, None, None, None, None, None, None, None, None, None, None, 'Not Reserved'], ['ARS493', '73465', '30', '30', 'ONLINE', None, None, None, None, None, None, None, None, None, None, None, None, 'Not Reserved'], ['ARS498', '83136', '35', '40', 'M', ' 1:30 PM', 13, 30, 16, 15, None, None, None, None, None, None, None, 'Not Reserved'], ['ARS498', '78404', '7', '12', 'W', ' 9:00 AM', 9, 0, 11, 45, None, None, None, None, None, None, None, 'Not Reserved'], ['ARS498', '78424', '7', '16', 'T', ' 4:30 PM', 16, 30, 19, 15, None, None, None, None, None, None, None, 'Not Reserved'], ['ARS499', '72553', '30', '30', 'ONLINE', None, None, None, None, None, None, None, None, None, None, None, None, 'Not Reserved'], ['ARS506', '86877', '2', '4', 'T Th', ' 9:00 AM', 9, 0, 10, 15, None, None, None, None, None, None, None, 'Not Reserved'], ['ARS540', '90559', '7', '7', 'ONLINE', None, None, None, None, None, None, None, None, None, None, None, None, 'Reserved'], ['ARS541', '86900', '1', '5', 'W', ' 1:30 PM', 13, 30, 16, 15, None, None, None, None, None, None, None, 'Not Reserved'], ['ARS574', '76721', '5', '9', 'T Th', '10:30 AM', 10, 30, 11, 45, None, None, None, None, None, None, None, 'Not Reserved'], ['ARS590', '72555', '30', '30', 'ONLINE', None, None, None, None, None, None, None, None, None, None, None, None, 'Not Reserved'], ['ARS591', '78405', '7', '8', 'W', ' 9:00 AM', 9, 0, 11, 45, None, None, None, None, None, None, None, 'Not Reserved'], ['ARS591', '78425', '1', '4', 'T', ' 4:30 PM', 16, 30, 19, 15, None, None, None, None, None, None, None, 'Not Reserved'], ['ARS591', '78177', '7', '8', 'M', ' 1:30 PM', 13, 30, 16, 15, None, None, None, None, None, None, None, 'Not Reserved'], ['ARS591', '85765', '17', '20', 'M', '10:30 AM', 10, 30, 13, 15, None, None, None, None, None, None, None, 'Not Reserved'], ['ARS592', '72556', '30', '30', 'ONLINE', None, None, None, None, None, None, None, None, None, None, None, None, 'Not Reserved'], ['ARS592', '72943', '30', '30', 'ONLINE', None, None, None, None, None, None, None, None, None, None, None, None, 'Not Reserved'], ['ARS595', '72557', '30', '30', 'ONLINE', None, None, None, None, None, None, None, None, None, None, None, None, 'Not Reserved'], ['ARS599', '72558', '30', '30', 'ONLINE', None, None, None, None, None, None, None, None, None, None, None, None, 'Not Reserved'], ['ARS690', '72559', '30', '30', 'ONLINE', None, None, None, None, None, None, None, None, None, None, None, None, 'Not Reserved'], ['ARS790', '72561', '30', '30', 'ONLINE', None, None, None, None, None, None, None, None, None, None, None, None, 'Not Reserved'], ['ARS795', '72560', '30', '30', 'ONLINE', None, None, None, None, None, None, None, None, None, None, None, None, 'Not Reserved']], 'ART': [['ART110', '79908', '10', '25', 'W', ' 8:30 AM', 8, 30, 10, 15, None, None, None, None, None, None, None, 'Not Reserved'], ['ART110', '82122', '4', '25', 'T', '10:30 AM', 10, 30, 12, 15, None, None, None, None, None, None, None, 'Not Reserved'], ['ART110', '82123', '17', '25', 'F', ' 8:30 AM', 8, 30, 10, 15, None, None, None, None, None, None, None, 'Not Reserved'], ['ART110', '82124', '12', '25', 'F', '10:30 AM', 10, 30, 12, 15, None, None, None, None, None, None, None, 'Not Reserved'], ['ART110', '84172', '17', '25', 'Th', '10:30 AM', 10, 30, 12, 15, None, None, None, None, None, None, None, 'Not Reserved'], ['ART110', '87478', '14', '25', 'Th', '12:30 PM', 12, 30, 14, 15, None, None, None, None, None, None, None, 'Not Reserved'], ['ART110', '87479', '23', '25', 'T', ' 3:30 PM', 15, 30, 17, 15, None, None, None, None, None, None, None, 'Not Reserved'], ['ART110', '87480', '18', '25', 'T', ' 1:30 PM', 13, 30, 15, 15, None, None, None, None, None, None, None, 'Not Reserved'], ['ART110', '87481', '17', '25', 'W', ' 4:30 PM', 16, 30, 18, 15, None, None, None, None, None, None, None, 'Not Reserved'], ['ART110', '83994', '182', '325', 'ONLINE', None, None, None, None, None, None, None, None, None, None, None, None, 'Not Reserved'], ['ART111', '77780', '5', '17', 'T Th', '10:30 AM', 10, 30, 13, 15, None, None, None, None, None, None, None, 'Not Reserved'], ['ART111', '77781', '15', '17', 'T Th', ' 1:30 PM', 13, 30, 16, 15, None, None, None, None, None, None, None, 'Reserved'], ['ART111', '77782', '12', '17', 'T Th', ' 4:30 PM', 16, 30, 19, 15, None, None, None, None, None, None, None, 'Reserved'], ['ART112', '77784', '18', '18', 'M W', ' 1:30 PM', 13, 30, 16, 15, None, None, None, None, None, None, None, 'Not Reserved'], ['ART112', '77785', '13', '18', 'T Th', ' 7:30 AM', 7, 30, 10, 15, None, None, None, None, None, None, None, 'Not Reserved'], ['ART112', '77786', '11', '18', 'T Th', '10:30 AM', 10, 30, 13, 15, None, None, None, None, None, None, None, 'Not Reserved'], ['ART112', '77787', '15', '18', 'T Th', ' 1:30 PM', 13, 30, 16, 15, None, None, None, None, None, None, None, 'Not Reserved'], ['ART112', '77788', '14', '18', 'T Th', ' 4:30 PM', 16, 30, 19, 15, None, None, None, None, None, None, None, 'Not Reserved'], ['ART113', '77776', '5', '18', 'M W', ' 1:30 PM', 13, 30, 16, 15, None, None, None, None, None, None, None, 'Not Reserved'], ['ART113', '77777', '5', '18', 'T Th', '10:30 AM', 10, 30, 13, 15, None, None, None, None, None, None, None, 'Not Reserved'], ['ART113', '77778', '8', '18', 'T Th', ' 1:30 PM', 13, 30, 16, 15, None, None, None, None, None, None, None, 'Not Reserved'], ['ART113', '77779', '11', '18', 'T Th', ' 4:30 PM', 16, 30, 19, 15, None, None, None, None, None, None, None, 'Not Reserved'], ['ART115', '75283', '6', '15', 'M W', '10:30 AM', 10, 30, 13, 15, None, None, None, None, None, None, None, 'Reserved'], ['ART116', '78410', '4', '20', 'M W', '10:30 AM', 10, 30, 13, 15, None, None, None, None, None, None, None, 'Not Reserved'], ['ART116', '78411', '13', '20', 'T Th', ' 1:30 PM', 13, 30, 16, 15, None, None, None, None, None, None, None, 'Not Reserved'], ['ART116', '78412', '17', '20', 'T Th', ' 4:30 PM', 16, 30, 19, 15, None, None, None, None, None, None, None, 'Not Reserved'], ['ART194', '77417', '8', '20', 'T Th', ' 4:30 PM', 16, 30, 17, 45, None, None, None, None, None, None, None, 'Not Reserved'], ['ART201', '72595', '86', '120', 'M W', ' 3:00 PM', 15, 0, 16, 15, None, None, None, None, None, None, None, 'Not Reserved'], ['ART202', '72597', '9', '15', 'T', '10:30 AM', 10, 30, 13, 15, None, None, None, None, None, None, None, 'Not Reserved'], ['ART202', '72598', '12', '15', 'T', ' 1:30 PM', 13, 30, 16, 15, None, None, None, None, None, None, None, 'Not Reserved'], ['ART202', '72599', '12', '15', 'T', ' 4:30 PM', 16, 30, 19, 15, None, None, None, None, None, None, None, 'Not Reserved'], ['ART202', '78414', '14', '15', 'Th', '10:30 AM', 10, 30, 13, 15, None, None, None, None, None, None, None, 'Not Reserved'], ['ART202', '78413', '9', '15', 'Th', ' 1:30 PM', 13, 30, 16, 15, None, None, None, None, None, None, None, 'Not Reserved'], ['ART205', '78416', '6', '18', 'T Th', '10:30 AM', 10, 30, 13, 15, None, None, None, None, None, None, None, 'Not Reserved'], ['ART211', '73659', '8', '18', 'M W', ' 4:30 PM', 16, 30, 19, 15, None, None, None, None, None, None, None, 'Not Reserved'], ['ART216', '78417', '6', '18', 'T Th', ' 1:30 PM', 13, 30, 16, 15, None, None, None, None, None, None, None, 'Not Reserved'], ['ART216', '78462', '4', '18', 'M W', '10:30 AM', 10, 30, 13, 15, None, None, None, None, None, None, None, 'Not Reserved'], ['ART218', '78356', '13', '50', 'T Th', '9:00AM', 9, 0, 10, 15, 'F', '9:00AM', 9, 0, '10:15AM', 10, 15, 'Not Reserved'], ['ART253', '73396', '16', '18', 'T Th', '10:30 AM', 10, 30, 13, 15, None, None, None, None, None, None, None, 'Not Reserved'], ['ART261', '76680', '16', '20', 'T Th', ' 1:30 PM', 13, 30, 16, 15, None, None, None, None, None, None, None, 'Not Reserved'], ['ART276', '76568', '4', '15', 'M W', '10:30 AM', 10, 30, 13, 15, None, None, None, None, None, None, None, 'Not Reserved'], ['ART294', '82805', '22', '35', 'ONLINE', None, None, None, None, None, None, None, None, None, None, None, None, 'Reserved'], ['ART294', '84409', '25', '35', 'ONLINE', None, None, None, None, None, None, None, None, None, None, None, None, 'Reserved'], ['ART307', '84063', '13', '18', 'M W', '10:30 AM', 10, 30, 13, 15, None, None, None, None, None, None, None, 'Not Reserved'], ['ART314', '76715', '16', '20', 'M W', ' 1:30 PM', 13, 30, 16, 15, None, None, None, None, None, None, None, 'Not Reserved'], ['ART364', '73654', '5', '15', 'M W', '10:30 AM', 10, 30, 13, 15, None, None, None, None, None, None, None, 'Not Reserved'], ['ART372', '87482', '6', '15', 'M W', ' 1:30 PM', 13, 30, 16, 15, None, None, None, None, None, None, None, 'Not Reserved'], ['ART377', '87483', '8', '15', 'T Th', '10:30 AM', 10, 30, 13, 15, None, None, None, None, None, None, None, 'Not Reserved'], ['ART394', '87484', '12', '15', 'T Th', ' 1:30 PM', 13, 30, 16, 15, None, None, None, None, None, None, None, 'Not Reserved'], ['ART394', '87485', '19', '20', 'T Th', ' 6:00 PM', 18, 0, 20, 45, None, None, None, None, None, None, None, 'Not Reserved'], ['ART394', '87486', '8', '18', 'T Th', ' 7:30 AM', 7, 30, 10, 15, None, None, None, None, None, None, None, 'Not Reserved'], ['ART394', '87487', '10', '15', 'M W', ' 1:30 PM', 13, 30, 16, 15, None, None, None, None, None, None, None, 'Not Reserved'], ['ART394', '87488', '8', '18', 'T Th', ' 7:30 AM', 7, 30, 10, 15, None, None, None, None, None, None, None, 'Not Reserved'], ['ART394', '72562', '60', '60', 'ONLINE', None, None, None, None, None, None, None, None, None, None, None, None, 'Not Reserved'], ['ART394', '82267', '27', '30', 'ONLINE', None, None, None, None, None, None, None, None, None, None, None, None, 'Not Reserved'], ['ART403', '87529', '13', '18', 'T Th', ' 1:30 PM', 13, 30, 16, 15, None, None, None, None, None, None, None, 'Not Reserved'], ['ART411', '78805', '5', '18', 'T Th', ' 1:30 PM', 13, 30, 16, 15, None, None, None, None, None, None, None, 'Not Reserved'], ['ART423', '77869', '7', '18', 'M W', '10:30 AM', 10, 30, 13, 15, None, None, None, None, None, None, None, 'Not Reserved'], ['ART425', '73658', '12', '18', 'M W', '10:30 AM', 10, 30, 13, 15, None, None, None, None, None, None, None, 'Not Reserved'], ['ART427', '76717', '1', '18', 'T Th', ' 1:30 PM', 13, 30, 16, 15, None, None, None, None, None, None, None, 'Not Reserved'], ['ART431', '84386', '4', '10', 'T Th', '10:30 AM', 10, 30, 13, 15, None, None, None, None, None, None, None, 'Not Reserved'], ['ART433', '78466', '2', '3', 'M W', ' 4:30 PM', 16, 30, 19, 15, None, None, None, None, None, None, None, 'Not Reserved'], ['ART438', '77492', '8', '10', 'M W', ' 7:30 PM', 19, 30, 22, 15, None, None, None, None, None, None, None, 'Not Reserved'], ['ART439', '73298', '5', '16', 'T Th', ' 1:30 PM', 13, 30, 16, 15, None, None, None, None, None, None, None, 'Not Reserved'], ['ART443', '73656', '7', '13', 'M W', ' 1:30 PM', 13, 30, 16, 15, None, None, None, None, None, None, None, 'Not Reserved'], ['ART445', '78367', '16', '17', 'T Th', ' 1:30 PM', 13, 30, 16, 15, None, None, None, None, None, None, None, 'Not Reserved'], ['ART452', '78431', '13', '17', 'M W', ' 1:30 PM', 13, 30, 16, 15, None, None, None, None, None, None, None, 'Not Reserved'], ['ART460', '87655', '11', '15', 'T Th', '10:30 AM', 10, 30, 13, 15, None, None, None, None, None, None, None, 'Not Reserved'], ['ART482', '76716', '53', '80', 'Th', ' 4:30 PM', 16, 30, 19, 15, None, None, None, None, None, None, None, 'Not Reserved'], ['ART494', '76431', '6', '7', 'T Th', ' 1:30 PM', 13, 30, 16, 15, None, None, None, None, None, None, None, 'Not Reserved'], ['ART494', '78418', '12', '18', 'T Th', '10:30 AM', 10, 30, 13, 15, None, None, None, None, None, None, None, 'Not Reserved'], ['ART494', '84076', '8', '10', 'ONLINE', None, None, None, None, None, None, None, None, None, None, None, None, 'Not Reserved'], ['ART494', '76713', '8', '18', 'M', ' 4:30 PM', 16, 30, 19, 15, None, None, None, None, None, None, None, 'Not Reserved'], ['ART494', '82351', '11', '17', 'M W', ' 1:30 PM', 13, 30, 16, 15, None, None, None, None, None, None, None, 'Not Reserved'], ['ART494', '73027', '14', '15', 'M W', '10:30 AM', 10, 30, 13, 15, None, None, None, None, None, None, None, 'Not Reserved'], ['ART498', '76554', '3', '15', 'M W', ' 1:30 PM', 13, 30, 16, 15, None, None, None, None, None, None, None, 'Not Reserved'], ['ART501', '83183', '14', '15', 'T', ' 6:00 PM', 18, 0, 20, 45, None, None, None, None, None, None, None, 'Not Reserved'], ['ART514', '78455', '3', '5', 'T Th', '10:30 AM', 10, 30, 13, 15, None, None, None, None, None, None, None, 'Not Reserved'], ['ART525', '78457', '5', '5', 'M W', '10:30 AM', 10, 30, 13, 15, None, None, None, None, None, None, None, 'Not Reserved'], ['ART527', '78452', '5', '5', 'T Th', ' 1:30 PM', 13, 30, 16, 15, None, None, None, None, None, None, None, 'Not Reserved'], ['ART532', '78468', '2', '5', 'T Th', ' 4:30 PM', 16, 30, 19, 15, None, None, None, None, None, None, None, 'Not Reserved'], ['ART533', '78467', '2', '3', 'M W', ' 4:30 PM', 16, 30, 19, 15, None, None, None, None, None, None, None, 'Not Reserved'], ['ART538', '82307', '10', '10', 'M W', ' 7:30 PM', 19, 30, 22, 15, None, None, None, None, None, None, None, 'Not Reserved'], ['ART539', '78427', '5', '5', 'T Th', ' 1:30 PM', 13, 30, 16, 15, None, None, None, None, None, None, None, 'Not Reserved'], ['ART543', '78426', '9', '10', 'M W', ' 1:30 PM', 13, 30, 16, 15, None, None, None, None, None, None, None, 'Not Reserved'], ['ART545', '78368', '5', '6', 'T Th', ' 1:30 PM', 13, 30, 16, 15, None, None, None, None, None, None, None, 'Not Reserved'], ['ART556', '82324', '6', '6', 'M W', '10:30 AM', 10, 30, 13, 15, None, None, None, None, None, None, None, 'Not Reserved'], ['ART577', '78421', '5', '5', 'T Th', ' 1:30 PM', 13, 30, 16, 15, None, None, None, None, None, None, None, 'Not Reserved'], ['ART579', '82342', '5', '5', 'M W', ' 1:30 PM', 13, 30, 16, 15, None, None, None, None, None, None, None, 'Not Reserved'], ['ART592', '76719', '50', '50', 'ONLINE', None, None, None, None, None, None, None, None, None, None, None, None, 'Not Reserved'], ['ART592', '77807', '29', '30', 'ONLINE', None, None, None, None, None, None, None, None, None, None, None, None, 'Not Reserved'], ['ART592', '86007', '15', '15', 'ONLINE', None, None, None, None, None, None, None, None, None, None, None, None, 'Not Reserved'], ['ART598', '78419', '3', '5', 'T Th', '10:30 AM', 10, 30, 13, 15, None, None, None, None, None, None, None, 'Not Reserved'], ['ART598', '78355', '5', '5', 'M W', '10:30 AM', 10, 30, 13, 15, None, None, None, None, None, None, None, 'Not Reserved'], ['ART598', '78244', '4', '5', 'T Th', ' 1:30 PM', 13, 30, 16, 15, None, None, None, None, None, None, None, 'Not Reserved'], ['ART598', '82348', '1', '5', 'T Th', '10:30 AM', 10, 30, 13, 15, None, None, None, None, None, None, None, 'Not Reserved'], ['ART598', '78430', '5', '6', 'M W', ' 1:30 PM', 13, 30, 16, 15, None, None, None, None, None, None, None, 'Not Reserved'], ['ART598', '78432', '6', '6', 'M W', ' 1:30 PM', 13, 30, 16, 15, None, None, None, None, None, None, None, 'Not Reserved'], ['ART598', '84385', '3', '5', 'T Th', '10:30 AM', 10, 30, 13, 15, None, None, None, None, None, None, None, 'Not Reserved'], ['ART598', '72689', '5', '5', 'M W', '10:30 AM', 10, 30, 13, 15, None, None, None, None, None, None, None, 'Not Reserved'], ['ART598', '72690', '5', '5', 'F', ' 1:30 PM', 13, 30, 15, 15, None, None, None, None, None, None, None, 'Not Reserved'], ['ART598', '76714', '5', '5', 'M', ' 4:30 PM', 16, 30, 19, 15, None, None, None, None, None, None, None, 'Not Reserved'], ['ART621', '77896', '15', '15', 'W', ' 6:00 PM', 18, 0, 20, 45, None, None, None, None, None, None, None, 'Not Reserved'], ['ART621', '78359', '15', '15', 'M', ' 4:30 PM', 16, 30, 19, 15, None, None, None, None, None, None, None, 'Not Reserved'], ['ART621', '72532', '15', '15', 'W', ' 1:30 PM', 13, 30, 16, 15, None, None, None, None, None, None, None, 'Not Reserved'], ['ART621', '78360', '8', '15', 'Th', ' 1:30 PM', 13, 30, 16, 15, None, None, None, None, None, None, None, 'Not Reserved'], ['ART621', '79916', '13', '15', 'W', '10:30 AM', 10, 30, 13, 15, None, None, None, None, None, None, None, 'Not Reserved'], ['ART621', '82394', '11', '15', 'W', ' 4:30 PM', 16, 30, 19, 15, None, None, None, None, None, None, None, 'Not Reserved'], ['ART680', '73031', '100', '100', 'ONLINE', None, None, None, None, None, None, None, None, None, None, None, None, 'Not Reserved'], ['ART680', '73032', '100', '100', 'ONLINE', None, None, None, None, None, None, None, None, None, None, None, None, 'Not Reserved']], 'PPE': [['PPE215', '74468', '27', '30', 'M W', '10:30 AM', 10, 30, 11, 30, None, None, None, None, None, None, None, 'Not Reserved'], ['PPE230', '77295', '28', '30', 'T Th', '10:30 AM', 10, 30, 11, 20, None, None, None, None, None, None, None, 'Not Reserved'], ['PPE240', '89253', '1', '25', 'W', ' 1:30 PM', 13, 30, 15, 10, None, None, None, None, None, None, None, 'Not Reserved'], ['PPE240', '89263', '14', '20', 'Th', '10:30 AM', 10, 30, 12, 20, None, None, None, None, None, None, None, 'Not Reserved'], ['PPE240', '89269', '27', '30', 'T Th', '12:00 PM', 12, 0, 12, 50, None, None, None, None, None, None, None, 'Not Reserved'], ['PPE240', '89371', '21', '25', 'M W', ' 7:00 PM', 19, 0, 19, 50, None, None, None, None, None, None, None, 'Not Reserved'], ['PPE240', '89373', '21', '25', 'M W', ' 6:00 PM', 18, 0, 18, 50, None, None, None, None, None, None, None, 'Not Reserved'], ['PPE240', '89376', '5', '9', 'T Th', '12:00 PM', 12, 0, 12, 50, None, None, None, None, None, None, None, 'Not Reserved'], ['PPE240', '89381', '19', '25', 'T Th', ' 9:00 AM', 9, 0, 9, 50, None, None, None, None, None, None, None, 'Not Reserved'], ['PPE240', '90365', '26', '30', 'T Th', ' 3:00 PM', 15, 0, 15, 50, None, None, None, None, None, None, None, 'Not Reserved'], ['PPE240', '89386', '27', '30', 'T Th', ' 8:00 AM', 8, 0, 8, 50, None, None, None, None, None, None, None, 'Not Reserved'], ['PPE240', '89390', '21', '30', 'M W', ' 1:30 PM', 13, 30, 14, 20, None, None, None, None, None, None, None, 'Not Reserved'], ['PPE240', '90366', '27', '30', 'T Th', ' 4:30 PM', 16, 30, 17, 20, None, None, None, None, None, None, None, 'Not Reserved'], ['PPE240', '89478', '9', '15', 'T Th', '10:00 AM', 10, 0, 10, 50, None, None, None, None, None, None, None, 'Not Reserved'], ['PPE240', '89479', '7', '30', 'T Th', '10:00 AM', 10, 0, 10, 50, None, None, None, None, None, None, None, 'Not Reserved'], ['PPE240', '89481', '20', '30', 'M W', ' 9:00 AM', 9, 0, 9, 50, None, None, None, None, None, None, None, 'Not Reserved'], ['PPE240', '89484', '13', '30', 'T Th', ' 8:00 AM', 8, 0, 8, 50, None, None, None, None, None, None, None, 'Not Reserved'], ['PPE240', '89486', '1', '30', 'M W', '10:00 AM', 10, 0, 10, 50, None, None, None, None, None, None, None, 'Not Reserved'], ['PPE240', '89490', '21', '30', 'T Th', '11:00 AM', 11, 0, 11, 50, None, None, None, None, None, None, None, 'Not Reserved'], ['PPE240', '89492', '11', '30', 'M W', '12:00 PM', 12, 0, 12, 50, None, None, None, None, None, None, None, 'Not Reserved'], ['PPE240', '89497', '27', '30', 'M W', ' 1:30 PM', 13, 30, 14, 45, None, None, None, None, None, None, None, 'Not Reserved'], ['PPE240', '89505', '12', '25', 'T Th', ' 8:00 AM', 8, 0, 8, 50, None, None, None, None, None, None, None, 'Not Reserved'], ['PPE240', '89507', '6', '30', 'T Th', ' 9:00 AM', 9, 0, 9, 50, None, None, None, None, None, None, None, 'Not Reserved'], ['PPE240', '89511', '24', '30', 'M W', ' 9:00 AM', 9, 0, 9, 50, None, None, None, None, None, None, None, 'Not Reserved'], ['PPE240', '89517', '17', '25', 'M W', ' 3:00 PM', 15, 0, 16, 15, None, None, None, None, None, None, None, 'Not Reserved'], ['PPE240', '89537', '15', '20', 'W', ' 9:00 AM', 9, 0, 10, 40, None, None, None, None, None, None, None, 'Not Reserved'], ['PPE240', '89542', '20', '20', 'F', ' 9:00 AM', 9, 0, 10, 40, None, None, None, None, None, None, None, 'Not Reserved'], ['PPE240', '89545', '15', '24', 'T Th', ' 6:00 PM', 18, 0, 18, 50, None, None, None, None, None, None, None, 'Not Reserved'], ['PPE240', '89551', '20', '30', 'T Th', '11:00 AM', 11, 0, 11, 50, None, None, None, None, None, None, None, 'Not Reserved'], ['PPE240', '89567', '10', '30', 'T Th', '10:00 AM', 10, 0, 10, 50, None, None, None, None, None, None, None, 'Not Reserved'], ['PPE240', '89568', '19', '30', 'T Th', '11:00 AM', 11, 0, 11, 50, None, None, None, None, None, None, None, 'Not Reserved'], ['PPE240', '89583', '15', '30', 'T Th', ' 8:00 AM', 8, 0, 8, 50, None, None, None, None, None, None, None, 'Not Reserved'], ['PPE240', '89588', '11', '30', 'T Th', ' 9:00 AM', 9, 0, 9, 50, None, None, None, None, None, None, None, 'Not Reserved'], ['PPE240', '89601', '26', '30', 'M W', '12:00 PM', 12, 0, 12, 50, None, None, None, None, None, None, None, 'Not Reserved'], ['PPE240', '89633', '22', '25', 'T Th', ' 8:00 AM', 8, 0, 8, 50, None, None, None, None, None, None, None, 'Not Reserved'], ['PPE240', '89665', '17', '30', 'M W', ' 3:00 PM', 15, 0, 15, 50, None, None, None, None, None, None, None, 'Not Reserved'], ['PPE240', '90375', '26', '30', 'M W', ' 3:30 PM', 15, 30, 16, 20, None, None, None, None, None, None, None, 'Not Reserved'], ['PPE240', '90390', '24', '30', 'M W', ' 9:00 AM', 9, 0, 9, 50, None, None, None, None, None, None, None, 'Not Reserved'], ['PPE240', '90398', '25', '30', 'T Th', ' 3:00 PM', 15, 0, 15, 50, None, None, None, None, None, None, None, 'Not Reserved'], ['PPE240', '90401', '13', '30', 'T Th', ' 3:00 PM', 15, 0, 15, 50, None, None, None, None, None, None, None, 'Not Reserved'], ['PPE240', '90404', '20', '30', 'M W', ' 3:00 PM', 15, 0, 15, 50, None, None, None, None, None, None, None, 'Not Reserved'], ['PPE240', '90405', '26', '30', 'T Th', ' 4:30 PM', 16, 30, 17, 20, None, None, None, None, None, None, None, 'Not Reserved'], ['PPE240', '90408', '28', '30', 'T Th', ' 5:15 PM', 17, 15, 18, 5, None, None, None, None, None, None, None, 'Not Reserved'], ['PPE240', '89256', '21', '25', 'W', ' 3:15 PM', 15, 15, 16, 55, None, None, None, None, None, None, None, 'Not Reserved'], ['PPE240', '89260', '23', '25', 'W', ' 1:30 PM', 13, 30, 15, 10, None, None, None, None, None, None, None, 'Not Reserved'], ['PPE240', '89267', '17', '20', 'Th', '10:30 AM', 10, 30, 12, 20, None, None, None, None, None, None, None, 'Not Reserved'], ['PPE240', '90364', '17', '30', 'M W', ' 3:00 PM', 15, 0, 15, 50, None, None, None, None, None, None, None, 'Not Reserved'], ['PPE240', '89428', '27', '30', 'T Th', '12:00 PM', 12, 0, 12, 50, None, None, None, None, None, None, None, 'Not Reserved'], ['PPE240', '89442', '30', '30', 'T Th', ' 4:30 PM', 16, 30, 17, 20, None, None, None, None, None, None, None, 'Not Reserved'], ['PPE240', '89448', '30', '30', 'M W', ' 7:00 PM', 19, 0, 19, 50, None, None, None, None, None, None, None, 'Not Reserved'], ['PPE240', '89459', '25', '25', 'M W', ' 6:00 PM', 18, 0, 18, 50, None, None, None, None, None, None, None, 'Not Reserved'], ['PPE240', '89461', '25', '30', 'M W', ' 9:00 AM', 9, 0, 9, 50, None, None, None, None, None, None, None, 'Not Reserved'], ['PPE240', '89463', '9', '9', 'T Th', '12:00 PM', 12, 0, 12, 50, None, None, None, None, None, None, None, 'Not Reserved'], ['PPE240', '89467', '29', '30', 'M W', ' 8:00 AM', 8, 0, 8, 50, None, None, None, None, None, None, None, 'Not Reserved'], ['PPE240', '89472', '28', '30', 'T Th', ' 8:00 AM', 8, 0, 8, 50, None, None, None, None, None, None, None, 'Not Reserved'], ['PPE240', '89473', '29', '30', 'M W', ' 1:30 PM', 13, 30, 14, 20, None, None, None, None, None, None, None, 'Not Reserved'], ['PPE240', '90367', '26', '30', 'T Th', '11:00 AM', 11, 0, 11, 50, None, None, None, None, None, None, None, 'Not Reserved'], ['PPE240', '89579', '8', '24', 'M W', ' 3:00 PM', 15, 0, 15, 50, None, None, None, None, None, None, None, 'Not Reserved'], ['PPE240', '89607', '15', '15', 'T Th', '10:00 AM', 10, 0, 10, 50, None, None, None, None, None, None, None, 'Not Reserved'], ['PPE240', '89609', '25', '30', 'T Th', '10:00 AM', 10, 0, 10, 50, None, None, None, None, None, None, None, 'Not Reserved'], ['PPE240', '89622', '10', '30', 'T Th', '10:30 AM', 10, 30, 11, 20, None, None, None, None, None, None, None, 'Not Reserved'], ['PPE240', '89627', '27', '30', 'T Th', ' 8:00 AM', 8, 0, 8, 50, None, None, None, None, None, None, None, 'Not Reserved'], ['PPE240', '89630', '21', '30', 'M W', '10:00 AM', 10, 0, 10, 50, None, None, None, None, None, None, None, 'Not Reserved'], ['PPE240', '89632', '16', '25', 'T Th', ' 8:00 AM', 8, 0, 8, 50, None, None, None, None, None, None, None, 'Not Reserved'], ['PPE240', '89643', '22', '30', 'T Th', ' 9:00 AM', 9, 0, 9, 50, None, None, None, None, None, None, None, 'Not Reserved'], ['PPE240', '89646', '23', '30', 'M W', ' 9:00 AM', 9, 0, 9, 50, None, None, None, None, None, None, None, 'Not Reserved'], ['PPE240', '89650', '17', '20', 'W', ' 9:00 AM', 9, 0, 10, 40, None, None, None, None, None, None, None, 'Not Reserved'], ['PPE240', '89656', '22', '24', 'T Th', ' 6:00 PM', 18, 0, 18, 50, None, None, None, None, None, None, None, 'Not Reserved'], ['PPE240', '89661', '28', '30', 'T Th', '11:00 AM', 11, 0, 23, 50, None, None, None, None, None, None, None, 'Not Reserved'], ['PPE240', '89669', '26', '30', 'T Th', '10:00 AM', 10, 0, 10, 50, None, None, None, None, None, None, None, 'Not Reserved'], ['PPE240', '89672', '29', '30', 'T Th', '11:00 AM', 11, 0, 23, 50, None, None, None, None, None, None, None, 'Not Reserved'], ['PPE240', '89674', '25', '30', 'T Th', ' 8:00 AM', 8, 0, 8, 50, None, None, None, None, None, None, None, 'Not Reserved'], ['PPE240', '89683', '23', '30', 'T Th', ' 9:00 AM', 9, 0, 9, 50, None, None, None, None, None, None, None, 'Not Reserved'], ['PPE240', '89686', '29', '30', 'M W', '12:00 PM', 12, 0, 12, 50, None, None, None, None, None, None, None, 'Not Reserved'], ['PPE240', '90372', '28', '30', 'M W', '12:00 PM', 12, 0, 12, 50, None, None, None, None, None, None, None, 'Not Reserved'], ['PPE240', '90379', '29', '30', 'M W', ' 3:30 PM', 15, 30, 16, 20, None, None, None, None, None, None, None, 'Not Reserved'], ['PPE240', '90381', '15', '30', 'M W', ' 3:00 PM', 15, 0, 15, 50, None, None, None, None, None, None, None, 'Not Reserved'], ['PPE240', '90387', '24', '30', 'T Th', ' 9:00 AM', 9, 0, 9, 50, None, None, None, None, None, None, None, 'Not Reserved'], ['PPE240', '90389', '23', '25', 'T Th', ' 3:00 PM', 15, 0, 16, 15, None, None, None, None, None, None, None, 'Not Reserved'], ['PPE240', '90391', '30', '30', 'M W', ' 9:00 AM', 9, 0, 9, 50, None, None, None, None, None, None, None, 'Not Reserved'], ['PPE240', '90392', '25', '25', 'T Th', ' 8:00 AM', 8, 0, 8, 50, None, None, None, None, None, None, None, 'Not Reserved'], ['PPE240', '90399', '25', '30', 'M W', ' 3:00 PM', 15, 0, 15, 50, None, None, None, None, None, None, None, 'Not Reserved'], ['PPE240', '90400', '20', '20', 'F', ' 9:00 AM', 9, 0, 10, 40, None, None, None, None, None, None, None, 'Not Reserved'], ['PPE240', '90402', '24', '24', 'T Th', ' 5:00 PM', 17, 0, 17, 50, None, None, None, None, None, None, None, 'Not Reserved'], ['PPE240', '90406', '28', '30', 'T Th', ' 4:30 PM', 16, 30, 17, 20, None, None, None, None, None, None, None, 'Not Reserved'], ['PPE240', '90409', '30', '30', 'T Th', ' 5:15 PM', 17, 15, 18, 5, None, None, None, None, None, None, None, 'Not Reserved'], ['PPE240', '90413', '10', '30', 'M W', ' 3:00 PM', 15, 0, 15, 50, None, None, None, None, None, None, None, 'Not Reserved'], ['PPE430', '82057', '10', '10', 'M', ' 4:30 PM', 16, 30, 19, 15, None, None, None, None, None, None, None, 'Not Reserved'], ['PPE494', '84174', '24', '30', 'Th', ' 4:30 PM', 16, 30, 19, 15, None, None, None, None, None, None, None, 'Not Reserved']], 'JPN': [], 'NEU': [], 'MCE': [], 'BME': [['BME100', '81996', '180', '204', 'M W', ' 3:00 PM', 15, 0, 16, 15, None, None, None, None, None, None, None, 'Reserved'], ['BME100', '81997', '84', '102', 'W', ' 8:00 AM', 8, 0, 10, 20, None, None, None, None, None, None, None, 'Reserved'], ['BME100', '81998', '96', '102', 'W', '10:30 AM', 10, 30, 12, 50, None, None, None, None, None, None, None, 'Reserved'], ['BME182', '79174', '74', '102', 'M', ' 9:00 AM', 9, 0, 11, 30, None, None, None, None, None, None, None, 'Not Reserved'], ['BME182', '79175', '68', '102', 'M', '12:00 PM', 12, 0, 14, 30, None, None, None, None, None, None, None, 'Not Reserved'], ['BME200', '79230', '61', '100', 'M W', ' 3:00 PM', 15, 0, 16, 15, None, None, None, None, None, None, None, 'Not Reserved'], ['BME200', '87460', '68', '100', 'T Th', ' 3:00 PM', 15, 0, 16, 15, None, None, None, None, None, None, None, 'Not Reserved'], ['BME214', '79179', '1', '150', 'T Th', '12:00 PM', 12, 0, 13, 15, None, None, None, None, None, None, None, 'Not Reserved'], ['BME235', '79232', '23', '153', 'M W', ' 4:30 PM', 16, 30, 17, 45, None, None, None, None, None, None, None, 'Not Reserved'], ['BME235', '79234', '2', '51', 'M', ' 9:00 AM', 9, 0, 11, 30, None, None, None, None, None, None, None, 'Not Reserved'], ['BME235', '79790', '19', '51', 'T', ' 9:00 AM', 9, 0, 11, 30, None, None, None, None, None, None, None, 'Not Reserved'], ['BME235', '79791', '2', '51', 'M', '12:00 PM', 12, 0, 14, 30, None, None, None, None, None, None, None, 'Not Reserved'], ['BME282', '79176', '13', '75', 'W', ' 9:00 AM', 9, 0, 11, 30, None, None, None, None, None, None, None, 'Not Reserved'], ['BME300', '88103', '1', '102', 'T Th', ' 9:00 AM', 9, 0, 10, 15, None, None, None, None, None, None, None, 'Not Reserved'], ['BME301', '79226', '22', '100', 'M W', '10:30 AM', 10, 30, 11, 20, None, None, None, None, None, None, None, 'Not Reserved'], ['BME331', '83088', '7', '100', 'T Th', '3:00PM', 15, 0, 16, 15, 'T', '6:00PM', 18, 0, '9:00PM', 21, 0, 'Not Reserved'], ['BME350', '79436', '21', '190', 'T Th', ' 4:30 PM', 16, 30, 17, 45, None, None, None, None, None, None, None, 'Not Reserved'], ['BME394', '80958', '10', '10', 'ONLINE', None, None, None, None, None, None, None, None, None, None, None, None, 'Not Reserved'], ['BME394', '80959', '10', '10', 'ONLINE', None, None, None, None, None, None, None, None, None, None, None, None, 'Not Reserved'], ['BME394', '80257', '10', '10', 'ONLINE', None, None, None, None, None, None, None, None, None, None, None, None, 'Not Reserved'], ['BME394', '80574', '30', '30', 'ONLINE', None, None, None, None, None, None, None, None, None, None, None, None, 'Not Reserved'], ['BME417', '79247', '9', '86', 'T Th', ' 9:00 AM', 9, 0, 10, 15, None, None, None, None, None, None, None, 'Not Reserved'], ['BME423', '77176', '2', '86', 'T', '10:30 AM', 10, 30, 13, 0, None, None, None, None, None, None, None, 'Not Reserved'], ['BME484', '80960', '10', '10', 'ONLINE', None, None, None, None, None, None, None, None, None, None, None, None, 'Not Reserved'], ['BME492', '79845', '20', '20', 'ONLINE', None, None, None, None, None, None, None, None, None, None, None, None, 'Not Reserved'], ['BME493', '79844', '20', '20', 'ONLINE', None, None, None, None, None, None, None, None, None, None, None, None, 'Not Reserved'], ['BME494', '88832', '7', '10', 'T Th', '12:00 PM', 12, 0, 13, 15, None, None, None, None, None, None, None, 'Not Reserved'], ['BME494', '88836', '1', '15', 'M W F', '10:30 AM', 10, 30, 11, 20, None, None, None, None, None, None, None, 'Not Reserved'], ['BME584', '80961', '10', '10', 'ONLINE', None, None, None, None, None, None, None, None, None, None, None, None, 'Not Reserved'], ['BME584', '77750', '15', '15', 'ONLINE', None, None, None, None, None, None, None, None, None, None, None, None, 'Not Reserved'], ['BME598', '91056', '3', '25', 'W', ' 1:00 PM', 13, 0, 14, 40, None, None, None, None, None, None, None, 'Not Reserved'], ['BME598', '88828', '21', '30', 'T Th', '12:00 PM', 12, 0, 13, 15, None, None, None, None, None, None, None, 'Not Reserved'], ['BME598', '88837', '15', '30', 'M W F', '10:30 AM', 10, 30, 11, 20, None, None, None, None, None, None, None, 'Not Reserved'], ['BME598', '88918', '20', '35', 'M W F', ' 9:00 AM', 9, 0, 9, 50, None, None, None, None, None, None, None, 'Not Reserved'], ['BME780', '79843', '5', '5', 'ONLINE', None, None, None, None, None, None, None, None, None, None, None, None, 'Not Reserved'], ['BME100', '81996', '180', '204', 'M W', ' 3:00 PM', 15, 0, 16, 15, None, None, None, None, None, None, None, 'Reserved'], ['BME100', '81997', '84', '102', 'W', ' 8:00 AM', 8, 0, 10, 20, None, None, None, None, None, None, None, 'Reserved'], ['BME100', '81998', '96', '102', 'W', '10:30 AM', 10, 30, 12, 50, None, None, None, None, None, None, None, 'Reserved'], ['BME182', '79174', '74', '102', 'M', ' 9:00 AM', 9, 0, 11, 30, None, None, None, None, None, None, None, 'Not Reserved'], ['BME182', '79175', '68', '102', 'M', '12:00 PM', 12, 0, 14, 30, None, None, None, None, None, None, None, 'Not Reserved'], ['BME200', '79230', '61', '100', 'M W', ' 3:00 PM', 15, 0, 16, 15, None, None, None, None, None, None, None, 'Not Reserved'], ['BME200', '87460', '68', '100', 'T Th', ' 3:00 PM', 15, 0, 16, 15, None, None, None, None, None, None, None, 'Not Reserved'], ['BME214', '79179', '1', '150', 'T Th', '12:00 PM', 12, 0, 13, 15, None, None, None, None, None, None, None, 'Not Reserved'], ['BME235', '79232', '23', '153', 'M W', ' 4:30 PM', 16, 30, 17, 45, None, None, None, None, None, None, None, 'Not Reserved'], ['BME235', '79234', '2', '51', 'M', ' 9:00 AM', 9, 0, 11, 30, None, None, None, None, None, None, None, 'Not Reserved'], ['BME235', '79790', '19', '51', 'T', ' 9:00 AM', 9, 0, 11, 30, None, None, None, None, None, None, None, 'Not Reserved'], ['BME235', '79791', '2', '51', 'M', '12:00 PM', 12, 0, 14, 30, None, None, None, None, None, None, None, 'Not Reserved'], ['BME282', '79176', '13', '75', 'W', ' 9:00 AM', 9, 0, 11, 30, None, None, None, None, None, None, None, 'Not Reserved'], ['BME300', '88103', '1', '102', 'T Th', ' 9:00 AM', 9, 0, 10, 15, None, None, None, None, None, None, None, 'Not Reserved'], ['BME301', '79226', '22', '100', 'M W', '10:30 AM', 10, 30, 11, 20, None, None, None, None, None, None, None, 'Not Reserved'], ['BME331', '83088', '7', '100', 'T Th', '3:00PM', 15, 0, 16, 15, 'T', '6:00PM', 18, 0, '9:00PM', 21, 0, 'Not Reserved'], ['BME350', '79436', '21', '190', 'T Th', ' 4:30 PM', 16, 30, 17, 45, None, None, None, None, None, None, None, 'Not Reserved'], ['BME394', '80958', '10', '10', 'ONLINE', None, None, None, None, None, None, None, None, None, None, None, None, 'Not Reserved'], ['BME394', '80959', '10', '10', 'ONLINE', None, None, None, None, None, None, None, None, None, None, None, None, 'Not Reserved'], ['BME394', '80257', '10', '10', 'ONLINE', None, None, None, None, None, None, None, None, None, None, None, None, 'Not Reserved'], ['BME394', '80574', '30', '30', 'ONLINE', None, None, None, None, None, None, None, None, None, None, None, None, 'Not Reserved'], ['BME417', '79247', '9', '86', 'T Th', ' 9:00 AM', 9, 0, 10, 15, None, None, None, None, None, None, None, 'Not Reserved'], ['BME423', '77176', '2', '86', 'T', '10:30 AM', 10, 30, 13, 0, None, None, None, None, None, None, None, 'Not Reserved'], ['BME484', '80960', '10', '10', 'ONLINE', None, None, None, None, None, None, None, None, None, None, None, None, 'Not Reserved'], ['BME492', '79845', '20', '20', 'ONLINE', None, None, None, None, None, None, None, None, None, None, None, None, 'Not Reserved'], ['BME493', '79844', '20', '20', 'ONLINE', None, None, None, None, None, None, None, None, None, None, None, None, 'Not Reserved'], ['BME494', '88832', '7', '10', 'T Th', '12:00 PM', 12, 0, 13, 15, None, None, None, None, None, None, None, 'Not Reserved'], ['BME494', '88836', '1', '15', 'M W F', '10:30 AM', 10, 30, 11, 20, None, None, None, None, None, None, None, 'Not Reserved'], ['BME584', '80961', '10', '10', 'ONLINE', None, None, None, None, None, None, None, None, None, None, None, None, 'Not Reserved'], ['BME584', '77750', '15', '15', 'ONLINE', None, None, None, None, None, None, None, None, None, None, None, None, 'Not Reserved'], ['BME598', '91056', '3', '25', 'W', ' 1:00 PM', 13, 0, 14, 40, None, None, None, None, None, None, None, 'Not Reserved'], ['BME598', '88828', '21', '30', 'T Th', '12:00 PM', 12, 0, 13, 15, None, None, None, None, None, None, None, 'Not Reserved'], ['BME598', '88837', '15', '30', 'M W F', '10:30 AM', 10, 30, 11, 20, None, None, None, None, None, None, None, 'Not Reserved'], ['BME598', '88918', '20', '35', 'M W F', ' 9:00 AM', 9, 0, 9, 50, None, None, None, None, None, None, None, 'Not Reserved'], ['BME780', '79843', '5', '5', 'ONLINE', None, None, None, None, None, None, None, None, None, None, None, None, 'Not Reserved']], 'MCB': [], 'ELS': [], 'CEN': [['CEN501', '83427', '25', '60', 'M W', ' 6:00 PM', 18, 0, 19, 15, None, None, None, None, None, None, None, 'Not Reserved'], ['CEN502', '79367', '158', '200', 'M W F', ' 9:00 AM', 9, 0, 9, 50, None, None, None, None, None, None, None, 'Not Reserved'], ['CEN580', '78304', '30', '30', 'ONLINE', None, None, None, None, None, None, None, None, None, None, None, None, 'Not Reserved'], ['CEN590', '80952', '30', '30', 'ONLINE', None, None, None, None, None, None, None, None, None, None, None, None, 'Not Reserved'], ['CEN595', '80877', '29', '30', 'ONLINE', None, None, None, None, None, None, None, None, None, None, None, None, 'Not Reserved'], ['CEN599', '78284', '29', '30', 'ONLINE', None, None, None, None, None, None, None, None, None, None, None, None, 'Not Reserved'], ['CEN790', '80945', '30', '30', 'ONLINE', None, None, None, None, None, None, None, None, None, None, None, None, 'Not Reserved'], ['CEN792', '78282', '30', '30', 'ONLINE', None, None, None, None, None, None, None, None, None, None, None, None, 'Not Reserved'], ['CEN792', '78216', '30', '30', 'ONLINE', None, None, None, None, None, None, None, None, None, None, None, None, 'Not Reserved'], ['CEN799', '80953', '30', '30', 'ONLINE', None, None, None, None, None, None, None, None, None, None, None, None, 'Not Reserved'], ['CEN501', '83427', '25', '60', 'M W', ' 6:00 PM', 18, 0, 19, 15, None, None, None, None, None, None, None, 'Not Reserved'], ['CEN502', '79367', '158', '200', 'M W F', ' 9:00 AM', 9, 0, 9, 50, None, None, None, None, None, None, None, 'Not Reserved'], ['CEN580', '78304', '30', '30', 'ONLINE', None, None, None, None, None, None, None, None, None, None, None, None, 'Not Reserved'], ['CEN590', '80952', '30', '30', 'ONLINE', None, None, None, None, None, None, None, None, None, None, None, None, 'Not Reserved'], ['CEN595', '80877', '29', '30', 'ONLINE', None, None, None, None, None, None, None, None, None, None, None, None, 'Not Reserved'], ['CEN599', '78284', '29', '30', 'ONLINE', None, None, None, None, None, None, None, None, None, None, None, None, 'Not Reserved'], ['CEN790', '80945', '30', '30', 'ONLINE', None, None, None, None, None, None, None, None, None, None, None, None, 'Not Reserved'], ['CEN792', '78282', '30', '30', 'ONLINE', None, None, None, None, None, None, None, None, None, None, None, None, 'Not Reserved'], ['CEN792', '78216', '30', '30', 'ONLINE', None, None, None, None, None, None, None, None, None, None, None, None, 'Not Reserved'], ['CEN799', '80953', '30', '30', 'ONLINE', None, None, None, None, None, None, None, None, None, None, None, None, 'Not Reserved']], 'SMC': [], 'OGL': [], 'GRK': [], 'MUP': [], 'ARE': [['ARE394', '72565', '30', '30', 'ONLINE', None, None, None, None, None, None, None, None, None, None, None, None, 'Not Reserved'], ['ARE492', '76400', '30', '30', 'ONLINE', None, None, None, None, None, None, None, None, None, None, None, None, 'Not Reserved'], ['ARE493', '76401', '30', '30', 'ONLINE', None, None, None, None, None, None, None, None, None, None, None, None, 'Not Reserved'], ['ARE499', '83659', '30', '30', 'ONLINE', None, None, None, None, None, None, None, None, None, None, None, None, 'Not Reserved'], ['ARE520', '86769', '12', '15', 'M', ' 4:30 PM', 16, 30, 19, 15, None, None, None, None, None, None, None, 'Not Reserved'], ['ARE540', '86768', '13', '15', 'T', ' 4:30 PM', 16, 30, 19, 15, None, None, None, None, None, None, None, 'Not Reserved'], ['ARE595', '72549', '30', '30', 'ONLINE', None, None, None, None, None, None, None, None, None, None, None, None, 'Not Reserved'], ['ARE684', '72566', '30', '30', 'ONLINE', None, None, None, None, None, None, None, None, None, None, None, None, 'Not Reserved'], ['ARE695', '72550', '30', '30', 'ONLINE', None, None, None, None, None, None, None, None, None, None, None, None, 'Not Reserved'], ['ARE795', '72551', '30', '30', 'ONLINE', None, None, None, None, None, None, None, None, None, None, None, None, 'Not Reserved']], 'HHE': [], 'BUS': [], 'SGS': [], 'JAC': [], 'MET': []}
Loading Subject:  AAD
Loading Subject:  ABS
['ABS130', '81926', '58', '72', 'T Th', '12:00 PM', 12, 0, 13, 15, None, None, None, None, None, None, None, 'Not Reserved']
['ABS130', '81953', '21', '24', 'Th', ' 1:30 PM', 13, 30, 15, 30, None, None, None, None, None, None, None, 'Not Reserved']
['ABS130', '87046', '21', '24', 'Th', ' 4:00 PM', 16, 0, 18, 0, None, None, None, None, None, None, None, 'Not Reserved']
['ABS130', '90618', '16', '24', 'T', ' 1:30 PM', 13, 30, 15, 30, None, None, None, None, None, None, None, 'Not Reserved']
['ABS225', '84371', '11', '24', 'M W F', '10:30 AM', 10, 30, 11, 20, None, None, None, None, None, None, None, 'Not Reserved']
['ABS226', '84372', '16', '24', 'M', ' 1:00 PM', 13, 0, 15, 30, None, None, None, None, None, None, None, 'Not Reserved']
['ABS270', '81955', '77', '100', 'ONLINE', None, None, None, None, None, None, None, None, None, None, None, None, 'Reserved']
['ABS271', '90605', '12', '30', 'M', ' 4:30 PM', 16, 30, 19, 15, None, None, None, None, None, None, None, 'Not Reserved']
['ABS274', '84728', '8', '24', 'T', ' 4:30 PM', 16, 30, 19, 15, None, None, None, None, None, None, None, 'Not Reserved']
['ABS274', '84731', '8', '24', 'Th', ' 1:30 PM', 13, 30, 16, 15, None, None, None, None, None, None, None, 'Not Reserved']
['ABS302', '81956', '17', '60', 'ONLINE', None, None, None, None, None, None, None, None, None, None, None, None, 'Reserved']
['ABS311', '90935', '3', '40', 'T Th', ' 1:30 PM', 13, 30, 14, 45, None, None, None, None, None, None, None, 'Not Reserved']
['ABS350', '91851', '23', '23', 'T Th', ' 1:30 PM', 13, 30, 14, 45, None, None, None, None, None, None, None, 'Not Reserved']
['ABS355', '81957', '13', '54', 'T Th', '12:00 PM', 12, 0, 13, 15, None, None, None, None, None, None, None, 'Not Reserved']
['ABS360', '81958', '302', '500', 'ONLINE', None, None, None, None, None, None, None, None, None, None, None, None, 'Reserved']
['ABS364', '87047', '11', '20', 'T Th', '12:00 PM', 12, 0, 13, 15, None, None, None, None, None, None, None, 'Not Reserved']
['ABS380', '82026', '20', '24', 'M W F', ' 1:30 PM', 13, 30, 14, 20, None, None, None, None, None, None, None, 'Not Reserved']
['ABS380', '82027', '20', '24', 'F', ' 2:30 PM', 14, 30, 16, 15, None, None, None, None, None, None, None, 'Not Reserved']
['ABS384', '91082', '24', '28', 'Th', ' 4:30 PM', 16, 30, 19, 15, None, None, None, None, None, None, None, 'Not Reserved']
['ABS394', '83565', '37', '50', 'T Th', ' 1:30 PM', 13, 30, 14, 45, None, None, None, None, None, None, None, 'Not Reserved']
['ABS425', '87049', '24', '24', 'M W F', ' 9:00 AM', 9, 0, 9, 50, None, None, None, None, None, None, None, 'Not Reserved']
['ABS440', '84373', '20', '24', 'M W F', ' 9:00 AM', 9, 0, 9, 50, None, None, None, None, None, None, None, 'Not Reserved']
['ABS441', '84374', '21', '24', 'W', '12:00 PM', 12, 0, 12, 50, None, None, None, None, None, None, None, 'Not Reserved']
['ABS460', '82029', '53', '100', 'ONLINE', None, None, None, None, None, None, None, None, None, None, None, None, 'Reserved']
['ABS465', '85914', '5', '5', 'ONLINE', None, None, None, None, None, None, None, None, None, None, None, None, 'Not Reserved']
['ABS472', '90936', '5', '15', 'T Th', ' 9:00 AM', 9, 0, 10, 15, None, None, None, None, None, None, None, 'Not Reserved']
['ABS476', '84376', '2', '24', 'T Th', '10:30 AM', 10, 30, 11, 45, None, None, None, None, None, None, None, 'Not Reserved']
['ABS484', '85601', '3', '3', 'ONLINE', None, None, None, None, None, None, None, None, None, None, None, None, 'Not Reserved']
['ABS485', '85470', '11', '20', 'T', ' 4:30 PM', 16, 30, 19, 15, None, None, None, None, None, None, None, 'Not Reserved']
['ABS489', '81962', '4', '5', 'ONLINE', None, None, None, None, None, None, None, None, None, None, None, None, 'Not Reserved']
['ABS490', '82031', '32', '32', 'W', ' 3:00 PM', 15, 0, 15, 50, None, None, None, None, None, None, None, 'Not Reserved']
['ABS493', '82053', '5', '5', 'ONLINE', None, None, None, None, None, None, None, None, None, None, None, None, 'Not Reserved']
['ABS494', '85782', '19', '28', 'Th', ' 7:30 PM', 19, 30, 22, 15, None, None, None, None, None, None, None, 'Not Reserved']
['ABS494', '87050', '21', '24', 'T Th', ' 9:00 AM', 9, 0, 10, 15, None, None, None, None, None, None, None, 'Not Reserved']
['ABS494', '87189', '15', '24', 'T Th', '10:30 AM', 10, 30, 11, 45, None, None, None, None, None, None, None, 'Not Reserved']
['ABS494', '90931', '1', '5', 'ONLINE', None, None, None, None, None, None, None, None, None, None, None, None, 'Not Reserved']
['ABS499', '82077', '5', '5', 'ONLINE', None, None, None, None, None, None, None, None, None, None, None, None, 'Not Reserved']
['ABS499', '85732', '11', '12', 'M W F', ' 4:30 PM', 16, 30, 18, 50, None, None, None, None, None, None, None, 'Not Reserved']
['ABS550', '87268', '5', '8', 'M', '1:00PM', 13, 0, 13, 50, 'M T W Th F', '9:00AM', 9, 0, '12:00PM', 12, 0, 'Not Reserved']
['ABS590', '82080', '5', '5', 'ONLINE', None, None, None, None, None, None, None, None, None, None, None, None, 'Not Reserved']
['ABS592', '82081', '5', '5', 'ONLINE', None, None, None, None, None, None, None, None, None, None, None, None, 'Not Reserved']
['ABS593', '82082', '30', '30', 'ONLINE', None, None, None, None, None, None, None, None, None, None, None, None, 'Not Reserved']
['ABS595', '82836', '10', '10', 'ONLINE', None, None, None, None, None, None, None, None, None, None, None, None, 'Not Reserved']
['ABS598', '85471', '4', '4', 'T', ' 4:30 PM', 16, 30, 19, 15, None, None, None, None, None, None, None, 'Not Reserved']
['ABS598', '90937', '7', '7', 'T Th', ' 9:00 AM', 9, 0, 10, 15, None, None, None, None, None, None, None, 'Not Reserved']
['ABS598', '91673', '5', '5', 'T Th', ' 9:00 AM', 9, 0, 10, 15, None, None, None, None, None, None, None, 'Not Reserved']
['ABS598', '91674', '4', '5', 'T', '3:00PM', 15, 0, 16, 15, '', '', None, None, '', None, None, 'Not Reserved']
['ABS599', '84182', '5', '5', 'ONLINE', None, None, None, None, None, None, None, None, None, None, None, None, 'Not Reserved']
['ABS691', '83560', '11', '12', 'W', ' 3:00 PM', 15, 0, 15, 50, None, None, None, None, None, None, None, 'Not Reserved']
Loading Subject:  ACC
['ACC101', '78362', '80', '100', 'F', ' 1:30 PM', 13, 30, 14, 45, None, None, None, None, None, None, None, 'Not Reserved']
['ACC101', '78849', '21', '25', 'F', ' 3:00 PM', 15, 0, 16, 15, None, None, None, None, None, None, None, 'Reserved']
['ACC101', '78851', '24', '25', 'F', ' 3:00 PM', 15, 0, 16, 15, None, None, None, None, None, None, None, 'Reserved']
['ACC101', '78852', '16', '25', 'F', ' 3:00 PM', 15, 0, 16, 15, None, None, None, None, None, None, None, 'Reserved']
['ACC101', '81421', '19', '25', 'F', ' 3:00 PM', 15, 0, 16, 15, None, None, None, None, None, None, None, 'Not Reserved']
['ACC101', '82721', '99', '100', 'F', ' 3:00 PM', 15, 0, 16, 15, None, None, None, None, None, None, None, 'Reserved']
['ACC101', '82723', '25', '25', 'F', ' 1:30 PM', 13, 30, 14, 45, None, None, None, None, None, None, None, 'Reserved']
['ACC101', '82724', '24', '25', 'F', ' 1:30 PM', 13, 30, 14, 45, None, None, None, None, None, None, None, 'Reserved']
['ACC101', '82725', '25', '25', 'ONLINE', None, None, None, None, None, None, None, None, None, None, None, None, 'Reserved']
['ACC101', '82728', '25', '25', 'ONLINE', None, None, None, None, None, None, None, None, None, None, None, None, 'Reserved']
['ACC231', '74850', '69', '125', 'ONLINE', None, None, None, None, None, None, None, None, None, None, None, None, 'Reserved']
['ACC231', '70156', '177', '250', 'M W F', ' 7:30 AM', 7, 30, 8, 20, None, None, None, None, None, None, None, 'Not Reserved']
['ACC231', '73794', '18', '40', 'M', ' 6:00 PM', 18, 0, 20, 45, None, None, None, None, None, None, None, 'Not Reserved']
['ACC231', '73795', '1', '40', 'T Th', ' 3:00 PM', 15, 0, 16, 15, None, None, None, None, None, None, None, 'Not Reserved']
['ACC231', '75755', '19', '40', 'M W', ' 3:00 PM', 15, 0, 16, 15, None, None, None, None, None, None, None, 'Not Reserved']
['ACC232', '74876', '18', '50', 'T Th', ' 9:00 AM', 9, 0, 10, 15, None, None, None, None, None, None, None, 'Not Reserved']
['ACC241', '76787', '40', '125', 'ONLINE', None, None, None, None, None, 'F', None, None, None, None, None, None, 'Reserved']
['ACC241', '70421', '7', '360', 'T Th', ' 7:30 AM', 7, 30, 8, 45, None, None, None, None, None, None, None, 'Not Reserved']
['ACC241', '89795', '14', '45', 'M W F', ' 7:30 AM', 7, 30, 8, 20, None, None, None, None, None, None, None, 'Not Reserved']
['ACC242', '74878', '2', '48', 'T Th', '12:00 PM', 12, 0, 13, 15, None, None, None, None, None, None, None, 'Not Reserved']
['ACC242', '82458', '1', '48', 'T Th', ' 3:00 PM', 15, 0, 16, 15, None, None, None, None, None, None, None, 'Not Reserved']
['ACC242', '83398', '2', '48', 'T Th', ' 9:00 AM', 9, 0, 10, 15, None, None, None, None, None, None, None, 'Not Reserved']
['ACC242', '83596', '3', '47', 'W', ' 6:00 PM', 18, 0, 20, 45, None, None, None, None, None, None, None, 'Not Reserved']
['ACC261', '84020', '33', '40', 'M W', ' 3:00 PM', 15, 0, 16, 15, None, None, None, None, None, None, None, 'Reserved']
['ACC271', '73686', '2', '45', 'T Th', '10:30 AM', 10, 30, 11, 45, None, None, None, None, None, None, None, 'Not Reserved']
['ACC271', '74896', '2', '45', 'T Th', '12:00 PM', 12, 0, 13, 15, None, None, None, None, None, None, None, 'Not Reserved']
['ACC340', '73912', '9', '47', 'T Th', ' 7:30 AM', 7, 30, 8, 45, None, None, None, None, None, None, None, 'Not Reserved']
['ACC340', '73913', '2', '47', 'T Th', ' 9:00 AM', 9, 0, 10, 15, None, None, None, None, None, None, None, 'Not Reserved']
['ACC340', '75747', '15', '45', 'W', ' 6:00 PM', 18, 0, 20, 45, None, None, None, None, None, None, None, 'Not Reserved']
['ACC350', '70429', '10', '45', 'M W', ' 3:00 PM', 15, 0, 16, 15, None, None, None, None, None, None, None, 'Not Reserved']
['ACC360', '82469', '10', '30', 'T Th', ' 7:30 AM', 7, 30, 8, 45, None, None, None, None, None, None, None, 'Not Reserved']
['ACC382', '78698', '11', '220', 'ONLINE', None, None, None, None, None, None, None, None, None, None, None, None, 'Reserved']
['ACC430', '70431', '11', '35', 'T Th', ' 7:30 AM', 7, 30, 8, 45, None, None, None, None, None, None, None, 'Not Reserved']
['ACC430', '80376', '1', '35', 'M W', ' 1:30 PM', 13, 30, 14, 45, None, None, None, None, None, None, None, 'Not Reserved']
['ACC430', '82485', '18', '35', 'M W', ' 3:00 PM', 15, 0, 16, 15, None, None, None, None, None, None, None, 'Not Reserved']
['ACC440', '88238', '14', '45', 'T', ' 6:00 PM', 18, 0, 20, 45, None, None, None, None, None, None, None, 'Not Reserved']
['ACC444', '74507', '20', '30', 'M', ' 6:00 PM', 18, 0, 20, 45, None, None, None, None, None, None, None, 'Not Reserved']
['ACC444', '83466', '32', '40', 'T Th', ' 7:30 AM', 7, 30, 8, 45, None, None, None, None, None, None, None, 'Not Reserved']
['ACC444', '83482', '2', '40', 'T Th', ' 9:00 AM', 9, 0, 10, 15, None, None, None, None, None, None, None, 'Not Reserved']
['ACC444', '83483', '1', '40', 'T Th', ' 1:30 PM', 13, 30, 14, 45, None, None, None, None, None, None, None, 'Not Reserved']
['ACC450', '70435', '12', '35', 'T Th', ' 7:30 AM', 7, 30, 8, 45, None, None, None, None, None, None, None, 'Not Reserved']
['ACC493', '77694', '9', '10', 'ONLINE', None, None, None, None, None, None, None, None, None, None, None, None, 'Not Reserved']
['ACC502', '70436', '52', '52', 'T Th', ' 8:00 AM', 8, 0, 10, 5, None, None, None, None, None, None, None, 'Reserved']
['ACC502', '70437', '52', '52', 'T Th', '10:20 AM', 10, 20, 12, 25, None, None, None, None, None, None, None, 'Reserved']
['ACC502', '84102', '33', '35', 'M W', ' 1:30 PM', 13, 30, 16, 0, None, None, None, None, None, None, None, 'Not Reserved']
['ACC502', '84639', '60', '60', 'T Th', '10:30 AM', 10, 30, 11, 45, None, None, None, None, None, None, None, 'Reserved']
['ACC502', '70439', '50', '50', 'T', ' 6:00 PM', 18, 0, 22, 0, None, None, None, None, None, None, None, 'Reserved']
['ACC502', '73477', '50', '50', 'Th', ' 6:00 PM', 18, 0, 22, 0, None, None, None, None, None, None, None, 'Reserved']
['ACC502', '70438', '54', '55', 'F Sa', ' 8:00 AM', 8, 0, 17, 0, None, None, None, None, None, None, None, 'Reserved']
['ACC502', '72879', '70', '70', 'ONLINE', None, None, None, None, None, None, None, None, None, None, None, None, 'Reserved']
['ACC502', '84736', '70', '70', 'ONLINE', None, None, None, None, None, None, None, None, None, None, None, None, 'Reserved']
['ACC503', '70440', '39', '50', 'T', ' 6:00 PM', 18, 0, 22, 0, None, None, None, None, None, None, None, 'Reserved']
['ACC503', '70442', '9', '50', 'Th', ' 6:00 PM', 18, 0, 22, 0, None, None, None, None, None, None, None, 'Reserved']
['ACC503', '72602', '16', '48', 'F', '4:30PM', 16, 30, 18, 30, 'Sa', '8:00AM', 8, 0, '12:00PM', 12, 0, 'Reserved']
['ACC503', '80052', '22', '55', 'F Sa', ' 8:00 AM', 8, 0, 17, 0, None, None, None, None, None, None, None, 'Reserved']
['ACC503', '90465', '70', '70', 'ONLINE', None, None, None, None, None, None, None, None, None, None, None, None, 'Reserved']
['ACC503', '90470', '70', '70', 'ONLINE', None, None, None, None, None, None, None, None, None, None, None, None, 'Reserved']
['ACC503', '84640', '60', '60', 'M W', '10:30 AM', 10, 30, 11, 45, None, None, None, None, None, None, None, 'Reserved']
['ACC511', '70443', '38', '60', 'T Th', ' 2:30 PM', 14, 30, 17, 0, None, None, None, None, None, None, None, 'Not Reserved']
['ACC512', '75800', '34', '60', 'T Th', ' 8:00 AM', 8, 0, 10, 30, None, None, None, None, None, None, None, 'Not Reserved']
['ACC512', '75801', '35', '60', 'T Th', '11:00 AM', 11, 0, 13, 30, None, None, None, None, None, None, None, 'Not Reserved']
['ACC512', '78493', '36', '60', 'T Th', ' 2:00 PM', 14, 0, 16, 30, None, None, None, None, None, None, None, 'Not Reserved']
['ACC513', '74245', '36', '60', 'M W', '11:00 AM', 11, 0, 13, 30, None, None, None, None, None, None, None, 'Not Reserved']
['ACC513', '78577', '34', '60', 'M W', ' 2:00 PM', 14, 0, 16, 30, None, None, None, None, None, None, None, 'Not Reserved']
['ACC513', '78584', '35', '60', 'M W', ' 8:00 AM', 8, 0, 10, 30, None, None, None, None, None, None, None, 'Not Reserved']
['ACC571', '72969', '38', '60', 'T Th', '11:00 AM', 11, 0, 13, 30, None, None, None, None, None, None, None, 'Not Reserved']
['ACC573', '76809', '38', '60', 'M W', '10:00 AM', 10, 0, 12, 30, None, None, None, None, None, None, None, 'Not Reserved']
['ACC577', '84500', '33', '55', 'T Th', ' 2:30 PM', 14, 30, 17, 0, None, None, None, None, None, None, None, 'Not Reserved']
['ACC591', '81134', '36', '60', 'M W', ' 7:30 AM', 7, 30, 10, 0, None, None, None, None, None, None, None, 'Not Reserved']
['ACC591', '78617', '34', '60', 'M W', ' 7:30 AM', 7, 30, 10, 0, None, None, None, None, None, None, None, 'Not Reserved']
['ACC591', '80261', '35', '60', 'M W', '10:15 AM', 10, 15, 12, 45, None, None, None, None, None, None, None, 'Not Reserved']
['ACC591', '80263', '36', '60', 'M W', ' 1:30 PM', 13, 30, 16, 0, None, None, None, None, None, None, None, 'Not Reserved']
['ACC591', '73855', '39', '65', 'M W', '10:30 AM', 10, 30, 13, 0, None, None, None, None, None, None, None, 'Not Reserved']
['ACC591', '76749', '40', '65', 'M W', ' 1:30 PM', 13, 30, 16, 0, None, None, None, None, None, None, None, 'Not Reserved']
['ACC591', '75094', '38', '60', 'T Th', '11:00 AM', 11, 0, 13, 30, None, None, None, None, None, None, None, 'Not Reserved']
['ACC591', '76807', '35', '60', 'T Th', ' 8:00 AM', 8, 0, 10, 30, None, None, None, None, None, None, None, 'Not Reserved']
['ACC591', '76808', '36', '60', 'T Th', '11:00 AM', 11, 0, 13, 30, None, None, None, None, None, None, None, 'Not Reserved']
['ACC591', '78596', '34', '60', 'T Th', ' 2:00 PM', 14, 0, 16, 30, None, None, None, None, None, None, None, 'Not Reserved']
['ACC595', '74229', '100', '100', 'ONLINE', None, None, None, None, None, None, None, None, None, None, None, None, 'Reserved']
['ACC791', '85775', '10', '10', 'ONLINE', None, None, None, None, None, None, None, None, None, None, None, None, 'Not Reserved']
['ACC791', '75371', '6', '6', 'ONLINE', None, None, None, None, None, None, None, None, None, None, None, None, 'Not Reserved']
['ACC792', '80542', '10', '10', 'ONLINE', None, None, None, None, None, None, None, None, None, None, None, None, 'Not Reserved']
['ACC795', '76561', '5', '5', 'ONLINE', None, None, None, None, None, None, None, None, None, None, None, None, 'Not Reserved']
['ACC799', '70444', '10', '10', 'ONLINE', None, None, None, None, None, None, None, None, None, None, None, None, 'Not Reserved']
Loading Subject:  ACO
['ACO100', '82202', '22', '36', 'M W F', '10:30 AM', 10, 30, 11, 20, None, None, None, None, None, None, None, 'Not Reserved']
['ACO101', '70445', '30', '36', 'M W', ' 3:00 PM', 15, 0, 16, 15, None, None, None, None, None, None, None, 'Reserved']
['ACO101', '90503', '27', '36', 'T Th', ' 1:30 PM', 13, 30, 14, 45, None, None, None, None, None, None, None, 'Reserved']
['ACO102', '70446', '19', '36', 'T Th', '12:00 PM', 12, 0, 13, 15, None, None, None, None, None, None, None, 'Reserved']
['ACO201', '77631', '17', '36', 'T Th', '12:00 PM', 12, 0, 13, 15, None, None, None, None, None, None, None, 'Not Reserved']
['ACO320', '76821', '19', '36', 'T Th', ' 9:00 AM', 9, 0, 10, 15, None, None, None, None, None, None, None, 'Not Reserved']
['ACO330', '72444', '22', '36', 'T Th', '10:30 AM', 10, 30, 11, 45, None, None, None, None, None, None, None, 'Not Reserved']
['ACO422', '90504', '34', '36', 'T Th', ' 9:00 AM', 9, 0, 10, 15, None, None, None, None, None, None, None, 'Not Reserved']
['ACO430', '82204', '35', '36', 'T Th', ' 1:30 PM', 13, 30, 14, 45, None, None, None, None, None, None, None, 'Not Reserved']
['ACO484', '80559', '5', '5', 'ONLINE', None, None, None, None, None, None, None, None, None, None, None, None, 'Not Reserved']
['ACO484', '80735', '5', '5', 'ONLINE', None, None, None, None, None, None, None, None, None, None, None, None, 'Not Reserved']
['ACO499', '91756', '4', '5', 'ONLINE', None, None, None, None, None, None, None, None, None, None, None, None, 'Not Reserved']
['ACO499', '75914', '12', '15', 'ONLINE', None, None, None, None, None, None, None, None, None, None, None, None, 'Not Reserved']
Loading Subject:  ACT
['ACT201', '81441', '53', '75', 'M W', ' 1:30 PM', 13, 30, 14, 45, None, None, None, None, None, None, None, 'Not Reserved']
['ACT415', '81442', '15', '40', 'M W', ' 3:00 PM', 15, 0, 16, 15, None, None, None, None, None, None, None, 'Not Reserved']
['ACT440', '89377', '22', '30', 'M W', ' 4:30 PM', 16, 30, 17, 45, None, None, None, None, None, None, None, 'Not Reserved']
['ACT450', '83979', '30', '35', 'T Th', ' 3:00 PM', 15, 0, 16, 15, None, None, None, None, None, None, None, 'Not Reserved']
Loading Subject:  ADE
['ADE321', '70447', '2', '15', 'M W', ' 1:30 PM', 13, 30, 17, 55, None, None, None, None, None, None, None, 'Not Reserved']
['ADE321', '70448', '6', '15', 'M W', ' 1:30 PM', 13, 30, 17, 55, None, None, None, None, None, None, None, 'Not Reserved']
['ADE321', '70449', '4', '15', 'M W', ' 1:30 PM', 13, 30, 17, 55, None, None, None, None, None, None, None, 'Not Reserved']
['ADE421', '70450', '2', '15', 'W F', ' 1:30 PM', 13, 30, 17, 55, None, None, None, None, None, None, None, 'Not Reserved']
['ADE421', '70451', '3', '15', 'W F', ' 1:30 PM', 13, 30, 17, 55, None, None, None, None, None, None, None, 'Not Reserved']
['ADE421', '70452', '6', '15', 'W F', ' 1:30 PM', 13, 30, 17, 55, None, None, None, None, None, None, None, 'Not Reserved']
['ADE511', '70453', '18', '18', 'M W F', ' 1:30 PM', 13, 30, 17, 5, None, None, None, None, None, None, None, 'Not Reserved']
['ADE521', '70454', '15', '15', 'M W', ' 1:30 PM', 13, 30, 17, 55, None, None, None, None, None, None, None, 'Not Reserved']
['ADE521', '70455', '15', '15', 'M W', ' 1:30 PM', 13, 30, 17, 55, None, None, None, None, None, None, None, 'Not Reserved']
['ADE521', '70456', '15', '15', 'M W', ' 1:30 PM', 13, 30, 17, 55, None, None, None, None, None, None, None, 'Not Reserved']
['ADE621', '70457', '6', '7', 'W F', ' 1:30 PM', 13, 30, 17, 55, None, None, None, None, None, None, None, 'Not Reserved']
['ADE621', '70458', '5', '10', 'W F', ' 1:30 PM', 13, 30, 17, 55, None, None, None, None, None, None, None, 'Not Reserved']
['ADE621', '74094', '2', '8', 'W F', ' 1:30 PM', 13, 30, 17, 55, None, None, None, None, None, None, None, 'Not Reserved']
['ADE621', '74428', '3', '8', 'W F', ' 1:30 PM', 13, 30, 17, 55, None, None, None, None, None, None, None, 'Not Reserved']
['ADE621', '83975', '3', '4', 'W F', ' 1:30 PM', 13, 30, 17, 55, None, None, None, None, None, None, None, 'Not Reserved']
Loading Subject:  AEC
['AEC', '85392', '20', '20', 'M W F', ' 1:30 PM', 13, 30, 16, 15, None, None, None, None, None, None, None, 'Not Reserved']
['AEC', '85393', '20', '20', 'T Th', ' 4:30 PM', 16, 30, 19, 15, None, None, None, None, None, None, None, 'Not Reserved']
['AEC', '85684', '20', '20', 'M W', ' 3:00 PM', 15, 0, 17, 45, None, None, None, None, None, None, None, 'Not Reserved']
['AEC40', '87052', '20', '20', 'M W F', '10:30AM', 10, 30, 11, 45, 'M W F', '12:00PM', 12, 0, '1:15PM', 13, 15, 'Not Reserved']
['AEC40', '87053', '20', '20', 'M W F', '10:30AM', 10, 30, 11, 45, 'M W F', '12:00PM', 12, 0, '1:15PM', 13, 15, 'Not Reserved']
['AEC40', '87054', '20', '20', 'M W F', '10:30AM', 10, 30, 11, 45, 'M W F', '12:00PM', 12, 0, '1:15PM', 13, 15, 'Not Reserved']
['AEC40', '87055', '20', '20', 'M W F', '10:30AM', 10, 30, 11, 45, 'M W F', '12:00PM', 12, 0, '1:15PM', 13, 15, 'Not Reserved']
['AEC40', '87056', '20', '20', 'M W F', '10:30AM', 10, 30, 11, 45, 'M W F', '12:00PM', 12, 0, '1:15PM', 13, 15, 'Not Reserved']
['AEC40', '87057', '20', '20', 'M W F', '10:30AM', 10, 30, 11, 45, 'M W F', '12:00PM', 12, 0, '1:15PM', 13, 15, 'Not Reserved']
['AEC40', '89276', '20', '20', 'M W F', '1:30PM', 13, 30, 14, 45, 'T Th', '1:30PM', 13, 30, '2:45PM', 14, 45, 'Not Reserved']
['AEC40', '87069', '20', '20', 'M W F', '10:30AM', 10, 30, 11, 45, 'M W F', '12:00PM', 12, 0, '1:15PM', 13, 15, 'Not Reserved']
['AEC40', '87070', '20', '20', 'M W F', '10:30AM', 10, 30, 11, 45, 'M W F', '12:00PM', 12, 0, '1:15PM', 13, 15, 'Not Reserved']
['AEC40', '87071', '20', '20', 'M W F', '10:30AM', 10, 30, 11, 45, 'M W F', '12:00PM', 12, 0, '1:15PM', 13, 15, 'Not Reserved']
['AEC40', '87072', '20', '20', 'M W F', '10:30AM', 10, 30, 11, 45, 'M W F', '12:00PM', 12, 0, '1:15PM', 13, 15, 'Not Reserved']
['AEC40', '87073', '20', '20', 'M W F', '10:30AM', 10, 30, 11, 45, 'M W F', '12:00PM', 12, 0, '1:15PM', 13, 15, 'Not Reserved']
['AEC40', '87075', '20', '20', 'M W F', '10:30AM', 10, 30, 11, 45, 'M W F', '12:00PM', 12, 0, '1:15PM', 13, 15, 'Not Reserved']
['AEC40', '87076', '20', '20', 'M W F', '10:30AM', 10, 30, 11, 45, 'M W F', '12:00PM', 12, 0, '1:15PM', 13, 15, 'Not Reserved']
['AEC40', '89277', '20', '20', 'M W F', '1:30PM', 13, 30, 14, 45, 'T Th', '1:30PM', 13, 30, '2:45PM', 14, 45, 'Not Reserved']
['AEC41', '87085', '20', '20', 'T Th', '7:30AM', 7, 30, 8, 45, 'M W F', '9:00AM', 9, 0, '10:15AM', 10, 15, 'Not Reserved']
['AEC41', '87086', '20', '20', 'T Th', '7:30AM', 7, 30, 8, 45, 'M W F', '9:00AM', 9, 0, '10:15AM', 10, 15, 'Not Reserved']
['AEC41', '87087', '20', '20', 'T Th', '7:30AM', 7, 30, 8, 45, 'M W F', '9:00AM', 9, 0, '10:15AM', 10, 15, 'Not Reserved']
['AEC41', '87088', '20', '20', 'T Th', '7:30AM', 7, 30, 8, 45, 'M W F', '9:00AM', 9, 0, '10:15AM', 10, 15, 'Not Reserved']
['AEC41', '87089', '20', '20', 'T Th', '7:30AM', 7, 30, 8, 45, 'M W F', '9:00AM', 9, 0, '10:15AM', 10, 15, 'Not Reserved']
['AEC41', '87090', '20', '20', 'T Th', '7:30AM', 7, 30, 8, 45, 'M W F', '9:00AM', 9, 0, '10:15AM', 10, 15, 'Not Reserved']
['AEC41', '89243', '20', '20', 'M W F', '10:30AM', 10, 30, 11, 45, 'T Th', '10:30AM', 10, 30, '11:45AM', 11, 45, 'Not Reserved']
['AEC41', '87100', '20', '20', 'T Th', '7:30AM', 7, 30, 8, 45, 'M W F', '9:00AM', 9, 0, '10:15AM', 10, 15, 'Not Reserved']
['AEC41', '87101', '20', '20', 'T Th', '7:30AM', 7, 30, 8, 45, 'M W F', '9:00AM', 9, 0, '10:15AM', 10, 15, 'Not Reserved']
['AEC41', '87102', '20', '20', 'T Th', '7:30AM', 7, 30, 8, 45, 'M W F', '9:00AM', 9, 0, '10:15AM', 10, 15, 'Not Reserved']
['AEC41', '87103', '20', '20', 'T Th', '7:30AM', 7, 30, 8, 45, 'M W F', '9:00AM', 9, 0, '10:15AM', 10, 15, 'Not Reserved']
['AEC41', '87104', '20', '20', 'T Th', '7:30AM', 7, 30, 8, 45, 'M W F', '9:00AM', 9, 0, '10:15AM', 10, 15, 'Not Reserved']
['AEC41', '87105', '20', '20', 'T Th', '7:30AM', 7, 30, 8, 45, 'M W F', '9:00AM', 9, 0, '10:15AM', 10, 15, 'Not Reserved']
['AEC41', '87106', '20', '20', 'T Th', '7:30AM', 7, 30, 8, 45, 'M W F', '9:00AM', 9, 0, '10:15AM', 10, 15, 'Not Reserved']
['AEC41', '89244', '20', '20', 'M W F', '10:30AM', 10, 30, 11, 45, 'T Th', '10:30AM', 10, 30, '11:45AM', 11, 45, 'Not Reserved']
['AEC50', '87122', '20', '20', 'M W F', '10:30AM', 10, 30, 11, 45, 'M W F', '12:00PM', 12, 0, '1:15PM', 13, 15, 'Not Reserved']
['AEC50', '87123', '20', '20', 'M W F', '10:30AM', 10, 30, 11, 45, 'M W F', '12:00PM', 12, 0, '1:15PM', 13, 15, 'Not Reserved']
['AEC50', '87124', '20', '20', 'M W F', '10:30AM', 10, 30, 11, 45, 'M W F', '12:00PM', 12, 0, '1:15PM', 13, 15, 'Not Reserved']
['AEC50', '87125', '20', '20', 'M W F', '10:30AM', 10, 30, 11, 45, 'M W F', '12:00PM', 12, 0, '1:15PM', 13, 15, 'Not Reserved']
['AEC50', '87126', '20', '20', 'M W F', '10:30AM', 10, 30, 11, 45, 'M W F', '12:00PM', 12, 0, '1:15PM', 13, 15, 'Not Reserved']
['AEC50', '87127', '20', '20', 'M W F', '10:30AM', 10, 30, 11, 45, 'M W F', '12:00PM', 12, 0, '1:15PM', 13, 15, 'Not Reserved']
['AEC50', '87128', '20', '20', 'M W F', '10:30AM', 10, 30, 11, 45, 'M W F', '12:00PM', 12, 0, '1:15PM', 13, 15, 'Not Reserved']
['AEC50', '87129', '20', '20', 'M W F', '10:30AM', 10, 30, 11, 45, 'M W F', '12:00PM', 12, 0, '1:15PM', 13, 15, 'Not Reserved']
['AEC50', '87130', '20', '20', 'M W F', '10:30AM', 10, 30, 11, 45, 'M W F', '12:00PM', 12, 0, '1:15PM', 13, 15, 'Not Reserved']
['AEC50', '87131', '20', '20', 'M W F', '10:30AM', 10, 30, 11, 45, 'M W F', '12:00PM', 12, 0, '1:15PM', 13, 15, 'Not Reserved']
['AEC50', '87132', '20', '20', 'M W F', '10:30AM', 10, 30, 11, 45, 'M W F', '12:00PM', 12, 0, '1:15PM', 13, 15, 'Not Reserved']
['AEC50', '87133', '20', '20', 'M W F', '10:30AM', 10, 30, 11, 45, 'M W F', '12:00PM', 12, 0, '1:15PM', 13, 15, 'Not Reserved']
['AEC50', '87134', '20', '20', 'M W F', '10:30AM', 10, 30, 11, 45, 'M W F', '12:00PM', 12, 0, '1:15PM', 13, 15, 'Not Reserved']
['AEC50', '87137', '20', '20', 'M W F', '10:30AM', 10, 30, 11, 45, 'M W F', '12:00PM', 12, 0, '1:15PM', 13, 15, 'Not Reserved']
['AEC50', '89278', '20', '20', 'M W F', '1:30PM', 13, 30, 14, 45, 'T Th', '1:30PM', 13, 30, '2:45PM', 14, 45, 'Not Reserved']
['AEC50', '87191', '20', '20', 'M W F', '10:30AM', 10, 30, 11, 45, 'M W F', '12:00PM', 12, 0, '1:15PM', 13, 15, 'Not Reserved']
['AEC50', '87192', '20', '20', 'M W F', '10:30AM', 10, 30, 11, 45, 'M W F', '12:00PM', 12, 0, '1:15PM', 13, 15, 'Not Reserved']
['AEC50', '87193', '20', '20', 'M W F', '10:30AM', 10, 30, 11, 45, 'M W F', '12:00PM', 12, 0, '1:15PM', 13, 15, 'Not Reserved']
['AEC50', '87194', '20', '20', 'M W F', '10:30AM', 10, 30, 11, 45, 'M W F', '12:00PM', 12, 0, '1:15PM', 13, 15, 'Not Reserved']
['AEC50', '87195', '20', '20', 'M W F', '10:30AM', 10, 30, 11, 45, 'M W F', '12:00PM', 12, 0, '1:15PM', 13, 15, 'Not Reserved']
['AEC50', '87196', '20', '20', 'M W F', '10:30AM', 10, 30, 11, 45, 'M W F', '12:00PM', 12, 0, '1:15PM', 13, 15, 'Not Reserved']
['AEC50', '87197', '20', '20', 'M W F', '10:30AM', 10, 30, 11, 45, 'M W F', '12:00PM', 12, 0, '1:15PM', 13, 15, 'Not Reserved']
['AEC50', '87198', '20', '20', 'M W F', '10:30AM', 10, 30, 11, 45, 'M W F', '12:00PM', 12, 0, '1:15PM', 13, 15, 'Not Reserved']
['AEC50', '87199', '20', '20', 'M W F', '10:30AM', 10, 30, 11, 45, 'M W F', '12:00PM', 12, 0, '1:15PM', 13, 15, 'Not Reserved']
['AEC50', '87200', '20', '20', 'M W F', '10:30AM', 10, 30, 11, 45, 'M W F', '12:00PM', 12, 0, '1:15PM', 13, 15, 'Not Reserved']
['AEC50', '87217', '20', '20', 'M W F', '10:30AM', 10, 30, 11, 45, 'M W F', '12:00PM', 12, 0, '1:15PM', 13, 15, 'Not Reserved']
['AEC50', '87218', '20', '20', 'M W F', '10:30AM', 10, 30, 11, 45, 'M W F', '12:00PM', 12, 0, '1:15PM', 13, 15, 'Not Reserved']
['AEC50', '87219', '20', '20', 'M W F', '10:30AM', 10, 30, 11, 45, 'M W F', '12:00PM', 12, 0, '1:15PM', 13, 15, 'Not Reserved']
['AEC50', '87220', '20', '20', 'M W F', '10:30AM', 10, 30, 11, 45, 'M W F', '12:00PM', 12, 0, '1:15PM', 13, 15, 'Not Reserved']
['AEC50', '87221', '20', '20', 'M W F', '10:30AM', 10, 30, 11, 45, 'M W F', '12:00PM', 12, 0, '1:15PM', 13, 15, 'Not Reserved']
['AEC50', '87222', '20', '20', 'M W F', '10:30AM', 10, 30, 11, 45, 'M W F', '12:00PM', 12, 0, '1:15PM', 13, 15, 'Not Reserved']
['AEC50', '89279', '20', '20', 'M W F', '1:30PM', 13, 30, 14, 45, 'T Th', '1:30PM', 13, 30, '2:45PM', 14, 45, 'Not Reserved']
['AEC51', '87228', '20', '20', 'T Th', '7:30AM', 7, 30, 8, 45, 'M W F', '9:00AM', 9, 0, '10:15AM', 10, 15, 'Not Reserved']
['AEC51', '87229', '20', '20', 'T Th', '7:30AM', 7, 30, 8, 45, 'M W F', '9:00AM', 9, 0, '10:15AM', 10, 15, 'Not Reserved']
['AEC51', '87230', '20', '20', 'T Th', '7:30AM', 7, 30, 8, 45, 'M W F', '9:00AM', 9, 0, '10:15AM', 10, 15, 'Not Reserved']
['AEC51', '87231', '20', '20', 'T Th', '7:30AM', 7, 30, 8, 45, 'M W F', '9:00AM', 9, 0, '10:15AM', 10, 15, 'Not Reserved']
['AEC51', '87232', '20', '20', 'T Th', '7:30AM', 7, 30, 8, 45, 'M W F', '9:00AM', 9, 0, '10:15AM', 10, 15, 'Not Reserved']
['AEC51', '87233', '20', '20', 'T Th', '7:30AM', 7, 30, 8, 45, 'M W F', '9:00AM', 9, 0, '10:15AM', 10, 15, 'Not Reserved']
['AEC51', '87234', '20', '20', 'T Th', '7:30AM', 7, 30, 8, 45, 'M W F', '9:00AM', 9, 0, '10:15AM', 10, 15, 'Not Reserved']
['AEC51', '87235', '20', '20', 'T Th', '7:30AM', 7, 30, 8, 45, 'M W F', '9:00AM', 9, 0, '10:15AM', 10, 15, 'Not Reserved']
['AEC51', '87236', '20', '20', 'T Th', '7:30AM', 7, 30, 8, 45, 'M W F', '9:00AM', 9, 0, '10:15AM', 10, 15, 'Not Reserved']
['AEC51', '87237', '20', '20', 'T Th', '7:30AM', 7, 30, 8, 45, 'M W F', '9:00AM', 9, 0, '10:15AM', 10, 15, 'Not Reserved']
['AEC51', '87238', '20', '20', 'T Th', '7:30AM', 7, 30, 8, 45, 'M W F', '9:00AM', 9, 0, '10:15AM', 10, 15, 'Not Reserved']
['AEC51', '87239', '20', '20', 'T Th', '7:30AM', 7, 30, 8, 45, 'M W F', '9:00AM', 9, 0, '10:15AM', 10, 15, 'Not Reserved']
['AEC51', '87240', '20', '20', 'T Th', '7:30AM', 7, 30, 8, 45, 'M W F', '9:00AM', 9, 0, '10:15AM', 10, 15, 'Not Reserved']
['AEC51', '87242', '20', '20', 'T Th', '7:30AM', 7, 30, 8, 45, 'M W F', '9:00AM', 9, 0, '10:15AM', 10, 15, 'Not Reserved']
['AEC51', '89245', '20', '20', 'M W F', '10:30AM', 10, 30, 11, 45, 'T Th', '10:30AM', 10, 30, '11:45AM', 11, 45, 'Not Reserved']
['AEC51', '87248', '20', '20', 'T Th', '7:30AM', 7, 30, 8, 45, 'M W F', '9:00AM', 9, 0, '10:15AM', 10, 15, 'Not Reserved']
['AEC51', '87249', '20', '20', 'T Th', '7:30AM', 7, 30, 8, 45, 'M W F', '9:00AM', 9, 0, '10:15AM', 10, 15, 'Not Reserved']
['AEC51', '87250', '20', '20', 'T Th', '7:30AM', 7, 30, 8, 45, 'M W F', '9:00AM', 9, 0, '10:15AM', 10, 15, 'Not Reserved']
['AEC51', '87251', '20', '20', 'T Th', '7:30AM', 7, 30, 8, 45, 'M W F', '9:00AM', 9, 0, '10:15AM', 10, 15, 'Not Reserved']
['AEC51', '87252', '20', '20', 'T Th', '7:30AM', 7, 30, 8, 45, 'M W F', '9:00AM', 9, 0, '10:15AM', 10, 15, 'Not Reserved']
['AEC51', '87253', '20', '20', 'T Th', '7:30AM', 7, 30, 8, 45, 'M W F', '9:00AM', 9, 0, '10:15AM', 10, 15, 'Not Reserved']
['AEC51', '87254', '20', '20', 'T Th', '7:30AM', 7, 30, 8, 45, 'M W F', '9:00AM', 9, 0, '10:15AM', 10, 15, 'Not Reserved']
['AEC51', '87255', '20', '20', 'T Th', '7:30AM', 7, 30, 8, 45, 'M W F', '9:00AM', 9, 0, '10:15AM', 10, 15, 'Not Reserved']
['AEC51', '87256', '20', '20', 'T Th', '7:30AM', 7, 30, 8, 45, 'M W F', '9:00AM', 9, 0, '10:15AM', 10, 15, 'Not Reserved']
['AEC51', '87257', '20', '20', 'T Th', '7:30AM', 7, 30, 8, 45, 'M W F', '9:00AM', 9, 0, '10:15AM', 10, 15, 'Not Reserved']
['AEC51', '87258', '20', '20', 'T Th', '7:30AM', 7, 30, 8, 45, 'M W F', '9:00AM', 9, 0, '10:15AM', 10, 15, 'Not Reserved']
['AEC51', '87259', '20', '20', 'T Th', '7:30AM', 7, 30, 8, 45, 'M W F', '9:00AM', 9, 0, '10:15AM', 10, 15, 'Not Reserved']
['AEC51', '87260', '20', '20', 'T Th', '7:30AM', 7, 30, 8, 45, 'M W F', '9:00AM', 9, 0, '10:15AM', 10, 15, 'Not Reserved']
['AEC51', '87261', '20', '20', 'T Th', '7:30AM', 7, 30, 8, 45, 'M W F', '9:00AM', 9, 0, '10:15AM', 10, 15, 'Not Reserved']
['AEC51', '87262', '20', '20', 'T Th', '7:30AM', 7, 30, 8, 45, 'M W F', '9:00AM', 9, 0, '10:15AM', 10, 15, 'Not Reserved']
['AEC51', '87263', '20', '20', 'T Th', '7:30AM', 7, 30, 8, 45, 'M W F', '9:00AM', 9, 0, '10:15AM', 10, 15, 'Not Reserved']
['AEC51', '89246', '20', '20', 'M W F', '10:30AM', 10, 30, 11, 45, 'T Th', '10:30AM', 10, 30, '11:45AM', 11, 45, 'Not Reserved']
['AEC60', '87281', '20', '20', 'M W F', '10:30AM', 10, 30, 11, 45, 'M W F', '12:00PM', 12, 0, '1:15PM', 13, 15, 'Not Reserved']
['AEC60', '87282', '20', '20', 'M W F', '10:30AM', 10, 30, 11, 45, 'M W F', '12:00PM', 12, 0, '1:15PM', 13, 15, 'Not Reserved']
['AEC60', '87283', '20', '20', 'M W F', '10:30AM', 10, 30, 11, 45, 'M W F', '12:00PM', 12, 0, '1:15PM', 13, 15, 'Not Reserved']
['AEC60', '87284', '20', '20', 'M W F', '10:30AM', 10, 30, 11, 45, 'M W F', '12:00PM', 12, 0, '1:15PM', 13, 15, 'Not Reserved']
['AEC60', '87285', '20', '20', 'M W F', '10:30AM', 10, 30, 11, 45, 'M W F', '12:00PM', 12, 0, '1:15PM', 13, 15, 'Not Reserved']
['AEC60', '87291', '20', '20', 'M W F', '10:30AM', 10, 30, 11, 45, 'M W F', '12:00PM', 12, 0, '1:15PM', 13, 15, 'Not Reserved']
['AEC60', '87292', '20', '20', 'M W F', '10:30AM', 10, 30, 11, 45, 'M W F', '12:00PM', 12, 0, '1:15PM', 13, 15, 'Not Reserved']
['AEC60', '87293', '20', '20', 'M W F', '10:30AM', 10, 30, 11, 45, 'M W F', '12:00PM', 12, 0, '1:15PM', 13, 15, 'Not Reserved']
['AEC60', '87294', '20', '20', 'M W F', '10:30AM', 10, 30, 11, 45, 'M W F', '12:00PM', 12, 0, '1:15PM', 13, 15, 'Not Reserved']
['AEC60', '87295', '20', '20', 'M W F', '10:30AM', 10, 30, 11, 45, 'M W F', '12:00PM', 12, 0, '1:15PM', 13, 15, 'Not Reserved']
['AEC60', '87296', '20', '20', 'M W F', '10:30AM', 10, 30, 11, 45, 'M W F', '12:00PM', 12, 0, '1:15PM', 13, 15, 'Not Reserved']
['AEC60', '87297', '20', '20', 'M W F', '10:30AM', 10, 30, 11, 45, 'M W F', '12:00PM', 12, 0, '1:15PM', 13, 15, 'Not Reserved']
['AEC60', '87298', '20', '20', 'M W F', '10:30AM', 10, 30, 11, 45, 'M W F', '12:00PM', 12, 0, '1:12PM', 13, 12, 'Not Reserved']
['AEC60', '87299', '20', '20', 'M W F', '10:30AM', 10, 30, 11, 45, 'M W F', '12:00PM', 12, 0, '1:15PM', 13, 15, 'Not Reserved']
['AEC60', '87300', '20', '20', 'M W F', '10:30AM', 10, 30, 11, 45, 'M W F', '12:00PM', 12, 0, '1:15PM', 13, 15, 'Not Reserved']
['AEC60', '87301', '20', '20', 'M W F', '10:30AM', 10, 30, 11, 45, 'M W F', '12:00PM', 12, 0, '1:15PM', 13, 15, 'Not Reserved']
['AEC60', '87302', '20', '20', 'M W F', '10:30AM', 10, 30, 11, 45, 'M W F', '12:00PM', 12, 0, '1:15PM', 13, 15, 'Not Reserved']
['AEC60', '87303', '20', '20', 'M W F', '10:30AM', 10, 30, 11, 45, 'M W F', '12:00PM', 12, 0, '1:15PM', 13, 15, 'Not Reserved']
['AEC60', '87304', '20', '20', 'M W F', '10:30AM', 10, 30, 11, 45, 'M W F', '12:00PM', 12, 0, '1:15PM', 13, 15, 'Not Reserved']
['AEC60', '87305', '20', '20', 'M W F', '10:30AM', 10, 30, 11, 45, 'M W F', '12:00PM', 12, 0, '1:15PM', 13, 15, 'Not Reserved']
['AEC60', '87306', '20', '20', 'M W F', '10:30AM', 10, 30, 11, 45, 'M W F', '12:00PM', 12, 0, '1:15PM', 13, 15, 'Not Reserved']
['AEC60', '87307', '20', '20', 'M W F', '10:30AM', 10, 30, 11, 45, 'M W F', '12:00PM', 12, 0, '1:15PM', 13, 15, 'Not Reserved']
['AEC60', '87308', '20', '20', 'M W F', '10:30AM', 10, 30, 11, 45, 'M W F', '12:00PM', 12, 0, '1:12PM', 13, 12, 'Not Reserved']
['AEC60', '87309', '20', '20', 'M W F', '10:30AM', 10, 30, 11, 45, 'M W F', '12:00PM', 12, 0, '1:15PM', 13, 15, 'Not Reserved']
['AEC60', '87310', '20', '20', 'M W F', '10:30AM', 10, 30, 11, 45, 'M W F', '12:00PM', 12, 0, '1:15PM', 13, 15, 'Not Reserved']
['AEC60', '87314', '20', '20', 'M W F', '10:30AM', 10, 30, 11, 45, 'M W F', '12:00PM', 12, 0, '1:15PM', 13, 15, 'Not Reserved']
['AEC60', '87320', '20', '20', 'M W F', '10:30AM', 10, 30, 11, 45, 'M W F', '12:00PM', 12, 0, '1:15PM', 13, 15, 'Not Reserved']
['AEC60', '87321', '20', '20', 'M W F', '10:30AM', 10, 30, 11, 45, 'M W F', '12:00PM', 12, 0, '1:15PM', 13, 15, 'Not Reserved']
['AEC60', '87322', '20', '20', 'M W F', '10:30AM', 10, 30, 11, 45, 'M W F', '12:00PM', 12, 0, '1:15PM', 13, 15, 'Not Reserved']
['AEC60', '87323', '20', '20', 'M W F', '10:30AM', 10, 30, 11, 45, 'M W F', '12:00PM', 12, 0, '1:15PM', 13, 15, 'Not Reserved']
['AEC60', '87324', '20', '20', 'M W F', '10:30AM', 10, 30, 11, 45, 'M W F', '12:00PM', 12, 0, '1:15PM', 13, 15, 'Not Reserved']
['AEC60', '87325', '20', '20', 'M W F', '10:30AM', 10, 30, 11, 45, 'M W F', '12:00PM', 12, 0, '1:15PM', 13, 15, 'Not Reserved']
['AEC60', '87326', '20', '20', 'M W F', '10:30AM', 10, 30, 11, 45, 'M W F', '12:00PM', 12, 0, '1:15PM', 13, 15, 'Not Reserved']
['AEC60', '87327', '20', '20', 'M W F', '10:30AM', 10, 30, 11, 45, 'M W F', '12:00PM', 12, 0, '1:15PM', 13, 15, 'Not Reserved']
['AEC60', '87328', '20', '20', 'M W F', '10:30AM', 10, 30, 11, 45, 'M W F', '12:00PM', 12, 0, '1:15PM', 13, 15, 'Not Reserved']
['AEC60', '87329', '20', '20', 'M W F', '10:30AM', 10, 30, 11, 45, 'M W F', '12:00PM', 12, 0, '1:15PM', 13, 15, 'Not Reserved']
['AEC60', '87331', '20', '20', 'M W F', '10:30AM', 10, 30, 11, 45, 'M W F', '12:00PM', 12, 0, '1:15PM', 13, 15, 'Not Reserved']
['AEC60', '87333', '20', '20', 'M W F', '10:30AM', 10, 30, 11, 45, 'M W F', '12:00PM', 12, 0, '1:15PM', 13, 15, 'Not Reserved']
['AEC60', '87334', '20', '20', 'M W F', '10:30AM', 10, 30, 11, 45, 'M W F', '12:00PM', 12, 0, '1:15PM', 13, 15, 'Not Reserved']
['AEC60', '87335', '20', '20', 'M W F', '10:30AM', 10, 30, 11, 45, 'M W F', '12:00PM', 12, 0, '1:15PM', 13, 15, 'Not Reserved']
['AEC60', '87336', '20', '20', 'M W F', '10:30AM', 10, 30, 11, 45, 'M W F', '12:00PM', 12, 0, '1:15PM', 13, 15, 'Not Reserved']
['AEC60', '87337', '20', '20', 'M W F', '10:30AM', 10, 30, 11, 45, 'M W F', '12:00PM', 12, 0, '1:15PM', 13, 15, 'Not Reserved']
['AEC60', '87338', '20', '20', 'M W F', '10:30AM', 10, 30, 11, 45, 'M W F', '12:00PM', 12, 0, '1:15PM', 13, 15, 'Not Reserved']
['AEC60', '87340', '20', '20', 'M W F', '10:30AM', 10, 30, 11, 45, 'M W F', '12:00PM', 12, 0, '1:15PM', 13, 15, 'Not Reserved']
['AEC60', '87341', '20', '20', 'M W F', '10:30AM', 10, 30, 11, 45, 'M W F', '12:00PM', 12, 0, '1:15PM', 13, 15, 'Not Reserved']
['AEC60', '87342', '20', '20', 'M W F', '10:30AM', 10, 30, 11, 45, 'M W F', '12:00PM', 12, 0, '1:15PM', 13, 15, 'Not Reserved']
['AEC60', '87343', '20', '20', 'M W F', '10:30AM', 10, 30, 11, 45, 'M W F', '12:00PM', 12, 0, '1:15PM', 13, 15, 'Not Reserved']
['AEC60', '87344', '20', '20', 'M W F', '10:30AM', 10, 30, 11, 45, 'M W F', '12:00PM', 12, 0, '1:15PM', 13, 15, 'Not Reserved']
['AEC60', '87345', '20', '20', 'M W F', '10:30AM', 10, 30, 11, 45, 'M W F', '12:00PM', 12, 0, '1:15PM', 13, 15, 'Not Reserved']
['AEC60', '87358', '20', '20', 'M W F', '10:30AM', 10, 30, 11, 45, 'M W F', '12:00PM', 12, 0, '1:15PM', 13, 15, 'Not Reserved']
['AEC60', '87359', '20', '20', 'M W F', '10:30AM', 10, 30, 11, 45, 'M W F', '12:00PM', 12, 0, '1:15PM', 13, 15, 'Not Reserved']
['AEC60', '87360', '20', '20', 'M W F', '10:30AM', 10, 30, 11, 45, 'M W F', '12:00PM', 12, 0, '1:15PM', 13, 15, 'Not Reserved']
['AEC60', '87361', '20', '20', 'M W F', '10:30AM', 10, 30, 11, 45, 'M W F', '12:00PM', 12, 0, '1:15PM', 13, 15, 'Not Reserved']
['AEC60', '87362', '20', '20', 'M W F', '10:30AM', 10, 30, 11, 45, 'M W F', '12:00PM', 12, 0, '1:15PM', 13, 15, 'Not Reserved']
['AEC60', '87363', '20', '20', 'M W F', '10:30AM', 10, 30, 11, 45, 'M W F', '12:00PM', 12, 0, '1:15PM', 13, 15, 'Not Reserved']
['AEC60', '87364', '20', '20', 'M W F', '10:30AM', 10, 30, 11, 45, 'M W F', '12:00PM', 12, 0, '1:15PM', 13, 15, 'Not Reserved']
['AEC60', '89281', '20', '20', 'M W F', '1:30PM', 13, 30, 14, 45, 'T Th', '1:30PM', 13, 30, '2:45PM', 14, 45, 'Not Reserved']
['AEC61', '87376', '20', '20', 'T Th', '7:30AM', 7, 30, 8, 45, 'M W F', '9:00AM', 9, 0, '10:15AM', 10, 15, 'Not Reserved']
['AEC61', '87377', '20', '20', 'T Th', '7:30AM', 7, 30, 8, 45, 'M W F', '9:00AM', 9, 0, '10:15AM', 10, 15, 'Not Reserved']
['AEC61', '87378', '20', '20', 'T Th', '7:30AM', 7, 30, 8, 45, 'M W F', '9:00AM', 9, 0, '10:15AM', 10, 15, 'Not Reserved']
['AEC61', '87379', '20', '20', 'T Th', '7:30AM', 7, 30, 8, 45, 'M W F', '9:00AM', 9, 0, '10:15AM', 10, 15, 'Not Reserved']
['AEC61', '87380', '20', '20', 'T Th', '7:30AM', 7, 30, 8, 45, 'M W F', '9:00AM', 9, 0, '10:15AM', 10, 15, 'Not Reserved']
['AEC61', '87381', '20', '20', 'T Th', '7:30AM', 7, 30, 8, 45, 'M W F', '9:00AM', 9, 0, '10:15AM', 10, 15, 'Not Reserved']
['AEC61', '87382', '20', '20', 'T Th', '7:30AM', 7, 30, 8, 45, 'M W F', '9:00AM', 9, 0, '10:15AM', 10, 15, 'Not Reserved']
['AEC61', '87383', '20', '20', 'T Th', '7:30AM', 7, 30, 8, 45, 'M W F', '9:00AM', 9, 0, '10:15AM', 10, 15, 'Not Reserved']
['AEC61', '87384', '20', '20', 'T Th', '7:30AM', 7, 30, 8, 45, 'M W F', '9:00AM', 9, 0, '10:15AM', 10, 15, 'Not Reserved']
['AEC61', '87385', '20', '20', 'T Th', '7:30AM', 7, 30, 8, 45, 'M W F', '9:00AM', 9, 0, '10:15AM', 10, 15, 'Not Reserved']
['AEC61', '87386', '20', '20', 'T Th', '7:30AM', 7, 30, 8, 45, 'M W F', '9:00AM', 9, 0, '10:15AM', 10, 15, 'Not Reserved']
['AEC61', '87387', '20', '20', 'T Th', '7:30AM', 7, 30, 8, 45, 'M W F', '9:00AM', 9, 0, '10:15AM', 10, 15, 'Not Reserved']
['AEC61', '87388', '20', '20', 'T Th', '7:30AM', 7, 30, 8, 45, 'M W F', '9:00AM', 9, 0, '10:15AM', 10, 15, 'Not Reserved']
['AEC61', '87389', '20', '20', 'T Th', '7:30AM', 7, 30, 8, 45, 'M W F', '9:00AM', 9, 0, '10:15AM', 10, 15, 'Not Reserved']
['AEC61', '87390', '20', '20', 'T Th', '7:30AM', 7, 30, 8, 45, 'M W F', '9:00AM', 9, 0, '10:15AM', 10, 15, 'Not Reserved']
['AEC61', '87391', '20', '20', 'T Th', '7:30AM', 7, 30, 8, 45, 'M W F', '9:00AM', 9, 0, '10:15AM', 10, 15, 'Not Reserved']
['AEC61', '87392', '20', '20', 'T Th', '7:30AM', 7, 30, 8, 45, 'M W F', '9:00AM', 9, 0, '10:15AM', 10, 15, 'Not Reserved']
['AEC61', '87393', '20', '20', 'T Th', '7:30AM', 7, 30, 8, 45, 'M W F', '9:00AM', 9, 0, '10:15AM', 10, 15, 'Not Reserved']
['AEC61', '87394', '20', '20', 'T Th', '7:30AM', 7, 30, 8, 45, 'M W F', '9:00AM', 9, 0, '10:15AM', 10, 15, 'Not Reserved']
['AEC61', '87395', '20', '20', 'T Th', '7:30AM', 7, 30, 8, 45, 'M W F', '9:00AM', 9, 0, '10:15AM', 10, 15, 'Not Reserved']
['AEC61', '87396', '20', '20', 'T Th', '7:30AM', 7, 30, 8, 45, 'M W F', '9:00AM', 9, 0, '10:15AM', 10, 15, 'Not Reserved']
['AEC61', '87397', '20', '20', 'T Th', '7:30AM', 7, 30, 8, 45, 'M W F', '9:00AM', 9, 0, '10:15AM', 10, 15, 'Not Reserved']
['AEC61', '87398', '20', '20', 'T Th', '7:30AM', 7, 30, 8, 45, 'M W F', '9:00AM', 9, 0, '10:15AM', 10, 15, 'Not Reserved']
['AEC61', '87399', '20', '20', 'T Th', '7:30AM', 7, 30, 8, 45, 'M W F', '9:00AM', 9, 0, '10:15AM', 10, 15, 'Not Reserved']
['AEC61', '87400', '20', '20', 'T Th', '7:30AM', 7, 30, 8, 45, 'M W F', '9:00AM', 9, 0, '10:15AM', 10, 15, 'Not Reserved']
['AEC61', '87403', '20', '20', 'T Th', '7:30AM', 7, 30, 8, 45, 'M W F', '9:00AM', 9, 0, '10:15AM', 10, 15, 'Not Reserved']
['AEC61', '87404', '20', '20', 'T Th', '7:30AM', 7, 30, 8, 45, 'M W F', '9:00AM', 9, 0, '10:15AM', 10, 15, 'Not Reserved']
['AEC61', '87407', '20', '20', 'T Th', '7:30AM', 7, 30, 8, 45, 'M W F', '9:00AM', 9, 0, '10:15AM', 10, 15, 'Not Reserved']
['AEC61', '87419', '20', '20', 'T Th', '7:30AM', 7, 30, 8, 45, 'M W F', '9:00AM', 9, 0, '10:15AM', 10, 15, 'Not Reserved']
['AEC61', '87420', '20', '20', 'T Th', '7:30AM', 7, 30, 8, 45, 'M W F', '9:00AM', 9, 0, '10:15AM', 10, 15, 'Not Reserved']
['AEC61', '87421', '20', '20', 'T Th', '7:30AM', 7, 30, 8, 45, 'M W F', '9:00AM', 9, 0, '10:15AM', 10, 15, 'Not Reserved']
['AEC61', '87422', '20', '20', 'T Th', '7:30AM', 7, 30, 8, 45, 'M W F', '9:00AM', 9, 0, '10:15AM', 10, 15, 'Not Reserved']
['AEC61', '87423', '20', '20', 'T Th', '7:30AM', 7, 30, 8, 45, 'M W F', '9:00AM', 9, 0, '10:15AM', 10, 15, 'Not Reserved']
['AEC61', '87424', '20', '20', 'T Th', '7:30AM', 7, 30, 8, 45, 'M W F', '9:00AM', 9, 0, '10:15AM', 10, 15, 'Not Reserved']
['AEC61', '87425', '20', '20', 'T Th', '7:30AM', 7, 30, 8, 45, 'M W F', '9:00AM', 9, 0, '10:15AM', 10, 15, 'Not Reserved']
['AEC61', '87426', '20', '20', 'T Th', '7:30AM', 7, 30, 8, 45, 'M W F', '9:00AM', 9, 0, '10:15AM', 10, 15, 'Not Reserved']
['AEC61', '87427', '20', '20', 'T Th', '7:30AM', 7, 30, 8, 45, 'M W F', '9:00AM', 9, 0, '10:15AM', 10, 15, 'Not Reserved']
['AEC61', '87428', '20', '20', 'T Th', '7:30AM', 7, 30, 8, 45, 'M W F', '9:00AM', 9, 0, '10:15AM', 10, 15, 'Not Reserved']
['AEC61', '87429', '20', '20', 'T Th', '7:30AM', 7, 30, 8, 45, 'M W F', '9:00AM', 9, 0, '10:15AM', 10, 15, 'Not Reserved']
['AEC61', '87430', '20', '20', 'T Th', '7:30AM', 7, 30, 8, 45, 'M W F', '9:00AM', 9, 0, '10:15AM', 10, 15, 'Not Reserved']
['AEC61', '87431', '20', '20', 'T Th', '7:30AM', 7, 30, 8, 45, 'M W F', '9:00AM', 9, 0, '10:15AM', 10, 15, 'Not Reserved']
['AEC61', '87432', '20', '20', 'T Th', '7:30AM', 7, 30, 8, 45, 'M W F', '9:00AM', 9, 0, '10:15AM', 10, 15, 'Not Reserved']
['AEC61', '87433', '20', '20', 'T Th', '7:30AM', 7, 30, 8, 45, 'M W F', '9:00AM', 9, 0, '10:15AM', 10, 15, 'Not Reserved']
['AEC61', '87434', '20', '20', 'T Th', '7:30AM', 7, 30, 8, 45, 'M W F', '9:00AM', 9, 0, '10:15AM', 10, 15, 'Not Reserved']
['AEC61', '87440', '20', '20', 'T Th', '7:30AM', 7, 30, 8, 45, 'M W F', '9:00AM', 9, 0, '10:15AM', 10, 15, 'Not Reserved']
['AEC61', '87441', '20', '20', 'T Th', '7:30AM', 7, 30, 8, 45, 'M W F', '9:00AM', 9, 0, '10:15AM', 10, 15, 'Not Reserved']
['AEC61', '87442', '20', '20', 'T Th', '7:30AM', 7, 30, 8, 45, 'M W F', '9:00AM', 9, 0, '10:15AM', 10, 15, 'Not Reserved']
['AEC61', '87443', '20', '20', 'T Th', '7:30AM', 7, 30, 8, 45, 'M W F', '9:00AM', 9, 0, '10:15AM', 10, 15, 'Not Reserved']
['AEC61', '87444', '20', '20', 'T Th', '7:30AM', 7, 30, 8, 45, 'M W F', '9:00AM', 9, 0, '10:15AM', 10, 15, 'Not Reserved']
['AEC61', '87445', '20', '20', 'T Th', '7:30AM', 7, 30, 8, 45, 'M W F', '9:00AM', 9, 0, '10:15AM', 10, 15, 'Not Reserved']
['AEC61', '87446', '20', '20', 'T Th', '7:30AM', 7, 30, 8, 45, 'M W F', '9:00AM', 9, 0, '10:15AM', 10, 15, 'Not Reserved']
['AEC61', '87447', '20', '20', 'T Th', '7:30AM', 7, 30, 8, 45, 'M W F', '9:00AM', 9, 0, '10:15AM', 10, 15, 'Not Reserved']
['AEC61', '87448', '20', '20', 'T Th', '7:30AM', 7, 30, 8, 45, 'M W F', '9:00AM', 9, 0, '10:15AM', 10, 15, 'Not Reserved']
['AEC61', '87449', '20', '20', 'T Th', '7:30AM', 7, 30, 8, 45, 'M W F', '9:00AM', 9, 0, '10:15AM', 10, 15, 'Not Reserved']
['AEC61', '87450', '20', '20', 'T Th', '7:30AM', 7, 30, 8, 45, 'M W F', '9:00AM', 9, 0, '10:15AM', 10, 15, 'Not Reserved']
['AEC61', '87451', '20', '20', 'T Th', '7:30AM', 7, 30, 8, 45, 'M W F', '9:00AM', 9, 0, '10:15AM', 10, 15, 'Not Reserved']
['AEC61', '87453', '20', '20', 'T Th', '7:30AM', 7, 30, 8, 45, 'M W F', '9:00AM', 9, 0, '10:15AM', 10, 15, 'Not Reserved']
['AEC61', '87556', '20', '20', 'T Th', '7:30AM', 7, 30, 8, 45, 'M W F', '9:00AM', 9, 0, '10:15AM', 10, 15, 'Not Reserved']
['AEC61', '89251', '20', '20', 'M W F', '10:30AM', 10, 30, 11, 45, 'T Th', '10:30AM', 10, 30, '11:45AM', 11, 45, 'Not Reserved']
['AEC70', '87732', '20', '20', 'M W F', '12:00 PM', 12, 0, 13, 15, None, None, None, None, None, None, None, 'Not Reserved']
['AEC70', '88122', '20', '20', 'M W F', ' 1:30 PM', 13, 30, 14, 45, None, None, None, None, None, None, None, 'Not Reserved']
['AEC70', '87733', '20', '20', 'M W F', '12:00 PM', 12, 0, 13, 15, None, None, None, None, None, None, None, 'Not Reserved']
['AEC70', '88123', '20', '20', 'M W F', ' 1:30 PM', 13, 30, 14, 45, None, None, None, None, None, None, None, 'Not Reserved']
['AEC70', '87734', '20', '20', 'M W F', '12:00 PM', 12, 0, 13, 15, None, None, None, None, None, None, None, 'Not Reserved']
['AEC70', '88124', '20', '20', 'M W F', ' 1:30 PM', 13, 30, 14, 45, None, None, None, None, None, None, None, 'Not Reserved']
['AEC70', '87735', '20', '20', 'M W F', '12:00 PM', 12, 0, 13, 15, None, None, None, None, None, None, None, 'Not Reserved']
['AEC70', '88125', '20', '20', 'M W F', ' 1:30 PM', 13, 30, 14, 45, None, None, None, None, None, None, None, 'Not Reserved']
['AEC70', '87736', '20', '20', 'M W F', '12:00 PM', 12, 0, 13, 15, None, None, None, None, None, None, None, 'Not Reserved']
['AEC70', '88126', '20', '20', 'M W F', ' 1:30 PM', 13, 30, 14, 45, None, None, None, None, None, None, None, 'Not Reserved']
['AEC70', '87737', '20', '20', 'M W F', '12:00 PM', 12, 0, 13, 15, None, None, None, None, None, None, None, 'Not Reserved']
['AEC70', '88127', '20', '20', 'M W F', ' 1:30 PM', 13, 30, 14, 45, None, None, None, None, None, None, None, 'Not Reserved']
['AEC70', '87738', '20', '20', 'M W F', '12:00 PM', 12, 0, 13, 15, None, None, None, None, None, None, None, 'Not Reserved']
['AEC70', '88128', '20', '20', 'M W F', ' 1:30 PM', 13, 30, 14, 45, None, None, None, None, None, None, None, 'Not Reserved']
['AEC70', '87739', '20', '20', 'M W F', '12:00 PM', 12, 0, 13, 15, None, None, None, None, None, None, None, 'Not Reserved']
['AEC70', '88129', '20', '20', 'M W F', ' 1:30 PM', 13, 30, 14, 45, None, None, None, None, None, None, None, 'Not Reserved']
['AEC70', '87740', '20', '20', 'M W F', '12:00 PM', 12, 0, 13, 15, None, None, None, None, None, None, None, 'Not Reserved']
['AEC70', '88130', '20', '20', 'M W F', ' 1:30 PM', 13, 30, 14, 45, None, None, None, None, None, None, None, 'Not Reserved']
['AEC70', '87741', '20', '20', 'M W F', '12:00 PM', 12, 0, 13, 15, None, None, None, None, None, None, None, 'Not Reserved']
['AEC70', '88131', '20', '20', 'M W F', ' 1:30 PM', 13, 30, 14, 45, None, None, None, None, None, None, None, 'Not Reserved']
['AEC70', '87742', '20', '20', 'M W F', '12:00 PM', 12, 0, 13, 15, None, None, None, None, None, None, None, 'Not Reserved']
['AEC70', '88132', '20', '20', 'M W F', ' 1:30 PM', 13, 30, 14, 34, None, None, None, None, None, None, None, 'Not Reserved']
['AEC70', '87743', '20', '20', 'M W F', '12:00 PM', 12, 0, 13, 15, None, None, None, None, None, None, None, 'Not Reserved']
['AEC70', '88133', '20', '20', 'M W F', ' 1:30 PM', 13, 30, 14, 45, None, None, None, None, None, None, None, 'Not Reserved']
['AEC70', '87744', '20', '20', 'M W F', '12:00 PM', 12, 0, 13, 15, None, None, None, None, None, None, None, 'Not Reserved']
['AEC70', '88134', '20', '20', 'M W F', ' 1:30 PM', 13, 30, 14, 45, None, None, None, None, None, None, None, 'Not Reserved']
['AEC70', '87745', '20', '20', 'M W F', '12:00 PM', 12, 0, 13, 15, None, None, None, None, None, None, None, 'Not Reserved']
['AEC70', '88137', '20', '20', 'M W F', ' 1:30 PM', 13, 30, 14, 45, None, None, None, None, None, None, None, 'Not Reserved']
['AEC70', '87746', '20', '20', 'M W F', '12:00 PM', 12, 0, 13, 15, None, None, None, None, None, None, None, 'Not Reserved']
['AEC70', '88138', '20', '20', 'M W F', ' 1:30 PM', 13, 30, 14, 45, None, None, None, None, None, None, None, 'Not Reserved']
['AEC70', '87747', '20', '20', 'M W F', '12:00 PM', 12, 0, 13, 15, None, None, None, None, None, None, None, 'Not Reserved']
['AEC70', '88139', '20', '20', 'M W F', ' 1:30 PM', 13, 30, 14, 45, None, None, None, None, None, None, None, 'Not Reserved']
['AEC70', '87748', '20', '20', 'M W F', '12:00 PM', 12, 0, 13, 15, None, None, None, None, None, None, None, 'Not Reserved']
['AEC70', '88140', '20', '20', 'M W F', ' 1:30 PM', 13, 30, 14, 45, None, None, None, None, None, None, None, 'Not Reserved']
['AEC70', '87749', '20', '20', 'M W F', '12:00 PM', 12, 0, 13, 15, None, None, None, None, None, None, None, 'Not Reserved']
['AEC70', '88141', '20', '20', 'M W F', ' 1:30 PM', 13, 30, 14, 45, None, None, None, None, None, None, None, 'Not Reserved']
['AEC70', '87750', '20', '20', 'M W F', '12:00 PM', 12, 0, 13, 15, None, None, None, None, None, None, None, 'Not Reserved']
['AEC70', '88142', '20', '20', 'M W F', ' 1:30 PM', 13, 30, 14, 45, None, None, None, None, None, None, None, 'Not Reserved']
['AEC70', '87751', '20', '20', 'M W F', '12:00 PM', 12, 0, 13, 15, None, None, None, None, None, None, None, 'Not Reserved']
['AEC70', '88143', '20', '20', 'M W F', ' 1:30 PM', 13, 30, 14, 45, None, None, None, None, None, None, None, 'Not Reserved']
['AEC70', '87752', '20', '20', 'M W F', '12:00 PM', 12, 0, 13, 15, None, None, None, None, None, None, None, 'Not Reserved']
['AEC70', '88146', '20', '20', 'M W F', ' 1:30 PM', 13, 30, 14, 45, None, None, None, None, None, None, None, 'Not Reserved']
['AEC70', '87753', '20', '20', 'M W F', '12:00 PM', 12, 0, 13, 15, None, None, None, None, None, None, None, 'Not Reserved']
['AEC70', '88147', '20', '20', 'M W F', ' 1:30 PM', 13, 30, 14, 45, None, None, None, None, None, None, None, 'Not Reserved']
['AEC70', '87754', '20', '20', 'M W F', '12:00 PM', 12, 0, 13, 15, None, None, None, None, None, None, None, 'Not Reserved']
['AEC70', '88148', '20', '20', 'M W F', ' 1:30 PM', 13, 30, 14, 45, None, None, None, None, None, None, None, 'Not Reserved']
['AEC70', '87755', '20', '20', 'M W F', '12:00 PM', 12, 0, 13, 15, None, None, None, None, None, None, None, 'Not Reserved']
['AEC70', '88149', '20', '20', 'M W F', ' 1:30 PM', 13, 30, 14, 45, None, None, None, None, None, None, None, 'Not Reserved']
['AEC70', '87756', '20', '20', 'M W F', '12:00 PM', 12, 0, 13, 15, None, None, None, None, None, None, None, 'Not Reserved']
['AEC70', '88150', '20', '20', 'M W F', ' 1:30 PM', 13, 30, 14, 45, None, None, None, None, None, None, None, 'Not Reserved']
['AEC70', '89283', '20', '20', 'M W F', ' 1:30 PM', 13, 30, 14, 45, None, None, None, None, None, None, None, 'Not Reserved']
['AEC70', '89284', '20', '20', 'T Th', ' 1:30 PM', 13, 30, 14, 45, None, None, None, None, None, None, None, 'Not Reserved']
['AEC70', '87763', '20', '20', 'M W F', '12:00 PM', 12, 0, 13, 15, None, None, None, None, None, None, None, 'Not Reserved']
['AEC70', '88159', '20', '20', 'M W F', ' 1:30 PM', 13, 30, 14, 30, None, None, None, None, None, None, None, 'Not Reserved']
['AEC70', '87764', '20', '20', 'M W F', '12:00 PM', 12, 0, 13, 15, None, None, None, None, None, None, None, 'Not Reserved']
['AEC70', '88160', '20', '20', 'M W F', ' 1:30 PM', 13, 30, 14, 45, None, None, None, None, None, None, None, 'Not Reserved']
['AEC70', '87765', '20', '20', 'M W F', '12:00 PM', 12, 0, 13, 15, None, None, None, None, None, None, None, 'Not Reserved']
['AEC70', '88161', '20', '20', 'M W F', ' 1:30 PM', 13, 30, 14, 45, None, None, None, None, None, None, None, 'Not Reserved']
['AEC70', '87766', '20', '20', 'M W F', '12:00 PM', 12, 0, 13, 15, None, None, None, None, None, None, None, 'Not Reserved']
['AEC70', '88162', '20', '20', 'M W F', ' 1:30 PM', 13, 30, 14, 45, None, None, None, None, None, None, None, 'Not Reserved']
['AEC70', '87767', '20', '20', 'M W F', '12:00 PM', 12, 0, 13, 15, None, None, None, None, None, None, None, 'Not Reserved']
['AEC70', '88163', '20', '20', 'M W F', ' 1:30 PM', 13, 30, 14, 45, None, None, None, None, None, None, None, 'Not Reserved']
['AEC70', '87768', '20', '20', 'M W F', '12:00 PM', 12, 0, 13, 15, None, None, None, None, None, None, None, 'Not Reserved']
['AEC70', '88164', '20', '20', 'M W F', ' 1:30 PM', 13, 30, 14, 45, None, None, None, None, None, None, None, 'Not Reserved']
['AEC70', '87769', '20', '20', 'M W F', '12:00 PM', 12, 0, 13, 15, None, None, None, None, None, None, None, 'Not Reserved']
['AEC70', '88165', '20', '20', 'M W F', ' 1:30 PM', 13, 30, 14, 45, None, None, None, None, None, None, None, 'Not Reserved']
['AEC70', '87770', '20', '20', 'M W F', '12:00 PM', 12, 0, 13, 15, None, None, None, None, None, None, None, 'Not Reserved']
['AEC70', '88166', '20', '20', 'M W F', ' 1:30 PM', 13, 30, 14, 45, None, None, None, None, None, None, None, 'Not Reserved']
['AEC70', '87771', '20', '20', 'M W F', '12:00 PM', 12, 0, 13, 15, None, None, None, None, None, None, None, 'Not Reserved']
['AEC70', '88167', '20', '20', 'M W F', ' 1:30 PM', 13, 30, 14, 45, None, None, None, None, None, None, None, 'Not Reserved']
['AEC70', '87772', '20', '20', 'M W F', '12:00 PM', 12, 0, 13, 15, None, None, None, None, None, None, None, 'Not Reserved']
['AEC70', '88168', '20', '20', 'M W F', ' 1:30 PM', 13, 30, 14, 45, None, None, None, None, None, None, None, 'Not Reserved']
['AEC70', '87773', '20', '20', 'M W F', '12:00 PM', 12, 0, 13, 15, None, None, None, None, None, None, None, 'Not Reserved']
['AEC70', '88169', '20', '20', 'M W F', ' 1:30 PM', 13, 30, 14, 45, None, None, None, None, None, None, None, 'Not Reserved']
['AEC70', '87774', '20', '20', 'M W F', '12:00 PM', 12, 0, 13, 15, None, None, None, None, None, None, None, 'Not Reserved']
['AEC70', '88170', '20', '20', 'M W F', ' 1:30 PM', 13, 30, 14, 45, None, None, None, None, None, None, None, 'Not Reserved']
['AEC70', '87775', '20', '20', 'M W F', '12:00 PM', 12, 0, 13, 15, None, None, None, None, None, None, None, 'Not Reserved']
['AEC70', '88173', '20', '20', 'M W F', ' 1:30 PM', 13, 30, 14, 45, None, None, None, None, None, None, None, 'Not Reserved']
['AEC70', '87776', '20', '20', 'M W F', '12:00 PM', 12, 0, 13, 15, None, None, None, None, None, None, None, 'Not Reserved']
['AEC70', '88174', '20', '20', 'M W F', ' 1:30 PM', 13, 30, 14, 45, None, None, None, None, None, None, None, 'Not Reserved']
['AEC70', '87777', '20', '20', 'M W F', '12:00 PM', 12, 0, 13, 15, None, None, None, None, None, None, None, 'Not Reserved']
['AEC70', '88175', '20', '20', 'M W F', ' 1:30 PM', 13, 30, 14, 45, None, None, None, None, None, None, None, 'Not Reserved']
['AEC70', '87778', '20', '20', 'M W F', '12:00 PM', 12, 0, 13, 15, None, None, None, None, None, None, None, 'Not Reserved']
['AEC70', '88176', '20', '20', 'M W F', ' 1:30 PM', 13, 30, 14, 45, None, None, None, None, None, None, None, 'Not Reserved']
['AEC70', '87779', '20', '20', 'M W F', '12:00 PM', 12, 0, 13, 15, None, None, None, None, None, None, None, 'Not Reserved']
['AEC70', '88177', '20', '20', 'M W F', ' 1:30 PM', 13, 30, 14, 45, None, None, None, None, None, None, None, 'Not Reserved']
['AEC70', '87780', '20', '20', 'M W F', '12:00 PM', 12, 0, 13, 15, None, None, None, None, None, None, None, 'Not Reserved']
Loading Subject:  AEE
['AEE325', '79303', '25', '70', 'T Th', ' 1:30 PM', 13, 30, 14, 45, None, None, None, None, None, None, None, 'Reserved']
['AEE325', '79304', '1', '10', 'F', ' 9:45 AM', 9, 45, 11, 40, None, None, None, None, None, None, None, 'Not Reserved']
['AEE325', '79306', '4', '10', 'F', ' 2:00 PM', 14, 0, 15, 55, None, None, None, None, None, None, None, 'Not Reserved']
['AEE325', '79308', '7', '10', 'T', ' 5:00 PM', 17, 0, 18, 55, None, None, None, None, None, None, None, 'Not Reserved']
['AEE325', '79311', '8', '10', 'Th', ' 5:00 PM', 17, 0, 18, 55, None, None, None, None, None, None, None, 'Not Reserved']
['AEE325', '79313', '5', '10', 'M', ' 4:30 PM', 16, 30, 18, 25, None, None, None, None, None, None, None, 'Not Reserved']
['AEE360', '79374', '4', '20', 'W', ' 9:00 AM', 9, 0, 10, 55, None, None, None, None, None, None, None, 'Not Reserved']
['AEE325', '79303', '25', '70', 'T Th', ' 1:30 PM', 13, 30, 14, 45, None, None, None, None, None, None, None, 'Reserved']
['AEE325', '79304', '1', '10', 'F', ' 9:45 AM', 9, 45, 11, 40, None, None, None, None, None, None, None, 'Not Reserved']
['AEE325', '79306', '4', '10', 'F', ' 2:00 PM', 14, 0, 15, 55, None, None, None, None, None, None, None, 'Not Reserved']
['AEE325', '79308', '7', '10', 'T', ' 5:00 PM', 17, 0, 18, 55, None, None, None, None, None, None, None, 'Not Reserved']
['AEE325', '79311', '8', '10', 'Th', ' 5:00 PM', 17, 0, 18, 55, None, None, None, None, None, None, None, 'Not Reserved']
['AEE325', '79313', '5', '10', 'M', ' 4:30 PM', 16, 30, 18, 25, None, None, None, None, None, None, None, 'Not Reserved']
['AEE360', '79374', '4', '20', 'W', ' 9:00 AM', 9, 0, 10, 55, None, None, None, None, None, None, None, 'Not Reserved']
Loading Subject:  AEP
Loading Subject:  AES
['AES302', '78586', '85', '96', 'Th', ' 6:00 AM', 6, 0, 8, 0, None, None, None, None, None, None, None, 'Not Reserved']
['AES402', '78590', '83', '96', 'Th', ' 6:00 AM', 6, 0, 8, 0, None, None, None, None, None, None, None, 'Not Reserved']
Loading Subject:  AET
Loading Subject:  AFR
['AFR215', '82861', '34', '80', 'T Th', '12:00 PM', 12, 0, 13, 15, None, None, None, None, None, None, None, 'Not Reserved']
['AFR300', '89747', '17', '30', 'T Th', '12:00 PM', 12, 0, 13, 15, None, None, None, None, None, None, None, 'Not Reserved']
['AFR336', '89960', '15', '25', 'ONLINE', None, None, None, None, None, None, None, None, None, None, None, None, 'Not Reserved']
['AFR375', '76490', '46', '60', 'ONLINE', None, None, None, None, None, None, None, None, None, None, None, None, 'Reserved']
['AFR375', '76876', '120', '132', 'T Th', ' 7:30 AM', 7, 30, 8, 45, None, None, None, None, None, None, None, 'Not Reserved']
['AFR394', '82866', '17', '20', 'ONLINE', None, None, None, None, None, None, None, None, None, None, None, None, 'Not Reserved']
['AFR493', '77494', '10', '10', 'ONLINE', None, None, None, None, None, None, None, None, None, None, None, None, 'Reserved']
['AFR499', '77496', '5', '5', 'ONLINE', None, None, None, None, None, None, None, None, None, None, None, None, 'Not Reserved']
Loading Subject:  AGB
['AGB100', '74473', '25', '30', 'M W', ' 3:00 PM', 15, 0, 16, 15, None, None, None, None, None, None, None, 'Not Reserved']
['AGB294', '77683', '25', '30', 'ONLINE', None, None, None, None, None, None, None, None, None, None, None, None, 'Reserved']
['AGB302', '74893', '33', '60', 'M', ' 6:00 PM', 18, 0, 20, 45, None, None, None, None, None, None, None, 'Not Reserved']
['AGB302', '74894', '57', '60', 'M W', ' 3:00 PM', 15, 0, 16, 15, None, None, None, None, None, None, None, 'Not Reserved']
['AGB321', '90294', '35', '40', 'T Th', '10:30 AM', 10, 30, 11, 45, None, None, None, None, None, None, None, 'Not Reserved']
['AGB333', '90295', '27', '30', 'T Th', ' 1:30 PM', 13, 30, 14, 45, None, None, None, None, None, None, None, 'Not Reserved']
['AGB394', '90821', '28', '30', 'T Th', ' 9:00 AM', 9, 0, 10, 15, None, None, None, None, None, None, None, 'Not Reserved']
['AGB410', '81889', '24', '30', 'T', ' 6:00 PM', 18, 0, 20, 45, None, None, None, None, None, None, None, 'Not Reserved']
['AGB435', '77520', '17', '30', 'ONLINE', None, None, None, None, None, None, None, None, None, None, None, None, 'Reserved']
['AGB452', '90720', '22', '22', 'T Th', ' 1:30 PM', 13, 30, 14, 45, None, None, None, None, None, None, None, 'Not Reserved']
['AGB456', '80882', '22', '30', 'ONLINE', None, None, None, None, None, None, None, None, None, None, None, None, 'Reserved']
['AGB481', '90783', '45', '50', 'ONLINE', None, None, None, None, None, None, None, None, None, None, None, None, 'Not Reserved']
['AGB484', '74475', '30', '30', 'ONLINE', None, None, None, None, None, None, None, None, None, None, None, None, 'Not Reserved']
['AGB492', '81867', '10', '10', 'ONLINE', None, None, None, None, None, None, None, None, None, None, None, None, 'Not Reserved']
['AGB493', '77721', '3', '3', 'ONLINE', None, None, None, None, None, None, None, None, None, None, None, None, 'Not Reserved']
['AGB499', '74476', '30', '30', 'ONLINE', None, None, None, None, None, None, None, None, None, None, None, None, 'Not Reserved']
['AGB595', '74477', '10', '10', 'ONLINE', None, None, None, None, None, None, None, None, None, None, None, None, 'Not Reserved']
['AGB701', '89741', '22', '22', 'M', ' 1:00 PM', 13, 0, 15, 45, None, None, None, None, None, None, None, 'Not Reserved']
['AGB790', '89458', '10', '10', 'ONLINE', None, None, None, None, None, None, None, None, None, None, None, None, 'Not Reserved']
['AGB791', '90785', '9', '10', 'F', '10:30 AM', 10, 30, 13, 15, None, None, None, None, None, None, None, 'Not Reserved']
['AGB792', '89462', '10', '10', 'ONLINE', None, None, None, None, None, None, None, None, None, None, None, None, 'Not Reserved']
['AGB799', '89464', '10', '10', 'ONLINE', None, None, None, None, None, None, None, None, None, None, None, None, 'Not Reserved']
Loading Subject:  AIS
['AIS180', '77145', '37', '50', 'ONLINE', None, None, None, None, None, None, None, None, None, None, None, None, 'Reserved']
['AIS194', '79063', '15', '25', 'M', ' 6:00 PM', 18, 0, 20, 45, None, None, None, None, None, None, None, 'Not Reserved']
['AIS394', '79071', '19', '25', 'W', ' 6:00 PM', 18, 0, 20, 45, None, None, None, None, None, None, None, 'Not Reserved']
['AIS493', '83962', '5', '5', 'ONLINE', None, None, None, None, None, None, None, None, None, None, None, None, 'Not Reserved']
['AIS494', '89403', '13', '15', 'M', ' 4:30 PM', 16, 30, 19, 15, None, None, None, None, None, None, None, 'Not Reserved']
['AIS501', '78008', '19', '20', 'W', ' 6:00 PM', 18, 0, 20, 45, None, None, None, None, None, None, None, 'Not Reserved']
['AIS502', '81945', '20', '20', 'T', ' 6:00 PM', 18, 0, 20, 45, None, None, None, None, None, None, None, 'Not Reserved']
['AIS512', '81949', '19', '20', 'Th', ' 6:00 PM', 18, 0, 20, 30, None, None, None, None, None, None, None, 'Not Reserved']
Loading Subject:  ALA
['ALA100', '76503', '116', '200', 'ONLINE', None, None, None, None, None, None, None, None, None, None, None, None, 'Reserved']
['ALA100', '76505', '185', '200', 'ONLINE', None, None, None, None, None, None, None, None, None, None, None, None, 'Reserved']
['ALA100', '78709', '344', '438', 'T Th', '3:00PM', 15, 0, 16, 15, '', '', None, None, '', None, None, 'Not Reserved']
['ALA102', '86867', '234', '265', 'T Th', ' 1:30 PM', 13, 30, 14, 45, None, None, None, None, None, None, None, 'Not Reserved']
['ALA121', '85401', '15', '15', 'T Th', ' 9:25 AM', 9, 25, 11, 5, None, None, None, None, None, None, None, 'Not Reserved']
['ALA121', '85641', '15', '15', 'T Th', ' 9:25 AM', 9, 25, 11, 5, None, None, None, None, None, None, None, 'Not Reserved']
['ALA225', '76224', '20', '20', 'M W', ' 8:30 AM', 8, 30, 11, 5, None, None, None, None, None, None, None, 'Not Reserved']
['ALA225', '90320', '30', '30', 'M W', ' 8:30 AM', 8, 30, 11, 5, None, None, None, None, None, None, None, 'Not Reserved']
['ALA235', '70474', '79', '80', 'M', '12:00 PM', 12, 0, 12, 50, None, None, None, None, None, None, None, 'Not Reserved']
['ALA235', '70475', '19', '20', 'M', ' 1:00 PM', 13, 0, 14, 15, None, None, None, None, None, None, None, 'Not Reserved']
['ALA235', '70476', '20', '20', 'M', ' 2:30 PM', 14, 30, 15, 45, None, None, None, None, None, None, None, 'Not Reserved']
['ALA235', '70477', '20', '20', 'M', ' 4:00 PM', 16, 0, 17, 15, None, None, None, None, None, None, None, 'Not Reserved']
Loading Subject:  ALD
Loading Subject:  ALT
['ALT502', '83602', '20', '25', 'T Th', ' 9:00 AM', 9, 0, 10, 15, None, None, None, None, None, None, None, 'Not Reserved']
['ALT502', '83602', '20', '25', 'T Th', ' 9:00 AM', 9, 0, 10, 15, None, None, None, None, None, None, None, 'Not Reserved']
Loading Subject:  AME
['AME101', '85724', '17', '19', 'M', '1:30PM', 13, 30, 14, 45, 'M', '1:30PM', 13, 30, '2:45PM', 14, 45, 'Not Reserved']
['AME101', '85725', '15', '19', 'M', '3:00PM', 15, 0, 16, 15, 'M', '3:00PM', 15, 0, '4:15PM', 16, 15, 'Not Reserved']
['AME101', '85726', '19', '19', 'W', '1:30PM', 13, 30, 14, 45, 'W', '1:30PM', 13, 30, '2:45PM', 14, 45, 'Not Reserved']
['AME101', '85727', '16', '19', 'W', '3:00PM', 15, 0, 16, 15, 'W', '3:00PM', 15, 0, '4:15PM', 16, 15, 'Not Reserved']
['AME101', '85723', '67', '76', 'M', '<span', None, None, None, None, 'M', '</span3:00PM', None, None, '4:15PM', None, None, 'Not Reserved']
['AME111', '79759', '70', '100', 'T', '12:00PM', 12, 0, 13, 15, '', '12:00AM', None, None, '12:00AM', None, None, 'Not Reserved']
['AME111', '88666', '55', '100', 'T', '1:30PM', 13, 30, 14, 15, '', '12:00AM', None, None, '12:00AM', None, None, 'Not Reserved']
['AME130', '88647', '49', '100', 'M W', '12:00 PM', 12, 0, 13, 15, None, None, None, None, None, None, None, 'Not Reserved']
['AME220', '90601', '54', '75', 'M W', '10:30 AM', 10, 30, 11, 45, None, None, None, None, None, None, None, 'Not Reserved']
['AME294', '90589', '6', '30', 'T Th', ' 9:00 AM', 9, 0, 10, 15, None, None, None, None, None, None, None, 'Not Reserved']
['AME294', '82919', '35', '75', 'M W', ' 1:30 PM', 13, 30, 14, 45, None, None, None, None, None, None, None, 'Not Reserved']
['AME385', '80156', '6', '20', 'T', '3:00PM', 15, 0, 18, 0, 'Th', '3:00PM', 15, 0, '4:00PM', 16, 0, 'Not Reserved']
['AME385', '90851', '10', '20', 'T', '3:00PM', 15, 0, 18, 0, 'Th', '3:00PM', 15, 0, '4:00PM', 16, 0, 'Not Reserved']
['AME386', '80175', '11', '20', 'T', '3:00PM', 15, 0, 18, 0, 'Th', '3:00PM', 15, 0, '4:00PM', 16, 0, 'Not Reserved']
['AME386', '82826', '15', '20', 'T', '3:00PM', 15, 0, 18, 0, 'Th', '3:00PM', 15, 0, '4:00PM', 16, 0, 'Not Reserved']
['AME386', '90852', '16', '20', 'T', '3:00PM', 15, 0, 18, 0, 'Th', '3:00PM', 15, 0, '4:00PM', 16, 0, 'Not Reserved']
['AME394', '82930', '28', '50', 'T Th', '1:30PM', 13, 30, 14, 45, 'F', '12:00PM', 12, 0, '1:00PM', 13, 0, 'Not Reserved']
['AME484', '80176', '30', '30', 'ONLINE', None, None, None, None, None, None, None, None, None, None, None, None, 'Not Reserved']
['AME485', '80101', '14', '20', 'T', '3:00PM', 15, 0, 18, 0, 'Th', '3:00PM', 15, 0, '4:00PM', 16, 0, 'Not Reserved']
['AME485', '90853', '9', '20', 'T', '3:00PM', 15, 0, 18, 0, 'Th', '3:00PM', 15, 0, '4:00PM', 16, 0, 'Not Reserved']
['AME486', '80102', '11', '20', 'T', '3:00PM', 15, 0, 18, 0, 'Th', '3:00PM', 15, 0, '4:00PM', 16, 0, 'Not Reserved']
['AME486', '80103', '14', '15', 'T', '3:00PM', 15, 0, 18, 0, 'Th', '3:00PM', 15, 0, '4:00PM', 16, 0, 'Not Reserved']
['AME486', '90854', '15', '15', 'T', '3:00PM', 15, 0, 18, 0, 'Th', '3:00PM', 15, 0, '4:00PM', 16, 0, 'Not Reserved']
['AME492', '82931', '30', '30', 'ONLINE', None, None, None, None, None, None, None, None, None, None, None, None, 'Not Reserved']
['AME493', '82853', '29', '30', 'ONLINE', None, None, None, None, None, None, None, None, None, None, None, None, 'Not Reserved']
['AME494', '91332', '12', '30', 'T Th', ' 1:30 PM', 13, 30, 14, 45, None, None, None, None, None, None, None, 'Not Reserved']
['AME499', '80177', '29', '30', 'ONLINE', None, None, None, None, None, None, None, None, None, None, None, None, 'Not Reserved']
['AME530', '83491', '4', '10', 'W', ' 3:00 PM', 15, 0, 17, 0, None, None, None, None, None, None, None, 'Not Reserved']
['AME532', '83493', '12', '15', 'M W', '10:30 AM', 10, 30, 11, 45, None, None, None, None, None, None, None, 'Not Reserved']
['AME598', '83492', '9', '10', 'M W', ' 3:00 PM', 15, 0, 16, 15, None, None, None, None, None, None, None, 'Not Reserved']
['AME598', '91334', '30', '30', 'T Th', ' 1:30 PM', 13, 30, 14, 45, None, None, None, None, None, None, None, 'Not Reserved']
['AME599', '91670', '29', '30', 'ONLINE', None, None, None, None, None, None, None, None, None, None, None, None, 'Not Reserved']
['AME795', '80602', '30', '30', 'ONLINE', None, None, None, None, None, None, None, None, None, None, None, None, 'Not Reserved']
Loading Subject:  AML
['AML100', '80823', '8', '15', 'T Th', '10:30 AM', 10, 30, 11, 45, None, None, None, None, None, None, None, 'Not Reserved']
Loading Subject:  AMS
['AMS502', '90500', '14', '15', 'W', ' 3:00 PM', 15, 0, 17, 30, None, None, None, None, None, None, None, 'Not Reserved']
['AMS330', '86254', '30', '40', 'T Th', ' 1:30 PM', 13, 30, 14, 45, None, None, None, None, None, None, None, 'Not Reserved']
['AMS490', '70478', '14', '15', 'F', ' 1:30 PM', 13, 30, 14, 45, None, None, None, None, None, None, None, 'Not Reserved']
Loading Subject:  AMT
['AMT101', '82058', '29', '60', 'M', ' 4:30 PM', 16, 30, 17, 20, None, None, None, None, None, None, None, 'Not Reserved']
['AMT105', '78192', '54', '60', 'T', '4:30PM', 16, 30, 17, 20, '', '', None, None, '', None, None, 'Not Reserved']
['AMT110', '78193', '54', '60', 'T', '4:30PM', 16, 30, 17, 20, '', '', None, None, '', None, None, 'Not Reserved']
['AMT150', '78195', '52', '60', 'T', '4:30PM', 16, 30, 17, 20, '', '', None, None, '', None, None, 'Not Reserved']
['AMT170', '81419', '23', '30', 'ONLINE', None, None, None, None, None, None, None, None, None, None, None, None, 'Reserved']
['AMT205', '78393', '51', '60', 'T', '4:30PM', 16, 30, 17, 20, '', '', None, None, '', None, None, 'Not Reserved']
['AMT210', '78394', '57', '60', 'T', '4:30PM', 16, 30, 17, 20, '', '', None, None, '', None, None, 'Not Reserved']
['AMT222', '78003', '11', '11', 'T Th', '10:30 AM', 10, 30, 11, 45, None, None, None, None, None, None, None, 'Not Reserved']
['AMT250', '78395', '54', '60', 'T', '4:30PM', 16, 30, 17, 20, '', '', None, None, '', None, None, 'Not Reserved']
['AMT287', '80594', '1', '21', 'T', ' 1:00 PM', 13, 0, 15, 45, None, None, None, None, None, None, None, 'Not Reserved']
['AMT305', '78402', '52', '60', 'T', '4:30PM', 16, 30, 17, 20, '', '', None, None, '', None, None, 'Not Reserved']
['AMT310', '78403', '57', '60', 'T', '4:30PM', 16, 30, 17, 20, '', '', None, None, '', None, None, 'Not Reserved']
['AMT350', '80422', '16', '25', 'Th', ' 1:30 PM', 13, 30, 14, 45, None, None, None, None, None, None, None, 'Not Reserved']
['AMT382', '76317', '9', '15', 'M W', ' 1:30 PM', 13, 30, 14, 45, None, None, None, None, None, None, None, 'Not Reserved']
['AMT456', '90887', '5', '30', 'ONLINE', None, None, None, None, None, None, None, None, None, None, None, None, 'Reserved']
['AMT541', '86270', '26', '30', 'T', ' 6:00 PM', 18, 0, 20, 45, None, None, None, None, None, None, None, 'Not Reserved']
['AMT570', '86271', '23', '30', 'ONLINE', None, None, None, None, None, None, None, None, None, None, None, None, 'Reserved']
['AMT101', '82058', '29', '60', 'M', ' 4:30 PM', 16, 30, 17, 20, None, None, None, None, None, None, None, 'Not Reserved']
['AMT105', '78192', '54', '60', 'T', '4:30PM', 16, 30, 17, 20, '', '', None, None, '', None, None, 'Not Reserved']
['AMT110', '78193', '54', '60', 'T', '4:30PM', 16, 30, 17, 20, '', '', None, None, '', None, None, 'Not Reserved']
['AMT150', '78195', '52', '60', 'T', '4:30PM', 16, 30, 17, 20, '', '', None, None, '', None, None, 'Not Reserved']
['AMT170', '81419', '23', '30', 'ONLINE', None, None, None, None, None, None, None, None, None, None, None, None, 'Reserved']
['AMT205', '78393', '51', '60', 'T', '4:30PM', 16, 30, 17, 20, '', '', None, None, '', None, None, 'Not Reserved']
['AMT210', '78394', '57', '60', 'T', '4:30PM', 16, 30, 17, 20, '', '', None, None, '', None, None, 'Not Reserved']
['AMT222', '78003', '11', '11', 'T Th', '10:30 AM', 10, 30, 11, 45, None, None, None, None, None, None, None, 'Not Reserved']
['AMT250', '78395', '54', '60', 'T', '4:30PM', 16, 30, 17, 20, '', '', None, None, '', None, None, 'Not Reserved']
['AMT287', '80594', '1', '21', 'T', ' 1:00 PM', 13, 0, 15, 45, None, None, None, None, None, None, None, 'Not Reserved']
['AMT305', '78402', '52', '60', 'T', '4:30PM', 16, 30, 17, 20, '', '', None, None, '', None, None, 'Not Reserved']
['AMT310', '78403', '57', '60', 'T', '4:30PM', 16, 30, 17, 20, '', '', None, None, '', None, None, 'Not Reserved']
['AMT350', '80422', '16', '25', 'Th', ' 1:30 PM', 13, 30, 14, 45, None, None, None, None, None, None, None, 'Not Reserved']
['AMT382', '76317', '9', '15', 'M W', ' 1:30 PM', 13, 30, 14, 45, None, None, None, None, None, None, None, 'Not Reserved']
['AMT456', '90887', '5', '30', 'ONLINE', None, None, None, None, None, None, None, None, None, None, None, None, 'Reserved']
['AMT541', '86270', '26', '30', 'T', ' 6:00 PM', 18, 0, 20, 45, None, None, None, None, None, None, None, 'Not Reserved']
['AMT570', '86271', '23', '30', 'ONLINE', None, None, None, None, None, None, None, None, None, None, None, None, 'Reserved']
Loading Subject:  ANB
Loading Subject:  ANP
Loading Subject:  APA
['APA200', '79722', '40', '75', 'T', '1:30PM', 13, 30, 14, 45, '', '12:00AM', None, None, '12:00AM', None, None, 'Not Reserved']
['APA210', '89936', '1', '20', 'T', '1:30PM', 13, 30, 14, 45, '', '12:00AM', None, None, '12:00AM', None, None, 'Not Reserved']
['APA210', '89937', '7', '10', 'Th', '1:30PM', 13, 30, 14, 45, '', '12:00AM', None, None, '12:00AM', None, None, 'Not Reserved']
['APA360', '89939', '42', '45', 'M W', ' 3:00 PM', 15, 0, 16, 15, None, None, None, None, None, None, None, 'Not Reserved']
['APA394', '90021', '32', '33', 'T Th', '12:00 PM', 12, 0, 13, 15, None, None, None, None, None, None, None, 'Not Reserved']
Loading Subject:  APH
['APH300', '76281', '48', '90', 'T Th', '12:00 PM', 12, 0, 13, 15, None, None, None, None, None, None, None, 'Not Reserved']
['APH305', '87366', '11', '80', 'T Th', ' 3:00 PM', 15, 0, 16, 15, None, None, None, None, None, None, None, 'Not Reserved']
['APH313', '86905', '93', '135', 'T Th', ' 4:30 PM', 16, 30, 17, 45, None, None, None, None, None, None, None, 'Not Reserved']
['APH492', '73029', '5', '5', 'ONLINE', None, None, None, None, None, None, None, None, None, None, None, None, 'Not Reserved']
['APH494', '90185', '3', '9', 'T Th', '10:30 AM', 10, 30, 11, 45, None, None, None, None, None, None, None, 'Not Reserved']
['APH598', '90186', '9', '9', 'T Th', '10:30 AM', 10, 30, 11, 45, None, None, None, None, None, None, None, 'Not Reserved']
Loading Subject:  APL
['APL555', '89818', '4', '15', 'T Th', '12:00 PM', 12, 0, 13, 15, None, None, None, None, None, None, None, 'Not Reserved']
['APL588', '88783', '5', '5', 'M', ' 4:30 PM', 16, 30, 19, 15, None, None, None, None, None, None, None, 'Not Reserved']
['APL591', '89823', '18', '20', 'T', ' 4:30 PM', 16, 30, 19, 15, None, None, None, None, None, None, None, 'Not Reserved']
['APL784', '76471', '20', '20', 'ONLINE', None, None, None, None, None, None, None, None, None, None, None, None, 'Not Reserved']
['APL790', '77870', '20', '20', 'ONLINE', None, None, None, None, None, None, None, None, None, None, None, None, 'Not Reserved']
['APL792', '77871', '20', '20', 'ONLINE', None, None, None, None, None, None, None, None, None, None, None, None, 'Not Reserved']
['APL795', '77872', '20', '20', 'ONLINE', None, None, None, None, None, None, None, None, None, None, None, None, 'Not Reserved']
['APL799', '76457', '20', '20', 'ONLINE', None, None, None, None, None, None, None, None, None, None, None, None, 'Not Reserved']
Loading Subject:  APM
['APM503', '77418', '18', '30', 'T Th', ' 1:30 PM', 13, 30, 14, 45, None, None, None, None, None, None, None, 'Not Reserved']
['APM505', '77544', '15', '35', 'T Th', ' 9:00 AM', 9, 0, 10, 15, None, None, None, None, None, None, None, 'Not Reserved']
['APM523', '77545', '10', '30', 'T Th', ' 3:00 PM', 15, 0, 16, 15, None, None, None, None, None, None, None, 'Not Reserved']
['APM560', '79777', '29', '35', 'T Th', ' 9:00 AM', 9, 0, 10, 15, None, None, None, None, None, None, None, 'Not Reserved']
['APM799', '80589', '30', '30', 'ONLINE', None, None, None, None, None, None, None, None, None, None, None, None, 'Not Reserved']
Loading Subject:  ARA
['ARA101', '79945', '12', '19', 'F', '10:30 AM', 10, 30, 11, 20, None, None, None, None, None, None, None, 'Not Reserved']
['ARA101', '79946', '15', '19', 'F', '10:30 AM', 10, 30, 11, 20, None, None, None, None, None, None, None, 'Not Reserved']
['ARA101', '81745', '19', '19', 'F', ' 1:30 PM', 13, 30, 14, 20, None, None, None, None, None, None, None, 'Not Reserved']
['ARA101', '79944', '109', '120', 'T', ' 6:00 PM', 18, 0, 20, 45, None, None, None, None, None, None, None, 'Not Reserved']
['ARA110', '73687', '14', '15', 'M W', ' 7:30 AM', 7, 30, 10, 15, None, None, None, None, None, None, None, 'Not Reserved']
['ARA218', '83759', '23', '25', 'W', ' 4:30 PM', 16, 30, 19, 15, None, None, None, None, None, None, None, 'Not Reserved']
['ARA394', '72542', '30', '30', 'ONLINE', None, None, None, None, None, None, None, None, None, None, None, None, 'Not Reserved']
['ARA394', '73661', '11', '20', 'T Th', ' 9:00 AM', 9, 0, 10, 15, None, None, None, None, None, None, None, 'Not Reserved']
['ARA396', '78803', '215', '250', 'T Th', ' 3:00 PM', 15, 0, 16, 15, None, None, None, None, None, None, None, 'Not Reserved']
['ARA484', '85913', '30', '30', 'ONLINE', None, None, None, None, None, None, None, None, None, None, None, None, 'Not Reserved']
['ARA489', '79899', '2', '15', 'T', ' 4:30 PM', 16, 30, 19, 15, None, None, None, None, None, None, None, 'Not Reserved']
['ARA499', '72543', '30', '30', 'ONLINE', None, None, None, None, None, None, None, None, None, None, None, None, 'Not Reserved']
['ARA560', '80901', '5', '5', 'F', '10:30AM', 10, 30, 12, 30, 'F', '3:00PM', 15, 0, '4:45PM', 16, 45, 'Not Reserved']
['ARA589', '81777', '5', '5', 'T', ' 4:30 PM', 16, 30, 19, 15, None, None, None, None, None, None, None, 'Not Reserved']
['ARA598', '76928', '10', '10', 'M W', ' 7:30 AM', 7, 30, 10, 20, None, None, None, None, None, None, None, 'Not Reserved']
['ARA598', '74838', '21', '25', 'F', ' 9:00 AM', 9, 0, 11, 45, None, None, None, None, None, None, None, 'Not Reserved']
Loading Subject:  ARB
['ARB101', '77102', '19', '28', 'T Th', '1:30PM', 13, 30, 14, 45, '', '', None, None, '', None, None, 'Not Reserved']
['ARB336', '83105', '15', '25', 'ONLINE', None, None, None, None, None, None, None, None, None, None, None, None, 'Reserved']
['ARB337', '83107', '18', '25', 'ONLINE', None, None, None, None, None, None, None, None, None, None, None, None, 'Reserved']
['ARB394', '81943', '2', '28', 'T Th', '10:30 AM', 10, 30, 11, 45, None, None, None, None, None, None, None, 'Not Reserved']
['ARB492', '83109', '1', '1', 'ONLINE', None, None, None, None, None, None, None, None, None, None, None, None, 'Not Reserved']
['ARB493', '77726', '3', '3', 'ONLINE', None, None, None, None, None, None, None, None, None, None, None, None, 'Not Reserved']
Loading Subject:  ARE
['ARE394', '72565', '30', '30', 'ONLINE', None, None, None, None, None, None, None, None, None, None, None, None, 'Not Reserved']
['ARE492', '76400', '30', '30', 'ONLINE', None, None, None, None, None, None, None, None, None, None, None, None, 'Not Reserved']
['ARE493', '76401', '30', '30', 'ONLINE', None, None, None, None, None, None, None, None, None, None, None, None, 'Not Reserved']
['ARE499', '83659', '30', '30', 'ONLINE', None, None, None, None, None, None, None, None, None, None, None, None, 'Not Reserved']
['ARE520', '86769', '12', '15', 'M', ' 4:30 PM', 16, 30, 19, 15, None, None, None, None, None, None, None, 'Not Reserved']
['ARE540', '86768', '13', '15', 'T', ' 4:30 PM', 16, 30, 19, 15, None, None, None, None, None, None, None, 'Not Reserved']
['ARE595', '72549', '30', '30', 'ONLINE', None, None, None, None, None, None, None, None, None, None, None, None, 'Not Reserved']
['ARE684', '72566', '30', '30', 'ONLINE', None, None, None, None, None, None, None, None, None, None, None, None, 'Not Reserved']
['ARE695', '72550', '30', '30', 'ONLINE', None, None, None, None, None, None, None, None, None, None, None, None, 'Not Reserved']
['ARE795', '72551', '30', '30', 'ONLINE', None, None, None, None, None, None, None, None, None, None, None, None, 'Not Reserved']
Loading Subject:  ARP
Loading Subject:  ARS
['ARS100', '77009', '270', '300', 'ONLINE', None, None, None, None, None, None, None, None, None, None, None, None, 'Reserved']
['ARS101', '74052', '378', '400', 'M W', ' 4:30 PM', 16, 30, 17, 45, None, None, None, None, None, None, None, 'Not Reserved']
['ARS101', '83644', '179', '195', 'T Th', ' 3:00 PM', 15, 0, 16, 15, None, None, None, None, None, None, None, 'Not Reserved']
['ARS102', '83113', '265', '300', 'ONLINE', None, None, None, None, None, None, None, None, None, None, None, None, 'Reserved']
['ARS102', '76679', '358', '400', 'T Th', ' 4:30 PM', 16, 30, 17, 45, None, None, None, None, None, None, None, 'Not Reserved']
['ARS201', '79926', '54', '100', 'ONLINE', None, None, None, None, None, None, None, None, None, None, None, None, 'Reserved']
['ARS201', '74120', '95', '109', 'M W F', ' 9:00 AM', 9, 0, 9, 50, None, None, None, None, None, None, None, 'Not Reserved']
['ARS202', '83114', '95', '109', 'T Th', ' 1:30 PM', 13, 30, 14, 45, None, None, None, None, None, None, None, 'Not Reserved']
['ARS345', '81929', '78', '109', 'M W', ' 3:00 PM', 15, 0, 16, 15, None, None, None, None, None, None, None, 'Not Reserved']
['ARS362', '86773', '27', '48', 'M W', ' 3:00 PM', 15, 0, 16, 15, None, None, None, None, None, None, None, 'Not Reserved']
['ARS394', '81947', '1', '25', 'ONLINE', None, None, None, None, None, None, None, None, None, None, None, None, 'Reserved']
['ARS394', '79937', '41', '48', 'M W', ' 4:30 PM', 16, 30, 17, 45, None, None, None, None, None, None, None, 'Not Reserved']
['ARS394', '77332', '30', '30', 'ONLINE', None, None, None, None, None, None, None, None, None, None, None, None, 'Not Reserved']
['ARS406', '86876', '87', '105', 'T Th', ' 9:00 AM', 9, 0, 10, 15, None, None, None, None, None, None, None, 'Not Reserved']
['ARS440', '79942', '6', '20', 'ONLINE', None, None, None, None, None, None, None, None, None, None, None, None, 'Reserved']
['ARS441', '86899', '4', '15', 'W', ' 1:30 PM', 13, 30, 16, 15, None, None, None, None, None, None, None, 'Not Reserved']
['ARS442', '78353', '33', '45', 'T Th', '12:00 PM', 12, 0, 13, 15, None, None, None, None, None, None, None, 'Not Reserved']
['ARS473', '76720', '48', '100', 'T Th', '10:30 AM', 10, 30, 11, 45, None, None, None, None, None, None, None, 'Not Reserved']
['ARS480', '76706', '14', '20', 'W', ' 1:30 PM', 13, 30, 16, 15, None, None, None, None, None, None, None, 'Not Reserved']
['ARS484', '84235', '30', '30', 'ONLINE', None, None, None, None, None, None, None, None, None, None, None, None, 'Not Reserved']
['ARS485', '86910', '10', '30', 'ONLINE', None, None, None, None, None, None, None, None, None, None, None, None, 'Reserved']
['ARS492', '72552', '30', '30', 'ONLINE', None, None, None, None, None, None, None, None, None, None, None, None, 'Not Reserved']
['ARS493', '73465', '30', '30', 'ONLINE', None, None, None, None, None, None, None, None, None, None, None, None, 'Not Reserved']
['ARS498', '83136', '35', '40', 'M', ' 1:30 PM', 13, 30, 16, 15, None, None, None, None, None, None, None, 'Not Reserved']
['ARS498', '78404', '7', '12', 'W', ' 9:00 AM', 9, 0, 11, 45, None, None, None, None, None, None, None, 'Not Reserved']
['ARS498', '78424', '7', '16', 'T', ' 4:30 PM', 16, 30, 19, 15, None, None, None, None, None, None, None, 'Not Reserved']
['ARS499', '72553', '30', '30', 'ONLINE', None, None, None, None, None, None, None, None, None, None, None, None, 'Not Reserved']
['ARS506', '86877', '2', '4', 'T Th', ' 9:00 AM', 9, 0, 10, 15, None, None, None, None, None, None, None, 'Not Reserved']
['ARS540', '90559', '7', '7', 'ONLINE', None, None, None, None, None, None, None, None, None, None, None, None, 'Reserved']
['ARS541', '86900', '1', '5', 'W', ' 1:30 PM', 13, 30, 16, 15, None, None, None, None, None, None, None, 'Not Reserved']
['ARS574', '76721', '5', '9', 'T Th', '10:30 AM', 10, 30, 11, 45, None, None, None, None, None, None, None, 'Not Reserved']
['ARS590', '72555', '30', '30', 'ONLINE', None, None, None, None, None, None, None, None, None, None, None, None, 'Not Reserved']
['ARS591', '78405', '7', '8', 'W', ' 9:00 AM', 9, 0, 11, 45, None, None, None, None, None, None, None, 'Not Reserved']
['ARS591', '78425', '1', '4', 'T', ' 4:30 PM', 16, 30, 19, 15, None, None, None, None, None, None, None, 'Not Reserved']
['ARS591', '78177', '7', '8', 'M', ' 1:30 PM', 13, 30, 16, 15, None, None, None, None, None, None, None, 'Not Reserved']
['ARS591', '85765', '17', '20', 'M', '10:30 AM', 10, 30, 13, 15, None, None, None, None, None, None, None, 'Not Reserved']
['ARS592', '72556', '30', '30', 'ONLINE', None, None, None, None, None, None, None, None, None, None, None, None, 'Not Reserved']
['ARS592', '72943', '30', '30', 'ONLINE', None, None, None, None, None, None, None, None, None, None, None, None, 'Not Reserved']
['ARS595', '72557', '30', '30', 'ONLINE', None, None, None, None, None, None, None, None, None, None, None, None, 'Not Reserved']
['ARS599', '72558', '30', '30', 'ONLINE', None, None, None, None, None, None, None, None, None, None, None, None, 'Not Reserved']
['ARS690', '72559', '30', '30', 'ONLINE', None, None, None, None, None, None, None, None, None, None, None, None, 'Not Reserved']
['ARS790', '72561', '30', '30', 'ONLINE', None, None, None, None, None, None, None, None, None, None, None, None, 'Not Reserved']
['ARS795', '72560', '30', '30', 'ONLINE', None, None, None, None, None, None, None, None, None, None, None, None, 'Not Reserved']
Loading Subject:  ART
['ART110', '79908', '10', '25', 'W', ' 8:30 AM', 8, 30, 10, 15, None, None, None, None, None, None, None, 'Not Reserved']
['ART110', '82122', '4', '25', 'T', '10:30 AM', 10, 30, 12, 15, None, None, None, None, None, None, None, 'Not Reserved']
['ART110', '82123', '17', '25', 'F', ' 8:30 AM', 8, 30, 10, 15, None, None, None, None, None, None, None, 'Not Reserved']
['ART110', '82124', '12', '25', 'F', '10:30 AM', 10, 30, 12, 15, None, None, None, None, None, None, None, 'Not Reserved']
['ART110', '84172', '17', '25', 'Th', '10:30 AM', 10, 30, 12, 15, None, None, None, None, None, None, None, 'Not Reserved']
['ART110', '87478', '14', '25', 'Th', '12:30 PM', 12, 30, 14, 15, None, None, None, None, None, None, None, 'Not Reserved']
['ART110', '87479', '23', '25', 'T', ' 3:30 PM', 15, 30, 17, 15, None, None, None, None, None, None, None, 'Not Reserved']
['ART110', '87480', '18', '25', 'T', ' 1:30 PM', 13, 30, 15, 15, None, None, None, None, None, None, None, 'Not Reserved']
['ART110', '87481', '17', '25', 'W', ' 4:30 PM', 16, 30, 18, 15, None, None, None, None, None, None, None, 'Not Reserved']
['ART110', '83994', '182', '325', 'ONLINE', None, None, None, None, None, None, None, None, None, None, None, None, 'Not Reserved']
['ART111', '77780', '5', '17', 'T Th', '10:30 AM', 10, 30, 13, 15, None, None, None, None, None, None, None, 'Not Reserved']
['ART111', '77781', '15', '17', 'T Th', ' 1:30 PM', 13, 30, 16, 15, None, None, None, None, None, None, None, 'Reserved']
['ART111', '77782', '12', '17', 'T Th', ' 4:30 PM', 16, 30, 19, 15, None, None, None, None, None, None, None, 'Reserved']
['ART112', '77784', '18', '18', 'M W', ' 1:30 PM', 13, 30, 16, 15, None, None, None, None, None, None, None, 'Not Reserved']
['ART112', '77785', '13', '18', 'T Th', ' 7:30 AM', 7, 30, 10, 15, None, None, None, None, None, None, None, 'Not Reserved']
['ART112', '77786', '11', '18', 'T Th', '10:30 AM', 10, 30, 13, 15, None, None, None, None, None, None, None, 'Not Reserved']
['ART112', '77787', '15', '18', 'T Th', ' 1:30 PM', 13, 30, 16, 15, None, None, None, None, None, None, None, 'Not Reserved']
['ART112', '77788', '14', '18', 'T Th', ' 4:30 PM', 16, 30, 19, 15, None, None, None, None, None, None, None, 'Not Reserved']
['ART113', '77776', '5', '18', 'M W', ' 1:30 PM', 13, 30, 16, 15, None, None, None, None, None, None, None, 'Not Reserved']
['ART113', '77777', '5', '18', 'T Th', '10:30 AM', 10, 30, 13, 15, None, None, None, None, None, None, None, 'Not Reserved']
['ART113', '77778', '8', '18', 'T Th', ' 1:30 PM', 13, 30, 16, 15, None, None, None, None, None, None, None, 'Not Reserved']
['ART113', '77779', '11', '18', 'T Th', ' 4:30 PM', 16, 30, 19, 15, None, None, None, None, None, None, None, 'Not Reserved']
['ART115', '75283', '6', '15', 'M W', '10:30 AM', 10, 30, 13, 15, None, None, None, None, None, None, None, 'Reserved']
['ART116', '78410', '4', '20', 'M W', '10:30 AM', 10, 30, 13, 15, None, None, None, None, None, None, None, 'Not Reserved']
['ART116', '78411', '13', '20', 'T Th', ' 1:30 PM', 13, 30, 16, 15, None, None, None, None, None, None, None, 'Not Reserved']
['ART116', '78412', '17', '20', 'T Th', ' 4:30 PM', 16, 30, 19, 15, None, None, None, None, None, None, None, 'Not Reserved']
['ART194', '77417', '8', '20', 'T Th', ' 4:30 PM', 16, 30, 17, 45, None, None, None, None, None, None, None, 'Not Reserved']
['ART201', '72595', '86', '120', 'M W', ' 3:00 PM', 15, 0, 16, 15, None, None, None, None, None, None, None, 'Not Reserved']
['ART202', '72597', '9', '15', 'T', '10:30 AM', 10, 30, 13, 15, None, None, None, None, None, None, None, 'Not Reserved']
['ART202', '72598', '12', '15', 'T', ' 1:30 PM', 13, 30, 16, 15, None, None, None, None, None, None, None, 'Not Reserved']
['ART202', '72599', '12', '15', 'T', ' 4:30 PM', 16, 30, 19, 15, None, None, None, None, None, None, None, 'Not Reserved']
['ART202', '78414', '14', '15', 'Th', '10:30 AM', 10, 30, 13, 15, None, None, None, None, None, None, None, 'Not Reserved']
['ART202', '78413', '9', '15', 'Th', ' 1:30 PM', 13, 30, 16, 15, None, None, None, None, None, None, None, 'Not Reserved']
['ART205', '78416', '6', '18', 'T Th', '10:30 AM', 10, 30, 13, 15, None, None, None, None, None, None, None, 'Not Reserved']
['ART211', '73659', '8', '18', 'M W', ' 4:30 PM', 16, 30, 19, 15, None, None, None, None, None, None, None, 'Not Reserved']
['ART216', '78417', '6', '18', 'T Th', ' 1:30 PM', 13, 30, 16, 15, None, None, None, None, None, None, None, 'Not Reserved']
['ART216', '78462', '4', '18', 'M W', '10:30 AM', 10, 30, 13, 15, None, None, None, None, None, None, None, 'Not Reserved']
['ART218', '78356', '13', '50', 'T Th', '9:00AM', 9, 0, 10, 15, 'F', '9:00AM', 9, 0, '10:15AM', 10, 15, 'Not Reserved']
['ART253', '73396', '16', '18', 'T Th', '10:30 AM', 10, 30, 13, 15, None, None, None, None, None, None, None, 'Not Reserved']
['ART261', '76680', '16', '20', 'T Th', ' 1:30 PM', 13, 30, 16, 15, None, None, None, None, None, None, None, 'Not Reserved']
['ART276', '76568', '4', '15', 'M W', '10:30 AM', 10, 30, 13, 15, None, None, None, None, None, None, None, 'Not Reserved']
['ART294', '82805', '22', '35', 'ONLINE', None, None, None, None, None, None, None, None, None, None, None, None, 'Reserved']
['ART294', '84409', '25', '35', 'ONLINE', None, None, None, None, None, None, None, None, None, None, None, None, 'Reserved']
['ART307', '84063', '13', '18', 'M W', '10:30 AM', 10, 30, 13, 15, None, None, None, None, None, None, None, 'Not Reserved']
['ART314', '76715', '16', '20', 'M W', ' 1:30 PM', 13, 30, 16, 15, None, None, None, None, None, None, None, 'Not Reserved']
['ART364', '73654', '5', '15', 'M W', '10:30 AM', 10, 30, 13, 15, None, None, None, None, None, None, None, 'Not Reserved']
['ART372', '87482', '6', '15', 'M W', ' 1:30 PM', 13, 30, 16, 15, None, None, None, None, None, None, None, 'Not Reserved']
['ART377', '87483', '8', '15', 'T Th', '10:30 AM', 10, 30, 13, 15, None, None, None, None, None, None, None, 'Not Reserved']
['ART394', '87484', '12', '15', 'T Th', ' 1:30 PM', 13, 30, 16, 15, None, None, None, None, None, None, None, 'Not Reserved']
['ART394', '87485', '19', '20', 'T Th', ' 6:00 PM', 18, 0, 20, 45, None, None, None, None, None, None, None, 'Not Reserved']
['ART394', '87486', '8', '18', 'T Th', ' 7:30 AM', 7, 30, 10, 15, None, None, None, None, None, None, None, 'Not Reserved']
['ART394', '87487', '10', '15', 'M W', ' 1:30 PM', 13, 30, 16, 15, None, None, None, None, None, None, None, 'Not Reserved']
['ART394', '87488', '8', '18', 'T Th', ' 7:30 AM', 7, 30, 10, 15, None, None, None, None, None, None, None, 'Not Reserved']
['ART394', '72562', '60', '60', 'ONLINE', None, None, None, None, None, None, None, None, None, None, None, None, 'Not Reserved']
['ART394', '82267', '27', '30', 'ONLINE', None, None, None, None, None, None, None, None, None, None, None, None, 'Not Reserved']
['ART403', '87529', '13', '18', 'T Th', ' 1:30 PM', 13, 30, 16, 15, None, None, None, None, None, None, None, 'Not Reserved']
['ART411', '78805', '5', '18', 'T Th', ' 1:30 PM', 13, 30, 16, 15, None, None, None, None, None, None, None, 'Not Reserved']
['ART423', '77869', '7', '18', 'M W', '10:30 AM', 10, 30, 13, 15, None, None, None, None, None, None, None, 'Not Reserved']
['ART425', '73658', '12', '18', 'M W', '10:30 AM', 10, 30, 13, 15, None, None, None, None, None, None, None, 'Not Reserved']
['ART427', '76717', '1', '18', 'T Th', ' 1:30 PM', 13, 30, 16, 15, None, None, None, None, None, None, None, 'Not Reserved']
['ART431', '84386', '4', '10', 'T Th', '10:30 AM', 10, 30, 13, 15, None, None, None, None, None, None, None, 'Not Reserved']
['ART433', '78466', '2', '3', 'M W', ' 4:30 PM', 16, 30, 19, 15, None, None, None, None, None, None, None, 'Not Reserved']
['ART438', '77492', '8', '10', 'M W', ' 7:30 PM', 19, 30, 22, 15, None, None, None, None, None, None, None, 'Not Reserved']
['ART439', '73298', '5', '16', 'T Th', ' 1:30 PM', 13, 30, 16, 15, None, None, None, None, None, None, None, 'Not Reserved']
['ART443', '73656', '7', '13', 'M W', ' 1:30 PM', 13, 30, 16, 15, None, None, None, None, None, None, None, 'Not Reserved']
['ART445', '78367', '16', '17', 'T Th', ' 1:30 PM', 13, 30, 16, 15, None, None, None, None, None, None, None, 'Not Reserved']
['ART452', '78431', '13', '17', 'M W', ' 1:30 PM', 13, 30, 16, 15, None, None, None, None, None, None, None, 'Not Reserved']
['ART460', '87655', '11', '15', 'T Th', '10:30 AM', 10, 30, 13, 15, None, None, None, None, None, None, None, 'Not Reserved']
['ART482', '76716', '53', '80', 'Th', ' 4:30 PM', 16, 30, 19, 15, None, None, None, None, None, None, None, 'Not Reserved']
['ART494', '76431', '6', '7', 'T Th', ' 1:30 PM', 13, 30, 16, 15, None, None, None, None, None, None, None, 'Not Reserved']
['ART494', '78418', '12', '18', 'T Th', '10:30 AM', 10, 30, 13, 15, None, None, None, None, None, None, None, 'Not Reserved']
['ART494', '84076', '8', '10', 'ONLINE', None, None, None, None, None, None, None, None, None, None, None, None, 'Not Reserved']
['ART494', '76713', '8', '18', 'M', ' 4:30 PM', 16, 30, 19, 15, None, None, None, None, None, None, None, 'Not Reserved']
['ART494', '82351', '11', '17', 'M W', ' 1:30 PM', 13, 30, 16, 15, None, None, None, None, None, None, None, 'Not Reserved']
['ART494', '73027', '14', '15', 'M W', '10:30 AM', 10, 30, 13, 15, None, None, None, None, None, None, None, 'Not Reserved']
['ART498', '76554', '3', '15', 'M W', ' 1:30 PM', 13, 30, 16, 15, None, None, None, None, None, None, None, 'Not Reserved']
['ART501', '83183', '14', '15', 'T', ' 6:00 PM', 18, 0, 20, 45, None, None, None, None, None, None, None, 'Not Reserved']
['ART514', '78455', '3', '5', 'T Th', '10:30 AM', 10, 30, 13, 15, None, None, None, None, None, None, None, 'Not Reserved']
['ART525', '78457', '5', '5', 'M W', '10:30 AM', 10, 30, 13, 15, None, None, None, None, None, None, None, 'Not Reserved']
['ART527', '78452', '5', '5', 'T Th', ' 1:30 PM', 13, 30, 16, 15, None, None, None, None, None, None, None, 'Not Reserved']
['ART532', '78468', '2', '5', 'T Th', ' 4:30 PM', 16, 30, 19, 15, None, None, None, None, None, None, None, 'Not Reserved']
['ART533', '78467', '2', '3', 'M W', ' 4:30 PM', 16, 30, 19, 15, None, None, None, None, None, None, None, 'Not Reserved']
['ART538', '82307', '10', '10', 'M W', ' 7:30 PM', 19, 30, 22, 15, None, None, None, None, None, None, None, 'Not Reserved']
['ART539', '78427', '5', '5', 'T Th', ' 1:30 PM', 13, 30, 16, 15, None, None, None, None, None, None, None, 'Not Reserved']
['ART543', '78426', '9', '10', 'M W', ' 1:30 PM', 13, 30, 16, 15, None, None, None, None, None, None, None, 'Not Reserved']
['ART545', '78368', '5', '6', 'T Th', ' 1:30 PM', 13, 30, 16, 15, None, None, None, None, None, None, None, 'Not Reserved']
['ART556', '82324', '6', '6', 'M W', '10:30 AM', 10, 30, 13, 15, None, None, None, None, None, None, None, 'Not Reserved']
['ART577', '78421', '5', '5', 'T Th', ' 1:30 PM', 13, 30, 16, 15, None, None, None, None, None, None, None, 'Not Reserved']
['ART579', '82342', '5', '5', 'M W', ' 1:30 PM', 13, 30, 16, 15, None, None, None, None, None, None, None, 'Not Reserved']
['ART592', '76719', '50', '50', 'ONLINE', None, None, None, None, None, None, None, None, None, None, None, None, 'Not Reserved']
['ART592', '77807', '29', '30', 'ONLINE', None, None, None, None, None, None, None, None, None, None, None, None, 'Not Reserved']
['ART592', '86007', '15', '15', 'ONLINE', None, None, None, None, None, None, None, None, None, None, None, None, 'Not Reserved']
['ART598', '78419', '3', '5', 'T Th', '10:30 AM', 10, 30, 13, 15, None, None, None, None, None, None, None, 'Not Reserved']
['ART598', '78355', '5', '5', 'M W', '10:30 AM', 10, 30, 13, 15, None, None, None, None, None, None, None, 'Not Reserved']
['ART598', '78244', '4', '5', 'T Th', ' 1:30 PM', 13, 30, 16, 15, None, None, None, None, None, None, None, 'Not Reserved']
['ART598', '82348', '1', '5', 'T Th', '10:30 AM', 10, 30, 13, 15, None, None, None, None, None, None, None, 'Not Reserved']
['ART598', '78430', '5', '6', 'M W', ' 1:30 PM', 13, 30, 16, 15, None, None, None, None, None, None, None, 'Not Reserved']
['ART598', '78432', '6', '6', 'M W', ' 1:30 PM', 13, 30, 16, 15, None, None, None, None, None, None, None, 'Not Reserved']
['ART598', '84385', '3', '5', 'T Th', '10:30 AM', 10, 30, 13, 15, None, None, None, None, None, None, None, 'Not Reserved']
['ART598', '72689', '5', '5', 'M W', '10:30 AM', 10, 30, 13, 15, None, None, None, None, None, None, None, 'Not Reserved']
['ART598', '72690', '5', '5', 'F', ' 1:30 PM', 13, 30, 15, 15, None, None, None, None, None, None, None, 'Not Reserved']
['ART598', '76714', '5', '5', 'M', ' 4:30 PM', 16, 30, 19, 15, None, None, None, None, None, None, None, 'Not Reserved']
['ART621', '77896', '15', '15', 'W', ' 6:00 PM', 18, 0, 20, 45, None, None, None, None, None, None, None, 'Not Reserved']
['ART621', '78359', '15', '15', 'M', ' 4:30 PM', 16, 30, 19, 15, None, None, None, None, None, None, None, 'Not Reserved']
['ART621', '72532', '15', '15', 'W', ' 1:30 PM', 13, 30, 16, 15, None, None, None, None, None, None, None, 'Not Reserved']
['ART621', '78360', '8', '15', 'Th', ' 1:30 PM', 13, 30, 16, 15, None, None, None, None, None, None, None, 'Not Reserved']
['ART621', '79916', '13', '15', 'W', '10:30 AM', 10, 30, 13, 15, None, None, None, None, None, None, None, 'Not Reserved']
['ART621', '82394', '11', '15', 'W', ' 4:30 PM', 16, 30, 19, 15, None, None, None, None, None, None, None, 'Not Reserved']
['ART680', '73031', '100', '100', 'ONLINE', None, None, None, None, None, None, None, None, None, None, None, None, 'Not Reserved']
['ART680', '73032', '100', '100', 'ONLINE', None, None, None, None, None, None, None, None, None, None, None, None, 'Not Reserved']
Loading Subject:  ASB
['ASB202', '74686', '34', '45', 'T Th', '12:00 PM', 12, 0, 13, 15, None, None, None, None, None, None, None, 'Not Reserved']
['ASB222', '74685', '42', '100', 'ONLINE', None, None, None, None, None, None, None, None, None, None, None, None, 'Reserved']
['ASB353', '83293', '34', '75', 'ONLINE', None, None, None, None, None, None, None, None, None, None, None, None, 'Reserved']
['ASB353', '83296', '60', '75', 'ONLINE', None, None, None, None, None, None, None, None, None, None, None, None, 'Reserved']
['ASB353', '83331', '91', '100', 'ONLINE', None, None, None, None, None, None, None, None, None, None, None, None, 'Reserved']
['ASB353', '83141', '24', '30', 'F', '9:00AM', 9, 0, 10, 15, '', '', None, None, '', None, None, 'Not Reserved']
['ASB100', '77450', '238', '400', 'ONLINE', None, None, None, None, None, None, None, None, None, None, None, None, 'Reserved']
['ASB100', '86860', '34', '80', 'T', '12:00 PM', 12, 0, 13, 15, None, None, None, None, None, None, None, 'Reserved']
['ASB100', '86861', '20', '80', 'Th', '12:00 PM', 12, 0, 13, 15, None, None, None, None, None, None, None, 'Not Reserved']
['ASB101', '81472', '377', '450', 'M W', ' 9:00 AM', 9, 0, 10, 15, None, None, None, None, None, None, None, 'Not Reserved']
['ASB102', '78408', '65', '80', 'M', '3:00PM', 15, 0, 16, 15, '', '12:00AM', None, None, '12:00AM', None, None, 'Not Reserved']
['ASB191', '76723', '19', '19', 'M', '12:00 PM', 12, 0, 12, 50, None, None, None, None, None, None, None, 'Not Reserved']
['ASB210', '78377', '112', '200', 'ONLINE', None, None, None, None, None, None, None, None, None, None, None, None, 'Reserved']
['ASB252', '86884', '147', '175', 'M W', ' 3:00 PM', 15, 0, 16, 15, None, None, None, None, None, None, None, 'Not Reserved']
['ASB301', '87762', '81', '100', 'T Th', ' 9:00 AM', 9, 0, 10, 15, None, None, None, None, None, None, None, 'Not Reserved']
['ASB316', '86885', '63', '100', 'M W', ' 3:00 PM', 15, 0, 16, 15, None, None, None, None, None, None, None, 'Not Reserved']
['ASB337', '80043', '84', '150', 'ONLINE', None, None, None, None, None, None, None, None, None, None, None, None, 'Reserved']
['ASB353', '76345', '188', '300', 'ONLINE', None, None, None, None, None, None, None, None, None, None, None, None, 'Reserved']
['ASB395', '91176', '97', '100', 'ONLINE', None, None, None, None, None, None, None, None, None, None, None, None, 'Reserved']
['ASB464', '87009', '17', '20', 'M W', '12:00 PM', 12, 0, 13, 15, None, None, None, None, None, None, None, 'Not Reserved']
['ASB541', '86826', '3', '15', 'T', ' 1:30 PM', 13, 30, 16, 15, None, None, None, None, None, None, None, 'Not Reserved']
['ASB580', '80334', '28', '30', 'ONLINE', None, None, None, None, None, None, None, None, None, None, None, None, 'Reserved']
['ASB591', '83608', '11', '20', 'Th', ' 4:30 PM', 16, 30, 19, 15, None, None, None, None, None, None, None, 'Not Reserved']
['ASB211', '70175', '10', '32', 'T Th', ' 4:30 PM', 16, 30, 17, 45, None, None, None, None, None, None, None, 'Not Reserved']
['ASB311', '80272', '46', '60', 'T Th', ' 1:30 PM', 13, 30, 14, 45, None, None, None, None, None, None, None, 'Not Reserved']
['ASB346', '75563', '36', '80', 'ONLINE', None, None, None, None, None, None, None, None, None, None, None, None, 'Reserved']
['ASB353', '74529', '5', '30', 'W', ' 6:00 PM', 18, 0, 20, 45, None, None, None, None, None, None, None, 'Not Reserved']
['ASB394', '86497', '8', '10', 'T', ' 6:00 PM', 18, 0, 20, 45, None, None, None, None, None, None, None, 'Not Reserved']
Loading Subject:  ASC
Loading Subject:  ASM
['ASM344', '86920', '6', '30', 'M W', '10:30 AM', 10, 30, 11, 45, None, None, None, None, None, None, None, 'Not Reserved']
['ASM344', '86921', '4', '15', 'Th', '12:55 PM', 12, 55, 14, 45, None, None, None, None, None, None, None, 'Not Reserved']
['ASM345', '86909', '77', '175', 'T Th', '12:00 PM', 12, 0, 13, 15, None, None, None, None, None, None, None, 'Not Reserved']
['ASM365', '81939', '8', '50', 'T Th', ' 3:00 PM', 15, 0, 16, 15, None, None, None, None, None, None, None, 'Not Reserved']
['ASM446', '81941', '27', '40', 'T Th', ' 3:00 PM', 15, 0, 16, 15, None, None, None, None, None, None, None, 'Not Reserved']
['ASM543', '89004', '4', '5', 'M W', ' 9:00 AM', 9, 0, 10, 15, None, None, None, None, None, None, None, 'Not Reserved']
['ASM565', '86862', '12', '15', 'M W', ' 3:00 PM', 15, 0, 16, 15, None, None, None, None, None, None, None, 'Not Reserved']
['ASM591', '81973', '1', '10', 'M', ' 1:30 PM', 13, 30, 16, 15, None, None, None, None, None, None, None, 'Not Reserved']
Loading Subject:  AST
['AST111', '79347', '143', '220', 'M W F', '10:30 AM', 10, 30, 11, 20, None, None, None, None, None, None, None, 'Not Reserved']
['AST113', '77746', '123', '800', 'ONLINE', None, None, None, None, None, None, None, None, None, None, None, None, 'Reserved']
['AST113', '76546', '20', '24', 'Th', ' 8:30 PM', 20, 30, 23, 0, None, None, None, None, None, None, None, 'Not Reserved']
['AST692', '76458', '10', '10', 'ONLINE', None, None, None, None, None, None, None, None, None, None, None, None, 'Not Reserved']
['AST111', '70176', '126', '150', 'T Th', ' 1:30 PM', 13, 30, 14, 45, None, None, None, None, None, None, None, 'Not Reserved']
['AST113', '72606', '10', '24', 'T', ' 6:00 PM', 18, 0, 20, 45, None, None, None, None, None, None, None, 'Not Reserved']
['AST113', '72607', '19', '24', 'W', ' 6:00 PM', 18, 0, 20, 45, None, None, None, None, None, None, None, 'Not Reserved']
['AST113', '72608', '20', '24', 'Th', ' 6:00 PM', 18, 0, 20, 45, None, None, None, None, None, None, None, 'Not Reserved']
Loading Subject:  ASU
['ASUdeg', 'DOCTY', '   ', '\r\n ', 'nsitional//EN"\r        "http://www.w3.o', 'al//EN"\r        "http://www.w3.org/TR/xhtml1/DTD/xhtml1-transitional.dtd"\r<html xmlns="http://www.w3.org/1999/xhtml"\r<head\r\r<meta http-e', None, None, None, None, None, None, None, None, None, None, None, 'Reserved']
['ASUOnl', '71221', '70', '70', 'ONLINE', None, None, None, None, None, None, None, None, None, None, None, None, 'Reserved']
['ASUdeg', 'DOCTY', '   ', '\r\n ', 'nsitional//EN"\r        "http://www.w3.o', 'al//EN"\r        "http://www.w3.org/TR/xhtml1/DTD/xhtml1-transitional.dtd"\r<html xmlns="http://www.w3.org/1999/xhtml"\r<head\r\r<meta http-e', None, None, None, None, None, None, None, None, None, None, None, 'Reserved']
['ASU140', '91752', '40', '40', 'Th', '10:30 AM', 10, 30, 11, 45, None, None, None, None, None, None, None, 'Not Reserved']
['ASUOnl', '90630', '5', '12', 'M W', ' 3:00 PM', 15, 0, 16, 15, None, None, None, None, None, None, None, 'Not Reserved']
['ASUdeg', 'DOCTY', '   ', '\r\n ', 'nsitional//EN"\r        "http://www.w3.o', 'al//EN"\r        "http://www.w3.org/TR/xhtml1/DTD/xhtml1-transitional.dtd"\r<html xmlns="http://www.w3.org/1999/xhtml"\r<head\r\r<meta http-e', None, None, None, None, None, None, None, None, None, None, None, 'Reserved']
['ASUOnl', '84174', '24', '30', 'Th', ' 4:30 PM', 16, 30, 19, 15, None, None, None, None, None, None, None, 'Not Reserved']
['ASUdeg', 'DOCTY', '   ', '\r\n ', 'nsitional//EN"\r        "http://www.w3.o', 'al//EN"\r        "http://www.w3.org/TR/xhtml1/DTD/xhtml1-transitional.dtd"\r<html xmlns="http://www.w3.org/1999/xhtml"\r<head\r\r<meta http-e', None, None, None, None, None, None, None, None, None, None, None, 'Reserved']
['ASUExp', '83699', '17', '19', 'M', ' 9:00 AM', 9, 0, 9, 50, None, None, None, None, None, None, None, 'Not Reserved']
['ASUExp', '90056', '16', '19', 'W', ' 4:30 PM', 16, 30, 17, 20, None, None, None, None, None, None, None, 'Not Reserved']
['ASUExp', '83700', '18', '19', 'M', '10:30 AM', 10, 30, 11, 20, None, None, None, None, None, None, None, 'Not Reserved']
['ASUExp', '83701', '18', '19', 'M', '12:00 PM', 12, 0, 12, 50, None, None, None, None, None, None, None, 'Not Reserved']
['ASUExp', '83702', '17', '19', 'W', '10:30 AM', 10, 30, 11, 20, None, None, None, None, None, None, None, 'Not Reserved']
['ASUExp', '83703', '18', '19', 'M', ' 1:30 PM', 13, 30, 14, 20, None, None, None, None, None, None, None, 'Not Reserved']
['ASUExp', '83704', '19', '19', 'M', ' 4:30 PM', 16, 30, 17, 20, None, None, None, None, None, None, None, 'Not Reserved']
['ASUExp', '83705', '18', '19', 'M', ' 3:00 PM', 15, 0, 15, 50, None, None, None, None, None, None, None, 'Not Reserved']
['ASUExp', '83706', '18', '19', 'M', ' 1:30 PM', 13, 30, 14, 20, None, None, None, None, None, None, None, 'Not Reserved']
['ASUExp', '83707', '18', '19', 'M', ' 7:30 AM', 7, 30, 8, 20, None, None, None, None, None, None, None, 'Not Reserved']
['ASUExp', '79283', '11', '15', 'M', '12:00 PM', 12, 0, 12, 50, None, None, None, None, None, None, None, 'Not Reserved']
['ASUExp', '79284', '12', '15', 'M', ' 1:00 PM', 13, 0, 13, 50, None, None, None, None, None, None, None, 'Reserved']
['ASUExp', '79286', '14', '15', 'M', ' 2:00 PM', 14, 0, 14, 50, None, None, None, None, None, None, None, 'Not Reserved']
['ASUExp', '79288', '9', '15', 'W', '12:00 PM', 12, 0, 12, 50, None, None, None, None, None, None, None, 'Reserved']
['ASUExp', '79290', '15', '15', 'Th', ' 9:00 AM', 9, 0, 9, 50, None, None, None, None, None, None, None, 'Not Reserved']
['ASUExp', '79291', '15', '15', 'Th', '10:00 AM', 10, 0, 10, 50, None, None, None, None, None, None, None, 'Reserved']
['ASUExp', '79292', '13', '15', 'Th', '11:00 AM', 11, 0, 11, 50, None, None, None, None, None, None, None, 'Not Reserved']
['ASUExp', '79293', '15', '15', 'Th', '12:00 PM', 12, 0, 12, 50, None, None, None, None, None, None, None, 'Not Reserved']
['ASUExp', '79295', '14', '15', 'F', ' 9:00 AM', 9, 0, 9, 50, None, None, None, None, None, None, None, 'Not Reserved']
['ASUExp', '79297', '13', '15', 'F', '11:00 AM', 11, 0, 11, 50, None, None, None, None, None, None, None, 'Not Reserved']
['ASUExp', '83124', '12', '15', 'W', ' 1:00 PM', 13, 0, 13, 50, None, None, None, None, None, None, None, 'Not Reserved']
['ASUExp', '83125', '15', '15', 'W', ' 2:00 PM', 14, 0, 14, 50, None, None, None, None, None, None, None, 'Not Reserved']
['ASUExp', '83126', '12', '15', 'Th', ' 2:00 PM', 14, 0, 14, 50, None, None, None, None, None, None, None, 'Not Reserved']
['ASUExp', '88117', '13', '15', 'F', '12:00 PM', 12, 0, 12, 50, None, None, None, None, None, None, None, 'Not Reserved']
['ASUExp', '88325', '15', '15', 'Th', ' 1:00 PM', 13, 0, 13, 50, None, None, None, None, None, None, None, 'Not Reserved']
['ASUExp', '77197', '18', '19', 'W', ' 9:00 AM', 9, 0, 9, 50, None, None, None, None, None, None, None, 'Not Reserved']
['ASUExp', '78280', '18', '19', 'Th', ' 4:30 PM', 16, 30, 17, 20, None, None, None, None, None, None, None, 'Reserved']
['ASUExp', '83179', '17', '19', 'T', ' 9:00 AM', 9, 0, 9, 50, None, None, None, None, None, None, None, 'Not Reserved']
['ASUExp', '83181', '16', '19', 'T', ' 4:30 PM', 16, 30, 17, 20, None, None, None, None, None, None, None, 'Not Reserved']
['ASUExp', '78044', '18', '19', 'W', '12:00 PM', 12, 0, 12, 50, None, None, None, None, None, None, None, 'Reserved']
['ASUExp', '78151', '15', '19', 'M', '12:00 PM', 12, 0, 12, 50, None, None, None, None, None, None, None, 'Not Reserved']
['ASUExp', '76489', '13', '19', 'T', ' 3:00 PM', 15, 0, 15, 50, None, None, None, None, None, None, None, 'Reserved']
['ASUExp', '76849', '19', '19', 'Th', ' 3:00 PM', 15, 0, 15, 50, None, None, None, None, None, None, None, 'Reserved']
['ASUExp', '78146', '19', '19', 'M', ' 1:30 PM', 13, 30, 14, 20, None, None, None, None, None, None, None, 'Reserved']
['ASUExp', '78147', '14', '19', 'W', ' 1:30 PM', 13, 30, 14, 20, None, None, None, None, None, None, None, 'Reserved']
['ASUExp', '78977', '19', '19', 'F', ' 1:30 PM', 13, 30, 14, 20, None, None, None, None, None, None, None, 'Reserved']
['ASUExp', '78978', '19', '19', 'T', ' 1:30 PM', 13, 30, 14, 20, None, None, None, None, None, None, None, 'Reserved']
['ASUExp', '78979', '19', '19', 'Th', ' 1:30 PM', 13, 30, 14, 20, None, None, None, None, None, None, None, 'Reserved']
['ASUExp', '87531', '18', '19', 'M', ' 4:30 PM', 16, 30, 17, 20, None, None, None, None, None, None, None, 'Reserved']
['ASUExp', '87532', '17', '19', 'W', ' 4:30 PM', 16, 30, 17, 20, None, None, None, None, None, None, None, 'Reserved']
['ASUExp', '87535', '15', '19', 'Th', ' 4:30 PM', 16, 30, 17, 20, None, None, None, None, None, None, None, 'Not Reserved']
['ASUExp', '90159', '18', '19', 'F', '10:30 AM', 10, 30, 11, 20, None, None, None, None, None, None, None, 'Reserved']
['ASUExp', '90160', '19', '19', 'F', '10:30 AM', 10, 30, 11, 20, None, None, None, None, None, None, None, 'Reserved']
['ASUExp', '90161', '18', '19', 'M', ' 3:00 PM', 15, 0, 15, 50, None, None, None, None, None, None, None, 'Reserved']
['ASUExp', '90163', '16', '19', 'F', '12:00 PM', 12, 0, 12, 50, None, None, None, None, None, None, None, 'Reserved']
['ASUExp', '90164', '17', '19', 'F', '12:00 PM', 12, 0, 12, 50, None, None, None, None, None, None, None, 'Reserved']
['ASUExp', '90165', '18', '19', 'F', '12:00 PM', 12, 0, 12, 50, None, None, None, None, None, None, None, 'Reserved']
['ASUExp', '90172', '19', '19', 'F', '10:30 AM', 10, 30, 11, 20, None, None, None, None, None, None, None, 'Reserved']
['ASUExp', '90173', '19', '19', 'Th', '10:30 AM', 10, 30, 11, 20, None, None, None, None, None, None, None, 'Reserved']
['ASUExp', '90174', '19', '19', 'F', '10:30 AM', 10, 30, 11, 20, None, None, None, None, None, None, None, 'Reserved']
['ASUExp', '90175', '19', '19', 'F', '12:00 PM', 12, 0, 12, 50, None, None, None, None, None, None, None, 'Reserved']
['ASUExp', '90176', '18', '19', 'F', '12:00 PM', 12, 0, 12, 50, None, None, None, None, None, None, None, 'Reserved']
['ASUExp', '76549', '17', '19', 'M', '12:00 PM', 12, 0, 12, 50, None, None, None, None, None, None, None, 'Reserved']
['ASUExp', '76550', '17', '19', 'W', '12:00 PM', 12, 0, 12, 50, None, None, None, None, None, None, None, 'Reserved']
['ASUExp', '89085', '19', '19', 'Th', '10:30 AM', 10, 30, 11, 20, None, None, None, None, None, None, None, 'Reserved']
['ASUExp', '90068', '15', '15', 'T', ' 3:00 PM', 15, 0, 15, 50, None, None, None, None, None, None, None, 'Reserved']
['ASUExp', '90069', '15', '15', 'Th', ' 3:00 PM', 15, 0, 15, 50, None, None, None, None, None, None, None, 'Reserved']
['ASUExp', '90070', '18', '18', 'M', ' 3:00 PM', 15, 0, 15, 50, None, None, None, None, None, None, None, 'Reserved']
['ASUExp', '90071', '17', '17', 'W', ' 3:00 PM', 15, 0, 15, 50, None, None, None, None, None, None, None, 'Reserved']
['ASUExp', '90072', '15', '15', 'F', ' 3:00 PM', 15, 0, 15, 50, None, None, None, None, None, None, None, 'Reserved']
['ASUExp', '76850', '18', '19', 'F', '10:40 AM', 10, 40, 11, 30, None, None, None, None, None, None, None, 'Reserved']
['ASUExp', '83708', '15', '19', 'W', ' 9:00 AM', 9, 0, 9, 50, None, None, None, None, None, None, None, 'Not Reserved']
['ASUExp', '83709', '16', '19', 'W', '10:30 AM', 10, 30, 11, 20, None, None, None, None, None, None, None, 'Not Reserved']
['ASUExp', '83710', '17', '19', 'W', ' 9:00 AM', 9, 0, 9, 50, None, None, None, None, None, None, None, 'Not Reserved']
['ASUExp', '83711', '13', '19', 'W', '12:00 PM', 12, 0, 12, 50, None, None, None, None, None, None, None, 'Not Reserved']
['ASUExp', '83712', '18', '19', 'W', ' 1:30 PM', 13, 30, 14, 20, None, None, None, None, None, None, None, 'Not Reserved']
['ASUExp', '83713', '19', '19', 'W', ' 3:00 PM', 15, 0, 15, 50, None, None, None, None, None, None, None, 'Not Reserved']
['ASUExp', '83714', '19', '19', 'W', ' 9:00 AM', 9, 0, 9, 50, None, None, None, None, None, None, None, 'Not Reserved']
['ASUExp', '83715', '19', '19', 'W', ' 4:30 PM', 16, 30, 17, 20, None, None, None, None, None, None, None, 'Not Reserved']
['ASUExp', '83717', '18', '19', 'W', ' 3:00 PM', 15, 0, 15, 50, None, None, None, None, None, None, None, 'Not Reserved']
['ASUExp', '83719', '19', '19', 'W', ' 7:30 AM', 7, 30, 8, 20, None, None, None, None, None, None, None, 'Not Reserved']
['ASUExp', '83720', '19', '19', 'W', ' 1:30 PM', 13, 30, 14, 20, None, None, None, None, None, None, None, 'Not Reserved']
['ASUExp', '83721', '17', '19', 'W', '10:30 AM', 10, 30, 11, 20, None, None, None, None, None, None, None, 'Not Reserved']
['ASUExp', '83722', '19', '19', 'W', ' 7:30 AM', 7, 30, 8, 20, None, None, None, None, None, None, None, 'Not Reserved']
['ASUExp', '78073', '16', '19', 'M', '10:30 AM', 10, 30, 11, 20, None, None, None, None, None, None, None, 'Reserved']
['ASUOnl', '89466', '1', '12', 'W', ' 4:30 PM', 16, 30, 19, 30, None, None, None, None, None, None, None, 'Not Reserved']
['ASUdeg', 'DOCTY', '   ', '\r\n ', 'nsitional//EN"\r        "http://www.w3.o', 'al//EN"\r        "http://www.w3.org/TR/xhtml1/DTD/xhtml1-transitional.dtd"\r<html xmlns="http://www.w3.org/1999/xhtml"\r<head\r\r<meta http-e', None, None, None, None, None, None, None, None, None, None, None, 'Reserved']
['ASUOnl', '71366', '60', '60', 'F', '10:30AM', 10, 30, 12, 30, 'F', '10:30AM', 10, 30, '12:30PM', 12, 30, 'Not Reserved']
['ASUdeg', 'DOCTY', '   ', '\r\n ', 'nsitional//EN"\r        "http://www.w3.o', 'al//EN"\r        "http://www.w3.org/TR/xhtml1/DTD/xhtml1-transitional.dtd"\r<html xmlns="http://www.w3.org/1999/xhtml"\r<head\r\r<meta http-e', None, None, None, None, None, None, None, None, None, None, None, 'Reserved']
['ASUOnl', '80772', '24', '25', 'ONLINE', None, None, None, None, None, None, None, None, None, None, None, None, 'Not Reserved']
['ASUdeg', 'DOCTY', '   ', '\r\n ', 'nsitional//EN"\r        "http://www.w3.o', 'al//EN"\r        "http://www.w3.org/TR/xhtml1/DTD/xhtml1-transitional.dtd"\r<html xmlns="http://www.w3.org/1999/xhtml"\r<head\r\r<meta http-e', None, None, None, None, None, None, None, None, None, None, None, 'Reserved']
['ASUExp', '79350', '20', '20', 'Th', ' 9:00 AM', 9, 0, 10, 15, None, None, None, None, None, None, None, 'Not Reserved']
['ASUExp', '79351', '20', '20', 'T', ' 1:30 PM', 13, 30, 14, 45, None, None, None, None, None, None, None, 'Not Reserved']
['ASUExp', '79352', '20', '20', 'W', '10:30 AM', 10, 30, 11, 45, None, None, None, None, None, None, None, 'Not Reserved']
['ASUExp', '79353', '20', '20', 'W', ' 3:00 PM', 15, 0, 16, 15, None, None, None, None, None, None, None, 'Not Reserved']
['ASUExp', '79354', '20', '20', 'Th', ' 1:30 PM', 13, 30, 14, 45, None, None, None, None, None, None, None, 'Not Reserved']
['ASUExp', '79355', '19', '20', 'F', ' 9:00 AM', 9, 0, 10, 15, None, None, None, None, None, None, None, 'Not Reserved']
['ASUExp', '79358', '20', '20', 'Th', ' 9:00 AM', 9, 0, 10, 15, None, None, None, None, None, None, None, 'Not Reserved']
['ASUExp', '79359', '20', '20', 'T', ' 1:30 PM', 13, 30, 14, 45, None, None, None, None, None, None, None, 'Not Reserved']
['ASUExp', '79360', '20', '20', 'W', '10:30 AM', 10, 30, 11, 45, None, None, None, None, None, None, None, 'Not Reserved']
['ASUExp', '79361', '20', '20', 'W', ' 3:00 PM', 15, 0, 16, 15, None, None, None, None, None, None, None, 'Not Reserved']
['ASUExp', '79362', '20', '20', 'Th', ' 1:30 PM', 13, 30, 14, 45, None, None, None, None, None, None, None, 'Not Reserved']
['ASUExp', '79363', '20', '20', 'F', ' 9:00 AM', 9, 0, 10, 15, None, None, None, None, None, None, None, 'Not Reserved']
['ASUExp', '91172', '20', '20', 'F', '10:30 AM', 10, 30, 11, 20, None, None, None, None, None, None, None, 'Reserved']
['ASUExp', '91173', '20', '20', 'F', ' 2:00 PM', 14, 0, 14, 50, None, None, None, None, None, None, None, 'Reserved']
['ASUOnl', '78112', '10', '10', 'ONLINE', None, None, None, None, None, None, None, None, None, None, None, None, 'Not Reserved']
['ASUdeg', 'DOCTY', '   ', '\r\n ', 'nsitional//EN"\r        "http://www.w3.o', 'al//EN"\r        "http://www.w3.org/TR/xhtml1/DTD/xhtml1-transitional.dtd"\r<html xmlns="http://www.w3.org/1999/xhtml"\r<head\r\r<meta http-e', None, None, None, None, None, None, None, None, None, None, None, 'Reserved']
['ASUOnl', '75325', '30', '30', 'ONLINE', None, None, None, None, None, None, None, None, None, None, None, None, 'Not Reserved']
['ASUdeg', 'DOCTY', '   ', '\r\n ', 'nsitional//EN"\r        "http://www.w3.o', 'al//EN"\r        "http://www.w3.org/TR/xhtml1/DTD/xhtml1-transitional.dtd"\r<html xmlns="http://www.w3.org/1999/xhtml"\r<head\r\r<meta http-e', None, None, None, None, None, None, None, None, None, None, None, 'Reserved']
['ASUOnl', '89146', '23', '24', 'Th', ' 1:00 PM', 13, 0, 14, 50, None, None, None, None, None, None, None, 'Not Reserved']
['ASUdeg', 'DOCTY', '   ', '\r\n ', 'nsitional//EN"\r        "http://www.w3.o', 'al//EN"\r        "http://www.w3.org/TR/xhtml1/DTD/xhtml1-transitional.dtd"\r<html xmlns="http://www.w3.org/1999/xhtml"\r<head\r\r<meta http-e', None, None, None, None, None, None, None, None, None, None, None, 'Reserved']
['ASU194', '86172', '20', '20', 'Th', ' 4:30 PM', 16, 30, 17, 45, None, None, None, None, None, None, None, 'Not Reserved']
['ASU194', '86175', '20', '20', 'Th', ' 4:30 PM', 16, 30, 17, 45, None, None, None, None, None, None, None, 'Not Reserved']
['ASU194', '86176', '19', '20', 'Th', ' 4:30 PM', 16, 30, 17, 45, None, None, None, None, None, None, None, 'Not Reserved']
['ASUOnl', '89415', '4', '30', 'T', ' 6:00 PM', 18, 0, 20, 45, None, None, None, None, None, None, None, 'Not Reserved']
['ASUdeg', 'DOCTY', '   ', '\r\n ', 'nsitional//EN"\r        "http://www.w3.o', 'al//EN"\r        "http://www.w3.org/TR/xhtml1/DTD/xhtml1-transitional.dtd"\r<html xmlns="http://www.w3.org/1999/xhtml"\r<head\r\r<meta http-e', None, None, None, None, None, None, None, None, None, None, None, 'Reserved']
['ASU194', '91444', '20', '20', 'M W', ' 1:30 PM', 13, 30, 14, 45, None, None, None, None, None, None, None, 'Not Reserved']
['ASUOnl', '75669', '24', '30', 'M W', ' 3:00 PM', 15, 0, 16, 15, None, None, None, None, None, None, None, 'Not Reserved']
['ASUdeg', 'DOCTY', '   ', '\r\n ', 'nsitional//EN"\r        "http://www.w3.o', 'al//EN"\r        "http://www.w3.org/TR/xhtml1/DTD/xhtml1-transitional.dtd"\r<html xmlns="http://www.w3.org/1999/xhtml"\r<head\r\r<meta http-e', None, None, None, None, None, None, None, None, None, None, None, 'Reserved']
['ASUExp', '83699', '17', '19', 'M', ' 9:00 AM', 9, 0, 9, 50, None, None, None, None, None, None, None, 'Not Reserved']
['ASUExp', '90056', '16', '19', 'W', ' 4:30 PM', 16, 30, 17, 20, None, None, None, None, None, None, None, 'Not Reserved']
['ASUExp', '83700', '18', '19', 'M', '10:30 AM', 10, 30, 11, 20, None, None, None, None, None, None, None, 'Not Reserved']
['ASUExp', '83701', '18', '19', 'M', '12:00 PM', 12, 0, 12, 50, None, None, None, None, None, None, None, 'Not Reserved']
['ASUExp', '83702', '17', '19', 'W', '10:30 AM', 10, 30, 11, 20, None, None, None, None, None, None, None, 'Not Reserved']
['ASUExp', '83703', '18', '19', 'M', ' 1:30 PM', 13, 30, 14, 20, None, None, None, None, None, None, None, 'Not Reserved']
['ASUExp', '83704', '19', '19', 'M', ' 4:30 PM', 16, 30, 17, 20, None, None, None, None, None, None, None, 'Not Reserved']
['ASUExp', '83705', '18', '19', 'M', ' 3:00 PM', 15, 0, 15, 50, None, None, None, None, None, None, None, 'Not Reserved']
['ASUExp', '83706', '18', '19', 'M', ' 1:30 PM', 13, 30, 14, 20, None, None, None, None, None, None, None, 'Not Reserved']
['ASUExp', '83707', '18', '19', 'M', ' 7:30 AM', 7, 30, 8, 20, None, None, None, None, None, None, None, 'Not Reserved']
['ASUExp', '79283', '11', '15', 'M', '12:00 PM', 12, 0, 12, 50, None, None, None, None, None, None, None, 'Not Reserved']
['ASUExp', '79284', '12', '15', 'M', ' 1:00 PM', 13, 0, 13, 50, None, None, None, None, None, None, None, 'Reserved']
['ASUExp', '79286', '14', '15', 'M', ' 2:00 PM', 14, 0, 14, 50, None, None, None, None, None, None, None, 'Not Reserved']
['ASUExp', '79288', '9', '15', 'W', '12:00 PM', 12, 0, 12, 50, None, None, None, None, None, None, None, 'Reserved']
['ASUExp', '79290', '15', '15', 'Th', ' 9:00 AM', 9, 0, 9, 50, None, None, None, None, None, None, None, 'Not Reserved']
['ASUExp', '79291', '15', '15', 'Th', '10:00 AM', 10, 0, 10, 50, None, None, None, None, None, None, None, 'Reserved']
['ASUExp', '79292', '13', '15', 'Th', '11:00 AM', 11, 0, 11, 50, None, None, None, None, None, None, None, 'Not Reserved']
['ASUExp', '79293', '15', '15', 'Th', '12:00 PM', 12, 0, 12, 50, None, None, None, None, None, None, None, 'Not Reserved']
['ASUExp', '79295', '14', '15', 'F', ' 9:00 AM', 9, 0, 9, 50, None, None, None, None, None, None, None, 'Not Reserved']
['ASUExp', '79297', '13', '15', 'F', '11:00 AM', 11, 0, 11, 50, None, None, None, None, None, None, None, 'Not Reserved']
['ASUExp', '83124', '12', '15', 'W', ' 1:00 PM', 13, 0, 13, 50, None, None, None, None, None, None, None, 'Not Reserved']
['ASUExp', '83125', '15', '15', 'W', ' 2:00 PM', 14, 0, 14, 50, None, None, None, None, None, None, None, 'Not Reserved']
['ASUExp', '83126', '12', '15', 'Th', ' 2:00 PM', 14, 0, 14, 50, None, None, None, None, None, None, None, 'Not Reserved']
['ASUExp', '88117', '13', '15', 'F', '12:00 PM', 12, 0, 12, 50, None, None, None, None, None, None, None, 'Not Reserved']
['ASUExp', '88325', '15', '15', 'Th', ' 1:00 PM', 13, 0, 13, 50, None, None, None, None, None, None, None, 'Not Reserved']
['ASUExp', '77197', '18', '19', 'W', ' 9:00 AM', 9, 0, 9, 50, None, None, None, None, None, None, None, 'Not Reserved']
['ASUExp', '78280', '18', '19', 'Th', ' 4:30 PM', 16, 30, 17, 20, None, None, None, None, None, None, None, 'Reserved']
['ASUExp', '83179', '17', '19', 'T', ' 9:00 AM', 9, 0, 9, 50, None, None, None, None, None, None, None, 'Not Reserved']
['ASUExp', '83181', '16', '19', 'T', ' 4:30 PM', 16, 30, 17, 20, None, None, None, None, None, None, None, 'Not Reserved']
['ASUExp', '78044', '18', '19', 'W', '12:00 PM', 12, 0, 12, 50, None, None, None, None, None, None, None, 'Reserved']
['ASUExp', '78151', '15', '19', 'M', '12:00 PM', 12, 0, 12, 50, None, None, None, None, None, None, None, 'Not Reserved']
['ASUExp', '76489', '13', '19', 'T', ' 3:00 PM', 15, 0, 15, 50, None, None, None, None, None, None, None, 'Reserved']
['ASUExp', '76849', '19', '19', 'Th', ' 3:00 PM', 15, 0, 15, 50, None, None, None, None, None, None, None, 'Reserved']
['ASUExp', '78146', '19', '19', 'M', ' 1:30 PM', 13, 30, 14, 20, None, None, None, None, None, None, None, 'Reserved']
['ASUExp', '78147', '14', '19', 'W', ' 1:30 PM', 13, 30, 14, 20, None, None, None, None, None, None, None, 'Reserved']
['ASUExp', '78977', '19', '19', 'F', ' 1:30 PM', 13, 30, 14, 20, None, None, None, None, None, None, None, 'Reserved']
['ASUExp', '78978', '19', '19', 'T', ' 1:30 PM', 13, 30, 14, 20, None, None, None, None, None, None, None, 'Reserved']
['ASUExp', '78979', '19', '19', 'Th', ' 1:30 PM', 13, 30, 14, 20, None, None, None, None, None, None, None, 'Reserved']
['ASUExp', '87531', '18', '19', 'M', ' 4:30 PM', 16, 30, 17, 20, None, None, None, None, None, None, None, 'Reserved']
['ASUExp', '87532', '17', '19', 'W', ' 4:30 PM', 16, 30, 17, 20, None, None, None, None, None, None, None, 'Reserved']
['ASUExp', '87535', '15', '19', 'Th', ' 4:30 PM', 16, 30, 17, 20, None, None, None, None, None, None, None, 'Not Reserved']
['ASUExp', '90159', '18', '19', 'F', '10:30 AM', 10, 30, 11, 20, None, None, None, None, None, None, None, 'Reserved']
['ASUExp', '90160', '19', '19', 'F', '10:30 AM', 10, 30, 11, 20, None, None, None, None, None, None, None, 'Reserved']
['ASUExp', '90161', '18', '19', 'M', ' 3:00 PM', 15, 0, 15, 50, None, None, None, None, None, None, None, 'Reserved']
['ASUExp', '90163', '16', '19', 'F', '12:00 PM', 12, 0, 12, 50, None, None, None, None, None, None, None, 'Reserved']
['ASUExp', '90164', '17', '19', 'F', '12:00 PM', 12, 0, 12, 50, None, None, None, None, None, None, None, 'Reserved']
['ASUExp', '90165', '18', '19', 'F', '12:00 PM', 12, 0, 12, 50, None, None, None, None, None, None, None, 'Reserved']
['ASUExp', '90172', '19', '19', 'F', '10:30 AM', 10, 30, 11, 20, None, None, None, None, None, None, None, 'Reserved']
['ASUExp', '90173', '19', '19', 'Th', '10:30 AM', 10, 30, 11, 20, None, None, None, None, None, None, None, 'Reserved']
['ASUExp', '90174', '19', '19', 'F', '10:30 AM', 10, 30, 11, 20, None, None, None, None, None, None, None, 'Reserved']
['ASUExp', '90175', '19', '19', 'F', '12:00 PM', 12, 0, 12, 50, None, None, None, None, None, None, None, 'Reserved']
['ASUExp', '90176', '18', '19', 'F', '12:00 PM', 12, 0, 12, 50, None, None, None, None, None, None, None, 'Reserved']
['ASUExp', '76549', '17', '19', 'M', '12:00 PM', 12, 0, 12, 50, None, None, None, None, None, None, None, 'Reserved']
['ASUExp', '76550', '17', '19', 'W', '12:00 PM', 12, 0, 12, 50, None, None, None, None, None, None, None, 'Reserved']
['ASUExp', '89085', '19', '19', 'Th', '10:30 AM', 10, 30, 11, 20, None, None, None, None, None, None, None, 'Reserved']
['ASUExp', '90068', '15', '15', 'T', ' 3:00 PM', 15, 0, 15, 50, None, None, None, None, None, None, None, 'Reserved']
['ASUExp', '90069', '15', '15', 'Th', ' 3:00 PM', 15, 0, 15, 50, None, None, None, None, None, None, None, 'Reserved']
['ASUExp', '90070', '18', '18', 'M', ' 3:00 PM', 15, 0, 15, 50, None, None, None, None, None, None, None, 'Reserved']
['ASUExp', '90071', '17', '17', 'W', ' 3:00 PM', 15, 0, 15, 50, None, None, None, None, None, None, None, 'Reserved']
['ASUExp', '90072', '15', '15', 'F', ' 3:00 PM', 15, 0, 15, 50, None, None, None, None, None, None, None, 'Reserved']
['ASUExp', '76850', '18', '19', 'F', '10:40 AM', 10, 40, 11, 30, None, None, None, None, None, None, None, 'Reserved']
['ASUExp', '83708', '15', '19', 'W', ' 9:00 AM', 9, 0, 9, 50, None, None, None, None, None, None, None, 'Not Reserved']
['ASUExp', '83709', '16', '19', 'W', '10:30 AM', 10, 30, 11, 20, None, None, None, None, None, None, None, 'Not Reserved']
['ASUExp', '83710', '17', '19', 'W', ' 9:00 AM', 9, 0, 9, 50, None, None, None, None, None, None, None, 'Not Reserved']
['ASUExp', '83711', '13', '19', 'W', '12:00 PM', 12, 0, 12, 50, None, None, None, None, None, None, None, 'Not Reserved']
['ASUExp', '83712', '18', '19', 'W', ' 1:30 PM', 13, 30, 14, 20, None, None, None, None, None, None, None, 'Not Reserved']
['ASUExp', '83713', '19', '19', 'W', ' 3:00 PM', 15, 0, 15, 50, None, None, None, None, None, None, None, 'Not Reserved']
['ASUExp', '83714', '19', '19', 'W', ' 9:00 AM', 9, 0, 9, 50, None, None, None, None, None, None, None, 'Not Reserved']
['ASUExp', '83715', '19', '19', 'W', ' 4:30 PM', 16, 30, 17, 20, None, None, None, None, None, None, None, 'Not Reserved']
['ASUExp', '83717', '18', '19', 'W', ' 3:00 PM', 15, 0, 15, 50, None, None, None, None, None, None, None, 'Not Reserved']
['ASUExp', '83719', '19', '19', 'W', ' 7:30 AM', 7, 30, 8, 20, None, None, None, None, None, None, None, 'Not Reserved']
['ASUExp', '83720', '19', '19', 'W', ' 1:30 PM', 13, 30, 14, 20, None, None, None, None, None, None, None, 'Not Reserved']
['ASUExp', '83721', '17', '19', 'W', '10:30 AM', 10, 30, 11, 20, None, None, None, None, None, None, None, 'Not Reserved']
['ASUExp', '83722', '19', '19', 'W', ' 7:30 AM', 7, 30, 8, 20, None, None, None, None, None, None, None, 'Not Reserved']
['ASUExp', '78073', '16', '19', 'M', '10:30 AM', 10, 30, 11, 20, None, None, None, None, None, None, None, 'Reserved']
['ASUOnl', '89466', '1', '12', 'W', ' 4:30 PM', 16, 30, 19, 30, None, None, None, None, None, None, None, 'Not Reserved']
['ASUdeg', 'DOCTY', '   ', '\r\n ', 'nsitional//EN"\r        "http://www.w3.o', 'al//EN"\r        "http://www.w3.org/TR/xhtml1/DTD/xhtml1-transitional.dtd"\r<html xmlns="http://www.w3.org/1999/xhtml"\r<head\r\r<meta http-e', None, None, None, None, None, None, None, None, None, None, None, 'Reserved']
['ASUExp', '82847', '8', '19', 'T', '4:30PM', 16, 30, 17, 20, '', '', None, None, '', None, None, 'Reserved']
['ASUExp', '82848', '14', '19', 'Th', '4:30PM', 16, 30, 17, 20, '', '', None, None, '', None, None, 'Reserved']
['ASUExp', '82956', '18', '19', 'M', '1:30PM', 13, 30, 14, 20, '', '', None, None, '', None, None, 'Reserved']
['ASUExp', '82957', '18', '19', 'M', '3:00PM', 15, 0, 15, 50, '', '', None, None, '', None, None, 'Reserved']
['ASUExp', '82958', '17', '19', 'W', '12:00PM', 12, 0, 12, 50, '', '', None, None, '', None, None, 'Reserved']
['ASUExp', '82959', '19', '19', 'W', '3:00PM', 15, 0, 15, 50, '', '', None, None, '', None, None, 'Reserved']
['ASUExp', '82960', '18', '19', 'T', '1:30PM', 13, 30, 14, 20, '', '', None, None, '', None, None, 'Reserved']
['ASUExp', '82961', '19', '19', 'T', '3:00PM', 15, 0, 15, 50, '', '', None, None, '', None, None, 'Reserved']
['ASUExp', '82962', '19', '19', 'Th', '3:00PM', 15, 0, 15, 50, '', '', None, None, '', None, None, 'Reserved']
['ASUExp', '82963', '14', '19', 'M', '10:30AM', 10, 30, 11, 20, '', '', None, None, '', None, None, 'Reserved']
['ASUExp', '82964', '19', '19', 'Th', '1:30PM', 13, 30, 14, 20, '', '', None, None, '', None, None, 'Reserved']
['ASUExp', '82965', '19', '19', 'W', '10:30AM', 10, 30, 11, 20, '', '', None, None, '', None, None, 'Reserved']
['ASUExp', '82966', '18', '19', 'M', '1:30PM', 13, 30, 14, 20, '', '', None, None, '', None, None, 'Reserved']
['ASUExp', '82967', '19', '19', 'M', '3:00PM', 15, 0, 15, 50, '', '', None, None, '', None, None, 'Reserved']
['ASUExp', '82968', '19', '19', 'W', '3:00PM', 15, 0, 15, 50, '', '', None, None, '', None, None, 'Reserved']
['ASUExp', '82969', '19', '19', 'W', '1:30PM', 13, 30, 14, 20, '', '', None, None, '', None, None, 'Reserved']
['ASUExp', '82975', '19', '19', 'W', '9:00AM', 9, 0, 9, 50, '', '', None, None, '', None, None, 'Reserved']
['ASUExp', '82977', '19', '19', 'M', '9:00AM', 9, 0, 9, 50, '', '', None, None, '', None, None, 'Reserved']
['ASUExp', '86892', '19', '19', 'M', '12:00PM', 12, 0, 12, 50, '', '', None, None, '', None, None, 'Reserved']
['ASUExp', '90566', '19', '19', 'W', '9:00AM', 9, 0, 9, 50, '', '', None, None, '', None, None, 'Reserved']
['ASUExp', '90568', '19', '19', 'W', '1:30PM', 13, 30, 14, 20, '', '', None, None, '', None, None, 'Reserved']
['ASUExp', '90579', '19', '19', 'T', '9:00AM', 9, 0, 10, 15, '', '', None, None, '', None, None, 'Reserved']
['ASUExp', '90580', '19', '19', 'Th', '9:00AM', 9, 0, 10, 15, '', '', None, None, '', None, None, 'Reserved']
['ASUOnl', '75590', '3', '3', 'T Th', '12:00 PM', 12, 0, 13, 15, None, None, None, None, None, None, None, 'Reserved']
['ASUdeg', 'DOCTY', '   ', '\r\n ', 'nsitional//EN"\r        "http://www.w3.o', 'al//EN"\r        "http://www.w3.org/TR/xhtml1/DTD/xhtml1-transitional.dtd"\r<html xmlns="http://www.w3.org/1999/xhtml"\r<head\r\r<meta http-e', None, None, None, None, None, None, None, None, None, None, None, 'Reserved']
['ASUExp', '73780', '18', '19', 'ONLINE', None, None, None, None, None, 'M', None, None, None, None, None, None, 'Not Reserved']
['ASUExp', '73377', '19', '19', 'ONLINE', None, None, None, None, None, 'W', None, None, None, None, None, None, 'Not Reserved']
['ASUExp', '73378', '19', '19', 'ONLINE', None, None, None, None, None, 'F', None, None, None, None, None, None, 'Not Reserved']
['ASUExp', '73776', '19', '19', 'ONLINE', None, None, None, None, None, 'M', None, None, None, None, None, None, 'Not Reserved']
['ASUExp', '73777', '17', '19', 'ONLINE', None, None, None, None, None, 'W', None, None, None, None, None, None, 'Not Reserved']
['ASUExp', '74328', '17', '19', 'ONLINE', None, None, None, None, None, 'F', None, None, None, None, None, None, 'Not Reserved']
['ASUExp', '73778', '19', '19', 'ONLINE', None, None, None, None, None, 'T', None, None, None, None, None, None, 'Not Reserved']
['ASUExp', '73779', '19', '19', 'ONLINE', None, None, None, None, None, 'Th', None, None, None, None, None, None, 'Not Reserved']
['ASUExp', '74329', '17', '19', 'ONLINE', None, None, None, None, None, 'T', None, None, None, None, None, None, 'Not Reserved']
['ASUExp', '74331', '18', '19', 'ONLINE', None, None, None, None, None, 'Th', None, None, None, None, None, None, 'Not Reserved']
['ASUExp', '76274', '18', '19', 'ONLINE', None, None, None, None, None, 'M', None, None, None, None, None, None, 'Not Reserved']
['ASUExp', '76277', '19', '19', 'ONLINE', None, None, None, None, None, 'W', None, None, None, None, None, None, 'Not Reserved']
['ASUExp', '76881', '19', '19', 'ONLINE', None, None, None, None, None, 'F', None, None, None, None, None, None, 'Not Reserved']
['ASUExp', '83666', '17', '19', 'ONLINE', None, None, None, None, None, 'T', None, None, None, None, None, None, 'Not Reserved']
['ASUExp', '83667', '19', '19', 'ONLINE', None, None, None, None, None, 'Th', None, None, None, None, None, None, 'Not Reserved']
['ASU240', '91150', '30', '30', 'ONLINE', None, None, None, None, None, None, None, None, None, None, None, None, 'Not Reserved']
['ASUOnl', '72434', '50', '50', 'T Th', ' 8:00 AM', 8, 0, 17, 0, None, None, None, None, None, None, None, 'Not Reserved']
['ASUdeg', 'DOCTY', '   ', '\r\n ', 'nsitional//EN"\r        "http://www.w3.o', 'al//EN"\r        "http://www.w3.org/TR/xhtml1/DTD/xhtml1-transitional.dtd"\r<html xmlns="http://www.w3.org/1999/xhtml"\r<head\r\r<meta http-e', None, None, None, None, None, None, None, None, None, None, None, 'Reserved']
['ASUExp', '73336', '19', '19', 'T', '12:00 PM', 12, 0, 13, 15, None, None, None, None, None, None, None, 'Reserved']
['ASUExp', '79196', '19', '19', 'Th', '12:00 PM', 12, 0, 13, 15, None, None, None, None, None, None, None, 'Reserved']
['ASUExp', '79197', '19', '19', 'M', '10:30 AM', 10, 30, 11, 45, None, None, None, None, None, None, None, 'Reserved']
['ASUExp', '73587', '19', '19', 'W', '10:30 AM', 10, 30, 11, 45, None, None, None, None, None, None, None, 'Reserved']
['ASU140', '90293', '30', '30', 'ONLINE', None, None, None, None, None, None, None, None, None, None, None, None, 'Reserved']
['ASUand', '79198', '13', '19', 'M', '10:30 AM', 10, 30, 11, 45, None, None, None, None, None, None, None, 'Reserved']
['ASUand', '79199', '18', '19', 'W', '10:30 AM', 10, 30, 11, 45, None, None, None, None, None, None, None, 'Reserved']
['ASUOnl', '72956', '28', '30', 'ONLINE', None, None, None, None, None, None, None, None, None, None, None, None, 'Not Reserved']
['ASUdeg', 'DOCTY', '   ', '\r\n ', 'nsitional//EN"\r        "http://www.w3.o', 'al//EN"\r        "http://www.w3.org/TR/xhtml1/DTD/xhtml1-transitional.dtd"\r<html xmlns="http://www.w3.org/1999/xhtml"\r<head\r\r<meta http-e', None, None, None, None, None, None, None, None, None, None, None, 'Reserved']
['ASUOnl', '87780', '20', '20', 'M W F', '12:00 PM', 12, 0, 13, 15, None, None, None, None, None, None, None, 'Not Reserved']
Loading Subject:  ATC
['ATC230', '78383', '12', '40', 'T Th', ' 9:00 AM', 9, 0, 10, 15, None, None, None, None, None, None, None, 'Not Reserved']
['ATC431', '78384', '13', '20', 'T Th', ' 9:00 AM', 9, 0, 9, 50, None, None, None, None, None, None, None, 'Not Reserved']
['ATC431', '78386', '3', '10', 'T', '10:00 AM', 10, 0, 12, 30, None, None, None, None, None, None, None, 'Not Reserved']
['ATC431', '78387', '10', '10', 'Th', '10:00 AM', 10, 0, 12, 30, None, None, None, None, None, None, None, 'Not Reserved']
['ATC432', '76512', '8', '8', 'M', ' 9:00 AM', 9, 0, 11, 30, None, None, None, None, None, None, None, 'Not Reserved']
['ATC432', '76930', '7', '8', 'W', ' 9:00 AM', 9, 0, 11, 30, None, None, None, None, None, None, None, 'Not Reserved']
['ATC433', '77800', '9', '20', 'T Th', '12:30 PM', 12, 30, 13, 20, None, None, None, None, None, None, None, 'Not Reserved']
['ATC433', '77801', '1', '10', 'T', ' 1:30 PM', 13, 30, 16, 0, None, None, None, None, None, None, None, 'Not Reserved']
['ATC433', '77802', '8', '10', 'Th', ' 1:30 PM', 13, 30, 16, 0, None, None, None, None, None, None, None, 'Not Reserved']
['ATC230', '78383', '12', '40', 'T Th', ' 9:00 AM', 9, 0, 10, 15, None, None, None, None, None, None, None, 'Not Reserved']
['ATC431', '78384', '13', '20', 'T Th', ' 9:00 AM', 9, 0, 9, 50, None, None, None, None, None, None, None, 'Not Reserved']
['ATC431', '78386', '3', '10', 'T', '10:00 AM', 10, 0, 12, 30, None, None, None, None, None, None, None, 'Not Reserved']
['ATC431', '78387', '10', '10', 'Th', '10:00 AM', 10, 0, 12, 30, None, None, None, None, None, None, None, 'Not Reserved']
['ATC432', '76512', '8', '8', 'M', ' 9:00 AM', 9, 0, 11, 30, None, None, None, None, None, None, None, 'Not Reserved']
['ATC432', '76930', '7', '8', 'W', ' 9:00 AM', 9, 0, 11, 30, None, None, None, None, None, None, None, 'Not Reserved']
['ATC433', '77800', '9', '20', 'T Th', '12:30 PM', 12, 30, 13, 20, None, None, None, None, None, None, None, 'Not Reserved']
['ATC433', '77801', '1', '10', 'T', ' 1:30 PM', 13, 30, 16, 0, None, None, None, None, None, None, None, 'Not Reserved']
['ATC433', '77802', '8', '10', 'Th', ' 1:30 PM', 13, 30, 16, 0, None, None, None, None, None, None, None, 'Not Reserved']
Loading Subject:  ATE
['ATE550', '75206', '35', '35', 'T Th', ' 1:30 PM', 13, 30, 14, 45, None, None, None, None, None, None, None, 'Not Reserved']
['ATE562', '82981', '10', '10', 'M', ' 7:30 AM', 7, 30, 10, 15, None, None, None, None, None, None, None, 'Not Reserved']
Loading Subject:  AVC
Loading Subject:  BCH
['BCH361', '75759', '116', '168', 'T Th', '12:00 PM', 12, 0, 13, 15, None, None, None, None, None, None, None, 'Reserved']
['BCH361', '84091', '41', '80', 'T Th', ' 1:30 PM', 13, 30, 14, 45, None, None, None, None, None, None, None, 'Reserved']
['BCH367', '85680', '10', '40', 'F', ' 9:00 AM', 9, 0, 9, 50, None, None, None, None, None, None, None, 'Reserved']
['BCH367', '85683', '10', '20', 'F', ' 1:30 PM', 13, 30, 16, 0, None, None, None, None, None, None, None, 'Not Reserved']
['BCH367', '75760', '22', '48', 'M', '10:30 AM', 10, 30, 11, 45, None, None, None, None, None, None, None, 'Reserved']
['BCH367', '83235', '9', '12', 'W', ' 7:30 AM', 7, 30, 10, 20, None, None, None, None, None, None, None, 'Not Reserved']
['BCH367', '83237', '5', '12', 'M', ' 6:00 PM', 18, 0, 20, 50, None, None, None, None, None, None, None, 'Not Reserved']
['BCH367', '83265', '8', '12', 'F', ' 7:30 AM', 7, 30, 10, 20, None, None, None, None, None, None, None, 'Not Reserved']
['BCH367', '76101', '21', '48', 'M', ' 1:30 PM', 13, 30, 14, 45, None, None, None, None, None, None, None, 'Reserved']
['BCH367', '83238', '8', '12', 'W', ' 7:30 AM', 7, 30, 10, 20, None, None, None, None, None, None, None, 'Not Reserved']
['BCH367', '83240', '6', '12', 'M', ' 6:00 PM', 18, 0, 20, 50, None, None, None, None, None, None, None, 'Not Reserved']
['BCH367', '83266', '7', '12', 'F', ' 7:30 AM', 7, 30, 10, 20, None, None, None, None, None, None, None, 'Not Reserved']
['BCH361', '79738', '5', '175', 'T Th', ' 1:30 PM', 13, 30, 14, 45, None, None, None, None, None, None, None, 'Not Reserved']
['BCH367', '77582', '6', '16', 'W', ' 1:30 PM', 13, 30, 16, 20, None, None, None, None, None, None, None, 'Not Reserved']
['BCH462', '76266', '109', '178', 'T Th', ' 4:30 PM', 16, 30, 17, 45, None, None, None, None, None, None, None, 'Not Reserved']
['BCH467', '77584', '1', '16', 'Th', '12:00 PM', 12, 0, 16, 50, None, None, None, None, None, None, None, 'Not Reserved']
['BCH467', '77585', '7', '16', 'Th', ' 2:30 PM', 14, 30, 19, 20, None, None, None, None, None, None, None, 'Not Reserved']
['BCH494', '78032', '22', '25', 'M W F', '12:00 PM', 12, 0, 12, 50, None, None, None, None, None, None, None, 'Not Reserved']
['BCH501', '78030', '18', '40', 'F', ' 1:30 PM', 13, 30, 14, 45, None, None, None, None, None, None, None, 'Not Reserved']
['BCH561', '83394', '18', '20', 'M W', ' 3:00 PM', 15, 0, 17, 45, None, None, None, None, None, None, None, 'Not Reserved']
['BCH564', '91717', '18', '24', 'M W F', '10:30 AM', 10, 30, 11, 20, None, None, None, None, None, None, None, 'Not Reserved']
['BCH598', '78031', '20', '20', 'T Th', '12:00 PM', 12, 0, 13, 15, None, None, None, None, None, None, None, 'Not Reserved']
['BCH598', '78995', '10', '13', 'T Th', ' 9:00 AM', 9, 0, 10, 15, None, None, None, None, None, None, None, 'Not Reserved']
['BCH371', '78469', '20', '60', 'T Th', ' 9:00 AM', 9, 0, 10, 15, None, None, None, None, None, None, None, 'Not Reserved']
['BCH372', '91516', '21', '24', 'T', ' 2:15 PM', 14, 15, 17, 0, None, None, None, None, None, None, None, 'Not Reserved']
Loading Subject:  BCS
Loading Subject:  BDE
['BDE598', '80612', '25', '30', 'W', '12:00 PM', 12, 0, 12, 50, None, None, None, None, None, None, None, 'Not Reserved']
['BDE799', '77838', '30', '30', 'ONLINE', None, None, None, None, None, None, None, None, None, None, None, None, 'Not Reserved']
['BDE598', '80612', '25', '30', 'W', '12:00 PM', 12, 0, 12, 50, None, None, None, None, None, None, None, 'Not Reserved']
['BDE799', '77838', '30', '30', 'ONLINE', None, None, None, None, None, None, None, None, None, None, None, None, 'Not Reserved']
Loading Subject:  BIO
['BIO100', '81964', '23', '42', 'T Th', ' 9:00 AM', 9, 0, 10, 15, None, None, None, None, None, None, None, 'Not Reserved']
['BIO100', '81965', '8', '24', 'T', '10:30 AM', 10, 30, 12, 30, None, None, None, None, None, None, None, 'Not Reserved']
['BIO100', '81966', '21', '24', 'Th', '10:30 AM', 10, 30, 12, 30, None, None, None, None, None, None, None, 'Not Reserved']
['BIO100', '70581', '84', '120', 'M W F', ' 9:00 AM', 9, 0, 9, 50, None, None, None, None, None, None, None, 'Reserved']
['BIO100', '72721', '17', '24', 'T', '10:30 AM', 10, 30, 12, 20, None, None, None, None, None, None, None, 'Not Reserved']
['BIO100', '73309', '16', '24', 'T', '12:30 PM', 12, 30, 14, 20, None, None, None, None, None, None, None, 'Not Reserved']
['BIO100', '73821', '20', '24', 'T', ' 2:30 PM', 14, 30, 16, 20, None, None, None, None, None, None, None, 'Not Reserved']
['BIO100', '74047', '17', '24', 'T', ' 4:30 PM', 16, 30, 18, 20, None, None, None, None, None, None, None, 'Not Reserved']
['BIO100', '85582', '14', '24', 'M', ' 2:30 PM', 14, 30, 16, 20, None, None, None, None, None, None, None, 'Not Reserved']
['BIO181', '81968', '57', '96', 'M W F', '10:30 AM', 10, 30, 11, 20, None, None, None, None, None, None, None, 'Not Reserved']
['BIO181', '81969', '8', '24', 'M', '12:00 PM', 12, 0, 14, 30, None, None, None, None, None, None, None, 'Not Reserved']
['BIO181', '81970', '20', '24', 'M', ' 3:00 PM', 15, 0, 17, 30, None, None, None, None, None, None, None, 'Not Reserved']
['BIO181', '81977', '15', '24', 'T', '12:00 PM', 12, 0, 14, 30, None, None, None, None, None, None, None, 'Not Reserved']
['BIO181', '81978', '14', '24', 'W', '12:00 PM', 12, 0, 14, 30, None, None, None, None, None, None, None, 'Not Reserved']
['BIO181', '75011', '139', '168', 'M W F', '12:00 PM', 12, 0, 12, 50, None, None, None, None, None, None, None, 'Reserved']
['BIO181', '75013', '12', '24', 'W', ' 2:00 PM', 14, 0, 16, 50, None, None, None, None, None, None, None, 'Not Reserved']
['BIO181', '75245', '20', '24', 'Th', ' 7:30 AM', 7, 30, 10, 20, None, None, None, None, None, None, None, 'Not Reserved']
['BIO181', '76412', '19', '24', 'Th', '10:30 AM', 10, 30, 13, 20, None, None, None, None, None, None, None, 'Not Reserved']
['BIO181', '76529', '20', '24', 'Th', ' 1:30 PM', 13, 30, 16, 20, None, None, None, None, None, None, None, 'Not Reserved']
['BIO181', '78035', '22', '24', 'Th', ' 4:30 PM', 16, 30, 19, 20, None, None, None, None, None, None, None, 'Not Reserved']
['BIO181', '78037', '23', '24', 'F', ' 7:30 AM', 7, 30, 10, 20, None, None, None, None, None, None, None, 'Not Reserved']
['BIO181', '86715', '23', '24', 'Th', ' 7:30 AM', 7, 30, 10, 20, None, None, None, None, None, None, None, 'Not Reserved']
['BIO181', '75012', '126', '144', 'M W F', ' 1:30 PM', 13, 30, 14, 20, None, None, None, None, None, None, None, 'Reserved']
['BIO181', '75016', '22', '24', 'W', ' 5:00 PM', 17, 0, 19, 50, None, None, None, None, None, None, None, 'Not Reserved']
['BIO181', '76929', '19', '24', 'Th', ' 1:30 PM', 13, 30, 16, 20, None, None, None, None, None, None, None, 'Not Reserved']
['BIO181', '78036', '24', '24', 'Th', ' 4:30 PM', 16, 30, 19, 20, None, None, None, None, None, None, None, 'Not Reserved']
['BIO181', '78836', '19', '24', 'F', '10:30 AM', 10, 30, 13, 20, None, None, None, None, None, None, None, 'Not Reserved']
['BIO181', '85580', '20', '24', 'W', ' 2:30 PM', 14, 30, 17, 20, None, None, None, None, None, None, None, 'Not Reserved']
['BIO181', '85581', '22', '24', 'Th', '10:30 AM', 10, 30, 13, 20, None, None, None, None, None, None, None, 'Not Reserved']
['BIO182', '81985', '48', '72', 'M W F', '10:30 AM', 10, 30, 11, 20, None, None, None, None, None, None, None, 'Not Reserved']
['BIO182', '81986', '13', '24', 'W', ' 8:00 AM', 8, 0, 10, 20, None, None, None, None, None, None, None, 'Not Reserved']
['BIO182', '81988', '18', '24', 'W', '12:00 PM', 12, 0, 14, 30, None, None, None, None, None, None, None, 'Not Reserved']
['BIO182', '81989', '17', '24', 'M', '12:00 PM', 12, 0, 14, 30, None, None, None, None, None, None, None, 'Not Reserved']
['BIO182', '75761', '85', '144', 'T Th', ' 3:00 PM', 15, 0, 16, 15, None, None, None, None, None, None, None, 'Reserved']
['BIO182', '76097', '8', '24', 'W', ' 2:00 PM', 14, 0, 16, 50, None, None, None, None, None, None, None, 'Not Reserved']
['BIO182', '76098', '18', '24', 'W', ' 5:00 PM', 17, 0, 19, 50, None, None, None, None, None, None, None, 'Not Reserved']
['BIO182', '76099', '18', '24', 'Th', ' 7:30 AM', 7, 30, 10, 20, None, None, None, None, None, None, None, 'Not Reserved']
['BIO182', '76613', '8', '24', 'Th', '10:30 AM', 10, 30, 13, 20, None, None, None, None, None, None, None, 'Not Reserved']
['BIO182', '78038', '13', '24', 'F', '10:30 AM', 10, 30, 13, 20, None, None, None, None, None, None, None, 'Not Reserved']
['BIO182', '86716', '20', '24', 'F', ' 7:30 AM', 7, 30, 10, 20, None, None, None, None, None, None, None, 'Not Reserved']
['BIO201', '82110', '19', '72', 'T Th', ' 3:00 PM', 15, 0, 16, 15, None, None, None, None, None, None, None, 'Not Reserved']
['BIO201', '82112', '2', '24', 'T', '12:00 PM', 12, 0, 14, 30, None, None, None, None, None, None, None, 'Not Reserved']
['BIO201', '82115', '9', '24', 'Th', '12:00 PM', 12, 0, 14, 30, None, None, None, None, None, None, None, 'Not Reserved']
['BIO201', '84193', '8', '24', 'T', ' 9:00 AM', 9, 0, 11, 30, None, None, None, None, None, None, None, 'Not Reserved']
['BIO201', '82111', '30', '96', 'ONLINE', None, None, None, None, None, None, None, None, None, None, None, None, 'Reserved']
['BIO201', '82113', '9', '24', 'T', ' 4:30 PM', 16, 30, 19, 0, None, None, None, None, None, None, None, 'Not Reserved']
['BIO201', '82117', '19', '24', 'Th', ' 4:30 PM', 16, 30, 19, 0, None, None, None, None, None, None, None, 'Not Reserved']
['BIO201', '84195', '2', '24', 'M', ' 4:30 PM', 16, 30, 19, 0, None, None, None, None, None, None, None, 'Not Reserved']
['BIO201', '70604', '31', '120', 'M W F', '10:30AM', 10, 30, 11, 20, '', '12:00AM', None, None, '12:00AM', None, None, 'Reserved']
['BIO201', '74544', '10', '24', 'T', ' 9:00 AM', 9, 0, 10, 50, None, None, None, None, None, None, None, 'Not Reserved']
['BIO201', '76541', '5', '24', 'Th', ' 3:00 PM', 15, 0, 16, 50, None, None, None, None, None, None, None, 'Not Reserved']
['BIO201', '83436', '16', '24', 'M', ' 5:00 PM', 17, 0, 18, 50, None, None, None, None, None, None, None, 'Not Reserved']
['BIO201', '70605', '71', '120', 'M W F', '12:00PM', 12, 0, 12, 50, '', '12:00AM', None, None, '12:00AM', None, None, 'Reserved']
['BIO201', '74539', '10', '24', 'M', ' 9:00 AM', 9, 0, 10, 50, None, None, None, None, None, None, None, 'Not Reserved']
['BIO201', '74542', '11', '24', 'M', ' 3:00 PM', 15, 0, 16, 50, None, None, None, None, None, None, None, 'Not Reserved']
['BIO201', '74545', '19', '24', 'T', '11:00 AM', 11, 0, 12, 50, None, None, None, None, None, None, None, 'Not Reserved']
['BIO201', '76285', '19', '24', 'W', ' 5:00 PM', 17, 0, 18, 50, None, None, None, None, None, None, None, 'Not Reserved']
['BIO201', '76540', '12', '24', 'Th', ' 1:00 PM', 13, 0, 14, 50, None, None, None, None, None, None, None, 'Not Reserved']
['BIO201', '76282', '122', '168', 'M W F', '9:00AM', 9, 0, 9, 50, '', '12:00AM', None, None, '12:00AM', None, None, 'Reserved']
['BIO201', '74540', '7', '24', 'M', '11:00 AM', 11, 0, 12, 50, None, None, None, None, None, None, None, 'Not Reserved']
['BIO201', '74543', '22', '24', 'M', ' 7:00 PM', 19, 0, 20, 50, None, None, None, None, None, None, None, 'Not Reserved']
['BIO201', '74546', '13', '24', 'T', ' 1:00 PM', 13, 0, 14, 50, None, None, None, None, None, None, None, 'Not Reserved']
['BIO201', '74548', '23', '24', 'T', ' 5:00 PM', 17, 0, 18, 50, None, None, None, None, None, None, None, 'Not Reserved']
['BIO201', '76284', '20', '24', 'W', ' 3:00 PM', 15, 0, 16, 50, None, None, None, None, None, None, None, 'Not Reserved']
['BIO201', '76539', '19', '24', 'Th', '11:00 AM', 11, 0, 12, 50, None, None, None, None, None, None, None, 'Not Reserved']
['BIO201', '76933', '18', '24', 'F', '11:00 AM', 11, 0, 12, 50, None, None, None, None, None, None, None, 'Not Reserved']
['BIO201', '76538', '77', '120', 'M W F', '1:30PM', 13, 30, 14, 20, '', '12:00AM', None, None, '12:00AM', None, None, 'Reserved']
['BIO201', '74547', '10', '24', 'T', ' 3:00 PM', 15, 0, 16, 50, None, None, None, None, None, None, None, 'Not Reserved']
['BIO201', '74549', '18', '24', 'W', ' 9:00 AM', 9, 0, 10, 50, None, None, None, None, None, None, None, 'Not Reserved']
['BIO201', '74550', '11', '24', 'W', '11:00 AM', 11, 0, 12, 50, None, None, None, None, None, None, None, 'Not Reserved']
['BIO201', '76286', '19', '24', 'Th', ' 9:00 AM', 9, 0, 10, 50, None, None, None, None, None, None, None, 'Not Reserved']
['BIO201', '76932', '19', '24', 'F', ' 9:00 AM', 9, 0, 10, 50, None, None, None, None, None, None, None, 'Not Reserved']
['BIO202', '82119', '9', '48', 'M', '4:30PM', 16, 30, 17, 15, '', '', None, None, '', None, None, 'Not Reserved']
['BIO202', '82126', '9', '24', 'M', ' 5:30 PM', 17, 30, 20, 0, None, None, None, None, None, None, None, 'Not Reserved']
['BIO202', '82121', '4', '48', 'ONLINE', None, None, None, None, None, None, None, None, None, None, None, None, 'Reserved']
['BIO202', '84196', '4', '24', 'F', '12:00 PM', 12, 0, 14, 30, None, None, None, None, None, None, None, 'Not Reserved']
['BIO202', '75645', '73', '168', 'T Th', '7:30AM', 7, 30, 8, 45, '', '12:00AM', None, None, '12:00AM', None, None, 'Reserved']
['BIO202', '72733', '3', '24', 'M', ' 1:00 PM', 13, 0, 14, 50, None, None, None, None, None, None, None, 'Not Reserved']
['BIO202', '75646', '14', '24', 'M', ' 5:00 PM', 17, 0, 18, 50, None, None, None, None, None, None, None, 'Not Reserved']
['BIO202', '75651', '11', '24', 'W', ' 1:00 PM', 13, 0, 14, 50, None, None, None, None, None, None, None, 'Not Reserved']
['BIO202', '76461', '7', '24', 'Th', ' 1:00 PM', 13, 0, 14, 50, None, None, None, None, None, None, None, 'Not Reserved']
['BIO202', '76951', '16', '24', 'W', ' 9:00 AM', 9, 0, 10, 50, None, None, None, None, None, None, None, 'Not Reserved']
['BIO202', '86717', '22', '24', 'W', ' 3:00 PM', 15, 0, 16, 50, None, None, None, None, None, None, None, 'Not Reserved']
['BIO340', '76952', '47', '120', 'M W', '12:00 PM', 12, 0, 13, 15, None, None, None, None, None, None, None, 'Reserved']
['BIO340', '76953', '1', '60', 'F', '12:00 PM', 12, 0, 13, 15, None, None, None, None, None, None, None, 'Not Reserved']
['BIO340', '82049', '36', '50', 'F', ' 1:30 PM', 13, 30, 14, 45, None, None, None, None, None, None, None, 'Not Reserved']
['BIO353', '86939', '16', '40', 'M W', ' 3:00 PM', 15, 0, 16, 15, None, None, None, None, None, None, None, 'Not Reserved']
['BIO360', '82011', '30', '48', 'T Th', ' 9:00 AM', 9, 0, 10, 15, None, None, None, None, None, None, None, 'Not Reserved']
['BIO480', '91209', '18', '20', 'M', ' 4:30 PM', 16, 30, 19, 15, None, None, None, None, None, None, None, 'Not Reserved']
['BIO494', '73005', '14', '24', 'W', ' 6:00 PM', 18, 0, 20, 45, None, None, None, None, None, None, None, 'Not Reserved']
['BIO494', '73822', '21', '24', 'Th', ' 6:00 PM', 18, 0, 20, 45, None, None, None, None, None, None, None, 'Not Reserved']
['BIO494', '74274', '11', '12', 'M', ' 6:00 PM', 18, 0, 18, 50, None, None, None, None, None, None, None, 'Not Reserved']
['BIO494', '76536', '12', '12', 'ONLINE', None, None, None, None, None, None, None, None, None, None, None, None, 'Not Reserved']
['BIO494', '78290', '5', '5', 'ONLINE', None, None, None, None, None, None, None, None, None, None, None, None, 'Not Reserved']
['BIO100', '89903', '13', '75', 'T Th', ' 9:00 AM', 9, 0, 10, 15, None, None, None, None, None, None, None, 'Reserved']
['BIO100', '90066', '56', '75', 'ONLINE', None, None, None, None, None, None, None, None, None, None, None, None, 'Not Reserved']
['BIO140', '76262', '41', '50', 'ONLINE', None, None, None, None, None, None, None, None, None, None, None, None, 'Reserved']
['BIO151', '89945', '24', '24', 'Th', ' 1:30 PM', 13, 30, 15, 30, None, None, None, None, None, None, None, 'Not Reserved']
['BIO181', '77255', '105', '190', 'M W', ' 6:00 PM', 18, 0, 19, 15, None, None, None, None, None, None, None, 'Not Reserved']
['BIO181', '77323', '6', '24', 'T', ' 7:30 PM', 19, 30, 22, 15, None, None, None, None, None, None, None, 'Not Reserved']
['BIO181', '77324', '4', '24', 'W', ' 7:30 PM', 19, 30, 22, 15, None, None, None, None, None, None, None, 'Not Reserved']
['BIO181', '77325', '18', '24', 'Th', ' 7:30 PM', 19, 30, 22, 15, None, None, None, None, None, None, None, 'Not Reserved']
['BIO181', '77326', '12', '24', 'M', ' 7:30 PM', 19, 30, 22, 15, None, None, None, None, None, None, None, 'Not Reserved']
['BIO181', '77327', '23', '24', 'W', ' 7:30 PM', 19, 30, 22, 15, None, None, None, None, None, None, None, 'Not Reserved']
['BIO189', '77262', '18', '19', 'F', ' 4:30 PM', 16, 30, 17, 20, None, None, None, None, None, None, None, 'Not Reserved']
['BIO189', '77263', '12', '19', 'M', ' 4:30 PM', 16, 30, 17, 20, None, None, None, None, None, None, None, 'Not Reserved']
['BIO189', '77266', '14', '19', 'M', ' 4:30 PM', 16, 30, 17, 20, None, None, None, None, None, None, None, 'Not Reserved']
['BIO189', '77268', '18', '19', 'F', ' 4:30 PM', 16, 30, 17, 20, None, None, None, None, None, None, None, 'Not Reserved']
['BIO189', '77269', '17', '19', 'M', ' 4:30 PM', 16, 30, 17, 20, None, None, None, None, None, None, None, 'Not Reserved']
['BIO189', '77184', '19', '19', 'W', ' 4:30 PM', 16, 30, 17, 20, None, None, None, None, None, None, None, 'Not Reserved']
['BIO189', '77264', '19', '19', 'W', ' 4:30 PM', 16, 30, 17, 20, None, None, None, None, None, None, None, 'Not Reserved']
['BIO189', '77265', '19', '19', 'F', ' 4:30 PM', 16, 30, 17, 20, None, None, None, None, None, None, None, 'Not Reserved']
['BIO189', '77267', '19', '19', 'W', ' 4:30 PM', 16, 30, 17, 20, None, None, None, None, None, None, None, 'Not Reserved']
['BIO189', '77270', '19', '19', 'W', ' 4:30 PM', 16, 30, 17, 20, None, None, None, None, None, None, None, 'Not Reserved']
['BIO189', '89776', '19', '19', 'F', ' 4:30 PM', 16, 30, 17, 20, None, None, None, None, None, None, None, 'Not Reserved']
['BIO202', '80635', '18', '24', 'Th', ' 3:00 PM', 15, 0, 17, 50, None, None, None, None, None, None, None, 'Not Reserved']
['BIO281', '79384', '396', '456', 'T Th', '10:30 AM', 10, 30, 11, 20, None, None, None, None, None, None, None, 'Not Reserved']
['BIO281', '79385', '19', '24', 'M', ' 9:00 AM', 9, 0, 11, 45, None, None, None, None, None, None, None, 'Reserved']
['BIO281', '79386', '13', '24', 'M', '12:00 PM', 12, 0, 14, 45, None, None, None, None, None, None, None, 'Not Reserved']
['BIO281', '79387', '17', '24', 'M', ' 3:00 PM', 15, 0, 17, 45, None, None, None, None, None, None, None, 'Reserved']
['BIO281', '79388', '22', '24', 'M', ' 6:00 PM', 18, 0, 20, 45, None, None, None, None, None, None, None, 'Not Reserved']
['BIO281', '79390', '15', '24', 'T', '12:00 PM', 12, 0, 14, 45, None, None, None, None, None, None, None, 'Reserved']
['BIO281', '79391', '18', '24', 'T', ' 3:00 PM', 15, 0, 17, 45, None, None, None, None, None, None, None, 'Reserved']
['BIO281', '79393', '23', '24', 'W', ' 7:30 AM', 7, 30, 10, 15, None, None, None, None, None, None, None, 'Not Reserved']
['BIO281', '79394', '20', '24', 'W', '10:30 AM', 10, 30, 13, 15, None, None, None, None, None, None, None, 'Not Reserved']
['BIO281', '79395', '20', '24', 'W', ' 1:30 PM', 13, 30, 16, 15, None, None, None, None, None, None, None, 'Not Reserved']
['BIO281', '79396', '23', '24', 'W', ' 4:30 PM', 16, 30, 19, 15, None, None, None, None, None, None, None, 'Not Reserved']
['BIO281', '79398', '19', '24', 'Th', '12:00 PM', 12, 0, 14, 45, None, None, None, None, None, None, None, 'Reserved']
['BIO281', '79399', '21', '24', 'Th', ' 3:00 PM', 15, 0, 17, 45, None, None, None, None, None, None, None, 'Not Reserved']
['BIO281', '79400', '24', '24', 'Th', ' 6:00 PM', 18, 0, 20, 45, None, None, None, None, None, None, None, 'Not Reserved']
['BIO281', '79401', '22', '24', 'F', ' 9:00 AM', 9, 0, 11, 45, None, None, None, None, None, None, None, 'Not Reserved']
['BIO281', '79402', '24', '24', 'F', '12:00 PM', 12, 0, 14, 45, None, None, None, None, None, None, None, 'Not Reserved']
['BIO281', '79404', '39', '48', 'W', ' 9:00 AM', 9, 0, 9, 50, None, None, None, None, None, None, None, 'Not Reserved']
['BIO281', '79405', '35', '48', 'W', '12:00 PM', 12, 0, 12, 50, None, None, None, None, None, None, None, 'Reserved']
['BIO281', '79406', '36', '48', 'W', ' 3:00 PM', 15, 0, 15, 50, None, None, None, None, None, None, None, 'Not Reserved']
['BIO281', '79407', '44', '48', 'W', ' 4:30 PM', 16, 30, 17, 20, None, None, None, None, None, None, None, 'Not Reserved']
['BIO281', '79408', '44', '48', 'W', ' 9:00 AM', 9, 0, 9, 50, None, None, None, None, None, None, None, 'Not Reserved']
['BIO281', '79409', '45', '48', 'W', '12:00 PM', 12, 0, 12, 50, None, None, None, None, None, None, None, 'Not Reserved']
['BIO281', '79410', '44', '48', 'W', ' 3:00 PM', 15, 0, 15, 50, None, None, None, None, None, None, None, 'Not Reserved']
['BIO281', '79411', '47', '48', 'W', ' 4:30 PM', 16, 30, 17, 20, None, None, None, None, None, None, None, 'Not Reserved']
['BIO281', '79415', '29', '72', 'T Th', '10:30 AM', 10, 30, 11, 20, None, None, None, None, None, None, None, 'Reserved']
['BIO281', '79389', '5', '24', 'T', ' 7:30 AM', 7, 30, 10, 15, None, None, None, None, None, None, None, 'Reserved']
['BIO281', '79392', '12', '24', 'T', ' 6:00 PM', 18, 0, 20, 45, None, None, None, None, None, None, None, 'Reserved']
['BIO281', '79397', '12', '24', 'Th', ' 7:30 AM', 7, 30, 10, 15, None, None, None, None, None, None, None, 'Reserved']
['BIO281', '79403', '29', '72', 'W', ' 7:55 AM', 7, 55, 8, 45, None, None, None, None, None, None, None, 'Reserved']
['BIO289', '78494', '70', '70', 'F', ' 9:00 AM', 9, 0, 10, 15, None, None, None, None, None, None, None, 'Not Reserved']
['BIO340', '81424', '149', '225', 'M W', '1:30PM', 13, 30, 14, 45, 'F', '1:30PM', 13, 30, '2:20PM', 14, 20, 'Not Reserved']
['BIO345', '91185', '31', '48', 'Th', ' 6:00 PM', 18, 0, 19, 20, None, None, None, None, None, None, None, 'Not Reserved']
['BIO345', '91186', '43', '48', 'Th', ' 7:30 PM', 19, 30, 20, 40, None, None, None, None, None, None, None, 'Not Reserved']
['BIO353', '90006', '2', '40', 'M', ' 1:00 PM', 13, 0, 13, 50, None, None, None, None, None, None, None, 'Not Reserved']
['BIO360', '89906', '25', '48', 'F', '10:30 AM', 10, 30, 11, 20, None, None, None, None, None, None, None, 'Not Reserved']
['BIO360', '89918', '15', '48', 'F', '12:00 PM', 12, 0, 12, 50, None, None, None, None, None, None, None, 'Not Reserved']
['BIO360', '89919', '13', '48', 'F', '10:30 AM', 10, 30, 11, 20, None, None, None, None, None, None, None, 'Not Reserved']
['BIO360', '89920', '12', '48', 'F', ' 9:00 AM', 9, 0, 9, 50, None, None, None, None, None, None, None, 'Not Reserved']
['BIO386', '76858', '47', '80', 'M W', ' 9:00 AM', 9, 0, 10, 15, None, None, None, None, None, None, None, 'Not Reserved']
['BIO386', '76859', '12', '20', 'T', ' 9:00 AM', 9, 0, 11, 45, None, None, None, None, None, None, None, 'Not Reserved']
['BIO386', '76860', '12', '20', 'T', '12:00 PM', 12, 0, 14, 45, None, None, None, None, None, None, None, 'Not Reserved']
['BIO386', '76861', '12', '20', 'Th', ' 9:00 AM', 9, 0, 11, 45, None, None, None, None, None, None, None, 'Not Reserved']
['BIO386', '76862', '11', '20', 'Th', '12:00 PM', 12, 0, 14, 30, None, None, None, None, None, None, None, 'Not Reserved']
['BIO389', '78495', '32', '32', 'F', ' 9:00 AM', 9, 0, 10, 15, None, None, None, None, None, None, None, 'Not Reserved']
['BIO418', '87505', '6', '20', 'T Th', '12:00 PM', 12, 0, 13, 15, None, None, None, None, None, None, None, 'Not Reserved']
['BIO420', '76525', '1', '35', 'T Th', ' 9:00 AM', 9, 0, 10, 15, None, None, None, None, None, None, None, 'Not Reserved']
['BIO421', '76753', '27', '28', 'Th', ' 4:30 PM', 16, 30, 19, 15, None, None, None, None, None, None, None, 'Not Reserved']
['BIO422', '78505', '35', '60', 'T Th', ' 3:00 PM', 15, 0, 16, 15, None, None, None, None, None, None, None, 'Not Reserved']
['BIO434', '83428', '26', '36', 'M W', ' 1:30 PM', 13, 30, 14, 45, None, None, None, None, None, None, None, 'Not Reserved']
['BIO434', '83429', '4', '6', 'M W', ' 1:30 PM', 13, 30, 14, 45, None, None, None, None, None, None, None, 'Reserved']
['BIO434', '90227', '4', '6', 'F', ' 1:30 PM', 13, 30, 14, 20, None, None, None, None, None, None, None, 'Not Reserved']
['BIO451', '91794', '25', '25', 'M W', ' 8:15 AM', 8, 15, 11, 45, None, None, None, None, None, None, None, 'Not Reserved']
['BIO489', '78496', '18', '18', 'F', ' 9:00 AM', 9, 0, 10, 15, None, None, None, None, None, None, None, 'Not Reserved']
['BIO494', '80585', '10', '10', 'F', ' 9:00 AM', 9, 0, 10, 15, None, None, None, None, None, None, None, 'Not Reserved']
['BIO494', '89838', '16', '32', 'M W', ' 3:00 PM', 15, 0, 16, 15, None, None, None, None, None, None, None, 'Not Reserved']
['BIO494', '77489', '26', '38', 'M', ' 6:00 PM', 18, 0, 20, 45, None, None, None, None, None, None, None, 'Not Reserved']
['BIO502', '77389', '4', '4', 'T Th', ' 1:30 PM', 13, 30, 16, 15, None, None, None, None, None, None, None, 'Not Reserved']
['BIO503', '76442', '4', '6', 'T', ' 1:30 PM', 13, 30, 16, 20, None, None, None, None, None, None, None, 'Not Reserved']
['BIO504', '76443', '21', '25', 'T Th', '12:00 PM', 12, 0, 13, 15, None, None, None, None, None, None, None, 'Not Reserved']
['BIO570', '77032', '2', '5', 'M', ' 3:00 PM', 15, 0, 17, 45, None, None, None, None, None, None, None, 'Not Reserved']
['BIO591', '78127', '4', '4', 'ONLINE', None, None, None, None, None, None, None, None, None, None, None, None, 'Not Reserved']
['BIO591', '83931', '2', '2', 'W', ' 9:00 AM', 9, 0, 11, 45, None, None, None, None, None, None, None, 'Not Reserved']
['BIO591', '83634', '3', '3', 'ONLINE', None, None, None, None, None, None, None, None, None, None, None, None, 'Not Reserved']
['BIO591', '76323', '5', '5', 'ONLINE', None, None, None, None, None, None, None, None, None, None, None, None, 'Not Reserved']
['BIO598', '78999', '6', '10', 'T Th', ' 9:00 AM', 9, 0, 10, 15, None, None, None, None, None, None, None, 'Not Reserved']
['BIO598', '83932', '14', '15', 'M', ' 3:30 PM', 15, 30, 16, 30, None, None, None, None, None, None, None, 'Not Reserved']
['BIO598', '77490', '8', '10', 'M', ' 6:00 PM', 18, 0, 20, 45, None, None, None, None, None, None, None, 'Not Reserved']
['BIO598', '76380', '5', '5', 'ONLINE', None, None, None, None, None, None, None, None, None, None, None, None, 'Not Reserved']
['BIO598', '86927', '2', '5', 'T Th', '10:30 AM', 10, 30, 11, 45, None, None, None, None, None, None, None, 'Not Reserved']
['BIO614', '89833', '19', '30', 'T Th', '12:00 PM', 12, 0, 13, 15, None, None, None, None, None, None, None, 'Not Reserved']
['BIO615', '76829', '15', '18', 'T', '12:00 PM', 12, 0, 13, 15, None, None, None, None, None, None, None, 'Not Reserved']
['BIO790', '76415', '15', '15', 'ONLINE', None, None, None, None, None, None, None, None, None, None, None, None, 'Not Reserved']
['BIO100', '81200', '36', '60', 'T', '9:00AM', 9, 0, 10, 15, 'Th', '9:00AM', 9, 0, '10:15AM', 10, 15, 'Reserved']
['BIO100', '86205', '36', '60', 'ONLINE', None, None, None, None, None, None, None, None, None, None, None, None, 'Not Reserved']
['BIO100', '82951', '39', '60', 'T', '1:30PM', 13, 30, 14, 45, 'Th', '1:30PM', 13, 30, '2:45PM', 14, 45, 'Not Reserved']
['BIO100', '83014', '39', '60', 'ONLINE', None, None, None, None, None, None, None, None, None, None, None, None, 'Not Reserved']
['BIO113', '81432', '22', '48', 'T Th', ' 9:00 AM', 9, 0, 10, 15, None, None, None, None, None, None, None, 'Not Reserved']
['BIO113', '86210', '5', '24', 'F', '10:30 AM', 10, 30, 13, 15, None, None, None, None, None, None, None, 'Not Reserved']
['BIO113', '86211', '17', '24', 'F', ' 2:00 PM', 14, 0, 16, 45, None, None, None, None, None, None, None, 'Not Reserved']
['BIO181', '75023', '77', '96', 'M W F', ' 9:00 AM', 9, 0, 9, 50, None, None, None, None, None, None, None, 'Not Reserved']
['BIO181', '75027', '20', '24', 'T', ' 9:00 AM', 9, 0, 11, 45, None, None, None, None, None, None, None, 'Not Reserved']
['BIO181', '85476', '16', '24', 'T', ' 6:30 PM', 18, 30, 21, 15, None, None, None, None, None, None, None, 'Not Reserved']
['BIO181', '86214', '17', '24', 'W', ' 1:30 PM', 13, 30, 16, 15, None, None, None, None, None, None, None, 'Not Reserved']
['BIO181', '86212', '56', '76', 'T Th', '10:30 AM', 10, 30, 11, 45, None, None, None, None, None, None, None, 'Not Reserved']
['BIO181', '75024', '18', '24', 'M', '10:30 AM', 10, 30, 13, 15, None, None, None, None, None, None, None, 'Not Reserved']
['BIO181', '75028', '17', '24', 'T', '12:00 PM', 12, 0, 14, 45, None, None, None, None, None, None, None, 'Not Reserved']
['BIO181', '86213', '20', '24', 'W', '10:30 AM', 10, 30, 13, 15, None, None, None, None, None, None, None, 'Not Reserved']
['BIO182', '75030', '34', '72', 'T Th', '10:30 AM', 10, 30, 11, 45, None, None, None, None, None, None, None, 'Not Reserved']
['BIO182', '75031', '4', '24', 'W', '12:00 PM', 12, 0, 14, 45, None, None, None, None, None, None, None, 'Not Reserved']
['BIO182', '75032', '9', '24', 'W', ' 3:15 PM', 15, 15, 18, 0, None, None, None, None, None, None, None, 'Not Reserved']
['BIO182', '78139', '21', '24', 'W', ' 6:30 PM', 18, 30, 21, 15, None, None, None, None, None, None, None, 'Not Reserved']
['BIO201', '76994', '46', '96', 'T Th', '10:30 AM', 10, 30, 11, 45, None, None, None, None, None, None, None, 'Not Reserved']
['BIO201', '76996', '4', '24', 'Th', ' 3:15 PM', 15, 15, 18, 0, None, None, None, None, None, None, None, 'Not Reserved']
['BIO201', '78365', '18', '24', 'F', ' 9:00 AM', 9, 0, 11, 45, None, None, None, None, None, None, None, 'Not Reserved']
['BIO300', '74629', '41', '48', 'M W F', ' 9:00 AM', 9, 0, 9, 50, None, None, None, None, None, None, None, 'Not Reserved']
['BIO301', '74632', '33', '36', 'T', ' 7:30 AM', 7, 30, 10, 15, None, None, None, None, None, None, None, 'Not Reserved']
['BIO305', '74636', '52', '120', 'T Th', ' 9:00 AM', 9, 0, 10, 15, None, None, None, None, None, None, None, 'Not Reserved']
['BIO305', '74639', '9', '24', 'Th', ' 3:15 PM', 15, 15, 18, 0, None, None, None, None, None, None, None, 'Not Reserved']
['BIO305', '74640', '13', '24', 'Th', ' 6:30 PM', 18, 30, 21, 15, None, None, None, None, None, None, None, 'Not Reserved']
['BIO305', '74641', '17', '24', 'F', ' 9:00 AM', 9, 0, 11, 45, None, None, None, None, None, None, None, 'Not Reserved']
['BIO305', '78366', '13', '24', 'F', '12:15 PM', 12, 15, 15, 0, None, None, None, None, None, None, None, 'Not Reserved']
['BIO306', '86170', '38', '48', 'M W', ' 3:00 PM', 15, 0, 16, 15, None, None, None, None, None, None, None, 'Not Reserved']
['BIO331', '74642', '3', '50', 'T Th', '12:00 PM', 12, 0, 13, 15, None, None, None, None, None, None, None, 'Not Reserved']
['BIO345', '74643', '62', '80', 'M W F', ' 9:00 AM', 9, 0, 9, 50, None, None, None, None, None, None, None, 'Not Reserved']
['BIO431', '86223', '20', '60', 'M W F', '12:00 PM', 12, 0, 12, 50, None, None, None, None, None, None, None, 'Not Reserved']
['BIO499', '80986', '5', '5', 'ONLINE', None, None, None, None, None, None, None, None, None, None, None, None, 'Not Reserved']
Loading Subject:  BIS
['BIS300', '77695', '5', '5', 'ONLINE', None, None, None, None, None, None, None, None, None, None, None, None, 'Reserved']
['BIS301', '73485', '15', '25', 'ONLINE', None, None, None, None, None, None, None, None, None, None, None, None, 'Reserved']
['BIS301', '75663', '23', '25', 'ONLINE', None, None, None, None, None, None, None, None, None, None, None, None, 'Reserved']
['BIS301', '78209', '10', '25', 'ONLINE', None, None, None, None, None, None, None, None, None, None, None, None, 'Reserved']
['BIS301', '80718', '23', '25', 'ONLINE', None, None, None, None, None, None, None, None, None, None, None, None, 'Reserved']
['BIS301', '77696', '22', '25', 'ONLINE', None, None, None, None, None, None, None, None, None, None, None, None, 'Reserved']
['BIS301', '73707', '4', '25', 'T Th', '10:30 AM', 10, 30, 11, 45, None, None, None, None, None, None, None, 'Reserved']
['BIS301', '80443', '23', '25', 'ONLINE', None, None, None, None, None, None, None, None, None, None, None, None, 'Reserved']
['BIS301', '91079', '21', '25', 'T Th', '12:00 PM', 12, 0, 13, 15, None, None, None, None, None, None, None, 'Not Reserved']
['BIS302', '77697', '10', '25', 'ONLINE', None, None, None, None, None, None, None, None, None, None, None, None, 'Reserved']
['BIS302', '90374', '19', '25', 'ONLINE', None, None, None, None, None, None, None, None, None, None, None, None, 'Reserved']
['BIS302', '76623', '7', '25', 'ONLINE', None, None, None, None, None, None, None, None, None, None, None, None, 'Reserved']
['BIS302', '76622', '22', '25', 'ONLINE', None, None, None, None, None, None, None, None, None, None, None, None, 'Reserved']
['BIS302', '80576', '25', '25', 'ONLINE', None, None, None, None, None, None, None, None, None, None, None, None, 'Reserved']
['BIS302', '80719', '25', '25', 'ONLINE', None, None, None, None, None, None, None, None, None, None, None, None, 'Reserved']
['BIS302', '90393', '6', '25', 'T Th', '12:00 PM', 12, 0, 13, 15, None, None, None, None, None, None, None, 'Not Reserved']
['BIS340', '90433', '25', '30', 'T', ' 6:00 PM', 18, 0, 20, 45, None, None, None, None, None, None, None, 'Reserved']
['BIS345', '84495', '1', '5', 'ONLINE', None, None, None, None, None, None, None, None, None, None, None, None, 'Reserved']
['BIS345', '90376', '25', '25', 'ONLINE', None, None, None, None, None, None, None, None, None, None, None, None, 'Reserved']
['BIS345', '90377', '24', '25', 'ONLINE', None, None, None, None, None, None, None, None, None, None, None, None, 'Reserved']
['BIS345', '90432', '26', '30', 'Th', ' 6:00 PM', 18, 0, 20, 45, None, None, None, None, None, None, None, 'Reserved']
['BIS350', '77698', '9', '15', 'ONLINE', None, None, None, None, None, None, None, None, None, None, None, None, 'Reserved']
['BIS350', '90378', '23', '25', 'ONLINE', None, None, None, None, None, None, None, None, None, None, None, None, 'Reserved']
['BIS350', '90380', '22', '25', 'ONLINE', None, None, None, None, None, None, None, None, None, None, None, None, 'Reserved']
['BIS350', '90434', '25', '30', 'W', ' 6:00 PM', 18, 0, 20, 45, None, None, None, None, None, None, None, 'Reserved']
['BIS353', '90431', '27', '30', 'W', ' 6:00 PM', 18, 0, 20, 45, None, None, None, None, None, None, None, 'Reserved']
['BIS360', '84283', '5', '5', 'ONLINE', None, None, None, None, None, None, None, None, None, None, None, None, 'Not Reserved']
['BIS360', '90430', '27', '30', 'T', ' 6:00 PM', 18, 0, 20, 45, None, None, None, None, None, None, None, 'Reserved']
['BIS370', '78352', '5', '5', 'ONLINE', None, None, None, None, None, None, None, None, None, None, None, None, 'Reserved']
['BIS394', '77409', '4', '5', 'ONLINE', None, None, None, None, None, None, None, None, None, None, None, None, 'Reserved']
['BIS394', '80475', '5', '5', 'ONLINE', None, None, None, None, None, None, None, None, None, None, None, None, 'Reserved']
['BIS394', '90437', '14', '15', 'ONLINE', None, None, None, None, None, None, None, None, None, None, None, None, 'Reserved']
['BIS401', '76831', '20', '20', 'ONLINE', None, None, None, None, None, None, None, None, None, None, None, None, 'Reserved']
['BIS401', '78656', '30', '30', 'ONLINE', None, None, None, None, None, None, None, None, None, None, None, None, 'Reserved']
['BIS401', '79630', '20', '20', 'ONLINE', None, None, None, None, None, None, None, None, None, None, None, None, 'Reserved']
['BIS401', '70607', '150', '150', 'ONLINE', None, None, None, None, None, None, None, None, None, None, None, None, 'Reserved']
['BIS401', '76361', '20', '20', 'ONLINE', None, None, None, None, None, None, None, None, None, None, None, None, 'Reserved']
['BIS401', '76834', '10', '10', 'ONLINE', None, None, None, None, None, None, None, None, None, None, None, None, 'Reserved']
['BIS402', '77701', '8', '15', 'ONLINE', None, None, None, None, None, None, None, None, None, None, None, None, 'Reserved']
['BIS402', '78221', '14', '20', 'ONLINE', None, None, None, None, None, None, None, None, None, None, None, None, 'Reserved']
['BIS402', '82526', '16', '20', 'ONLINE', None, None, None, None, None, None, None, None, None, None, None, None, 'Reserved']
['BIS402', '77702', '13', '15', 'ONLINE', None, None, None, None, None, None, None, None, None, None, None, None, 'Reserved']
['BIS402', '78223', '19', '20', 'ONLINE', None, None, None, None, None, None, None, None, None, None, None, None, 'Reserved']
['BIS402', '85956', '14', '25', 'ONLINE', None, None, None, None, None, None, None, None, None, None, None, None, 'Reserved']
['BIS402', '70608', '21', '25', 'T', ' 6:00 PM', 18, 0, 20, 45, None, None, None, None, None, None, None, 'Not Reserved']
['BIS402', '80423', '22', '25', 'ONLINE', None, None, None, None, None, None, None, None, None, None, None, None, 'Reserved']
['BIS402', '90817', '25', '25', 'ONLINE', None, None, None, None, None, None, None, None, None, None, None, None, 'Reserved']
['BIS470', '77817', '5', '5', 'ONLINE', None, None, None, None, None, None, None, None, None, None, None, None, 'Reserved']
['BIS484', '78122', '5', '5', 'ONLINE', None, None, None, None, None, None, None, None, None, None, None, None, 'Reserved']
['BIS484', '80916', '20', '20', 'ONLINE', None, None, None, None, None, None, None, None, None, None, None, None, 'Reserved']
['BIS484', '78124', '5', '5', 'ONLINE', None, None, None, None, None, None, None, None, None, None, None, None, 'Reserved']
['BIS484', '80136', '5', '5', 'ONLINE', None, None, None, None, None, None, None, None, None, None, None, None, 'Reserved']
['BIS484', '72877', '7', '10', 'ONLINE', None, None, None, None, None, None, None, None, None, None, None, None, 'Reserved']
['BIS499', '80137', '10', '10', 'ONLINE', None, None, None, None, None, None, None, None, None, None, None, None, 'Reserved']
['BIS499', '73976', '10', '10', 'ONLINE', None, None, None, None, None, None, None, None, None, None, None, None, 'Reserved']
Loading Subject:  BLE
['BLE220', '83080', '54', '70', 'ONLINE', None, None, None, None, None, None, None, None, None, None, None, None, 'Reserved']
['BLE220', '73949', '29', '35', 'T Th', ' 9:00 AM', 9, 0, 10, 15, None, None, None, None, None, None, None, 'Not Reserved']
['BLE220', '74051', '27', '35', 'T Th', '10:30 AM', 10, 30, 11, 45, None, None, None, None, None, None, None, 'Not Reserved']
['BLE220', '74125', '21', '35', 'T Th', ' 3:00 PM', 15, 0, 16, 15, None, None, None, None, None, None, None, 'Not Reserved']
['BLE220', '74633', '19', '35', 'ONLINE', None, None, None, None, None, None, None, None, None, None, None, None, 'Reserved']
['BLE220', '74635', '17', '35', 'M W', ' 3:00 PM', 15, 0, 16, 15, None, None, None, None, None, None, None, 'Not Reserved']
['BLE220', '74637', '2', '35', 'T Th', ' 9:00 AM', 9, 0, 10, 0, None, None, None, None, None, None, None, 'Not Reserved']
['BLE220', '79934', '25', '35', 'ONLINE', None, None, None, None, None, None, None, None, None, None, None, None, 'Reserved']
['BLE220', '79936', '35', '35', 'ONLINE', None, None, None, None, None, None, None, None, None, None, None, None, 'Reserved']
['BLE220', '79969', '27', '35', 'Th', ' 4:30 PM', 16, 30, 19, 15, None, None, None, None, None, None, None, 'Not Reserved']
['BLE220', '81318', '8', '25', 'M W', '12:00 PM', 12, 0, 13, 15, None, None, None, None, None, None, None, 'Not Reserved']
['BLE520', '79830', '15', '15', 'ONLINE', None, None, None, None, None, None, None, None, None, None, None, None, 'Reserved']
['BLE535', '80587', '10', '10', 'ONLINE', None, None, None, None, None, None, None, None, None, None, None, None, 'Reserved']
Loading Subject:  BMD
['BMD501', '91709', '1', '4', 'ONLINE', None, None, None, None, None, None, None, None, None, None, None, None, 'Reserved']
['BMD592', '91450', '26', '30', 'ONLINE', None, None, None, None, None, None, None, None, None, None, None, None, 'Not Reserved']
['BMD593', '91451', '26', '30', 'ONLINE', None, None, None, None, None, None, None, None, None, None, None, None, 'Not Reserved']
Loading Subject:  BME
['BME100', '81996', '180', '204', 'M W', ' 3:00 PM', 15, 0, 16, 15, None, None, None, None, None, None, None, 'Reserved']
['BME100', '81997', '84', '102', 'W', ' 8:00 AM', 8, 0, 10, 20, None, None, None, None, None, None, None, 'Reserved']
['BME100', '81998', '96', '102', 'W', '10:30 AM', 10, 30, 12, 50, None, None, None, None, None, None, None, 'Reserved']
['BME182', '79174', '74', '102', 'M', ' 9:00 AM', 9, 0, 11, 30, None, None, None, None, None, None, None, 'Not Reserved']
['BME182', '79175', '68', '102', 'M', '12:00 PM', 12, 0, 14, 30, None, None, None, None, None, None, None, 'Not Reserved']
['BME200', '79230', '61', '100', 'M W', ' 3:00 PM', 15, 0, 16, 15, None, None, None, None, None, None, None, 'Not Reserved']
['BME200', '87460', '68', '100', 'T Th', ' 3:00 PM', 15, 0, 16, 15, None, None, None, None, None, None, None, 'Not Reserved']
['BME214', '79179', '1', '150', 'T Th', '12:00 PM', 12, 0, 13, 15, None, None, None, None, None, None, None, 'Not Reserved']
['BME235', '79232', '23', '153', 'M W', ' 4:30 PM', 16, 30, 17, 45, None, None, None, None, None, None, None, 'Not Reserved']
['BME235', '79234', '2', '51', 'M', ' 9:00 AM', 9, 0, 11, 30, None, None, None, None, None, None, None, 'Not Reserved']
['BME235', '79790', '19', '51', 'T', ' 9:00 AM', 9, 0, 11, 30, None, None, None, None, None, None, None, 'Not Reserved']
['BME235', '79791', '2', '51', 'M', '12:00 PM', 12, 0, 14, 30, None, None, None, None, None, None, None, 'Not Reserved']
['BME282', '79176', '13', '75', 'W', ' 9:00 AM', 9, 0, 11, 30, None, None, None, None, None, None, None, 'Not Reserved']
['BME300', '88103', '1', '102', 'T Th', ' 9:00 AM', 9, 0, 10, 15, None, None, None, None, None, None, None, 'Not Reserved']
['BME301', '79226', '22', '100', 'M W', '10:30 AM', 10, 30, 11, 20, None, None, None, None, None, None, None, 'Not Reserved']
['BME331', '83088', '7', '100', 'T Th', '3:00PM', 15, 0, 16, 15, 'T', '6:00PM', 18, 0, '9:00PM', 21, 0, 'Not Reserved']
['BME350', '79436', '21', '190', 'T Th', ' 4:30 PM', 16, 30, 17, 45, None, None, None, None, None, None, None, 'Not Reserved']
['BME394', '80958', '10', '10', 'ONLINE', None, None, None, None, None, None, None, None, None, None, None, None, 'Not Reserved']
['BME394', '80959', '10', '10', 'ONLINE', None, None, None, None, None, None, None, None, None, None, None, None, 'Not Reserved']
['BME394', '80257', '10', '10', 'ONLINE', None, None, None, None, None, None, None, None, None, None, None, None, 'Not Reserved']
['BME394', '80574', '30', '30', 'ONLINE', None, None, None, None, None, None, None, None, None, None, None, None, 'Not Reserved']
['BME417', '79247', '9', '86', 'T Th', ' 9:00 AM', 9, 0, 10, 15, None, None, None, None, None, None, None, 'Not Reserved']
['BME423', '77176', '2', '86', 'T', '10:30 AM', 10, 30, 13, 0, None, None, None, None, None, None, None, 'Not Reserved']
['BME484', '80960', '10', '10', 'ONLINE', None, None, None, None, None, None, None, None, None, None, None, None, 'Not Reserved']
['BME492', '79845', '20', '20', 'ONLINE', None, None, None, None, None, None, None, None, None, None, None, None, 'Not Reserved']
['BME493', '79844', '20', '20', 'ONLINE', None, None, None, None, None, None, None, None, None, None, None, None, 'Not Reserved']
['BME494', '88832', '7', '10', 'T Th', '12:00 PM', 12, 0, 13, 15, None, None, None, None, None, None, None, 'Not Reserved']
['BME494', '88836', '1', '15', 'M W F', '10:30 AM', 10, 30, 11, 20, None, None, None, None, None, None, None, 'Not Reserved']
['BME584', '80961', '10', '10', 'ONLINE', None, None, None, None, None, None, None, None, None, None, None, None, 'Not Reserved']
['BME584', '77750', '15', '15', 'ONLINE', None, None, None, None, None, None, None, None, None, None, None, None, 'Not Reserved']
['BME598', '91056', '3', '25', 'W', ' 1:00 PM', 13, 0, 14, 40, None, None, None, None, None, None, None, 'Not Reserved']
['BME598', '88828', '21', '30', 'T Th', '12:00 PM', 12, 0, 13, 15, None, None, None, None, None, None, None, 'Not Reserved']
['BME598', '88837', '15', '30', 'M W F', '10:30 AM', 10, 30, 11, 20, None, None, None, None, None, None, None, 'Not Reserved']
['BME598', '88918', '20', '35', 'M W F', ' 9:00 AM', 9, 0, 9, 50, None, None, None, None, None, None, None, 'Not Reserved']
['BME780', '79843', '5', '5', 'ONLINE', None, None, None, None, None, None, None, None, None, None, None, None, 'Not Reserved']
['BME100', '81996', '180', '204', 'M W', ' 3:00 PM', 15, 0, 16, 15, None, None, None, None, None, None, None, 'Reserved']
['BME100', '81997', '84', '102', 'W', ' 8:00 AM', 8, 0, 10, 20, None, None, None, None, None, None, None, 'Reserved']
['BME100', '81998', '96', '102', 'W', '10:30 AM', 10, 30, 12, 50, None, None, None, None, None, None, None, 'Reserved']
['BME182', '79174', '74', '102', 'M', ' 9:00 AM', 9, 0, 11, 30, None, None, None, None, None, None, None, 'Not Reserved']
['BME182', '79175', '68', '102', 'M', '12:00 PM', 12, 0, 14, 30, None, None, None, None, None, None, None, 'Not Reserved']
['BME200', '79230', '61', '100', 'M W', ' 3:00 PM', 15, 0, 16, 15, None, None, None, None, None, None, None, 'Not Reserved']
['BME200', '87460', '68', '100', 'T Th', ' 3:00 PM', 15, 0, 16, 15, None, None, None, None, None, None, None, 'Not Reserved']
['BME214', '79179', '1', '150', 'T Th', '12:00 PM', 12, 0, 13, 15, None, None, None, None, None, None, None, 'Not Reserved']
['BME235', '79232', '23', '153', 'M W', ' 4:30 PM', 16, 30, 17, 45, None, None, None, None, None, None, None, 'Not Reserved']
['BME235', '79234', '2', '51', 'M', ' 9:00 AM', 9, 0, 11, 30, None, None, None, None, None, None, None, 'Not Reserved']
['BME235', '79790', '19', '51', 'T', ' 9:00 AM', 9, 0, 11, 30, None, None, None, None, None, None, None, 'Not Reserved']
['BME235', '79791', '2', '51', 'M', '12:00 PM', 12, 0, 14, 30, None, None, None, None, None, None, None, 'Not Reserved']
['BME282', '79176', '13', '75', 'W', ' 9:00 AM', 9, 0, 11, 30, None, None, None, None, None, None, None, 'Not Reserved']
['BME300', '88103', '1', '102', 'T Th', ' 9:00 AM', 9, 0, 10, 15, None, None, None, None, None, None, None, 'Not Reserved']
['BME301', '79226', '22', '100', 'M W', '10:30 AM', 10, 30, 11, 20, None, None, None, None, None, None, None, 'Not Reserved']
['BME331', '83088', '7', '100', 'T Th', '3:00PM', 15, 0, 16, 15, 'T', '6:00PM', 18, 0, '9:00PM', 21, 0, 'Not Reserved']
['BME350', '79436', '21', '190', 'T Th', ' 4:30 PM', 16, 30, 17, 45, None, None, None, None, None, None, None, 'Not Reserved']
['BME394', '80958', '10', '10', 'ONLINE', None, None, None, None, None, None, None, None, None, None, None, None, 'Not Reserved']
['BME394', '80959', '10', '10', 'ONLINE', None, None, None, None, None, None, None, None, None, None, None, None, 'Not Reserved']
['BME394', '80257', '10', '10', 'ONLINE', None, None, None, None, None, None, None, None, None, None, None, None, 'Not Reserved']
['BME394', '80574', '30', '30', 'ONLINE', None, None, None, None, None, None, None, None, None, None, None, None, 'Not Reserved']
['BME417', '79247', '9', '86', 'T Th', ' 9:00 AM', 9, 0, 10, 15, None, None, None, None, None, None, None, 'Not Reserved']
['BME423', '77176', '2', '86', 'T', '10:30 AM', 10, 30, 13, 0, None, None, None, None, None, None, None, 'Not Reserved']
['BME484', '80960', '10', '10', 'ONLINE', None, None, None, None, None, None, None, None, None, None, None, None, 'Not Reserved']
['BME492', '79845', '20', '20', 'ONLINE', None, None, None, None, None, None, None, None, None, None, None, None, 'Not Reserved']
['BME493', '79844', '20', '20', 'ONLINE', None, None, None, None, None, None, None, None, None, None, None, None, 'Not Reserved']
['BME494', '88832', '7', '10', 'T Th', '12:00 PM', 12, 0, 13, 15, None, None, None, None, None, None, None, 'Not Reserved']
['BME494', '88836', '1', '15', 'M W F', '10:30 AM', 10, 30, 11, 20, None, None, None, None, None, None, None, 'Not Reserved']
['BME584', '80961', '10', '10', 'ONLINE', None, None, None, None, None, None, None, None, None, None, None, None, 'Not Reserved']
['BME584', '77750', '15', '15', 'ONLINE', None, None, None, None, None, None, None, None, None, None, None, None, 'Not Reserved']
['BME598', '91056', '3', '25', 'W', ' 1:00 PM', 13, 0, 14, 40, None, None, None, None, None, None, None, 'Not Reserved']
['BME598', '88828', '21', '30', 'T Th', '12:00 PM', 12, 0, 13, 15, None, None, None, None, None, None, None, 'Not Reserved']
['BME598', '88837', '15', '30', 'M W F', '10:30 AM', 10, 30, 11, 20, None, None, None, None, None, None, None, 'Not Reserved']
['BME598', '88918', '20', '35', 'M W F', ' 9:00 AM', 9, 0, 9, 50, None, None, None, None, None, None, None, 'Not Reserved']
['BME780', '79843', '5', '5', 'ONLINE', None, None, None, None, None, None, None, None, None, None, None, None, 'Not Reserved']
Loading Subject:  BMI
['BMI101', '82533', '22', '30', 'T Th', '10:30 AM', 10, 30, 11, 45, None, None, None, None, None, None, None, 'Not Reserved']
['BMI102', '86698', '21', '30', 'M W F', ' 9:00 AM', 9, 0, 10, 15, None, None, None, None, None, None, None, 'Not Reserved']
['BMI501', '74526', '34', '40', 'T Th', '10:30 AM', 10, 30, 11, 45, None, None, None, None, None, None, None, 'Not Reserved']
['BMIMet', '74527', '35', '40', 'T Th', ' 9:00 AM', 9, 0, 10, 15, None, None, None, None, None, None, None, 'Not Reserved']
['BMI504', '76429', '26', '30', 'F', ' 9:00 AM', 9, 0, 11, 45, None, None, None, None, None, None, None, 'Not Reserved']
['BMI507', '77156', '9', '12', 'F', ' 9:00 AM', 9, 0, 11, 45, None, None, None, None, None, None, None, 'Not Reserved']
['BMI540', '74528', '3', '24', 'T Th', ' 9:00 AM', 9, 0, 10, 15, None, None, None, None, None, None, None, 'Not Reserved']
['BMI560', '75209', '3', '4', 'ONLINE', None, None, None, None, None, None, None, None, None, None, None, None, 'Not Reserved']
['BMI560', '85536', '4', '4', 'ONLINE', None, None, None, None, None, None, None, None, None, None, None, None, 'Not Reserved']
['BMI560', '85769', '1', '2', 'ONLINE', None, None, None, None, None, None, None, None, None, None, None, None, 'Not Reserved']
['BMI560', '85875', '3', '3', 'ONLINE', None, None, None, None, None, None, None, None, None, None, None, None, 'Not Reserved']
['BMI570', '76100', '35', '40', 'F', ' 2:45 PM', 14, 45, 16, 0, None, None, None, None, None, None, None, 'Not Reserved']
['BMI584', '80883', '8', '8', 'ONLINE', None, None, None, None, None, None, None, None, None, None, None, None, 'Not Reserved']
['BMI590', '75411', '6', '6', 'ONLINE', None, None, None, None, None, None, None, None, None, None, None, None, 'Not Reserved']
['BMI590', '85714', '3', '3', 'ONLINE', None, None, None, None, None, None, None, None, None, None, None, None, 'Not Reserved']
['BMI591', '86693', '28', '28', 'M', ' 9:00 AM', 9, 0, 11, 45, None, None, None, None, None, None, None, 'Not Reserved']
['BMI591', '86694', '28', '28', 'W', ' 9:00 AM', 9, 0, 11, 45, None, None, None, None, None, None, None, 'Not Reserved']
['BMI591', '86695', '28', '28', 'F', ' 9:00 AM', 9, 0, 11, 45, None, None, None, None, None, None, None, 'Not Reserved']
['BMI591', '88274', '28', '28', 'T Th', ' 9:00 AM', 9, 0, 10, 15, None, None, None, None, None, None, None, 'Not Reserved']
['BMI591', '88276', '28', '28', 'T Th', '10:30 AM', 10, 30, 11, 45, None, None, None, None, None, None, None, 'Not Reserved']
['BMI592', '75412', '5', '5', 'ONLINE', None, None, None, None, None, None, None, None, None, None, None, None, 'Not Reserved']
['BMI592', '85453', '4', '4', 'ONLINE', None, None, None, None, None, None, None, None, None, None, None, None, 'Not Reserved']
['BMI592', '85455', '4', '4', 'ONLINE', None, None, None, None, None, None, None, None, None, None, None, None, 'Not Reserved']
['BMI592', '85602', '4', '4', 'ONLINE', None, None, None, None, None, None, None, None, None, None, None, None, 'Not Reserved']
['BMI592', '85603', '4', '4', 'ONLINE', None, None, None, None, None, None, None, None, None, None, None, None, 'Not Reserved']
['BMI592', '85770', '3', '3', 'ONLINE', None, None, None, None, None, None, None, None, None, None, None, None, 'Not Reserved']
['BMI592', '85791', '3', '3', 'ONLINE', None, None, None, None, None, None, None, None, None, None, None, None, 'Not Reserved']
['BMI592', '85839', '3', '3', 'ONLINE', None, None, None, None, None, None, None, None, None, None, None, None, 'Not Reserved']
['BMI595', '74812', '25', '25', 'ONLINE', None, None, None, None, None, None, None, None, None, None, None, None, 'Not Reserved']
['BMI790', '75413', '6', '6', 'ONLINE', None, None, None, None, None, None, None, None, None, None, None, None, 'Not Reserved']
['BMI790', '85708', '4', '4', 'ONLINE', None, None, None, None, None, None, None, None, None, None, None, None, 'Not Reserved']
['BMI790', '85831', '3', '3', 'ONLINE', None, None, None, None, None, None, None, None, None, None, None, None, 'Not Reserved']
['BMI790', '85952', '1', '1', 'ONLINE', None, None, None, None, None, None, None, None, None, None, None, None, 'Not Reserved']
['BMI790', '85988', '4', '4', 'ONLINE', None, None, None, None, None, None, None, None, None, None, None, None, 'Not Reserved']
['BMI792', '85447', '2', '2', 'ONLINE', None, None, None, None, None, None, None, None, None, None, None, None, 'Not Reserved']
['BMI792', '85951', '4', '4', 'ONLINE', None, None, None, None, None, None, None, None, None, None, None, None, 'Not Reserved']
['BMI799', '75190', '10', '10', 'ONLINE', None, None, None, None, None, None, None, None, None, None, None, None, 'Not Reserved']
['BMI799', '85707', '4', '4', 'ONLINE', None, None, None, None, None, None, None, None, None, None, None, None, 'Not Reserved']
['BMI799', '85771', '3', '3', 'ONLINE', None, None, None, None, None, None, None, None, None, None, None, None, 'Not Reserved']
['BMI799', '86054', '4', '4', 'ONLINE', None, None, None, None, None, None, None, None, None, None, None, None, 'Not Reserved']
Loading Subject:  BMY
Loading Subject:  BUA
['BUA380', '81899', '92', '110', 'ONLINE', None, None, None, None, None, None, None, None, None, None, None, None, 'Reserved']
['BUA381', '74490', '97', '105', 'ONLINE', None, None, None, None, None, None, None, None, None, None, None, None, 'Reserved']
['BUA383', '81902', '88', '100', 'ONLINE', None, None, None, None, None, None, None, None, None, None, None, None, 'Reserved']
['BUA384', '74491', '58', '75', 'ONLINE', None, None, None, None, None, None, None, None, None, None, None, None, 'Reserved']
Loading Subject:  BUE
Loading Subject:  BUS
Loading Subject:  CBS
Loading Subject:  CCS
Loading Subject:  CDE
['CDE232', '72909', '45', '60', 'M', ' 4:30 PM', 16, 30, 19, 15, None, None, None, None, None, None, None, 'Not Reserved']
['CDE232', '72910', '90', '100', 'T Th', ' 9:00 AM', 9, 0, 10, 15, None, None, None, None, None, None, None, 'Not Reserved']
['CDE232', '74291', '21', '60', 'M W', '12:00 PM', 12, 0, 13, 15, None, None, None, None, None, None, None, 'Reserved']
['CDE232', '78648', '291', '300', 'ONLINE', None, None, None, None, None, None, None, None, None, None, None, None, 'Reserved']
['CDE232', '78651', '102', '110', 'T', ' 4:30 PM', 16, 30, 19, 15, None, None, None, None, None, None, None, 'Not Reserved']
['CDE232', '91297', '12', '12', 'ONLINE', None, None, None, None, None, None, None, None, None, None, None, None, 'Reserved']
['CDE312', '81393', '5', '50', 'T Th', ' 9:00 AM', 9, 0, 10, 15, None, None, None, None, None, None, None, 'Not Reserved']
['CDE430', '78655', '30', '60', 'T Th', ' 3:00 PM', 15, 0, 16, 15, None, None, None, None, None, None, None, 'Not Reserved']
['CDE450', '81403', '44', '60', 'M W F', ' 1:30 PM', 13, 30, 14, 20, None, None, None, None, None, None, None, 'Not Reserved']
['CDE450', '88702', '30', '48', 'T Th', ' 9:00 AM', 9, 0, 10, 15, None, None, None, None, None, None, None, 'Not Reserved']
['CDE498', '78782', '6', '12', 'M', ' 4:30 PM', 16, 30, 19, 15, None, None, None, None, None, None, None, 'Not Reserved']
['CDE498', '89618', '9', '30', 'T Th', ' 3:00 PM', 15, 0, 16, 15, None, None, None, None, None, None, None, 'Not Reserved']
['CDE499', '90607', '30', '30', 'ONLINE', None, None, None, None, None, None, None, None, None, None, None, None, 'Not Reserved']
['CDE533', '89648', '8', '10', 'Th', ' 9:00 AM', 9, 0, 12, 0, None, None, None, None, None, None, None, 'Not Reserved']
['CDE591', '89651', '44', '50', 'T Th', '10:30 AM', 10, 30, 11, 45, None, None, None, None, None, None, None, 'Not Reserved']
['CDE592', '82846', '30', '30', 'ONLINE', None, None, None, None, None, None, None, None, None, None, None, None, 'Reserved']
['CDE598', '90087', '7', '10', 'T Th', ' 3:00 PM', 15, 0, 16, 15, None, None, None, None, None, None, None, 'Not Reserved']
Loading Subject:  CED
['CED194', '75461', '26', '26', 'W', ' 3:00 PM', 15, 0, 16, 45, None, None, None, None, None, None, None, 'Not Reserved']
['CED250', '76483', '14', '35', 'ONLINE', None, None, None, None, None, None, None, None, None, None, None, None, 'Reserved']
['CED250', '86987', '27', '35', 'ONLINE', None, None, None, None, None, None, None, None, None, None, None, None, 'Reserved']
['CED250', '86098', '24', '30', 'T Th', ' 9:00 AM', 9, 0, 10, 15, None, None, None, None, None, None, None, 'Not Reserved']
['CED250', '81924', '22', '30', 'T Th', ' 9:00 AM', 9, 0, 10, 15, None, None, None, None, None, None, None, 'Not Reserved']
['CED250', '75463', '20', '30', 'T Th', '10:30 AM', 10, 30, 11, 45, None, None, None, None, None, None, None, 'Not Reserved']
['CED250', '75464', '20', '30', 'T Th', '12:00 PM', 12, 0, 13, 15, None, None, None, None, None, None, None, 'Not Reserved']
['CED250', '75993', '23', '30', 'T Th', '12:00 PM', 12, 0, 13, 15, None, None, None, None, None, None, None, 'Not Reserved']
['CED250', '75466', '22', '30', 'T Th', ' 1:30 PM', 13, 30, 14, 45, None, None, None, None, None, None, None, 'Not Reserved']
['CED250', '75504', '21', '30', 'T Th', ' 1:30 PM', 13, 30, 14, 45, None, None, None, None, None, None, None, 'Not Reserved']
['CED250', '78317', '28', '30', 'T Th', ' 3:00 PM', 15, 0, 16, 15, None, None, None, None, None, None, None, 'Not Reserved']
['CED250', '86097', '31', '35', 'ONLINE', None, None, None, None, None, None, None, None, None, None, None, None, 'Reserved']
['CED484', '84508', '20', '20', 'ONLINE', None, None, None, None, None, None, None, None, None, None, None, None, 'Not Reserved']
['CED502', '85439', '13', '30', 'T', ' 1:30 PM', 13, 30, 16, 15, None, None, None, None, None, None, None, 'Reserved']
['CED529', '75472', '2', '30', 'Th', ' 4:30 PM', 16, 30, 19, 15, None, None, None, None, None, None, None, 'Reserved']
['CED595', '75475', '30', '30', 'ONLINE', None, None, None, None, None, None, None, None, None, None, None, None, 'Reserved']
['CED599', '85533', '8', '10', 'ONLINE', None, None, None, None, None, None, None, None, None, None, None, None, 'Not Reserved']
['CED680', '77743', '30', '30', 'W', ' 4:30 PM', 16, 30, 19, 15, None, None, None, None, None, None, None, 'Not Reserved']
['CED680', '75477', '10', '10', 'M', ' 3:00 PM', 15, 0, 20, 0, None, None, None, None, None, None, None, 'Not Reserved']
['CED680', '75476', '10', '10', 'T', ' 2:30 PM', 14, 30, 19, 30, None, None, None, None, None, None, None, 'Not Reserved']
['CED680', '82640', '10', '10', 'Th', ' 9:00 AM', 9, 0, 14, 0, None, None, None, None, None, None, None, 'Not Reserved']
['CED680', '87003', '10', '10', 'Th', ' 2:30 PM', 14, 30, 19, 30, None, None, None, None, None, None, None, 'Not Reserved']
['CED684', '85650', '30', '30', 'M', ' 4:30 PM', 16, 30, 19, 15, None, None, None, None, None, None, None, 'Not Reserved']
Loading Subject:  CEE
['CEE181', '80629', '33', '91', 'M', ' 4:30 PM', 16, 30, 17, 45, None, None, None, None, None, None, None, 'Not Reserved']
['CEE181', '79423', '8', '15', 'T', '12:00 PM', 12, 0, 13, 15, None, None, None, None, None, None, None, 'Not Reserved']
['CEE181', '79427', '8', '15', 'Th', ' 9:00 AM', 9, 0, 10, 15, None, None, None, None, None, None, None, 'Not Reserved']
['CEE181', '79428', '2', '16', 'Th', '12:00 PM', 12, 0, 13, 15, None, None, None, None, None, None, None, 'Not Reserved']
['CEE181', '79429', '15', '15', 'Th', ' 1:30 PM', 13, 30, 14, 45, None, None, None, None, None, None, None, 'Not Reserved']
['CEE210', '79555', '2', '116', 'F', '10:30 AM', 10, 30, 11, 20, None, None, None, None, None, None, None, 'Not Reserved']
['CEE212', '79552', '31', '74', 'W', '10:30 AM', 10, 30, 11, 20, None, None, None, None, None, None, None, 'Not Reserved']
['CEE213', '79556', '37', '74', 'M', '10:30 AM', 10, 30, 11, 20, None, None, None, None, None, None, None, 'Not Reserved']
['CEE351', '79559', '2', '90', 'M W', '12:00 PM', 12, 0, 13, 15, None, None, None, None, None, None, None, 'Not Reserved']
['CEE351', '79560', '1', '30', 'F', '12:00 PM', 12, 0, 14, 45, None, None, None, None, None, None, None, 'Not Reserved']
['CEE470', '82888', '18', '20', 'T Th', ' 3:00 PM', 15, 0, 16, 15, None, None, None, None, None, None, None, 'Not Reserved']
['CEE494', '80241', '8', '25', 'T Th', '10:30 AM', 10, 30, 11, 45, None, None, None, None, None, None, None, 'Not Reserved']
['CEE494', '86988', '26', '30', 'T Th', ' 3:00 PM', 15, 0, 16, 15, None, None, None, None, None, None, None, 'Not Reserved']
['CEE515', '83173', '24', '37', 'T Th', ' 9:00 AM', 9, 0, 10, 15, None, None, None, None, None, None, None, 'Not Reserved']
['CEE545', '83160', '5', '10', 'T Th', ' 1:30 PM', 13, 30, 14, 45, None, None, None, None, None, None, None, 'Not Reserved']
['CEE550', '86916', '20', '30', 'M W', ' 3:00 PM', 15, 0, 16, 15, None, None, None, None, None, None, None, 'Not Reserved']
['CEE553', '83171', '6', '25', 'T Th', ' 3:00 PM', 15, 0, 16, 15, None, None, None, None, None, None, None, 'Not Reserved']
['CEE557', '86925', '21', '30', 'T Th', ' 4:30 PM', 16, 30, 17, 45, None, None, None, None, None, None, None, 'Not Reserved']
['CEE561', '83185', '20', '28', 'T Th', ' 9:00 AM', 9, 0, 10, 15, None, None, None, None, None, None, None, 'Not Reserved']
['CEE570', '82889', '12', '13', 'T Th', ' 3:00 PM', 15, 0, 16, 15, None, None, None, None, None, None, None, 'Not Reserved']
['CEE598', '86989', '30', '30', 'T Th', ' 3:00 PM', 15, 0, 16, 15, None, None, None, None, None, None, None, 'Not Reserved']
['CEE598', '76565', '4', '4', 'T Th', '10:30 AM', 10, 30, 11, 45, None, None, None, None, None, None, None, 'Not Reserved']
['CEE598', '77703', '2', '10', 'T Th', '10:30 AM', 10, 30, 11, 45, None, None, None, None, None, None, None, 'Not Reserved']
['CEE598', '91576', '19', '30', 'W', ' 4:30 PM', 16, 30, 19, 30, None, None, None, None, None, None, None, 'Not Reserved']
['CEE181', '80629', '33', '91', 'M', ' 4:30 PM', 16, 30, 17, 45, None, None, None, None, None, None, None, 'Not Reserved']
['CEE181', '79423', '8', '15', 'T', '12:00 PM', 12, 0, 13, 15, None, None, None, None, None, None, None, 'Not Reserved']
['CEE181', '79427', '8', '15', 'Th', ' 9:00 AM', 9, 0, 10, 15, None, None, None, None, None, None, None, 'Not Reserved']
['CEE181', '79428', '2', '16', 'Th', '12:00 PM', 12, 0, 13, 15, None, None, None, None, None, None, None, 'Not Reserved']
['CEE181', '79429', '15', '15', 'Th', ' 1:30 PM', 13, 30, 14, 45, None, None, None, None, None, None, None, 'Not Reserved']
['CEE210', '79555', '2', '116', 'F', '10:30 AM', 10, 30, 11, 20, None, None, None, None, None, None, None, 'Not Reserved']
['CEE212', '79552', '31', '74', 'W', '10:30 AM', 10, 30, 11, 20, None, None, None, None, None, None, None, 'Not Reserved']
['CEE213', '79556', '37', '74', 'M', '10:30 AM', 10, 30, 11, 20, None, None, None, None, None, None, None, 'Not Reserved']
['CEE351', '79559', '2', '90', 'M W', '12:00 PM', 12, 0, 13, 15, None, None, None, None, None, None, None, 'Not Reserved']
['CEE351', '79560', '1', '30', 'F', '12:00 PM', 12, 0, 14, 45, None, None, None, None, None, None, None, 'Not Reserved']
['CEE470', '82888', '18', '20', 'T Th', ' 3:00 PM', 15, 0, 16, 15, None, None, None, None, None, None, None, 'Not Reserved']
['CEE494', '80241', '8', '25', 'T Th', '10:30 AM', 10, 30, 11, 45, None, None, None, None, None, None, None, 'Not Reserved']
['CEE494', '86988', '26', '30', 'T Th', ' 3:00 PM', 15, 0, 16, 15, None, None, None, None, None, None, None, 'Not Reserved']
['CEE515', '83173', '24', '37', 'T Th', ' 9:00 AM', 9, 0, 10, 15, None, None, None, None, None, None, None, 'Not Reserved']
['CEE545', '83160', '5', '10', 'T Th', ' 1:30 PM', 13, 30, 14, 45, None, None, None, None, None, None, None, 'Not Reserved']
['CEE550', '86916', '20', '30', 'M W', ' 3:00 PM', 15, 0, 16, 15, None, None, None, None, None, None, None, 'Not Reserved']
['CEE553', '83171', '6', '25', 'T Th', ' 3:00 PM', 15, 0, 16, 15, None, None, None, None, None, None, None, 'Not Reserved']
['CEE557', '86925', '21', '30', 'T Th', ' 4:30 PM', 16, 30, 17, 45, None, None, None, None, None, None, None, 'Not Reserved']
['CEE561', '83185', '20', '28', 'T Th', ' 9:00 AM', 9, 0, 10, 15, None, None, None, None, None, None, None, 'Not Reserved']
['CEE570', '82889', '12', '13', 'T Th', ' 3:00 PM', 15, 0, 16, 15, None, None, None, None, None, None, None, 'Not Reserved']
['CEE598', '86989', '30', '30', 'T Th', ' 3:00 PM', 15, 0, 16, 15, None, None, None, None, None, None, None, 'Not Reserved']
['CEE598', '76565', '4', '4', 'T Th', '10:30 AM', 10, 30, 11, 45, None, None, None, None, None, None, None, 'Not Reserved']
['CEE598', '77703', '2', '10', 'T Th', '10:30 AM', 10, 30, 11, 45, None, None, None, None, None, None, None, 'Not Reserved']
['CEE598', '91576', '19', '30', 'W', ' 4:30 PM', 16, 30, 19, 30, None, None, None, None, None, None, None, 'Not Reserved']
Loading Subject:  CEN
['CEN501', '83427', '25', '60', 'M W', ' 6:00 PM', 18, 0, 19, 15, None, None, None, None, None, None, None, 'Not Reserved']
['CEN502', '79367', '158', '200', 'M W F', ' 9:00 AM', 9, 0, 9, 50, None, None, None, None, None, None, None, 'Not Reserved']
['CEN580', '78304', '30', '30', 'ONLINE', None, None, None, None, None, None, None, None, None, None, None, None, 'Not Reserved']
['CEN590', '80952', '30', '30', 'ONLINE', None, None, None, None, None, None, None, None, None, None, None, None, 'Not Reserved']
['CEN595', '80877', '29', '30', 'ONLINE', None, None, None, None, None, None, None, None, None, None, None, None, 'Not Reserved']
['CEN599', '78284', '29', '30', 'ONLINE', None, None, None, None, None, None, None, None, None, None, None, None, 'Not Reserved']
['CEN790', '80945', '30', '30', 'ONLINE', None, None, None, None, None, None, None, None, None, None, None, None, 'Not Reserved']
['CEN792', '78282', '30', '30', 'ONLINE', None, None, None, None, None, None, None, None, None, None, None, None, 'Not Reserved']
['CEN792', '78216', '30', '30', 'ONLINE', None, None, None, None, None, None, None, None, None, None, None, None, 'Not Reserved']
['CEN799', '80953', '30', '30', 'ONLINE', None, None, None, None, None, None, None, None, None, None, None, None, 'Not Reserved']
['CEN501', '83427', '25', '60', 'M W', ' 6:00 PM', 18, 0, 19, 15, None, None, None, None, None, None, None, 'Not Reserved']
['CEN502', '79367', '158', '200', 'M W F', ' 9:00 AM', 9, 0, 9, 50, None, None, None, None, None, None, None, 'Not Reserved']
['CEN580', '78304', '30', '30', 'ONLINE', None, None, None, None, None, None, None, None, None, None, None, None, 'Not Reserved']
['CEN590', '80952', '30', '30', 'ONLINE', None, None, None, None, None, None, None, None, None, None, None, None, 'Not Reserved']
['CEN595', '80877', '29', '30', 'ONLINE', None, None, None, None, None, None, None, None, None, None, None, None, 'Not Reserved']
['CEN599', '78284', '29', '30', 'ONLINE', None, None, None, None, None, None, None, None, None, None, None, None, 'Not Reserved']
['CEN790', '80945', '30', '30', 'ONLINE', None, None, None, None, None, None, None, None, None, None, None, None, 'Not Reserved']
['CEN792', '78282', '30', '30', 'ONLINE', None, None, None, None, None, None, None, None, None, None, None, None, 'Not Reserved']
['CEN792', '78216', '30', '30', 'ONLINE', None, None, None, None, None, None, None, None, None, None, None, None, 'Not Reserved']
['CEN799', '80953', '30', '30', 'ONLINE', None, None, None, None, None, None, None, None, None, None, None, None, 'Not Reserved']
Loading Subject:  CHE
['CHE211', '76991', '24', '60', 'F', '10:30 AM', 10, 30, 11, 20, None, None, None, None, None, None, None, 'Not Reserved']
['CHE211', '76992', '4', '60', 'M', ' 4:30 PM', 16, 30, 17, 20, None, None, None, None, None, None, None, 'Not Reserved']
['CHE294', '76580', '15', '15', 'ONLINE', None, None, None, None, None, None, None, None, None, None, None, None, 'Not Reserved']
['CHE484', '76606', '30', '30', 'ONLINE', None, None, None, None, None, None, None, None, None, None, None, None, 'Not Reserved']
['CHE498', '78189', '29', '30', 'ONLINE', None, None, None, None, None, None, None, None, None, None, None, None, 'Not Reserved']
['CHE593', '76628', '30', '30', 'ONLINE', None, None, None, None, None, None, None, None, None, None, None, None, 'Not Reserved']
['CHE598', '76534', '12', '28', 'T Th', '10:30 AM', 10, 30, 11, 45, None, None, None, None, None, None, None, 'Not Reserved']
['CHE598', '77799', '15', '31', 'T Th', '12:00 PM', 12, 0, 13, 15, None, None, None, None, None, None, None, 'Not Reserved']
['CHE211', '76991', '24', '60', 'F', '10:30 AM', 10, 30, 11, 20, None, None, None, None, None, None, None, 'Not Reserved']
['CHE211', '76992', '4', '60', 'M', ' 4:30 PM', 16, 30, 17, 20, None, None, None, None, None, None, None, 'Not Reserved']
['CHE294', '76580', '15', '15', 'ONLINE', None, None, None, None, None, None, None, None, None, None, None, None, 'Not Reserved']
['CHE484', '76606', '30', '30', 'ONLINE', None, None, None, None, None, None, None, None, None, None, None, None, 'Not Reserved']
['CHE498', '78189', '29', '30', 'ONLINE', None, None, None, None, None, None, None, None, None, None, None, None, 'Not Reserved']
['CHE593', '76628', '30', '30', 'ONLINE', None, None, None, None, None, None, None, None, None, None, None, None, 'Not Reserved']
['CHE598', '76534', '12', '28', 'T Th', '10:30 AM', 10, 30, 11, 45, None, None, None, None, None, None, None, 'Not Reserved']
['CHE598', '77799', '15', '31', 'T Th', '12:00 PM', 12, 0, 13, 15, None, None, None, None, None, None, None, 'Not Reserved']
Loading Subject:  CHI
['CHI120', '89988', '5', '18', 'W', ' 3:00 PM', 15, 0, 15, 50, None, None, None, None, None, None, None, 'Not Reserved']
['CHI120', '89989', '8', '15', 'Th', ' 6:00 PM', 18, 0, 18, 50, None, None, None, None, None, None, None, 'Not Reserved']
['CHI120', '90761', '12', '15', 'M', ' 3:00 PM', 15, 0, 15, 50, None, None, None, None, None, None, None, 'Not Reserved']
['CHI202', '83569', '22', '28', 'M T W Th F', '10:30 AM', 10, 30, 11, 20, None, None, None, None, None, None, None, 'Not Reserved']
['CHI294', '89196', '28', '28', 'M T W Th F', '10:30 AM', 10, 30, 11, 50, None, None, None, None, None, None, None, 'Not Reserved']
['CHI333', '91316', '14', '15', 'T Th', ' 1:30 PM', 13, 30, 14, 45, None, None, None, None, None, None, None, 'Not Reserved']
['CHI401', '78276', '15', '24', 'M W F', '12:00 PM', 12, 0, 12, 50, None, None, None, None, None, None, None, 'Not Reserved']
['CHI451', '81950', '14', '15', 'T Th', '10:30 AM', 10, 30, 11, 45, None, None, None, None, None, None, None, 'Not Reserved']
['CHI494', '77736', '6', '10', 'ONLINE', None, None, None, None, None, None, None, None, None, None, None, None, 'Not Reserved']
['CHI580', '76592', '3', '3', 'ONLINE', None, None, None, None, None, None, None, None, None, None, None, None, 'Not Reserved']
['CHI598', '76329', '13', '15', 'T Th', ' 3:00 PM', 15, 0, 16, 15, None, None, None, None, None, None, None, 'Not Reserved']
Loading Subject:  CHM
['CHM101', '90870', '44', '48', 'M W F', '12:00 PM', 12, 0, 12, 50, None, None, None, None, None, None, None, 'Not Reserved']
['CHM101', '90871', '24', '24', 'W', ' 9:00 AM', 9, 0, 11, 50, None, None, None, None, None, None, None, 'Not Reserved']
['CHM101', '90872', '20', '24', 'W', ' 1:00 PM', 13, 0, 15, 50, None, None, None, None, None, None, None, 'Not Reserved']
['CHM101', '70691', '129', '168', 'T Th', ' 9:00 AM', 9, 0, 10, 15, None, None, None, None, None, None, None, 'Reserved']
['CHM101', '72714', '35', '56', 'W', '12:00 PM', 12, 0, 13, 15, None, None, None, None, None, None, None, 'Not Reserved']
['CHM101', '72715', '43', '56', 'W', ' 3:00 PM', 15, 0, 16, 15, None, None, None, None, None, None, None, 'Not Reserved']
['CHM101', '72716', '51', '56', 'F', '12:00 PM', 12, 0, 13, 15, None, None, None, None, None, None, None, 'Not Reserved']
['CHM101', '72720', '21', '24', 'M', ' 8:30 AM', 8, 30, 10, 20, None, None, None, None, None, None, None, 'Not Reserved']
['CHM101', '73324', '19', '24', 'F', '10:30 AM', 10, 30, 12, 20, None, None, None, None, None, None, None, 'Not Reserved']
['CHM101', '73325', '12', '24', 'M', ' 4:30 PM', 16, 30, 18, 20, None, None, None, None, None, None, None, 'Not Reserved']
['CHM101', '73823', '21', '24', 'T', ' 6:30 PM', 18, 30, 20, 20, None, None, None, None, None, None, None, 'Not Reserved']
['CHM101', '74049', '17', '24', 'W', '10:30 AM', 10, 30, 12, 20, None, None, None, None, None, None, None, 'Not Reserved']
['CHM101', '77014', '16', '24', 'W', ' 8:30 AM', 8, 30, 10, 20, None, None, None, None, None, None, None, 'Not Reserved']
['CHM101', '78862', '23', '24', 'F', ' 8:30 AM', 8, 30, 10, 20, None, None, None, None, None, None, None, 'Not Reserved']
['CHM101', '74050', '162', '168', 'M W F', ' 9:00 AM', 9, 0, 9, 50, None, None, None, None, None, None, None, 'Reserved']
['CHM101', '74747', '53', '56', 'Th', '10:30 AM', 10, 30, 11, 45, None, None, None, None, None, None, None, 'Not Reserved']
['CHM101', '74748', '54', '56', 'Th', ' 1:30 PM', 13, 30, 14, 45, None, None, None, None, None, None, None, 'Not Reserved']
['CHM101', '74749', '55', '56', 'F', '10:30 AM', 10, 30, 11, 45, None, None, None, None, None, None, None, 'Not Reserved']
['CHM101', '74750', '22', '24', 'M', '12:30 PM', 12, 30, 14, 20, None, None, None, None, None, None, None, 'Not Reserved']
['CHM101', '74751', '23', '24', 'M', ' 2:30 PM', 14, 30, 16, 20, None, None, None, None, None, None, None, 'Not Reserved']
['CHM101', '74752', '23', '24', 'M', ' 6:30 PM', 18, 30, 20, 20, None, None, None, None, None, None, None, 'Not Reserved']
['CHM101', '75324', '23', '24', 'W', '12:30 PM', 12, 30, 14, 20, None, None, None, None, None, None, None, 'Not Reserved']
['CHM101', '78007', '23', '24', 'W', ' 2:30 PM', 14, 30, 16, 20, None, None, None, None, None, None, None, 'Not Reserved']
['CHM101', '78863', '24', '24', 'Th', ' 8:30 AM', 8, 30, 10, 20, None, None, None, None, None, None, None, 'Not Reserved']
['CHM101', '80731', '24', '24', 'T', ' 8:30 AM', 8, 30, 10, 20, None, None, None, None, None, None, None, 'Not Reserved']
['CHM101', '80859', '117', '120', 'T Th', ' 7:30 AM', 7, 30, 8, 45, None, None, None, None, None, None, None, 'Reserved']
['CHM101', '80860', '58', '60', 'T', ' 3:00 PM', 15, 0, 16, 15, None, None, None, None, None, None, None, 'Not Reserved']
['CHM101', '80861', '59', '60', 'Th', ' 3:00 PM', 15, 0, 16, 15, None, None, None, None, None, None, None, 'Not Reserved']
['CHM101', '80862', '22', '24', 'T', '10:30 AM', 10, 30, 12, 20, None, None, None, None, None, None, None, 'Not Reserved']
['CHM101', '80863', '24', '24', 'T', '12:30 PM', 12, 30, 14, 20, None, None, None, None, None, None, None, 'Not Reserved']
['CHM101', '80866', '24', '24', 'F', '10:30 AM', 10, 30, 12, 20, None, None, None, None, None, None, None, 'Not Reserved']
['CHM101', '85841', '24', '24', 'F', '12:30 PM', 12, 30, 14, 20, None, None, None, None, None, None, None, 'Not Reserved']
['CHM101', '86736', '23', '24', 'M', '10:30 AM', 10, 30, 12, 20, None, None, None, None, None, None, None, 'Not Reserved']
['CHM107', '74144', '30', '40', 'M W', ' 3:00 PM', 15, 0, 16, 15, None, None, None, None, None, None, None, 'Not Reserved']
['CHM108', '75071', '17', '24', 'Th', ' 4:30 PM', 16, 30, 18, 20, None, None, None, None, None, None, None, 'Not Reserved']
['CHM108', '74145', '17', '24', 'Th', ' 3:00 PM', 15, 0, 16, 15, None, None, None, None, None, None, None, 'Not Reserved']
['CHM113', '81395', '104', '120', 'M W F', ' 9:00 AM', 9, 0, 9, 50, None, None, None, None, None, None, None, 'Not Reserved']
['CHM113', '81397', '19', '24', 'M', '12:00 PM', 12, 0, 13, 50, None, None, None, None, None, None, None, 'Not Reserved']
['CHM113', '81399', '21', '24', 'T', ' 3:30 PM', 15, 30, 17, 20, None, None, None, None, None, None, None, 'Not Reserved']
['CHM113', '81400', '20', '24', 'W', ' 3:30 PM', 15, 30, 17, 20, None, None, None, None, None, None, None, 'Not Reserved']
['CHM113', '81401', '22', '24', 'F', '11:30 AM', 11, 30, 13, 20, None, None, None, None, None, None, None, 'Not Reserved']
['CHM113', '85489', '22', '24', 'W', '11:30 AM', 11, 30, 13, 20, None, None, None, None, None, None, None, 'Not Reserved']
['CHM113', '89101', '33', '40', 'M', '10:30 AM', 10, 30, 11, 20, None, None, None, None, None, None, None, 'Not Reserved']
['CHM113', '89103', '38', '40', 'W', '10:30 AM', 10, 30, 11, 20, None, None, None, None, None, None, None, 'Not Reserved']
['CHM113', '89104', '33', '40', 'F', '10:30 AM', 10, 30, 11, 20, None, None, None, None, None, None, None, 'Not Reserved']
['CHM113', '81396', '87', '120', 'T Th', '12:00 PM', 12, 0, 13, 15, None, None, None, None, None, None, None, 'Not Reserved']
['CHM113', '81402', '18', '24', 'Th', ' 3:00 PM', 15, 0, 16, 50, None, None, None, None, None, None, None, 'Not Reserved']
['CHM113', '81404', '14', '24', 'W', '11:30 AM', 11, 30, 13, 20, None, None, None, None, None, None, None, 'Not Reserved']
['CHM113', '81411', '15', '24', 'T', '10:00 AM', 10, 0, 11, 50, None, None, None, None, None, None, None, 'Not Reserved']
['CHM113', '81413', '22', '24', 'Th', '10:00 AM', 10, 0, 11, 50, None, None, None, None, None, None, None, 'Not Reserved']
['CHM113', '85488', '18', '24', 'T', ' 1:30 PM', 13, 30, 15, 20, None, None, None, None, None, None, None, 'Not Reserved']
['CHM113', '89141', '31', '40', 'M', '12:00 PM', 12, 0, 12, 50, None, None, None, None, None, None, None, 'Not Reserved']
['CHM113', '89143', '23', '40', 'T', ' 9:00 AM', 9, 0, 9, 50, None, None, None, None, None, None, None, 'Not Reserved']
['CHM113', '89145', '33', '40', 'Th', ' 9:00 AM', 9, 0, 9, 50, None, None, None, None, None, None, None, 'Not Reserved']
['CHM113', '89136', '103', '120', 'M W F', '10:30 AM', 10, 30, 11, 20, None, None, None, None, None, None, None, 'Not Reserved']
['CHM113', '81410', '22', '24', 'M', ' 3:00 PM', 15, 0, 16, 50, None, None, None, None, None, None, None, 'Not Reserved']
['CHM113', '81412', '17', '24', 'W', ' 1:30 PM', 13, 30, 15, 20, None, None, None, None, None, None, None, 'Not Reserved']
['CHM113', '89146', '23', '24', 'Th', ' 1:00 PM', 13, 0, 14, 50, None, None, None, None, None, None, None, 'Not Reserved']
['CHM111', '77728', '23', '24', 'M', '4:30PM', 16, 30, 17, 20, 'M', '5:30PM', 17, 30, '7:20PM', 19, 20, 'Not Reserved']
['CHM113', '90507', '64', '72', 'T', ' 3:20 PM', 15, 20, 16, 20, None, None, None, None, None, None, None, 'Not Reserved']
['CHM114', '76514', '22', '24', 'T', '12:30 PM', 12, 30, 14, 20, None, None, None, None, None, None, None, 'Not Reserved']
['CHM114', '76515', '22', '24', 'T', ' 4:30 PM', 16, 30, 18, 20, None, None, None, None, None, None, None, 'Not Reserved']
['CHM114', '76530', '64', '72', 'Th', ' 1:30 PM', 13, 30, 14, 20, None, None, None, None, None, None, None, 'Not Reserved']
['CHM114', '76531', '24', '24', 'T', ' 8:30 AM', 8, 30, 10, 20, None, None, None, None, None, None, None, 'Not Reserved']
['CHM114', '76532', '23', '24', 'T', '10:30 AM', 10, 30, 12, 20, None, None, None, None, None, None, None, 'Not Reserved']
['CHM114', '76533', '22', '24', 'T', '12:30 PM', 12, 30, 14, 20, None, None, None, None, None, None, None, 'Reserved']
['CHM114', '77632', '24', '24', 'T', ' 4:30 PM', 16, 30, 18, 20, None, None, None, None, None, None, None, 'Not Reserved']
['CHM114', '77754', '66', '72', 'Th', ' 2:30 PM', 14, 30, 15, 20, None, None, None, None, None, None, None, 'Not Reserved']
['CHM114', '77755', '72', '72', 'Th', ' 3:30 PM', 15, 30, 16, 20, None, None, None, None, None, None, None, 'Not Reserved']
['CHM114', '77756', '24', '24', 'T', ' 8:30 AM', 8, 30, 10, 20, None, None, None, None, None, None, None, 'Not Reserved']
['CHM114', '77757', '23', '24', 'T', '10:30 AM', 10, 30, 12, 20, None, None, None, None, None, None, None, 'Not Reserved']
['CHM114', '77758', '21', '24', 'T', '12:30 PM', 12, 30, 14, 20, None, None, None, None, None, None, None, 'Not Reserved']
['CHM114', '77759', '21', '24', 'T', ' 4:30 PM', 16, 30, 18, 20, None, None, None, None, None, None, None, 'Not Reserved']
['CHM114', '77760', '19', '24', 'W', ' 2:30 PM', 14, 30, 16, 20, None, None, None, None, None, None, None, 'Not Reserved']
['CHM114', '77761', '24', '24', 'W', ' 2:30 PM', 14, 30, 16, 20, None, None, None, None, None, None, None, 'Not Reserved']
['CHM114', '77762', '24', '24', 'W', ' 2:30 PM', 14, 30, 16, 20, None, None, None, None, None, None, None, 'Not Reserved']
['CHM114', '78234', '18', '24', 'W', '12:30 PM', 12, 30, 14, 20, None, None, None, None, None, None, None, 'Not Reserved']
['CHM114', '80865', '24', '24', 'M', '12:30 PM', 12, 30, 14, 20, None, None, None, None, None, None, None, 'Not Reserved']
['CHM114', '83367', '24', '24', 'M', ' 8:30 AM', 8, 30, 10, 20, None, None, None, None, None, None, None, 'Not Reserved']
['CHM114', '83368', '22', '24', 'M', '12:30 PM', 12, 30, 14, 20, None, None, None, None, None, None, None, 'Not Reserved']
['CHM114', '83369', '24', '24', 'M', ' 8:30 AM', 8, 30, 10, 20, None, None, None, None, None, None, None, 'Not Reserved']
['CHM114', '83370', '23', '24', 'M', '12:30 PM', 12, 30, 14, 20, None, None, None, None, None, None, None, 'Not Reserved']
['CHM114', '83371', '23', '24', 'M', '12:30 PM', 12, 30, 14, 20, None, None, None, None, None, None, None, 'Not Reserved']
['CHM114', '83372', '21', '24', 'T', ' 4:30 PM', 16, 30, 18, 20, None, None, None, None, None, None, None, 'Not Reserved']
['CHM114', '83373', '24', '24', 'T', ' 2:30 PM', 14, 30, 16, 20, None, None, None, None, None, None, None, 'Not Reserved']
['CHM114', '83374', '24', '24', 'T', ' 2:30 PM', 14, 30, 16, 20, None, None, None, None, None, None, None, 'Not Reserved']
['CHM114', '90510', '71', '72', 'F', '11:30 AM', 11, 30, 12, 20, None, None, None, None, None, None, None, 'Not Reserved']
['CHM114', '90675', '24', '24', 'M', ' 8:30 AM', 8, 30, 10, 20, None, None, None, None, None, None, None, 'Not Reserved']
['CHM114', '90680', '24', '24', 'T', '12:30 PM', 12, 30, 14, 20, None, None, None, None, None, None, None, 'Not Reserved']
['CHM114', '90681', '23', '24', 'M', ' 2:30 PM', 14, 30, 16, 20, None, None, None, None, None, None, None, 'Not Reserved']
['CHM117', '87889', '122', '140', 'M W F', '10:30 AM', 10, 30, 11, 20, None, None, None, None, None, None, None, 'Reserved']
['CHM191', '83969', '18', '19', 'M', '10:30 AM', 10, 30, 11, 20, None, None, None, None, None, None, None, 'Reserved']
['CHM234', '76112', '52', '158', 'ONLINE', None, None, None, None, None, 'F', None, None, None, None, None, None, 'Not Reserved']
['CHM235', '76113', '1', '48', 'F', ' 9:30 AM', 9, 30, 10, 20, None, None, None, None, None, None, None, 'Not Reserved']
['CHM235', '76118', '7', '48', 'F', '11:30 AM', 11, 30, 12, 20, None, None, None, None, None, None, None, 'Not Reserved']
['CHM235', '76119', '33', '48', 'F', '12:30 PM', 12, 30, 13, 20, None, None, None, None, None, None, None, 'Not Reserved']
['CHM235', '76115', '1', '24', 'M', ' 2:30 PM', 14, 30, 17, 20, None, None, None, None, None, None, None, 'Not Reserved']
['CHM235', '77790', '16', '24', 'M', ' 2:30 PM', 14, 30, 17, 20, None, None, None, None, None, None, None, 'Not Reserved']
['CHM237', '76141', '2', '48', 'M', ' 4:30 PM', 16, 30, 17, 20, None, None, None, None, None, None, None, 'Not Reserved']
['CHM237', '76144', '24', '48', 'M', ' 5:30 PM', 17, 30, 18, 20, None, None, None, None, None, None, None, 'Not Reserved']
['CHM237', '76150', '5', '48', 'T', ' 8:30 AM', 8, 30, 9, 20, None, None, None, None, None, None, None, 'Not Reserved']
['CHM237', '76184', '1', '48', 'T', ' 1:30 PM', 13, 30, 14, 20, None, None, None, None, None, None, None, 'Not Reserved']
['CHM237', '76187', '1', '48', 'T', ' 2:30 PM', 14, 30, 15, 20, None, None, None, None, None, None, None, 'Not Reserved']
['CHM237', '76217', '1', '48', 'T', ' 3:30 PM', 15, 30, 16, 20, None, None, None, None, None, None, None, 'Not Reserved']
['CHM237', '76149', '1', '24', 'Th', ' 3:30 PM', 15, 30, 18, 20, None, None, None, None, None, None, None, 'Not Reserved']
['CHM237', '76157', '7', '24', 'Th', ' 3:30 PM', 15, 30, 18, 20, None, None, None, None, None, None, None, 'Not Reserved']
['CHM237', '76177', '18', '24', 'Th', ' 3:30 PM', 15, 30, 18, 20, None, None, None, None, None, None, None, 'Not Reserved']
['CHM237', '76182', '14', '24', 'Th', ' 3:30 PM', 15, 30, 18, 20, None, None, None, None, None, None, None, 'Not Reserved']
['CHM238', '76195', '24', '48', 'Th', '11:30 AM', 11, 30, 12, 20, None, None, None, None, None, None, None, 'Not Reserved']
['CHM238', '76198', '9', '48', 'Th', '12:30 PM', 12, 30, 13, 20, None, None, None, None, None, None, None, 'Not Reserved']
['CHM238', '76201', '10', '48', 'Th', ' 1:30 PM', 13, 30, 14, 20, None, None, None, None, None, None, None, 'Not Reserved']
['CHM238', '76204', '39', '48', 'Th', ' 2:30 PM', 14, 30, 15, 20, None, None, None, None, None, None, None, 'Not Reserved']
['CHM238', '76207', '27', '48', 'Th', ' 3:30 PM', 15, 30, 16, 20, None, None, None, None, None, None, None, 'Not Reserved']
['CHM238', '76197', '14', '24', 'T', ' 8:30 AM', 8, 30, 11, 20, None, None, None, None, None, None, None, 'Not Reserved']
['CHM238', '76200', '12', '24', 'T', ' 3:30 PM', 15, 30, 18, 20, None, None, None, None, None, None, None, 'Not Reserved']
['CHM238', '76205', '12', '24', 'T', ' 3:30 PM', 15, 30, 18, 20, None, None, None, None, None, None, None, 'Not Reserved']
['CHM238', '76206', '13', '24', 'T', ' 8:30 AM', 8, 30, 11, 20, None, None, None, None, None, None, None, 'Not Reserved']
['CHM238', '76209', '15', '24', 'T', '12:00 PM', 12, 0, 14, 50, None, None, None, None, None, None, None, 'Not Reserved']
['CHM238', '76210', '20', '24', 'T', ' 3:30 PM', 15, 30, 18, 20, None, None, None, None, None, None, None, 'Not Reserved']
['CHM238', '76427', '23', '24', 'T', ' 8:30 AM', 8, 30, 11, 20, None, None, None, None, None, None, None, 'Not Reserved']
['CHM343', '77995', '6', '16', 'Th', ' 6:00 PM', 18, 0, 21, 0, None, None, None, None, None, None, None, 'Not Reserved']
['CHM348', '77704', '14', '40', 'M', '12:00 PM', 12, 0, 12, 50, None, None, None, None, None, None, None, 'Not Reserved']
['CHM348', '78092', '1', '12', 'F', '12:00 PM', 12, 0, 14, 50, None, None, None, None, None, None, None, 'Not Reserved']
['CHM348', '78093', '9', '12', 'Th', '12:40 PM', 12, 40, 15, 30, None, None, None, None, None, None, None, 'Not Reserved']
['CHM494', '76410', '2', '6', 'T Th', ' 3:00 PM', 15, 0, 16, 15, None, None, None, None, None, None, None, 'Not Reserved']
['CHM545', '79770', '23', '24', 'M W', ' 1:00 PM', 13, 0, 14, 15, None, None, None, None, None, None, None, 'Not Reserved']
['CHM598', '91817', '11', '12', 'M W', ' 1:30 PM', 13, 30, 14, 45, None, None, None, None, None, None, None, 'Not Reserved']
['CHM598', '77653', '2', '10', 'W F', '12:00PM', 12, 0, 13, 15, 'W', '2:00PM', 14, 0, '4:30PM', 16, 30, 'Not Reserved']
['CHM598', '77772', '14', '18', 'T Th', ' 3:00 PM', 15, 0, 16, 15, None, None, None, None, None, None, None, 'Not Reserved']
['CHM598', '78997', '8', '8', 'T Th', ' 9:00 AM', 9, 0, 10, 15, None, None, None, None, None, None, None, 'Not Reserved']
['CHM101', '81449', '73', '250', 'ONLINE', None, None, None, None, None, None, None, None, None, None, None, None, 'Reserved']
['CHM101', '81450', '73', '250', 'ONLINE', None, None, None, None, None, None, None, None, None, None, None, None, 'Not Reserved']
['CHM101', '82331', '41', '60', 'T', '12:00PM', 12, 0, 13, 15, 'Th', '12:00PM', 12, 0, '1:15PM', 13, 15, 'Not Reserved']
['CHM101', '83110', '41', '60', 'ONLINE', None, None, None, None, None, None, None, None, None, None, None, None, 'Not Reserved']
['CHM113', '70750', '78', '96', 'T Th', '12:00 PM', 12, 0, 13, 15, None, None, None, None, None, None, None, 'Not Reserved']
['CHM113', '70751', '16', '24', 'W', ' 9:00 AM', 9, 0, 11, 45, None, None, None, None, None, None, None, 'Not Reserved']
['CHM113', '86225', '18', '24', 'F', ' 9:00 AM', 9, 0, 11, 45, None, None, None, None, None, None, None, 'Not Reserved']
['CHM113', '86224', '60', '76', 'M W F', '10:30 AM', 10, 30, 11, 20, None, None, None, None, None, None, None, 'Not Reserved']
['CHM113', '70754', '19', '24', 'Th', ' 8:30 AM', 8, 30, 11, 15, None, None, None, None, None, None, None, 'Not Reserved']
['CHM113', '70755', '23', '24', 'Th', '11:45 AM', 11, 45, 14, 30, None, None, None, None, None, None, None, 'Not Reserved']
['CHM113', '70756', '19', '24', 'Th', ' 3:00 PM', 15, 0, 17, 45, None, None, None, None, None, None, None, 'Not Reserved']
['CHM113', '86226', '19', '24', 'F', '12:15 PM', 12, 15, 15, 0, None, None, None, None, None, None, None, 'Not Reserved']
['CHM116', '73356', '47', '72', 'T Th', ' 1:30 PM', 13, 30, 14, 45, None, None, None, None, None, None, None, 'Not Reserved']
['CHM116', '74647', '4', '24', 'F', ' 9:30 AM', 9, 30, 12, 15, None, None, None, None, None, None, None, 'Not Reserved']
['CHM116', '76755', '19', '24', 'F', ' 1:00 PM', 13, 0, 15, 45, None, None, None, None, None, None, None, 'Not Reserved']
['CHM233', '72669', '64', '144', 'T Th', ' 9:00 AM', 9, 0, 10, 15, None, None, None, None, None, None, None, 'Not Reserved']
['CHM234', '74100', '38', '60', 'T Th', ' 1:30 PM', 13, 30, 14, 45, None, None, None, None, None, None, None, 'Not Reserved']
['CHM237', '72670', '3', '24', 'T', '10:30 AM', 10, 30, 14, 0, None, None, None, None, None, None, None, 'Not Reserved']
['CHM237', '72672', '9', '24', 'W', ' 9:30 AM', 9, 30, 13, 0, None, None, None, None, None, None, None, 'Not Reserved']
['CHM237', '72673', '14', '24', 'W', ' 1:30 PM', 13, 30, 17, 0, None, None, None, None, None, None, None, 'Not Reserved']
['CHM237', '74261', '22', '24', 'M', ' 4:00 PM', 16, 0, 19, 30, None, None, None, None, None, None, None, 'Not Reserved']
['CHM237', '86233', '22', '24', 'W', ' 5:30 PM', 17, 30, 21, 0, None, None, None, None, None, None, None, 'Not Reserved']
['CHM238', '73936', '4', '24', 'M', '10:30 AM', 10, 30, 14, 0, None, None, None, None, None, None, None, 'Not Reserved']
Loading Subject:  CHP
Loading Subject:  CHS
Loading Subject:  CIM
Loading Subject:  CIS
['CIS105', '80033', '24', '125', 'ONLINE', None, None, None, None, None, None, None, None, None, None, None, None, 'Not Reserved']
['CIS105', '85960', '68', '100', 'ONLINE', None, None, None, None, None, None, None, None, None, None, None, None, 'Reserved']
['CIS105', '70759', '251', '350', 'M W', ' 3:00 PM', 15, 0, 16, 15, None, None, None, None, None, None, None, 'Reserved']
['CIS105', '70760', '332', '350', 'M W', ' 4:30 PM', 16, 30, 17, 45, None, None, None, None, None, None, None, 'Reserved']
['CIS105', '70761', '331', '350', 'M W', ' 6:00 PM', 18, 0, 19, 15, None, None, None, None, None, None, None, 'Reserved']
['CIS105', '73509', '299', '350', 'T Th', ' 3:00 PM', 15, 0, 16, 15, None, None, None, None, None, None, None, 'Reserved']
['CIS105', '73510', '318', '350', 'T Th', ' 4:30 PM', 16, 30, 17, 45, None, None, None, None, None, None, None, 'Reserved']
['CIS105', '73650', '335', '350', 'T Th', ' 6:00 PM', 18, 0, 19, 15, None, None, None, None, None, None, None, 'Reserved']
['CIS105', '73856', '130', '150', 'M W', ' 3:00 PM', 15, 0, 16, 15, None, None, None, None, None, None, None, 'Not Reserved']
['CIS105', '74785', '120', '135', 'T Th', ' 9:00 AM', 9, 0, 10, 15, None, None, None, None, None, None, None, 'Not Reserved']
['CIS235', '79274', '1', '40', 'T Th', '12:00 PM', 12, 0, 13, 15, None, None, None, None, None, None, None, 'Not Reserved']
['CIS235', '76997', '23', '40', 'T Th', ' 9:00 AM', 9, 0, 10, 15, None, None, None, None, None, None, None, 'Not Reserved']
['CIS236', '74115', '30', '35', 'T Th', ' 9:00 AM', 9, 0, 10, 15, None, None, None, None, None, None, None, 'Not Reserved']
['CIS236', '74431', '9', '35', 'T Th', '10:30 AM', 10, 30, 11, 45, None, None, None, None, None, None, None, 'Not Reserved']
['CIS236', '74432', '18', '35', 'T Th', '12:00 PM', 12, 0, 13, 15, None, None, None, None, None, None, None, 'Not Reserved']
['CIS236', '75605', '16', '35', 'T Th', ' 3:00 PM', 15, 0, 16, 15, None, None, None, None, None, None, None, 'Not Reserved']
['CIS236', '80606', '34', '36', 'T Th', ' 4:30 PM', 16, 30, 17, 45, None, None, None, None, None, None, None, 'Not Reserved']
['CIS236', '89512', '26', '36', 'T Th', ' 1:30 PM', 13, 30, 14, 45, None, None, None, None, None, None, None, 'Not Reserved']
['CIS236', '84630', '32', '36', 'M W', ' 3:00 PM', 15, 0, 16, 15, None, None, None, None, None, None, None, 'Not Reserved']
['CIS308', '82310', '1', '60', 'ONLINE', None, None, None, None, None, None, None, None, None, None, None, None, 'Reserved']
['CIS309', '82313', '1', '60', 'ONLINE', None, None, None, None, None, None, None, None, None, None, None, None, 'Reserved']
['CIS311', '82315', '3', '60', 'ONLINE', None, None, None, None, None, None, None, None, None, None, None, None, 'Reserved']
['CIS315', '82320', '25', '40', 'M W', ' 3:00 PM', 15, 0, 16, 15, None, None, None, None, None, None, None, 'Not Reserved']
['CIS340', '74433', '12', '40', 'T Th', ' 9:00 AM', 9, 0, 10, 15, None, None, None, None, None, None, None, 'Not Reserved']
['CIS355', '89530', '20', '36', 'M W', ' 4:30 PM', 16, 30, 17, 45, None, None, None, None, None, None, None, 'Not Reserved']
['CIS360', '70765', '1', '40', 'T Th', ' 3:00 PM', 15, 0, 16, 15, None, None, None, None, None, None, None, 'Reserved']
['CIS360', '75067', '38', '48', 'W', ' 4:30 PM', 16, 30, 19, 15, None, None, None, None, None, None, None, 'Reserved']
['CIS365', '82306', '24', '40', 'T Th', ' 3:00 PM', 15, 0, 16, 15, None, None, None, None, None, None, None, 'Reserved']
['CIS375', '89544', '3', '35', 'M W', ' 4:30 PM', 16, 30, 17, 45, None, None, None, None, None, None, None, 'Not Reserved']
['CIS405', '82323', '2', '60', 'ONLINE', None, None, None, None, None, None, None, None, None, None, None, None, 'Reserved']
['CIS415', '89548', '6', '35', 'M W', ' 3:00 PM', 15, 0, 16, 15, None, None, None, None, None, None, None, 'Not Reserved']
['CIS425', '70757', '1', '50', 'T Th', ' 1:30 PM', 13, 30, 14, 45, None, None, None, None, None, None, None, 'Not Reserved']
['CIS425', '70758', '4', '40', 'T Th', ' 9:00 AM', 9, 0, 10, 15, None, None, None, None, None, None, None, 'Not Reserved']
['CIS430', '79294', '27', '36', 'M W', ' 3:00 PM', 15, 0, 16, 15, None, None, None, None, None, None, None, 'Not Reserved']
['CIS440', '74434', '1', '35', 'T Th', '10:30 AM', 10, 30, 11, 45, None, None, None, None, None, None, None, 'Not Reserved']
['CIS440', '79296', '6', '35', 'T Th', ' 1:30 PM', 13, 30, 14, 45, None, None, None, None, None, None, None, 'Not Reserved']
['CIS450', '89560', '24', '35', 'T Th', ' 3:00 PM', 15, 0, 16, 15, None, None, None, None, None, None, None, 'Not Reserved']
['CIS484', '73323', '30', '30', 'ONLINE', None, None, None, None, None, None, None, None, None, None, None, None, 'Not Reserved']
['CIS493', '70768', '9', '10', 'ONLINE', None, None, None, None, None, None, None, None, None, None, None, None, 'Not Reserved']
['CIS505', '84096', '60', '60', 'M W', ' 9:00 AM', 9, 0, 11, 30, None, None, None, None, None, None, None, 'Not Reserved']
['CIS505', '79345', '60', '60', 'M W', ' 1:30 PM', 13, 30, 16, 0, None, None, None, None, None, None, None, 'Not Reserved']
['CIS505', '90451', '60', '60', 'ONLINE', None, None, None, None, None, None, None, None, None, None, None, None, 'Not Reserved']
['CIS506', '83584', '50', '50', 'Th', ' 6:00 PM', 18, 0, 22, 0, None, None, None, None, None, None, None, 'Not Reserved']
['CIS506', '81279', '50', '50', 'ONLINE', None, None, None, None, None, None, None, None, None, None, None, None, 'Not Reserved']
['CIS508', '84099', '60', '60', 'M W', ' 1:30 PM', 13, 30, 16, 0, None, None, None, None, None, None, None, 'Not Reserved']
['CIS508', '79346', '60', '60', 'M W', ' 9:00 AM', 9, 0, 11, 30, None, None, None, None, None, None, None, 'Not Reserved']
['CIS508', '90452', '60', '60', 'ONLINE', None, None, None, None, None, None, None, None, None, None, None, None, 'Not Reserved']
['CIS509', '90448', '30', '30', 'ONLINE', None, None, None, None, None, None, None, None, None, None, None, None, 'Not Reserved']
['CIS510', '91560', '50', '50', 'ONLINE', None, None, None, None, None, None, None, None, None, None, None, None, 'Not Reserved']
['CIS512', '83585', '50', '50', 'T', ' 6:00 PM', 18, 0, 22, 0, None, None, None, None, None, None, None, 'Not Reserved']
['CIS525', '91559', '50', '50', 'ONLINE', None, None, None, None, None, None, None, None, None, None, None, None, 'Not Reserved']
['CIS540', '91430', '50', '50', 'Th', ' 6:00 PM', 18, 0, 22, 0, None, None, None, None, None, None, None, 'Not Reserved']
['CIS540', '91558', '50', '50', 'ONLINE', None, None, None, None, None, None, None, None, None, None, None, None, 'Not Reserved']
['CIS591', '91218', '100', '100', 'M T W Th F Sa Su', ' 8:00 AM', 8, 0, 17, 0, None, None, None, None, None, None, None, 'Reserved']
['CIS591', '83580', '63', '63', 'ONLINE', None, None, None, None, None, None, None, None, None, None, None, None, 'Reserved']
['CIS593', '86033', '49', '50', 'ONLINE', None, None, None, None, None, None, None, None, None, None, None, None, 'Not Reserved']
['CIS790', '70771', '10', '10', 'ONLINE', None, None, None, None, None, None, None, None, None, None, None, None, 'Not Reserved']
['CIS791', '70772', '40', '40', 'F', ' 9:00 AM', 9, 0, 11, 45, None, None, None, None, None, None, None, 'Not Reserved']
['CIS792', '70773', '10', '10', 'ONLINE', None, None, None, None, None, None, None, None, None, None, None, None, 'Not Reserved']
['CIS795', '70774', '2', '2', 'ONLINE', None, None, None, None, None, None, None, None, None, None, None, None, 'Not Reserved']
['CIS799', '70775', '10', '10', 'ONLINE', None, None, None, None, None, None, None, None, None, None, None, None, 'Not Reserved']
Loading Subject:  CMN
['CMN505', '72637', '29', '35', 'W', ' 6:00 PM', 18, 0, 20, 45, None, None, None, None, None, None, None, 'Not Reserved']
['CMN531', '91015', '1', '20', 'T', ' 6:00 PM', 18, 0, 20, 45, None, None, None, None, None, None, None, 'Not Reserved']
['CMN570', '86495', '4', '20', 'Th', ' 4:30 PM', 16, 30, 19, 15, None, None, None, None, None, None, None, 'Not Reserved']
['CMN580', '72636', '4', '5', 'ONLINE', None, None, None, None, None, None, None, None, None, None, None, None, 'Not Reserved']
['CMN580', '91431', '3', '5', 'ONLINE', None, None, None, None, None, None, None, None, None, None, None, None, 'Not Reserved']
['CMN580', '91730', '4', '5', 'ONLINE', None, None, None, None, None, None, None, None, None, None, None, None, 'Not Reserved']
['CMN580', '91753', '4', '5', 'ONLINE', None, None, None, None, None, None, None, None, None, None, None, None, 'Not Reserved']
['CMN584', '78887', '5', '5', 'ONLINE', None, None, None, None, None, None, None, None, None, None, None, None, 'Reserved']
['CMN590', '72635', '5', '5', 'ONLINE', None, None, None, None, None, None, None, None, None, None, None, None, 'Reserved']
['CMN590', '84051', '5', '5', 'ONLINE', None, None, None, None, None, None, None, None, None, None, None, None, 'Not Reserved']
['CMN591', '91013', '1', '10', 'T Th', '10:30 AM', 10, 30, 11, 45, None, None, None, None, None, None, None, 'Not Reserved']
['CMN592', '75460', '4', '5', 'ONLINE', None, None, None, None, None, None, None, None, None, None, None, None, 'Reserved']
['CMN593', '72634', '4', '5', 'ONLINE', None, None, None, None, None, None, None, None, None, None, None, None, 'Reserved']
['CMN593', '85499', '4', '5', 'ONLINE', None, None, None, None, None, None, None, None, None, None, None, None, 'Not Reserved']
['CMN595', '72632', '10', '10', 'ONLINE', None, None, None, None, None, None, None, None, None, None, None, None, 'Reserved']
['CMN598', '76761', '6', '10', 'T Th', '12:00 PM', 12, 0, 13, 15, None, None, None, None, None, None, None, 'Not Reserved']
['CMN598', '80412', '9', '10', 'M W', ' 3:00 PM', 15, 0, 16, 15, None, None, None, None, None, None, None, 'Reserved']
['CMN598', '80672', '3', '10', 'T Th', ' 9:00 AM', 9, 0, 10, 15, None, None, None, None, None, None, None, 'Reserved']
['CMN599', '72638', '5', '5', 'ONLINE', None, None, None, None, None, None, None, None, None, None, None, None, 'Not Reserved']
['CMN599', '80411', '5', '5', 'ONLINE', None, None, None, None, None, None, None, None, None, None, None, None, 'Not Reserved']
['CMN599', '80950', '4', '5', 'ONLINE', None, None, None, None, None, None, None, None, None, None, None, None, 'Not Reserved']
['CMN599', '84340', '5', '5', 'ONLINE', None, None, None, None, None, None, None, None, None, None, None, None, 'Not Reserved']
Loading Subject:  CNE
['CNE210', '79529', '1', '13', 'F', '10:30 AM', 10, 30, 11, 20, None, None, None, None, None, None, None, 'Not Reserved']
['CNE210', '88268', '1', '1', 'M W', '12:00 PM', 12, 0, 13, 15, None, None, None, None, None, None, None, 'Not Reserved']
['CNE212', '79530', '2', '5', 'W', '10:30 AM', 10, 30, 11, 20, None, None, None, None, None, None, None, 'Not Reserved']
['CNE212', '88205', '1', '2', 'T Th', '12:00 PM', 12, 0, 13, 15, None, None, None, None, None, None, None, 'Not Reserved']
['CNE213', '79531', '3', '6', 'M', '10:30 AM', 10, 30, 11, 20, None, None, None, None, None, None, None, 'Not Reserved']
['CNE243', '79540', '4', '11', 'M W F', ' 7:30 AM', 7, 30, 8, 20, None, None, None, None, None, None, None, 'Not Reserved']
['CNE271', '79541', '3', '10', 'M W', ' 1:30 PM', 13, 30, 14, 45, None, None, None, None, None, None, None, 'Not Reserved']
['CNE351', '79532', '7', '8', 'M W', '12:00 PM', 12, 0, 13, 15, None, None, None, None, None, None, None, 'Not Reserved']
['CNE455', '79548', '2', '4', 'T', ' 4:30 PM', 16, 30, 19, 15, None, None, None, None, None, None, None, 'Not Reserved']
['CNE486', '80330', '1', '5', 'M W', ' 1:30 PM', 13, 30, 14, 45, None, None, None, None, None, None, None, 'Not Reserved']
['CNE486', '88213', '1', '5', 'F', ' 1:30 PM', 13, 30, 15, 30, None, None, None, None, None, None, None, 'Not Reserved']
['CNE496', '80329', '4', '5', 'M', ' 6:00 PM', 18, 0, 20, 45, None, None, None, None, None, None, None, 'Not Reserved']
['CNE210', '79529', '1', '13', 'F', '10:30 AM', 10, 30, 11, 20, None, None, None, None, None, None, None, 'Not Reserved']
['CNE210', '88268', '1', '1', 'M W', '12:00 PM', 12, 0, 13, 15, None, None, None, None, None, None, None, 'Not Reserved']
['CNE212', '79530', '2', '5', 'W', '10:30 AM', 10, 30, 11, 20, None, None, None, None, None, None, None, 'Not Reserved']
['CNE212', '88205', '1', '2', 'T Th', '12:00 PM', 12, 0, 13, 15, None, None, None, None, None, None, None, 'Not Reserved']
['CNE213', '79531', '3', '6', 'M', '10:30 AM', 10, 30, 11, 20, None, None, None, None, None, None, None, 'Not Reserved']
['CNE243', '79540', '4', '11', 'M W F', ' 7:30 AM', 7, 30, 8, 20, None, None, None, None, None, None, None, 'Not Reserved']
['CNE271', '79541', '3', '10', 'M W', ' 1:30 PM', 13, 30, 14, 45, None, None, None, None, None, None, None, 'Not Reserved']
['CNE351', '79532', '7', '8', 'M W', '12:00 PM', 12, 0, 13, 15, None, None, None, None, None, None, None, 'Not Reserved']
['CNE455', '79548', '2', '4', 'T', ' 4:30 PM', 16, 30, 19, 15, None, None, None, None, None, None, None, 'Not Reserved']
['CNE486', '80330', '1', '5', 'M W', ' 1:30 PM', 13, 30, 14, 45, None, None, None, None, None, None, None, 'Not Reserved']
['CNE486', '88213', '1', '5', 'F', ' 1:30 PM', 13, 30, 15, 30, None, None, None, None, None, None, None, 'Not Reserved']
['CNE496', '80329', '4', '5', 'M', ' 6:00 PM', 18, 0, 20, 45, None, None, None, None, None, None, None, 'Not Reserved']
Loading Subject:  COE
['COE501', '78178', '59', '60', 'ONLINE', None, None, None, None, None, None, None, None, None, None, None, None, 'Reserved']
['COE501', '87375', '25', '25', 'ONLINE', None, None, None, None, None, None, None, None, None, None, None, None, 'Reserved']
['COE502', '75844', '12', '20', 'Th', ' 4:30 PM', 16, 30, 19, 15, None, None, None, None, None, None, None, 'Not Reserved']
['COE503', '76501', '19', '20', 'Th', ' 4:30 PM', 16, 30, 19, 15, None, None, None, None, None, None, None, 'Not Reserved']
['COE503', '91352', '17', '20', 'W', ' 4:30 PM', 16, 30, 19, 15, None, None, None, None, None, None, None, 'Not Reserved']
Loading Subject:  COM
['COM100', '79069', '2', '40', 'M W', ' 3:00 PM', 15, 0, 16, 15, None, None, None, None, None, None, None, 'Not Reserved']
['COM100', '80831', '24', '39', 'W', ' 6:00 PM', 18, 0, 20, 45, None, None, None, None, None, None, None, 'Not Reserved']
['COM100', '91834', '40', '40', 'M W', ' 1:30 PM', 13, 30, 14, 45, None, None, None, None, None, None, None, 'Reserved']
['COM207', '89363', '34', '35', 'F', ' 1:30 PM', 13, 30, 14, 20, None, None, None, None, None, None, None, 'Not Reserved']
['COM207', '77451', '19', '35', 'M W', ' 3:00 PM', 15, 0, 16, 15, None, None, None, None, None, None, None, 'Not Reserved']
['COM225', '77468', '1', '25', 'T Th', ' 1:30 PM', 13, 30, 14, 45, None, None, None, None, None, None, None, 'Not Reserved']
['COM225', '77469', '16', '25', 'T Th', ' 4:30 PM', 16, 30, 17, 45, None, None, None, None, None, None, None, 'Not Reserved']
['COM225', '77470', '22', '25', 'T Th', ' 4:30 PM', 16, 30, 17, 45, None, None, None, None, None, None, None, 'Not Reserved']
['COM225', '77472', '1', '25', 'M W', ' 4:30 PM', 16, 30, 17, 45, None, None, None, None, None, None, None, 'Not Reserved']
['COM230', '89395', '19', '30', 'M W F', '12:00 PM', 12, 0, 12, 50, None, None, None, None, None, None, None, 'Reserved']
['COM230', '89397', '7', '30', 'T Th', ' 7:30 AM', 7, 30, 8, 45, None, None, None, None, None, None, None, 'Not Reserved']
['COM230', '89400', '19', '30', 'M W', ' 3:00 PM', 15, 0, 16, 15, None, None, None, None, None, None, None, 'Reserved']
['COM230', '79192', '15', '30', 'T Th', ' 9:00 AM', 9, 0, 10, 15, None, None, None, None, None, None, None, 'Reserved']
['COM230', '89405', '24', '30', 'T Th', ' 9:00 AM', 9, 0, 10, 15, None, None, None, None, None, None, None, 'Reserved']
['COM230', '89407', '19', '30', 'T Th', ' 9:00 AM', 9, 0, 10, 15, None, None, None, None, None, None, None, 'Reserved']
['COM230', '89411', '17', '30', 'M W', ' 4:30 PM', 16, 30, 17, 45, None, None, None, None, None, None, None, 'Reserved']
['COM230', '89414', '10', '30', 'M', ' 6:00 PM', 18, 0, 20, 45, None, None, None, None, None, None, None, 'Not Reserved']
['COM230', '89415', '4', '30', 'T', ' 6:00 PM', 18, 0, 20, 45, None, None, None, None, None, None, None, 'Not Reserved']
['COM100', '74440', '100', '120', 'T Th', '10:30 AM', 10, 30, 11, 45, None, None, None, None, None, None, None, 'Not Reserved']
['COM100', '89132', '50', '50', 'M W F', '10:30 AM', 10, 30, 11, 20, None, None, None, None, None, None, None, 'Reserved']
['COM100', '89641', '30', '30', 'T Th', ' 9:00 AM', 9, 0, 10, 15, None, None, None, None, None, None, None, 'Not Reserved']
['COM124', '82024', '13', '60', 'ONLINE', None, None, None, None, None, None, None, None, None, None, None, None, 'Reserved']
['COM207', '75585', '17', '40', 'T Th', ' 9:00 AM', 9, 0, 10, 15, None, None, None, None, None, None, None, 'Not Reserved']
['COM225', '74441', '24', '25', 'M W', ' 3:00 PM', 15, 0, 16, 15, None, None, None, None, None, None, None, 'Not Reserved']
['COM225', '74442', '20', '25', 'M', ' 6:00 PM', 18, 0, 20, 45, None, None, None, None, None, None, None, 'Not Reserved']
['COM225', '82023', '3', '25', 'T Th', ' 1:30 PM', 13, 30, 14, 45, None, None, None, None, None, None, None, 'Not Reserved']
['COM225', '85579', '18', '25', 'T Th', ' 3:00 PM', 15, 0, 16, 15, None, None, None, None, None, None, None, 'Not Reserved']
['COM225', '90258', '11', '25', 'T Th', ' 9:00 AM', 9, 0, 10, 15, None, None, None, None, None, None, None, 'Not Reserved']
['COM230', '75586', '11', '30', 'T Th', '10:30 AM', 10, 30, 11, 45, None, None, None, None, None, None, None, 'Not Reserved']
['COM259', '74443', '21', '30', 'M W F', ' 9:00 AM', 9, 0, 9, 50, None, None, None, None, None, None, None, 'Not Reserved']
['COM263', '86427', '17', '30', 'M W F', '10:30 AM', 10, 30, 11, 20, None, None, None, None, None, None, None, 'Not Reserved']
['COM294', '86428', '10', '10', 'M', ' 1:30 PM', 13, 30, 16, 15, None, None, None, None, None, None, None, 'Not Reserved']
['COM308', '74444', '36', '60', 'T Th', ' 3:00 PM', 15, 0, 16, 15, None, None, None, None, None, None, None, 'Not Reserved']
['COM309', '74445', '15', '30', 'T Th', ' 4:30 PM', 16, 30, 17, 45, None, None, None, None, None, None, None, 'Not Reserved']
['COM309', '74446', '17', '30', 'T Th', ' 9:00 AM', 9, 0, 10, 15, None, None, None, None, None, None, None, 'Not Reserved']
['COM312', '83232', '66', '100', 'ONLINE', None, None, None, None, None, None, None, None, None, None, None, None, 'Reserved']
['COM312', '83233', '87', '100', 'ONLINE', None, None, None, None, None, None, None, None, None, None, None, None, 'Reserved']
['COM314', '78980', '36', '40', 'T Th', ' 1:30 PM', 13, 30, 14, 45, None, None, None, None, None, None, None, 'Not Reserved']
['COM316', '74447', '26', '60', 'T Th', '10:30 AM', 10, 30, 11, 45, None, None, None, None, None, None, None, 'Not Reserved']
['COM316', '77421', '47', '60', 'Th', ' 6:00 PM', 18, 0, 20, 45, None, None, None, None, None, None, None, 'Not Reserved']
['COM317', '76890', '55', '60', 'T', ' 6:00 PM', 18, 0, 20, 45, None, None, None, None, None, None, None, 'Not Reserved']
['COM319', '74448', '53', '60', 'W', ' 6:00 PM', 18, 0, 20, 45, None, None, None, None, None, None, None, 'Not Reserved']
['COM320', '82828', '5', '35', 'M', ' 6:00 PM', 18, 0, 20, 45, None, None, None, None, None, None, None, 'Not Reserved']
['COM342', '76759', '18', '30', 'T Th', ' 1:30 PM', 13, 30, 14, 45, None, None, None, None, None, None, None, 'Not Reserved']
['COM353', '82829', '4', '30', 'T', ' 6:00 PM', 18, 0, 20, 30, None, None, None, None, None, None, None, 'Not Reserved']
['COM382', '75154', '2', '3', 'ONLINE', None, None, None, None, None, None, None, None, None, None, None, None, 'Not Reserved']
['COM382', '77305', '2', '3', 'ONLINE', None, None, None, None, None, None, None, None, None, None, None, None, 'Not Reserved']
['COM382', '77691', '2', '3', 'ONLINE', None, None, None, None, None, None, None, None, None, None, None, None, 'Not Reserved']
['COM382', '91647', '3', '3', 'ONLINE', None, None, None, None, None, None, None, None, None, None, None, None, 'Not Reserved']
['COM382', '91649', '2', '3', 'ONLINE', None, None, None, None, None, None, None, None, None, None, None, None, 'Not Reserved']
['COM382', '91677', '2', '3', 'ONLINE', None, None, None, None, None, None, None, None, None, None, None, None, 'Not Reserved']
['COM383', '82021', '10', '10', 'M', ' 1:30 PM', 13, 30, 16, 15, None, None, None, None, None, None, None, 'Not Reserved']
['COM394', '77685', '11', '15', 'T Th', '12:00 PM', 12, 0, 13, 15, None, None, None, None, None, None, None, 'Not Reserved']
['COM394', '79072', '17', '20', 'T', ' 6:00 PM', 18, 0, 20, 45, None, None, None, None, None, None, None, 'Not Reserved']
['COM394', '84402', '20', '25', 'ONLINE', None, None, None, None, None, None, None, None, None, None, None, None, 'Reserved']
['COM400', '79001', '9', '80', 'ONLINE', None, None, None, None, None, None, None, None, None, None, None, None, 'Reserved']
['COM411', '74451', '7', '50', 'T Th', '12:00 PM', 12, 0, 13, 15, None, None, None, None, None, None, None, 'Not Reserved']
['COM417', '76760', '24', '60', 'ONLINE', None, None, None, None, None, None, None, None, None, None, None, None, 'Reserved']
['COM417', '90732', '34', '60', 'ONLINE', None, None, None, None, None, None, None, None, None, None, None, None, 'Reserved']
['COM422', '86472', '45', '60', 'T Th', '12:00 PM', 12, 0, 13, 15, None, None, None, None, None, None, None, 'Not Reserved']
['COM430', '79024', '44', '100', 'ONLINE', None, None, None, None, None, None, None, None, None, None, None, None, 'Reserved']
['COM451', '77419', '41', '50', 'M W', ' 3:00 PM', 15, 0, 16, 15, None, None, None, None, None, None, None, 'Not Reserved']
['COM451', '82838', '30', '100', 'ONLINE', None, None, None, None, None, None, None, None, None, None, None, None, 'Reserved']
['COM453', '76936', '26', '100', 'ONLINE', None, None, None, None, None, None, None, None, None, None, None, None, 'Reserved']
['COM457', '82156', '28', '50', 'T Th', '10:30 AM', 10, 30, 11, 45, None, None, None, None, None, None, None, 'Not Reserved']
['COM477', '86488', '33', '50', 'T Th', ' 9:00 AM', 9, 0, 10, 15, None, None, None, None, None, None, None, 'Not Reserved']
['COM483', '82152', '25', '25', 'M', ' 1:30 PM', 13, 30, 14, 45, None, None, None, None, None, None, None, 'Not Reserved']
['COM484', '74454', '11', '11', 'ONLINE', None, None, None, None, None, None, None, None, None, None, None, None, 'Not Reserved']
['COM492', '82153', '4', '5', 'ONLINE', None, None, None, None, None, None, None, None, None, None, None, None, 'Not Reserved']
['COM492', '84281', '5', '5', 'ONLINE', None, None, None, None, None, None, None, None, None, None, None, None, 'Not Reserved']
['COM492', '85866', '3', '3', 'ONLINE', None, None, None, None, None, None, None, None, None, None, None, None, 'Not Reserved']
['COM492', '91245', '2', '3', 'ONLINE', None, None, None, None, None, None, None, None, None, None, None, None, 'Reserved']
['COM493', '82154', '5', '5', 'ONLINE', None, None, None, None, None, None, None, None, None, None, None, None, 'Not Reserved']
['COM498', '74458', '21', '25', 'ONLINE', None, None, None, None, None, None, None, None, None, None, None, None, 'Not Reserved']
['COM499', '76535', '4', '5', 'ONLINE', None, None, None, None, None, None, None, None, None, None, None, None, 'Not Reserved']
Loading Subject:  CON
['CON100', '76288', '16', '40', 'W', ' 9:00 AM', 9, 0, 11, 30, None, None, None, None, None, None, None, 'Not Reserved']
['CON106', '88332', '21', '30', 'T Th', ' 9:00 AM', 9, 0, 10, 15, None, None, None, None, None, None, None, 'Not Reserved']
['CON106', '89954', '21', '30', 'W', '11:00 AM', 11, 0, 13, 15, None, None, None, None, None, None, None, 'Not Reserved']
['CON243', '79567', '33', '85', 'M W F', ' 7:30 AM', 7, 30, 8, 20, None, None, None, None, None, None, None, 'Not Reserved']
['CON244', '88317', '17', '40', 'M', '12:00 PM', 12, 0, 13, 40, None, None, None, None, None, None, None, 'Not Reserved']
['CON244', '88318', '17', '40', 'W', '12:00 PM', 12, 0, 13, 40, None, None, None, None, None, None, None, 'Not Reserved']
['CON446', '80290', '17', '20', 'M', ' 6:00 PM', 18, 0, 20, 45, None, None, None, None, None, None, None, 'Not Reserved']
['CON453', '79570', '6', '38', 'M W', ' 1:30 PM', 13, 30, 14, 45, None, None, None, None, None, None, None, 'Not Reserved']
['CON453', '79572', '6', '19', 'W', ' 4:30 PM', 16, 30, 18, 30, None, None, None, None, None, None, None, 'Not Reserved']
['CON454', '83162', '2', '5', 'T', '12:00 PM', 12, 0, 14, 45, None, None, None, None, None, None, None, 'Not Reserved']
['CON455', '79573', '11', '36', 'T', ' 4:30 PM', 16, 30, 19, 15, None, None, None, None, None, None, None, 'Not Reserved']
['CON457', '83731', '10', '20', 'T Th', ' 3:00 PM', 15, 0, 16, 15, None, None, None, None, None, None, None, 'Not Reserved']
['CON492', '77893', '12', '12', 'ONLINE', None, None, None, None, None, None, None, None, None, None, None, None, 'Not Reserved']
['CON493', '77886', '9', '10', 'ONLINE', None, None, None, None, None, None, None, None, None, None, None, None, 'Not Reserved']
['CON494', '83991', '30', '30', 'Th', '12:00 PM', 12, 0, 14, 45, None, None, None, None, None, None, None, 'Not Reserved']
['CON495', '79574', '1', '37', 'T Th', ' 7:30 AM', 7, 30, 8, 45, None, None, None, None, None, None, None, 'Not Reserved']
['CON496', '79575', '10', '35', 'M', ' 6:00 PM', 18, 0, 20, 45, None, None, None, None, None, None, None, 'Not Reserved']
['CON557', '83732', '4', '20', 'T Th', ' 3:00 PM', 15, 0, 16, 15, None, None, None, None, None, None, None, 'Not Reserved']
['CON567', '91720', '12', '15', 'F', ' 2:15 PM', 14, 15, 17, 5, None, None, None, None, None, None, None, 'Not Reserved']
['CON595', '80981', '30', '30', 'ONLINE', None, None, None, None, None, None, None, None, None, None, None, None, 'Not Reserved']
['CON598', '91148', '26', '30', 'ONLINE', None, None, None, None, None, None, None, None, None, None, None, None, 'Not Reserved']
['CON598', '80291', '9', '20', 'M', ' 6:00 PM', 18, 0, 20, 45, None, None, None, None, None, None, None, 'Not Reserved']
['CON598', '77957', '15', '15', 'T', '7:30AM', 7, 30, 8, 20, '', '12:00AM', None, None, '12:00AM', None, None, 'Reserved']
['CON598', '91454', '24', '30', 'W', ' 6:00 PM', 18, 0, 20, 45, None, None, None, None, None, None, None, 'Not Reserved']
['CON598', '91648', '12', '15', 'T Th', ' 1:30 PM', 13, 30, 14, 45, None, None, None, None, None, None, None, 'Not Reserved']
['CON100', '76288', '16', '40', 'W', ' 9:00 AM', 9, 0, 11, 30, None, None, None, None, None, None, None, 'Not Reserved']
['CON106', '88332', '21', '30', 'T Th', ' 9:00 AM', 9, 0, 10, 15, None, None, None, None, None, None, None, 'Not Reserved']
['CON106', '89954', '21', '30', 'W', '11:00 AM', 11, 0, 13, 15, None, None, None, None, None, None, None, 'Not Reserved']
['CON243', '79567', '33', '85', 'M W F', ' 7:30 AM', 7, 30, 8, 20, None, None, None, None, None, None, None, 'Not Reserved']
['CON244', '88317', '17', '40', 'M', '12:00 PM', 12, 0, 13, 40, None, None, None, None, None, None, None, 'Not Reserved']
['CON244', '88318', '17', '40', 'W', '12:00 PM', 12, 0, 13, 40, None, None, None, None, None, None, None, 'Not Reserved']
['CON446', '80290', '17', '20', 'M', ' 6:00 PM', 18, 0, 20, 45, None, None, None, None, None, None, None, 'Not Reserved']
['CON453', '79570', '6', '38', 'M W', ' 1:30 PM', 13, 30, 14, 45, None, None, None, None, None, None, None, 'Not Reserved']
['CON453', '79572', '6', '19', 'W', ' 4:30 PM', 16, 30, 18, 30, None, None, None, None, None, None, None, 'Not Reserved']
['CON454', '83162', '2', '5', 'T', '12:00 PM', 12, 0, 14, 45, None, None, None, None, None, None, None, 'Not Reserved']
['CON455', '79573', '11', '36', 'T', ' 4:30 PM', 16, 30, 19, 15, None, None, None, None, None, None, None, 'Not Reserved']
['CON457', '83731', '10', '20', 'T Th', ' 3:00 PM', 15, 0, 16, 15, None, None, None, None, None, None, None, 'Not Reserved']
['CON492', '77893', '12', '12', 'ONLINE', None, None, None, None, None, None, None, None, None, None, None, None, 'Not Reserved']
['CON493', '77886', '9', '10', 'ONLINE', None, None, None, None, None, None, None, None, None, None, None, None, 'Not Reserved']
['CON494', '83991', '30', '30', 'Th', '12:00 PM', 12, 0, 14, 45, None, None, None, None, None, None, None, 'Not Reserved']
['CON495', '79574', '1', '37', 'T Th', ' 7:30 AM', 7, 30, 8, 45, None, None, None, None, None, None, None, 'Not Reserved']
['CON496', '79575', '10', '35', 'M', ' 6:00 PM', 18, 0, 20, 45, None, None, None, None, None, None, None, 'Not Reserved']
['CON557', '83732', '4', '20', 'T Th', ' 3:00 PM', 15, 0, 16, 15, None, None, None, None, None, None, None, 'Not Reserved']
['CON567', '91720', '12', '15', 'F', ' 2:15 PM', 14, 15, 17, 5, None, None, None, None, None, None, None, 'Not Reserved']
['CON595', '80981', '30', '30', 'ONLINE', None, None, None, None, None, None, None, None, None, None, None, None, 'Not Reserved']
['CON598', '91148', '26', '30', 'ONLINE', None, None, None, None, None, None, None, None, None, None, None, None, 'Not Reserved']
['CON598', '80291', '9', '20', 'M', ' 6:00 PM', 18, 0, 20, 45, None, None, None, None, None, None, None, 'Not Reserved']
['CON598', '77957', '15', '15', 'T', '7:30AM', 7, 30, 8, 20, '', '12:00AM', None, None, '12:00AM', None, None, 'Reserved']
['CON598', '91454', '24', '30', 'W', ' 6:00 PM', 18, 0, 20, 45, None, None, None, None, None, None, None, 'Not Reserved']
['CON598', '91648', '12', '15', 'T Th', ' 1:30 PM', 13, 30, 14, 45, None, None, None, None, None, None, None, 'Not Reserved']
Loading Subject:  CPI
['CPI220', '88815', '42', '46', 'T', ' 7:30 AM', 7, 30, 10, 15, None, None, None, None, None, None, None, 'Not Reserved']
['CPI360', '76931', '23', '60', 'M W', ' 3:00 PM', 15, 0, 16, 15, None, None, None, None, None, None, None, 'Not Reserved']
['CPI485', '77797', '2', '10', 'F', '9:00AM', 9, 0, 10, 15, '', '', None, None, '', None, None, 'Not Reserved']
['CPI220', '88815', '42', '46', 'T', ' 7:30 AM', 7, 30, 10, 15, None, None, None, None, None, None, None, 'Not Reserved']
['CPI360', '76931', '23', '60', 'M W', ' 3:00 PM', 15, 0, 16, 15, None, None, None, None, None, None, None, 'Not Reserved']
['CPI485', '77797', '2', '10', 'F', '9:00AM', 9, 0, 10, 15, '', '', None, None, '', None, None, 'Not Reserved']
Loading Subject:  CPP
['CPP194', '91105', '40', '40', 'Th', '6:00PM', 18, 0, 19, 0, 'Th', '6:00PM', 18, 0, '7:00PM', 19, 0, 'Not Reserved']
['CPP194', '91253', '40', '40', 'W', '6:00PM', 18, 0, 19, 0, 'W', '6:00PM', 18, 0, '7:00PM', 19, 0, 'Not Reserved']
['CPP194', '91254', '40', '40', 'T', '6:00PM', 18, 0, 19, 0, 'T', '6:00PM', 18, 0, '7:00PM', 19, 0, 'Not Reserved']
['CPP294', '80775', '15', '15', 'M', '6:00PM', 18, 0, 20, 45, '', '', None, None, '', None, None, 'Not Reserved']
['CPP394', '91106', '40', '40', 'Th', '6:00PM', 18, 0, 19, 0, 'Th', '6:00PM', 18, 0, '7:00PM', 19, 0, 'Not Reserved']
['CPP394', '85857', '30', '30', 'ONLINE', None, None, None, None, None, None, None, None, None, None, None, None, 'Reserved']
['CPP494', '77949', '25', '25', 'ONLINE', None, None, None, None, None, None, None, None, None, None, None, None, 'Reserved']
['CPP591', '79240', '30', '30', 'Sa', ' 9:00 AM', 9, 0, 17, 0, None, None, None, None, None, None, None, 'Not Reserved']
Loading Subject:  CPY
Loading Subject:  CRD
['CRD210', '79320', '72', '108', 'M W F', ' 1:30 PM', 13, 30, 14, 20, None, None, None, None, None, None, None, 'Not Reserved']
['CRD210', '89187', '16', '40', 'M W F', ' 9:00 AM', 9, 0, 9, 50, None, None, None, None, None, None, None, 'Not Reserved']
['CRD301', '82381', '17', '40', 'M W F', '10:30 AM', 10, 30, 11, 20, None, None, None, None, None, None, None, 'Not Reserved']
['CRD301', '89230', '36', '110', 'M W', ' 3:00 PM', 15, 0, 16, 15, None, None, None, None, None, None, None, 'Not Reserved']
['CRD302', '82385', '14', '80', 'M W F', '10:30 AM', 10, 30, 11, 20, None, None, None, None, None, None, None, 'Not Reserved']
['CRD302', '89233', '17', '40', 'M W F', '12:00 PM', 12, 0, 12, 50, None, None, None, None, None, None, None, 'Not Reserved']
['CRD403', '82386', '47', '108', 'M W F', '12:00 PM', 12, 0, 12, 50, None, None, None, None, None, None, None, 'Not Reserved']
['CRD494', '79323', '10', '10', 'ONLINE', None, None, None, None, None, None, None, None, None, None, None, None, 'Reserved']
['CRD500', '72328', '21', '24', 'T', ' 1:30 PM', 13, 30, 16, 15, None, None, None, None, None, None, None, 'Not Reserved']
['CRD502', '75044', '12', '20', 'T Th', ' 4:30 PM', 16, 30, 17, 45, None, None, None, None, None, None, None, 'Not Reserved']
['CRD552', '79331', '32', '35', 'W', ' 4:30 PM', 16, 30, 19, 15, None, None, None, None, None, None, None, 'Not Reserved']
['CRD569', '75960', '8', '10', 'ONLINE', None, None, None, None, None, None, None, None, None, None, None, None, 'Reserved']
['CRD572', '84540', '6', '6', 'ONLINE', None, None, None, None, None, None, None, None, None, None, None, None, 'Reserved']
['CRD580', '76344', '3', '3', 'ONLINE', None, None, None, None, None, None, None, None, None, None, None, None, 'Not Reserved']
['CRD591', '73937', '5', '5', 'T Th', ' 9:00 AM', 9, 0, 10, 15, None, None, None, None, None, None, None, 'Not Reserved']
['CRD591', '73938', '5', '5', 'W', ' 6:00 PM', 18, 0, 20, 45, None, None, None, None, None, None, None, 'Not Reserved']
['CRD592', '75963', '5', '5', 'ONLINE', None, None, None, None, None, None, None, None, None, None, None, None, 'Not Reserved']
['CRD595', '72329', '5', '5', 'ONLINE', None, None, None, None, None, None, None, None, None, None, None, None, 'Not Reserved']
['CRD598', '77679', '4', '10', 'ONLINE', None, None, None, None, None, None, None, None, None, None, None, None, 'Reserved']
['CRD598', '91439', '1', '2', 'ONLINE', None, None, None, None, None, None, None, None, None, None, None, None, 'Not Reserved']
['CRD599', '74165', '3', '4', 'ONLINE', None, None, None, None, None, None, None, None, None, None, None, None, 'Not Reserved']
['CRD610', '73594', '13', '15', 'Th', ' 1:30 PM', 13, 30, 16, 15, None, None, None, None, None, None, None, 'Not Reserved']
['CRD620', '74776', '13', '15', 'T', ' 1:30 PM', 13, 30, 16, 15, None, None, None, None, None, None, None, 'Not Reserved']
['CRD640', '79333', '12', '15', 'W', ' 3:00 PM', 15, 0, 18, 15, None, None, None, None, None, None, None, 'Not Reserved']
['CRD690', '78170', '5', '5', 'ONLINE', None, None, None, None, None, None, None, None, None, None, None, None, 'Not Reserved']
['CRD792', '75222', '10', '10', 'ONLINE', None, None, None, None, None, None, None, None, None, None, None, None, 'Not Reserved']
['CRD792', '85645', '3', '3', 'ONLINE', None, None, None, None, None, None, None, None, None, None, None, None, 'Not Reserved']
['CRD795', '80923', '5', '5', 'ONLINE', None, None, None, None, None, None, None, None, None, None, None, None, 'Not Reserved']
['CRD799', '84539', '4', '6', 'ONLINE', None, None, None, None, None, None, None, None, None, None, None, None, 'Not Reserved']
Loading Subject:  CRJ
['CRJ100', '74105', '33', '100', 'ONLINE', None, None, None, None, None, None, None, None, None, None, None, None, 'Reserved']
['CRJ100', '74107', '51', '59', 'M W', ' 4:30 PM', 16, 30, 17, 45, None, None, None, None, None, None, None, 'Not Reserved']
['CRJ100', '74108', '19', '59', 'T Th', ' 1:30 PM', 13, 30, 14, 45, None, None, None, None, None, None, None, 'Not Reserved']
['CRJ100', '75187', '98', '125', 'W', ' 6:00 PM', 18, 0, 20, 45, None, None, None, None, None, None, None, 'Not Reserved']
['CRJ100', '75257', '55', '59', 'M', ' 6:00 PM', 18, 0, 20, 45, None, None, None, None, None, None, None, 'Not Reserved']
['CRJ100', '78103', '44', '59', 'T Th', ' 6:00 PM', 18, 0, 19, 15, None, None, None, None, None, None, None, 'Not Reserved']
['CRJ100', '85505', '48', '59', 'T Th', ' 9:00 AM', 9, 0, 10, 15, None, None, None, None, None, None, None, 'Not Reserved']
['CRJ201', '75681', '15', '80', 'ONLINE', None, None, None, None, None, None, None, None, None, None, None, None, 'Reserved']
['CRJ201', '75682', '53', '80', 'T Th', ' 3:00 PM', 15, 0, 16, 15, None, None, None, None, None, None, None, 'Not Reserved']
['CRJ201', '75684', '66', '80', 'M W', ' 4:30 PM', 16, 30, 17, 45, None, None, None, None, None, None, None, 'Not Reserved']
['CRJ201', '75929', '67', '80', 'M W', ' 3:00 PM', 15, 0, 16, 15, None, None, None, None, None, None, None, 'Not Reserved']
['CRJ201', '79719', '13', '80', 'T Th', '12:00 PM', 12, 0, 13, 15, None, None, None, None, None, None, None, 'Not Reserved']
['CRJ203', '90326', '36', '80', 'M W', ' 3:00 PM', 15, 0, 16, 15, None, None, None, None, None, None, None, 'Not Reserved']
['CRJ204', '74075', '16', '80', 'T', ' 6:00 PM', 18, 0, 20, 45, None, None, None, None, None, None, None, 'Not Reserved']
['CRJ225', '76245', '62', '80', 'T Th', ' 3:00 PM', 15, 0, 16, 15, None, None, None, None, None, None, None, 'Not Reserved']
['CRJ225', '76246', '50', '80', 'T Th', ' 4:30 PM', 16, 30, 17, 45, None, None, None, None, None, None, None, 'Not Reserved']
['CRJ225', '76247', '74', '80', 'M W', ' 6:00 PM', 18, 0, 19, 15, None, None, None, None, None, None, None, 'Not Reserved']
['CRJ225', '78793', '52', '80', 'W', ' 6:00 PM', 18, 0, 20, 45, None, None, None, None, None, None, None, 'Not Reserved']
['CRJ230', '74084', '1', '80', 'T Th', ' 3:00 PM', 15, 0, 16, 15, None, None, None, None, None, None, None, 'Not Reserved']
['CRJ240', '74079', '15', '80', 'T Th', ' 1:30 PM', 13, 30, 14, 45, None, None, None, None, None, None, None, 'Not Reserved']
['CRJ260', '74074', '60', '80', 'Th', ' 6:00 PM', 18, 0, 20, 45, None, None, None, None, None, None, None, 'Not Reserved']
['CRJ284', '82843', '72', '100', 'ONLINE', None, None, None, None, None, None, None, None, None, None, None, None, 'Reserved']
['CRJ302', '74086', '26', '40', 'M', ' 6:00 PM', 18, 0, 20, 45, None, None, None, None, None, None, None, 'Not Reserved']
['CRJ303', '74087', '15', '59', 'T Th', '10:30 AM', 10, 30, 11, 45, None, None, None, None, None, None, None, 'Not Reserved']
['CRJ303', '79619', '11', '59', 'M W', ' 3:00 PM', 15, 0, 16, 15, None, None, None, None, None, None, None, 'Not Reserved']
['CRJ303', '79626', '19', '59', 'W', ' 6:00 PM', 18, 0, 20, 45, None, None, None, None, None, None, None, 'Not Reserved']
['CRJ305', '75075', '38', '59', 'T Th', ' 7:30 AM', 7, 30, 8, 45, None, None, None, None, None, None, None, 'Not Reserved']
['CRJ305', '76280', '45', '59', 'M W', ' 6:00 PM', 18, 0, 19, 15, None, None, None, None, None, None, None, 'Not Reserved']
['CRJ305', '78870', '51', '59', 'T Th', ' 6:00 PM', 18, 0, 19, 15, None, None, None, None, None, None, None, 'Not Reserved']
['CRJ306', '74109', '30', '59', 'T Th', ' 4:30 PM', 16, 30, 17, 45, None, None, None, None, None, None, None, 'Not Reserved']
['CRJ306', '77075', '22', '59', 'T', ' 6:00 PM', 18, 0, 20, 45, None, None, None, None, None, None, None, 'Not Reserved']
['CRJ308', '76248', '6', '60', 'ONLINE', None, None, None, None, None, None, None, None, None, None, None, None, 'Reserved']
['CRJ308', '76249', '17', '59', 'T Th', '10:30 AM', 10, 30, 11, 45, None, None, None, None, None, None, None, 'Not Reserved']
['CRJ308', '76250', '7', '60', 'M W', ' 3:00 PM', 15, 0, 16, 15, None, None, None, None, None, None, None, 'Not Reserved']
['CRJ308', '78894', '18', '59', 'T Th', ' 1:30 PM', 13, 30, 14, 45, None, None, None, None, None, None, None, 'Not Reserved']
['CRJ315', '89107', '49', '59', 'Th', ' 6:00 PM', 18, 0, 20, 45, None, None, None, None, None, None, None, 'Not Reserved']
['CRJ321', '74083', '11', '60', 'ONLINE', None, None, None, None, None, None, None, None, None, None, None, None, 'Reserved']
['CRJ321', '89137', '28', '59', 'T', ' 6:00 PM', 18, 0, 20, 45, None, None, None, None, None, None, None, 'Not Reserved']
['CRJ350', '74114', '1', '60', 'ONLINE', None, None, None, None, None, None, None, None, None, None, None, None, 'Reserved']
['CRJ350', '75737', '30', '59', 'T Th', ' 7:30 AM', 7, 30, 8, 45, None, None, None, None, None, None, None, 'Not Reserved']
['CRJ404', '81916', '23', '59', 'T Th', ' 7:30 AM', 7, 30, 8, 45, None, None, None, None, None, None, None, 'Not Reserved']
['CRJ409', '81928', '30', '59', 'F', ' 9:00 AM', 9, 0, 11, 45, None, None, None, None, None, None, None, 'Not Reserved']
['CRJ410', '74073', '20', '59', 'Th', ' 6:00 PM', 18, 0, 20, 45, None, None, None, None, None, None, None, 'Not Reserved']
['CRJ443', '74110', '13', '60', 'ONLINE', None, None, None, None, None, None, None, None, None, None, None, None, 'Reserved']
['CRJ461', '74260', '1', '59', 'T Th', '12:00 PM', 12, 0, 13, 15, None, None, None, None, None, None, None, 'Not Reserved']
['CRJ470', '91143', '3', '40', 'ONLINE', None, None, None, None, None, None, None, None, None, None, None, None, 'Reserved']
['CRJ470', '74111', '7', '40', 'W', ' 6:00 PM', 18, 0, 20, 45, None, None, None, None, None, None, None, 'Not Reserved']
['CRJ484', '76513', '100', '100', 'ONLINE', None, None, None, None, None, None, None, None, None, None, None, None, 'Not Reserved']
['CRJ492', '74089', '10', '10', 'ONLINE', None, None, None, None, None, None, None, None, None, None, None, None, 'Not Reserved']
['CRJ493', '77026', '8', '10', 'ONLINE', None, None, None, None, None, None, None, None, None, None, None, None, 'Not Reserved']
['CRJ494', '74081', '18', '59', 'T Th', ' 9:00 AM', 9, 0, 10, 15, None, None, None, None, None, None, None, 'Not Reserved']
['CRJ494', '75043', '6', '100', 'T Th', ' 4:30 PM', 16, 30, 17, 45, None, None, None, None, None, None, None, 'Not Reserved']
['CRJ499', '75415', '10', '10', 'ONLINE', None, None, None, None, None, None, None, None, None, None, None, None, 'Not Reserved']
['CRJ501', '77865', '8', '20', 'T', ' 1:30 PM', 13, 30, 16, 15, None, None, None, None, None, None, None, 'Not Reserved']
['CRJ503', '74088', '8', '20', 'Th', ' 1:30 PM', 13, 30, 16, 15, None, None, None, None, None, None, None, 'Not Reserved']
['CRJ512', '90329', '14', '20', 'M', ' 4:30 PM', 16, 30, 19, 15, None, None, None, None, None, None, None, 'Not Reserved']
['CRJ513', '87976', '5', '20', 'Th', ' 1:30 PM', 13, 30, 16, 15, None, None, None, None, None, None, None, 'Not Reserved']
['CRJ584', '74119', '25', '25', 'ONLINE', None, None, None, None, None, None, None, None, None, None, None, None, 'Not Reserved']
['CRJ595', '76455', '10', '10', 'ONLINE', None, None, None, None, None, None, None, None, None, None, None, None, 'Not Reserved']
['CRJ599', '74112', '7', '10', 'ONLINE', None, None, None, None, None, None, None, None, None, None, None, None, 'Not Reserved']
['CRJ602', '87989', '10', '20', 'W', ' 3:00 PM', 15, 0, 17, 45, None, None, None, None, None, None, None, 'Not Reserved']
['CRJ604', '74505', '7', '20', 'T', ' 1:30 PM', 13, 30, 16, 15, None, None, None, None, None, None, None, 'Not Reserved']
['CRJ609', '87991', '9', '20', 'M', ' 3:00 PM', 15, 0, 17, 45, None, None, None, None, None, None, None, 'Not Reserved']
['CRJ792', '74509', '10', '10', 'ONLINE', None, None, None, None, None, None, None, None, None, None, None, None, 'Not Reserved']
['CRJ795', '76593', '4', '10', 'ONLINE', None, None, None, None, None, None, None, None, None, None, None, None, 'Not Reserved']
['CRJ799', '74226', '16', '20', 'ONLINE', None, None, None, None, None, None, None, None, None, None, None, None, 'Not Reserved']
Loading Subject:  CSE
['CSE100', '81575', '333', '435', 'M W F', ' 1:30 PM', 13, 30, 14, 20, None, None, None, None, None, None, None, 'Not Reserved']
['CSE100', '81576', '10', '25', 'M', '10:30 AM', 10, 30, 11, 20, None, None, None, None, None, None, None, 'Not Reserved']
['CSE100', '81577', '22', '27', 'W', '10:30 AM', 10, 30, 11, 20, None, None, None, None, None, None, None, 'Not Reserved']
['CSE100', '81579', '14', '27', 'F', '10:30 AM', 10, 30, 11, 20, None, None, None, None, None, None, None, 'Not Reserved']
['CSE100', '81580', '19', '27', 'T', '10:30 AM', 10, 30, 11, 20, None, None, None, None, None, None, None, 'Not Reserved']
['CSE110', '86338', '29', '30', 'T', ' 9:00 AM', 9, 0, 9, 50, None, None, None, None, None, None, None, 'Not Reserved']
['CSE110', '86339', '29', '30', 'Th', ' 9:00 AM', 9, 0, 9, 50, None, None, None, None, None, None, None, 'Not Reserved']
['CSE110', '86964', '29', '30', 'M', ' 4:30 PM', 16, 30, 17, 20, None, None, None, None, None, None, None, 'Not Reserved']
['CSE110', '89977', '106', '120', 'M W', ' 6:00 PM', 18, 0, 19, 15, None, None, None, None, None, None, None, 'Not Reserved']
['CSE110', '86956', '30', '30', 'Th', '10:30 AM', 10, 30, 11, 20, None, None, None, None, None, None, None, 'Not Reserved']
['CSE110', '86959', '22', '30', 'T', ' 3:00 PM', 15, 0, 15, 50, None, None, None, None, None, None, None, 'Not Reserved']
['CSE110', '89979', '93', '120', 'T Th', '10:30 AM', 10, 30, 11, 45, None, None, None, None, None, None, None, 'Not Reserved']
['CSE110', '86950', '24', '30', 'W', ' 7:30 AM', 7, 30, 8, 20, None, None, None, None, None, None, None, 'Not Reserved']
['CSE110', '86951', '28', '30', 'F', ' 7:30 AM', 7, 30, 8, 20, None, None, None, None, None, None, None, 'Not Reserved']
['CSE110', '86960', '15', '30', 'W', ' 3:00 PM', 15, 0, 15, 50, None, None, None, None, None, None, None, 'Not Reserved']
['CSE110', '86966', '26', '30', 'F', ' 4:30 PM', 16, 30, 17, 20, None, None, None, None, None, None, None, 'Not Reserved']
['CSE110', '86955', '13', '30', 'W', '10:30 AM', 10, 30, 11, 20, None, None, None, None, None, None, None, 'Reserved']
['CSE110', '86957', '25', '30', 'F', '10:30 AM', 10, 30, 11, 20, None, None, None, None, None, None, None, 'Not Reserved']
['CSE110', '86965', '19', '30', 'W', ' 4:30 PM', 16, 30, 17, 20, None, None, None, None, None, None, None, 'Reserved']
['CSE120', '79004', '7', '52', 'T Th', '10:30 AM', 10, 30, 11, 45, None, None, None, None, None, None, None, 'Not Reserved']
['CSE120', '80673', '34', '50', 'M W', ' 9:00 AM', 9, 0, 10, 15, None, None, None, None, None, None, None, 'Not Reserved']
['CSE120', '89808', '11', '36', 'ONLINE', None, None, None, None, None, None, None, None, None, None, None, None, 'Not Reserved']
['CSE240', '77513', '110', '299', 'T Th', ' 7:30 AM', 7, 30, 8, 45, None, None, None, None, None, None, None, 'Not Reserved']
['CSE310', '83387', '53', '135', 'M W', ' 6:00 PM', 18, 0, 19, 15, None, None, None, None, None, None, None, 'Not Reserved']
['CSE394', '91067', '52', '60', 'T Th', ' 7:30 AM', 7, 30, 8, 45, None, None, None, None, None, None, None, 'Not Reserved']
['CSE420', '82285', '27', '70', 'M W F', ' 1:30 PM', 13, 30, 14, 20, None, None, None, None, None, None, None, 'Not Reserved']
['CSE464', '76967', '25', '120', 'M W', ' 4:30 PM', 16, 30, 17, 45, None, None, None, None, None, None, None, 'Not Reserved']
['CSE471', '90873', '36', '100', 'F', ' 1:30 PM', 13, 30, 16, 0, None, None, None, None, None, None, None, 'Not Reserved']
['CSE472', '82010', '60', '66', 'M W', ' 9:00 AM', 9, 0, 10, 15, None, None, None, None, None, None, None, 'Not Reserved']
['CSE484', '80999', '30', '30', 'ONLINE', None, None, None, None, None, None, None, None, None, None, None, None, 'Not Reserved']
['CSE485', '86969', '6', '39', 'F', '1:30PM', 13, 30, 14, 45, '', '', None, None, '', None, None, 'Not Reserved']
['CSE492', '78302', '30', '30', 'ONLINE', None, None, None, None, None, None, None, None, None, None, None, None, 'Not Reserved']
['CSE494', '86970', '39', '40', 'T Th', ' 9:00 AM', 9, 0, 10, 15, None, None, None, None, None, None, None, 'Not Reserved']
['CSE515', '77678', '6', '100', 'M W', ' 6:00 PM', 18, 0, 19, 15, None, None, None, None, None, None, None, 'Reserved']
['CSE520', '77960', '46', '70', 'T Th', '12:00 PM', 12, 0, 13, 15, None, None, None, None, None, None, None, 'Not Reserved']
['CSE580', '78303', '30', '30', 'ONLINE', None, None, None, None, None, None, None, None, None, None, None, None, 'Not Reserved']
['CSE584', '77998', '30', '30', 'ONLINE', None, None, None, None, None, None, None, None, None, None, None, None, 'Not Reserved']
['CSE595', '80974', '30', '30', 'ONLINE', None, None, None, None, None, None, None, None, None, None, None, None, 'Not Reserved']
['CSE599', '78297', '30', '30', 'ONLINE', None, None, None, None, None, None, None, None, None, None, None, None, 'Not Reserved']
['CSE792', '80975', '30', '30', 'ONLINE', None, None, None, None, None, None, None, None, None, None, None, None, 'Not Reserved']
['CSE795', '80995', '30', '30', 'ONLINE', None, None, None, None, None, None, None, None, None, None, None, None, 'Not Reserved']
['CSE100', '81575', '333', '435', 'M W F', ' 1:30 PM', 13, 30, 14, 20, None, None, None, None, None, None, None, 'Not Reserved']
['CSE100', '81576', '10', '25', 'M', '10:30 AM', 10, 30, 11, 20, None, None, None, None, None, None, None, 'Not Reserved']
['CSE100', '81577', '22', '27', 'W', '10:30 AM', 10, 30, 11, 20, None, None, None, None, None, None, None, 'Not Reserved']
['CSE100', '81579', '14', '27', 'F', '10:30 AM', 10, 30, 11, 20, None, None, None, None, None, None, None, 'Not Reserved']
['CSE100', '81580', '19', '27', 'T', '10:30 AM', 10, 30, 11, 20, None, None, None, None, None, None, None, 'Not Reserved']
['CSE110', '86338', '29', '30', 'T', ' 9:00 AM', 9, 0, 9, 50, None, None, None, None, None, None, None, 'Not Reserved']
['CSE110', '86339', '29', '30', 'Th', ' 9:00 AM', 9, 0, 9, 50, None, None, None, None, None, None, None, 'Not Reserved']
['CSE110', '86964', '29', '30', 'M', ' 4:30 PM', 16, 30, 17, 20, None, None, None, None, None, None, None, 'Not Reserved']
['CSE110', '89977', '106', '120', 'M W', ' 6:00 PM', 18, 0, 19, 15, None, None, None, None, None, None, None, 'Not Reserved']
['CSE110', '86956', '30', '30', 'Th', '10:30 AM', 10, 30, 11, 20, None, None, None, None, None, None, None, 'Not Reserved']
['CSE110', '86959', '22', '30', 'T', ' 3:00 PM', 15, 0, 15, 50, None, None, None, None, None, None, None, 'Not Reserved']
['CSE110', '89979', '93', '120', 'T Th', '10:30 AM', 10, 30, 11, 45, None, None, None, None, None, None, None, 'Not Reserved']
['CSE110', '86950', '24', '30', 'W', ' 7:30 AM', 7, 30, 8, 20, None, None, None, None, None, None, None, 'Not Reserved']
['CSE110', '86951', '28', '30', 'F', ' 7:30 AM', 7, 30, 8, 20, None, None, None, None, None, None, None, 'Not Reserved']
['CSE110', '86960', '15', '30', 'W', ' 3:00 PM', 15, 0, 15, 50, None, None, None, None, None, None, None, 'Not Reserved']
['CSE110', '86966', '26', '30', 'F', ' 4:30 PM', 16, 30, 17, 20, None, None, None, None, None, None, None, 'Not Reserved']
['CSE110', '86955', '13', '30', 'W', '10:30 AM', 10, 30, 11, 20, None, None, None, None, None, None, None, 'Reserved']
['CSE110', '86957', '25', '30', 'F', '10:30 AM', 10, 30, 11, 20, None, None, None, None, None, None, None, 'Not Reserved']
['CSE110', '86965', '19', '30', 'W', ' 4:30 PM', 16, 30, 17, 20, None, None, None, None, None, None, None, 'Reserved']
['CSE120', '79004', '7', '52', 'T Th', '10:30 AM', 10, 30, 11, 45, None, None, None, None, None, None, None, 'Not Reserved']
['CSE120', '80673', '34', '50', 'M W', ' 9:00 AM', 9, 0, 10, 15, None, None, None, None, None, None, None, 'Not Reserved']
['CSE120', '89808', '11', '36', 'ONLINE', None, None, None, None, None, None, None, None, None, None, None, None, 'Not Reserved']
['CSE240', '77513', '110', '299', 'T Th', ' 7:30 AM', 7, 30, 8, 45, None, None, None, None, None, None, None, 'Not Reserved']
['CSE310', '83387', '53', '135', 'M W', ' 6:00 PM', 18, 0, 19, 15, None, None, None, None, None, None, None, 'Not Reserved']
['CSE394', '91067', '52', '60', 'T Th', ' 7:30 AM', 7, 30, 8, 45, None, None, None, None, None, None, None, 'Not Reserved']
['CSE420', '82285', '27', '70', 'M W F', ' 1:30 PM', 13, 30, 14, 20, None, None, None, None, None, None, None, 'Not Reserved']
['CSE464', '76967', '25', '120', 'M W', ' 4:30 PM', 16, 30, 17, 45, None, None, None, None, None, None, None, 'Not Reserved']
['CSE471', '90873', '36', '100', 'F', ' 1:30 PM', 13, 30, 16, 0, None, None, None, None, None, None, None, 'Not Reserved']
['CSE472', '82010', '60', '66', 'M W', ' 9:00 AM', 9, 0, 10, 15, None, None, None, None, None, None, None, 'Not Reserved']
['CSE484', '80999', '30', '30', 'ONLINE', None, None, None, None, None, None, None, None, None, None, None, None, 'Not Reserved']
['CSE485', '86969', '6', '39', 'F', '1:30PM', 13, 30, 14, 45, '', '', None, None, '', None, None, 'Not Reserved']
['CSE492', '78302', '30', '30', 'ONLINE', None, None, None, None, None, None, None, None, None, None, None, None, 'Not Reserved']
['CSE494', '86970', '39', '40', 'T Th', ' 9:00 AM', 9, 0, 10, 15, None, None, None, None, None, None, None, 'Not Reserved']
['CSE515', '77678', '6', '100', 'M W', ' 6:00 PM', 18, 0, 19, 15, None, None, None, None, None, None, None, 'Reserved']
['CSE520', '77960', '46', '70', 'T Th', '12:00 PM', 12, 0, 13, 15, None, None, None, None, None, None, None, 'Not Reserved']
['CSE580', '78303', '30', '30', 'ONLINE', None, None, None, None, None, None, None, None, None, None, None, None, 'Not Reserved']
['CSE584', '77998', '30', '30', 'ONLINE', None, None, None, None, None, None, None, None, None, None, None, None, 'Not Reserved']
['CSE595', '80974', '30', '30', 'ONLINE', None, None, None, None, None, None, None, None, None, None, None, None, 'Not Reserved']
['CSE599', '78297', '30', '30', 'ONLINE', None, None, None, None, None, None, None, None, None, None, None, None, 'Not Reserved']
['CSE792', '80975', '30', '30', 'ONLINE', None, None, None, None, None, None, None, None, None, None, None, None, 'Not Reserved']
['CSE795', '80995', '30', '30', 'ONLINE', None, None, None, None, None, None, None, None, None, None, None, None, 'Not Reserved']
Loading Subject:  CSM
['CSM201', '72652', '39', '60', 'M', ' 6:00 PM', 18, 0, 20, 45, None, None, None, None, None, None, None, 'Not Reserved']
['CSM303', '88003', '21', '30', 'T Th', ' 1:30 PM', 13, 30, 14, 45, None, None, None, None, None, None, None, 'Not Reserved']
['CSM407', '89728', '28', '40', 'Th', ' 6:00 PM', 18, 0, 20, 45, None, None, None, None, None, None, None, 'Not Reserved']
Loading Subject:  CSS
Loading Subject:  CST
['CST100', '88849', '48', '60', 'T Th', '12:00 PM', 12, 0, 13, 15, None, None, None, None, None, None, None, 'Not Reserved']
['CST200', '80841', '54', '72', 'T Th', ' 9:00 AM', 9, 0, 10, 15, None, None, None, None, None, None, None, 'Not Reserved']
['CST456', '77732', '15', '40', 'M W F', '12:00 PM', 12, 0, 12, 50, None, None, None, None, None, None, None, 'Not Reserved']
['CST492', '76451', '30', '30', 'ONLINE', None, None, None, None, None, None, None, None, None, None, None, None, 'Not Reserved']
['CST493', '76315', '30', '30', 'ONLINE', None, None, None, None, None, None, None, None, None, None, None, None, 'Not Reserved']
['CST494', '86834', '56', '56', 'T Th', ' 9:00 AM', 9, 0, 10, 15, None, None, None, None, None, None, None, 'Not Reserved']
['CST494', '86835', '54', '54', 'T Th', '10:30 AM', 10, 30, 11, 45, None, None, None, None, None, None, None, 'Not Reserved']
['CST100', '88849', '48', '60', 'T Th', '12:00 PM', 12, 0, 13, 15, None, None, None, None, None, None, None, 'Not Reserved']
['CST200', '80841', '54', '72', 'T Th', ' 9:00 AM', 9, 0, 10, 15, None, None, None, None, None, None, None, 'Not Reserved']
['CST456', '77732', '15', '40', 'M W F', '12:00 PM', 12, 0, 12, 50, None, None, None, None, None, None, None, 'Not Reserved']
['CST492', '76451', '30', '30', 'ONLINE', None, None, None, None, None, None, None, None, None, None, None, None, 'Not Reserved']
['CST493', '76315', '30', '30', 'ONLINE', None, None, None, None, None, None, None, None, None, None, None, None, 'Not Reserved']
['CST494', '86834', '56', '56', 'T Th', ' 9:00 AM', 9, 0, 10, 15, None, None, None, None, None, None, None, 'Not Reserved']
['CST494', '86835', '54', '54', 'T Th', '10:30 AM', 10, 30, 11, 45, None, None, None, None, None, None, None, 'Not Reserved']
Loading Subject:  CTI
Loading Subject:  DAH
Loading Subject:  DAN
Loading Subject:  DBA
['DBA705', '80258', '40', '40', 'M T W Th F Sa Su', ' 8:00 AM', 8, 0, 17, 0, None, None, None, None, None, None, None, 'Not Reserved']
['DBA713', '84549', '40', '40', 'ONLINE', None, None, None, None, None, None, None, None, None, None, None, None, 'Not Reserved']
['DBA714', '91222', '80', '80', 'M T W Th F Sa', ' 8:00 AM', 8, 0, 17, 0, None, None, None, None, None, None, None, 'Not Reserved']
['DBA715', '84111', '80', '80', 'F Sa Su', ' 8:00 AM', 8, 0, 17, 0, None, None, None, None, None, None, None, 'Not Reserved']
['DBA723', '84110', '40', '40', 'ONLINE', None, None, None, None, None, None, None, None, None, None, None, None, 'Not Reserved']
['DBA799', '84548', '40', '40', 'ONLINE', None, None, None, None, None, None, None, None, None, None, None, None, 'Not Reserved']
Loading Subject:  DCE
['DCE110', '74927', '46', '60', 'M W', ' 6:00 PM', 18, 0, 19, 15, None, None, None, None, None, None, None, 'Not Reserved']
['DCE111', '74928', '19', '40', 'T Th', ' 6:00 PM', 18, 0, 19, 15, None, None, None, None, None, None, None, 'Not Reserved']
['DCE112', '74929', '44', '60', 'T Th', ' 7:30 PM', 19, 30, 20, 45, None, None, None, None, None, None, None, 'Not Reserved']
['DCE113', '89604', '19', '30', 'M W', ' 4:30 PM', 16, 30, 17, 45, None, None, None, None, None, None, None, 'Not Reserved']
['DCE116', '74930', '1', '40', 'M W', ' 4:30 PM', 16, 30, 17, 45, None, None, None, None, None, None, None, 'Not Reserved']
['DCE117', '74931', '20', '30', 'M W', ' 4:30 PM', 16, 30, 17, 45, None, None, None, None, None, None, None, 'Not Reserved']
['DCE120', '83538', '14', '40', 'T Th', '12:00 PM', 12, 0, 13, 15, None, None, None, None, None, None, None, 'Not Reserved']
['DCE123', '74934', '6', '60', 'T Th', ' 6:00 PM', 18, 0, 19, 15, None, None, None, None, None, None, None, 'Not Reserved']
['DCE123', '77420', '24', '60', 'T Th', '12:00 PM', 12, 0, 13, 15, None, None, None, None, None, None, None, 'Not Reserved']
['DCE123', '90635', '30', '40', 'T Th', ' 7:30 AM', 7, 30, 8, 45, None, None, None, None, None, None, None, 'Not Reserved']
['DCE124', '74935', '42', '80', 'M W', ' 4:30 PM', 16, 30, 17, 45, None, None, None, None, None, None, None, 'Not Reserved']
['DCE124', '74936', '46', '80', 'M W', ' 6:00 PM', 18, 0, 19, 15, None, None, None, None, None, None, None, 'Not Reserved']
['DCE124', '74937', '27', '80', 'T Th', ' 6:00 PM', 18, 0, 19, 15, None, None, None, None, None, None, None, 'Not Reserved']
['DCE125', '74939', '57', '80', 'M W', ' 3:00 PM', 15, 0, 16, 15, None, None, None, None, None, None, None, 'Not Reserved']
['DCE125', '74940', '59', '80', 'M W', '12:00 PM', 12, 0, 13, 15, None, None, None, None, None, None, None, 'Not Reserved']
['DCE125', '74941', '41', '80', 'T Th', ' 3:00 PM', 15, 0, 16, 15, None, None, None, None, None, None, None, 'Not Reserved']
['DCE133', '77422', '52', '60', 'M W', ' 9:00 AM', 9, 0, 10, 45, None, None, None, None, None, None, None, 'Not Reserved']
['DCE134', '74897', '16', '30', 'T Th', ' 1:30 PM', 13, 30, 15, 15, None, None, None, None, None, None, None, 'Not Reserved']
['DCE135', '80094', '26', '30', 'T Th', ' 9:00 AM', 9, 0, 10, 45, None, None, None, None, None, None, None, 'Not Reserved']
['DCE136', '77487', '23', '30', 'M W', ' 9:00 AM', 9, 0, 10, 45, None, None, None, None, None, None, None, 'Not Reserved']
['DCE160', '73753', '19', '26', 'M W F', ' 1:00 PM', 13, 0, 14, 30, None, None, None, None, None, None, None, 'Not Reserved']
['DCE170', '80873', '15', '15', 'T Th', ' 3:30 PM', 15, 30, 16, 45, None, None, None, None, None, None, None, 'Not Reserved']
['DCE194', '89606', '27', '30', 'T Th', ' 6:00 PM', 18, 0, 19, 15, None, None, None, None, None, None, None, 'Not Reserved']
['DCE194', '91053', '30', '30', 'M W', ' 6:00 PM', 18, 0, 19, 0, None, None, None, None, None, None, None, 'Not Reserved']
['DCE194', '85398', '16', '22', 'M W', ' 4:30 PM', 16, 30, 17, 45, None, None, None, None, None, None, None, 'Not Reserved']
['DCE201', '90627', '73', '100', 'ONLINE', None, None, None, None, None, None, None, None, None, None, None, None, 'Not Reserved']
['DCE201', '90629', '93', '100', 'ONLINE', None, None, None, None, None, None, None, None, None, None, None, None, 'Not Reserved']
['DCE203', '77499', '50', '60', 'ONLINE', None, None, None, None, None, None, None, None, None, None, None, None, 'Not Reserved']
['DCE210', '85974', '50', '60', 'M W', ' 7:30 PM', 19, 30, 20, 45, None, None, None, None, None, None, None, 'Not Reserved']
['DCE211', '90631', '34', '40', 'T Th', ' 7:30 PM', 19, 30, 20, 45, None, None, None, None, None, None, None, 'Not Reserved']
['DCE220', '74942', '34', '40', 'T Th', ' 6:00 PM', 18, 0, 19, 15, None, None, None, None, None, None, None, 'Not Reserved']
['DCE225', '76223', '54', '80', 'T Th', '12:00 PM', 12, 0, 13, 15, None, None, None, None, None, None, None, 'Not Reserved']
['DCE230', '75202', '10', '30', 'M W', '11:00 AM', 11, 0, 12, 30, None, None, None, None, None, None, None, 'Not Reserved']
['DCE233', '77484', '19', '30', 'T Th', ' 1:30 PM', 13, 30, 15, 15, None, None, None, None, None, None, None, 'Not Reserved']
['DCE234', '74898', '23', '30', 'T Th', ' 9:00 AM', 9, 0, 10, 45, None, None, None, None, None, None, None, 'Not Reserved']
['DCE235', '74899', '27', '30', 'M W F', ' 9:00 AM', 9, 0, 10, 45, None, None, None, None, None, None, None, 'Not Reserved']
['DCE240', '74902', '14', '15', 'T Th', ' 9:00 AM', 9, 0, 10, 15, None, None, None, None, None, None, None, 'Not Reserved']
['DCE260', '75343', '11', '30', 'M W F', ' 1:00 PM', 13, 0, 14, 30, None, None, None, None, None, None, None, 'Not Reserved']
['DCE270', '75971', '12', '30', 'T Th', ' 3:30 PM', 15, 30, 16, 45, None, None, None, None, None, None, None, 'Not Reserved']
['DCE294', '75601', '46', '50', 'T Th', '12:00 PM', 12, 0, 13, 15, None, None, None, None, None, None, None, 'Not Reserved']
['DCE294', '76047', '35', '60', 'M W', ' 7:30 PM', 19, 30, 20, 45, None, None, None, None, None, None, None, 'Not Reserved']
['DCE294', '76387', '22', '25', 'W', ' 2:45 PM', 14, 45, 16, 15, None, None, None, None, None, None, None, 'Not Reserved']
['DCE301', '77752', '4', '50', 'T Th', '12:00 PM', 12, 0, 13, 15, None, None, None, None, None, None, None, 'Not Reserved']
['DCE303', '77500', '45', '60', 'ONLINE', None, None, None, None, None, None, None, None, None, None, None, None, 'Not Reserved']
['DCE330', '82387', '15', '30', 'M W', '11:00 AM', 11, 0, 12, 30, None, None, None, None, None, None, None, 'Not Reserved']
['DCE333', '77485', '23', '30', 'M F', ' 2:45 PM', 14, 45, 16, 15, None, None, None, None, None, None, None, 'Not Reserved']
['DCE334', '74900', '17', '30', 'M W F', ' 9:00 AM', 9, 0, 10, 45, None, None, None, None, None, None, None, 'Not Reserved']
['DCE335', '74901', '25', '30', 'M W F', ' 9:00 AM', 9, 0, 10, 45, None, None, None, None, None, None, None, 'Not Reserved']
['DCE350', '77488', '19', '30', 'T Th', '12:00 PM', 12, 0, 13, 15, None, None, None, None, None, None, None, 'Not Reserved']
['DCE394', '83254', '10', '15', 'M W', ' 5:15 PM', 17, 15, 18, 45, None, None, None, None, None, None, None, 'Not Reserved']
['DCE405', '76270', '24', '30', 'ONLINE', None, None, None, None, None, None, None, None, None, None, None, None, 'Reserved']
['DCE438', '90630', '5', '12', 'M W', ' 3:00 PM', 15, 0, 16, 15, None, None, None, None, None, None, None, 'Not Reserved']
Loading Subject:  DCI
['DCI590', '76552', '10', '10', 'ONLINE', None, None, None, None, None, None, None, None, None, None, None, None, 'Not Reserved']
['DCI593', '75819', '28', '30', 'W', ' 4:30 PM', 16, 30, 19, 15, None, None, None, None, None, None, None, 'Not Reserved']
['DCI595', '78179', '45', '45', 'ONLINE', None, None, None, None, None, None, None, None, None, None, None, None, 'Not Reserved']
['DCI595', '76360', '44', '45', 'ONLINE', None, None, None, None, None, None, None, None, None, None, None, None, 'Not Reserved']
['DCI598', '90534', '12', '20', 'T', '11:00AM', 11, 0, 13, 0, 'T', '11:00AM', 11, 0, '1:00PM', 13, 0, 'Not Reserved']
['DCI691', '91354', '20', '20', 'T', ' 4:30 PM', 16, 30, 19, 15, None, None, None, None, None, None, None, 'Not Reserved']
['DCI691', '91355', '17', '20', 'W', ' 4:30 PM', 16, 30, 19, 15, None, None, None, None, None, None, None, 'Not Reserved']
['DCI691', '91356', '12', '20', 'Th', ' 4:30 PM', 16, 30, 19, 15, None, None, None, None, None, None, None, 'Not Reserved']
['DCI691', '90533', '14', '20', 'T Th', ' 3:00 PM', 15, 0, 16, 15, None, None, None, None, None, None, None, 'Not Reserved']
['DCI691', '84224', '10', '15', 'T', ' 4:30 PM', 16, 30, 19, 15, None, None, None, None, None, None, None, 'Not Reserved']
['DCI780', '78225', '30', '30', 'ONLINE', None, None, None, None, None, None, None, None, None, None, None, None, 'Not Reserved']
['DCI784', '75820', '20', '20', 'ONLINE', None, None, None, None, None, None, None, None, None, None, None, None, 'Not Reserved']
['DCI790', '75821', '19', '20', 'ONLINE', None, None, None, None, None, None, None, None, None, None, None, None, 'Not Reserved']
['DCI791', '78800', '20', '20', 'M', ' 4:30 PM', 16, 30, 19, 15, None, None, None, None, None, None, None, 'Not Reserved']
['DCI791', '78802', '20', '20', 'W', ' 1:30 PM', 13, 30, 16, 15, None, None, None, None, None, None, None, 'Not Reserved']
['DCI791', '90532', '20', '20', 'M', ' 4:30 PM', 16, 30, 19, 15, None, None, None, None, None, None, None, 'Not Reserved']
['DCI792', '75604', '30', '30', 'ONLINE', None, None, None, None, None, None, None, None, None, None, None, None, 'Not Reserved']
['DCI799', '76234', '28', '30', 'ONLINE', None, None, None, None, None, None, None, None, None, None, None, None, 'Reserved']
Loading Subject:  DNP
Loading Subject:  DSC
Loading Subject:  EAC
Loading Subject:  ECD
['ECD211', '74122', '108', '150', 'ONLINE', None, None, None, None, None, None, None, None, None, None, None, None, 'Reserved']
['ECD220', '88269', '15', '35', 'ONLINE', None, None, None, None, None, None, None, None, None, None, None, None, 'Reserved']
['ECD220', '74123', '121', '150', 'ONLINE', None, None, None, None, None, None, None, None, None, None, None, None, 'Reserved']
['ECD220', '79875', '8', '35', 'M W', ' 3:00 PM', 15, 0, 16, 15, None, None, None, None, None, None, None, 'Not Reserved']
['ECD520', '78645', '10', '10', 'ONLINE', None, None, None, None, None, None, None, None, None, None, None, None, 'Reserved']
['ECD525', '77850', '15', '15', 'ONLINE', None, None, None, None, None, None, None, None, None, None, None, None, 'Reserved']
['ECD549', '77851', '10', '10', 'ONLINE', None, None, None, None, None, None, None, None, None, None, None, None, 'Reserved']
['ECD565', '87373', '10', '10', 'ONLINE', None, None, None, None, None, None, None, None, None, None, None, None, 'Reserved']
['ECD565', '78650', '5', '5', 'ONLINE', None, None, None, None, None, None, None, None, None, None, None, None, 'Reserved']
Loading Subject:  ECN
['ECN211', '81177', '36', '64', 'T Th', ' 4:30 PM', 16, 30, 17, 45, None, None, None, None, None, None, None, 'Not Reserved']
['ECN211', '86130', '2', '265', 'M W', ' 3:00 PM', 15, 0, 16, 15, None, None, None, None, None, None, None, 'Not Reserved']
['ECN211', '86131', '151', '265', 'M W', ' 4:30 PM', 16, 30, 17, 45, None, None, None, None, None, None, None, 'Not Reserved']
['ECN211', '76736', '259', '379', 'T Th', '12:00 PM', 12, 0, 13, 15, None, None, None, None, None, None, None, 'Not Reserved']
['ECN211', '70899', '239', '379', 'T Th', ' 1:30 PM', 13, 30, 14, 45, None, None, None, None, None, None, None, 'Not Reserved']
['ECN211', '70901', '124', '265', 'ONLINE', None, None, None, None, None, None, None, None, None, None, None, None, 'Not Reserved']
['ECN212', '73820', '56', '100', 'T Th', ' 1:30 PM', 13, 30, 14, 45, None, None, None, None, None, None, None, 'Not Reserved']
['ECN212', '76794', '87', '379', 'M W', ' 1:30 PM', 13, 30, 14, 45, None, None, None, None, None, None, None, 'Not Reserved']
['ECN212', '86134', '336', '379', 'F', '12:00 PM', 12, 0, 14, 45, None, None, None, None, None, None, None, 'Not Reserved']
['ECN212', '86135', '104', '265', 'ONLINE', None, None, None, None, None, None, None, None, None, None, None, None, 'Reserved']
['ECN212', '74607', '83', '120', 'T Th', '10:30 AM', 10, 30, 11, 45, None, None, None, None, None, None, None, 'Not Reserved']
['ECN213', '70905', '23', '40', 'T Th', ' 1:30 PM', 13, 30, 14, 45, None, None, None, None, None, None, None, 'Reserved']
['ECN221', '72322', '87', '265', 'M W', ' 3:00 PM', 15, 0, 16, 15, None, None, None, None, None, None, None, 'Not Reserved']
['ECN221', '72988', '192', '265', 'M W', ' 4:30 PM', 16, 30, 17, 45, None, None, None, None, None, None, None, 'Not Reserved']
['ECN221', '73728', '28', '60', 'T Th', ' 4:30 PM', 16, 30, 17, 45, None, None, None, None, None, None, None, 'Not Reserved']
['ECN221', '73233', '45', '60', 'T Th', ' 7:30 AM', 7, 30, 8, 45, None, None, None, None, None, None, None, 'Not Reserved']
['ECN231', '77687', '18', '42', 'T Th', ' 9:00 AM', 9, 0, 10, 15, None, None, None, None, None, None, None, 'Reserved']
['ECN306', '74369', '232', '366', 'T Th', ' 7:30 AM', 7, 30, 8, 45, None, None, None, None, None, None, None, 'Not Reserved']
['ECN306', '86136', '69', '150', 'T Th', ' 3:00 PM', 15, 0, 16, 15, None, None, None, None, None, None, None, 'Not Reserved']
['ECN312', '81113', '24', '44', 'T Th', ' 9:00 AM', 9, 0, 10, 15, None, None, None, None, None, None, None, 'Not Reserved']
['ECN312', '70908', '1', '44', 'T Th', '10:30 AM', 10, 30, 11, 45, None, None, None, None, None, None, None, 'Not Reserved']
['ECN312', '75665', '15', '44', 'T Th', ' 1:30 PM', 13, 30, 14, 45, None, None, None, None, None, None, None, 'Not Reserved']
['ECN312', '70910', '34', '44', 'T Th', ' 3:00 PM', 15, 0, 16, 15, None, None, None, None, None, None, None, 'Not Reserved']
['ECN312', '78373', '19', '43', 'T Th', ' 4:30 PM', 16, 30, 17, 45, None, None, None, None, None, None, None, 'Not Reserved']
['ECN313', '70906', '2', '40', 'T Th', ' 1:30 PM', 13, 30, 14, 45, None, None, None, None, None, None, None, 'Not Reserved']
['ECN313', '70907', '12', '40', 'T Th', '10:30 AM', 10, 30, 11, 45, None, None, None, None, None, None, None, 'Not Reserved']
['ECN313', '75666', '3', '40', 'T Th', ' 9:00 AM', 9, 0, 10, 15, None, None, None, None, None, None, None, 'Not Reserved']
['ECN313', '86142', '8', '40', 'T Th', ' 3:00 PM', 15, 0, 16, 15, None, None, None, None, None, None, None, 'Not Reserved']
['ECN335', '75667', '34', '54', 'T Th', ' 3:00 PM', 15, 0, 16, 15, None, None, None, None, None, None, None, 'Not Reserved']
['ECN355', '89817', '36', '54', 'T Th', ' 7:30 AM', 7, 30, 8, 45, None, None, None, None, None, None, None, 'Not Reserved']
['ECN355', '90228', '37', '54', 'T Th', ' 4:30 PM', 16, 30, 17, 45, None, None, None, None, None, None, None, 'Not Reserved']
['ECN360', '90127', '32', '54', 'T Th', ' 7:30 AM', 7, 30, 8, 45, None, None, None, None, None, None, None, 'Not Reserved']
['ECN394', '84202', '9', '54', 'T Th', '12:00 PM', 12, 0, 13, 15, None, None, None, None, None, None, None, 'Not Reserved']
['ECN394', '91236', '44', '50', 'T Th', ' 4:30 PM', 16, 30, 17, 45, None, None, None, None, None, None, None, 'Not Reserved']
['ECN410', '86145', '20', '40', 'T Th', '10:30 AM', 10, 30, 11, 45, None, None, None, None, None, None, None, 'Not Reserved']
['ECN410', '81114', '1', '50', 'T Th', ' 3:00 PM', 15, 0, 16, 15, None, None, None, None, None, None, None, 'Not Reserved']
['ECN416', '75668', '6', '43', 'T Th', ' 3:00 PM', 15, 0, 16, 15, None, None, None, None, None, None, None, 'Not Reserved']
['ECN416', '91410', '22', '38', 'T Th', '12:00 PM', 12, 0, 13, 15, None, None, None, None, None, None, None, 'Not Reserved']
['ECN423', '80474', '1', '40', 'T Th', '10:30 AM', 10, 30, 11, 45, None, None, None, None, None, None, None, 'Not Reserved']
['ECN425', '81115', '5', '35', 'T Th', ' 4:30 PM', 16, 30, 17, 45, None, None, None, None, None, None, None, 'Not Reserved']
['ECN425', '76738', '25', '40', 'T Th', ' 1:30 PM', 13, 30, 14, 45, None, None, None, None, None, None, None, 'Not Reserved']
['ECN436', '74141', '16', '43', 'T Th', '10:30 AM', 10, 30, 11, 45, None, None, None, None, None, None, None, 'Not Reserved']
['ECN445', '78374', '22', '49', 'T Th', ' 9:00 AM', 9, 0, 10, 15, None, None, None, None, None, None, None, 'Not Reserved']
['ECN475', '72853', '8', '35', 'T Th', ' 3:00 PM', 15, 0, 16, 15, None, None, None, None, None, None, None, 'Not Reserved']
['ECN484', '70915', '20', '20', 'ONLINE', None, None, None, None, None, None, None, None, None, None, None, None, 'Not Reserved']
['ECN484', '74058', '20', '20', 'ONLINE', None, None, None, None, None, None, None, None, None, None, None, None, 'Not Reserved']
['ECN493', '70916', '15', '20', 'ONLINE', None, None, None, None, None, None, None, None, None, None, None, None, 'Reserved']
['ECN494', '91415', '27', '40', 'T Th', ' 3:00 PM', 15, 0, 16, 15, None, None, None, None, None, None, None, 'Not Reserved']
['ECN501', '72832', '50', '50', 'T', ' 6:00 PM', 18, 0, 22, 0, None, None, None, None, None, None, None, 'Reserved']
['ECN501', '72833', '50', '50', 'Th', ' 6:00 PM', 18, 0, 22, 0, None, None, None, None, None, None, None, 'Reserved']
['ECN501', '72830', '52', '52', 'M W', ' 8:00 AM', 8, 0, 10, 5, None, None, None, None, None, None, None, 'Reserved']
['ECN501', '72831', '52', '52', 'M W', '10:20 AM', 10, 20, 12, 25, None, None, None, None, None, None, None, 'Reserved']
['ECN501', '84101', '32', '35', 'T Th', ' 1:30 PM', 13, 30, 16, 0, None, None, None, None, None, None, None, 'Not Reserved']
['ECN501', '83858', '60', '60', 'M W', ' 1:30 PM', 13, 30, 16, 0, None, None, None, None, None, None, None, 'Reserved']
['ECN501', '73484', '54', '55', 'F Sa', ' 8:00 AM', 8, 0, 17, 0, None, None, None, None, None, None, None, 'Reserved']
['ECN501', '72834', '70', '70', 'ONLINE', None, None, None, None, None, None, None, None, None, None, None, None, 'Reserved']
['ECN501', '84735', '70', '70', 'ONLINE', None, None, None, None, None, None, None, None, None, None, None, None, 'Reserved']
['ECN502', '70918', '52', '52', 'T Th', ' 8:00 AM', 8, 0, 10, 5, None, None, None, None, None, None, None, 'Reserved']
['ECN502', '70919', '52', '52', 'T Th', '10:20 AM', 10, 20, 12, 25, None, None, None, None, None, None, None, 'Reserved']
['ECN502', '84104', '33', '35', 'T Th', ' 1:30 PM', 13, 30, 16, 0, None, None, None, None, None, None, None, 'Not Reserved']
['ECN502', '83859', '60', '60', 'T Th', ' 9:00 AM', 9, 0, 11, 30, None, None, None, None, None, None, None, 'Reserved']
['ECN503', '77173', '9', '50', 'T', ' 6:00 PM', 18, 0, 22, 0, None, None, None, None, None, None, None, 'Reserved']
['ECN503', '77183', '39', '50', 'Th', ' 6:00 PM', 18, 0, 22, 0, None, None, None, None, None, None, None, 'Reserved']
['ECN503', '78068', '63', '63', 'ONLINE', None, None, None, None, None, None, None, None, None, None, None, None, 'Reserved']
['ECN525', '74371', '31', '35', 'T Th', ' 3:00 PM', 15, 0, 16, 15, None, None, None, None, None, None, None, 'Not Reserved']
['ECN527', '74173', '19', '35', 'T Th', ' 4:30 PM', 16, 30, 17, 45, None, None, None, None, None, None, None, 'Not Reserved']
['ECN584', '70922', '10', '10', 'ONLINE', None, None, None, None, None, None, None, None, None, None, None, None, 'Not Reserved']
['ECN590', '70923', '10', '10', 'ONLINE', None, None, None, None, None, None, None, None, None, None, None, None, 'Not Reserved']
['ECN591', '77246', '24', '52', 'M', ' 8:00 AM', 8, 0, 10, 5, None, None, None, None, None, None, None, 'Reserved']
['ECN591', '77248', '22', '52', 'M', '10:20 AM', 10, 20, 12, 25, None, None, None, None, None, None, None, 'Reserved']
['ECN591', '85481', '30', '30', 'M', ' 4:30 PM', 16, 30, 19, 15, None, None, None, None, None, None, None, 'Not Reserved']
['ECN591', '77561', '100', '100', 'M T W Th F Sa Su', ' 8:00 AM', 8, 0, 17, 0, None, None, None, None, None, None, None, 'Reserved']
['ECN591', '80253', '100', '100', 'M T W Th F Sa Su', ' 8:00 AM', 8, 0, 17, 0, None, None, None, None, None, None, None, 'Reserved']
['ECN592', '70924', '10', '10', 'ONLINE', None, None, None, None, None, None, None, None, None, None, None, None, 'Not Reserved']
['ECN593', '70925', '10', '10', 'ONLINE', None, None, None, None, None, None, None, None, None, None, None, None, 'Not Reserved']
['ECN594', '70926', '36', '36', 'ONLINE', None, None, None, None, None, None, None, None, None, None, None, None, 'Not Reserved']
['ECN594', '73816', '35', '36', 'T', '12:00 PM', 12, 0, 13, 15, None, None, None, None, None, None, None, 'Not Reserved']
['ECN594', '73817', '36', '36', 'Th', '12:00 PM', 12, 0, 13, 15, None, None, None, None, None, None, None, 'Not Reserved']
['ECN595', '70927', '10', '10', 'ONLINE', None, None, None, None, None, None, None, None, None, None, None, None, 'Not Reserved']
['ECN599', '70928', '5', '5', 'ONLINE', None, None, None, None, None, None, None, None, None, None, None, None, 'Not Reserved']
['ECN711', '70929', '35', '36', 'T Th', '10:30 AM', 10, 30, 11, 45, None, None, None, None, None, None, None, 'Not Reserved']
['ECN712', '70898', '36', '36', 'T Th', ' 1:30 PM', 13, 30, 14, 45, None, None, None, None, None, None, None, 'Not Reserved']
['ECN715', '81128', '10', '10', 'M', ' 9:00 AM', 9, 0, 11, 45, None, None, None, None, None, None, None, 'Not Reserved']
['ECN716', '75670', '35', '35', 'W', ' 9:00 AM', 9, 0, 11, 45, None, None, None, None, None, None, None, 'Not Reserved']
['ECN726', '70930', '32', '36', 'T Th', ' 3:00 PM', 15, 0, 16, 15, None, None, None, None, None, None, None, 'Not Reserved']
['ECN770', '70931', '36', '36', 'W', '12:00 PM', 12, 0, 14, 45, None, None, None, None, None, None, None, 'Not Reserved']
['ECN790', '70932', '10', '10', 'ONLINE', None, None, None, None, None, None, None, None, None, None, None, None, 'Not Reserved']
['ECN791', '75046', '36', '36', 'M', ' 3:30 PM', 15, 30, 17, 0, None, None, None, None, None, None, None, 'Not Reserved']
['ECN791', '80798', '36', '36', 'W', ' 3:30 PM', 15, 30, 17, 0, None, None, None, None, None, None, None, 'Not Reserved']
['ECN791', '76009', '35', '36', 'F', ' 3:30 PM', 15, 30, 17, 0, None, None, None, None, None, None, None, 'Not Reserved']
['ECN791', '89814', '35', '35', 'M', ' 9:00 AM', 9, 0, 11, 45, None, None, None, None, None, None, None, 'Not Reserved']
['ECN791', '89815', '35', '35', 'M', '12:00 PM', 12, 0, 14, 45, None, None, None, None, None, None, None, 'Not Reserved']
['ECN791', '86772', '10', '10', 'W', '12:00 PM', 12, 0, 14, 45, None, None, None, None, None, None, None, 'Not Reserved']
['ECN791', '91731', '10', '10', 'T Th', '10:30 AM', 10, 30, 11, 45, None, None, None, None, None, None, None, 'Not Reserved']
['ECN792', '70933', '18', '20', 'ONLINE', None, None, None, None, None, None, None, None, None, None, None, None, 'Not Reserved']
['ECN795', '70934', '10', '10', 'ONLINE', None, None, None, None, None, None, None, None, None, None, None, None, 'Not Reserved']
['ECN799', '70935', '9', '10', 'ONLINE', None, None, None, None, None, None, None, None, None, None, None, None, 'Not Reserved']
Loading Subject:  ECS
['ECS312', '84023', '5', '35', 'ONLINE', None, None, None, None, None, None, None, None, None, None, None, None, 'Reserved']
['ECS430', '88273', '32', '35', 'ONLINE', None, None, None, None, None, None, None, None, None, None, None, None, 'Reserved']
['ECS431', '86994', '49', '70', 'ONLINE', None, None, None, None, None, None, None, None, None, None, None, None, 'Reserved']
Loading Subject:  ECT
Loading Subject:  EDA
['EDA501', '77505', '15', '15', 'ONLINE', None, None, None, None, None, None, None, None, None, None, None, None, 'Reserved']
['EDA526', '70341', '25', '25', 'Th', '4:30PM', 16, 30, 19, 15, '', '', None, None, '', None, None, 'Not Reserved']
['EDA548', '78735', '10', '10', 'ONLINE', None, None, None, None, None, None, None, None, None, None, None, None, 'Reserved']
['EDA572', '78737', '12', '15', 'ONLINE', None, None, None, None, None, None, None, None, None, None, None, None, 'Reserved']
['EDA634', '76394', '10', '10', 'ONLINE', None, None, None, None, None, None, None, None, None, None, None, None, 'Reserved']
['EDA634', '75214', '25', '25', 'Th', '4:30PM', 16, 30, 19, 15, '', '', None, None, '', None, None, 'Not Reserved']
['EDA684', '74972', '22', '25', 'ONLINE', None, None, None, None, None, None, None, None, None, None, None, None, 'Not Reserved']
['EDA773', '91159', '5', '5', 'ONLINE', None, None, None, None, None, None, None, None, None, None, None, None, 'Not Reserved']
['EDA784', '84142', '25', '25', 'ONLINE', None, None, None, None, None, None, None, None, None, None, None, None, 'Not Reserved']
['EDA792', '75675', '45', '45', 'ONLINE', None, None, None, None, None, None, None, None, None, None, None, None, 'Not Reserved']
['EDA799', '75676', '49', '50', 'ONLINE', None, None, None, None, None, None, None, None, None, None, None, None, 'Reserved']
Loading Subject:  EDP
['EDP310', '76153', '29', '105', 'ONLINE', None, None, None, None, None, None, None, None, None, None, None, None, 'Reserved']
['EDP310', '76154', '34', '105', 'ONLINE', None, None, None, None, None, None, None, None, None, None, None, None, 'Reserved']
['EDP310', '83000', '90', '105', 'ONLINE', None, None, None, None, None, None, None, None, None, None, None, None, 'Reserved']
['EDP310', '76162', '56', '105', 'ONLINE', None, None, None, None, None, None, None, None, None, None, None, None, 'Reserved']
['EDP310', '89865', '84', '105', 'ONLINE', None, None, None, None, None, None, None, None, None, None, None, None, 'Reserved']
['EDP310', '76159', '70', '105', 'ONLINE', None, None, None, None, None, None, None, None, None, None, None, None, 'Reserved']
['EDP310', '76161', '58', '105', 'ONLINE', None, None, None, None, None, None, None, None, None, None, None, None, 'Reserved']
['EDP310', '83002', '94', '105', 'ONLINE', None, None, None, None, None, None, None, None, None, None, None, None, 'Reserved']
['EDP310', '76166', '87', '105', 'ONLINE', None, None, None, None, None, None, None, None, None, None, None, None, 'Reserved']
['EDP310', '89902', '5', '35', 'ONLINE', None, None, None, None, None, None, None, None, None, None, None, None, 'Reserved']
['EDP310', '89992', '18', '35', 'ONLINE', None, None, None, None, None, None, None, None, None, None, None, None, 'Reserved']
['EDP310', '76168', '22', '35', 'W', ' 4:30 PM', 16, 30, 19, 15, None, None, None, None, None, None, None, 'Not Reserved']
['EDP313', '89983', '10', '35', 'ONLINE', None, None, None, None, None, None, None, None, None, None, None, None, 'Reserved']
['EDP313', '77729', '11', '35', 'T Th', ' 9:00 AM', 9, 0, 10, 15, None, None, None, None, None, None, None, 'Not Reserved']
['EDP313', '77730', '25', '35', 'W', ' 4:30 PM', 16, 30, 19, 15, None, None, None, None, None, None, None, 'Not Reserved']
['EDP502', '75822', '14', '15', 'Th', ' 4:30 PM', 16, 30, 19, 15, None, None, None, None, None, None, None, 'Not Reserved']
['EDP514', '76742', '20', '30', 'M', ' 3:00 PM', 15, 0, 17, 45, None, None, None, None, None, None, None, 'Reserved']
['EDP540', '76366', '12', '30', 'T', ' 4:30 PM', 16, 30, 19, 15, None, None, None, None, None, None, None, 'Not Reserved']
['EDP552', '80338', '11', '40', 'W', ' 4:30 PM', 16, 30, 19, 15, None, None, None, None, None, None, None, 'Not Reserved']
['EDP554', '80337', '28', '40', 'Th', ' 4:30 PM', 16, 30, 19, 15, None, None, None, None, None, None, None, 'Not Reserved']
['EDP591', '75825', '21', '25', 'T Th', ' 1:30 PM', 13, 30, 14, 45, None, None, None, None, None, None, None, 'Not Reserved']
['EDP592', '75626', '10', '10', 'ONLINE', None, None, None, None, None, None, None, None, None, None, None, None, 'Not Reserved']
['EDP783', '75823', '8', '8', 'T', ' 4:40 PM', 16, 40, 18, 10, None, None, None, None, None, None, None, 'Not Reserved']
['EDP792', '75628', '20', '20', 'ONLINE', None, None, None, None, None, None, None, None, None, None, None, None, 'Not Reserved']
['EDP799', '76235', '29', '30', 'ONLINE', None, None, None, None, None, None, None, None, None, None, None, None, 'Not Reserved']
Loading Subject:  EDS
Loading Subject:  EDT
['EDT180', '88107', '38', '70', 'ONLINE', None, None, None, None, None, None, None, None, None, None, None, None, 'Reserved']
['EDT180', '78714', '51', '70', 'ONLINE', None, None, None, None, None, None, None, None, None, None, None, None, 'Reserved']
['EDT180', '78715', '57', '70', 'ONLINE', None, None, None, None, None, None, None, None, None, None, None, None, 'Reserved']
['EDT180', '78717', '15', '35', 'T Th', ' 9:00 AM', 9, 0, 10, 15, None, None, None, None, None, None, None, 'Not Reserved']
['EDT180', '78718', '20', '35', 'M W F', '10:30 AM', 10, 30, 11, 20, None, None, None, None, None, None, None, 'Not Reserved']
['EDT180', '78719', '12', '35', 'M W F', '10:30 AM', 10, 30, 11, 20, None, None, None, None, None, None, None, 'Not Reserved']
['EDT180', '78720', '29', '35', 'M W F', '12:00 PM', 12, 0, 12, 50, None, None, None, None, None, None, None, 'Not Reserved']
['EDT180', '78721', '30', '35', 'M W F', ' 1:30 PM', 13, 30, 14, 20, None, None, None, None, None, None, None, 'Not Reserved']
['EDT180', '78723', '68', '70', 'ONLINE', None, None, None, None, None, None, None, None, None, None, None, None, 'Reserved']
['EDT180', '78724', '70', '70', 'ONLINE', None, None, None, None, None, None, None, None, None, None, None, None, 'Reserved']
['EDT180', '78725', '20', '35', 'T', ' 4:30 PM', 16, 30, 19, 15, None, None, None, None, None, None, None, 'Not Reserved']
['EDT180', '82078', '30', '35', 'T Th', '12:00 PM', 12, 0, 13, 15, None, None, None, None, None, None, None, 'Not Reserved']
['EDT180', '82894', '29', '35', 'T Th', '10:30 AM', 10, 30, 11, 45, None, None, None, None, None, None, None, 'Not Reserved']
['EDT180', '84726', '7', '30', 'M W F', ' 1:30 PM', 13, 30, 14, 20, None, None, None, None, None, None, None, 'Not Reserved']
['EDT180', '78722', '19', '35', 'T Th', ' 1:30 PM', 13, 30, 14, 45, None, None, None, None, None, None, None, 'Reserved']
['EDT180', '85506', '23', '30', 'T Th', '10:30 AM', 10, 30, 11, 45, None, None, None, None, None, None, None, 'Not Reserved']
['EDT321', '87527', '58', '70', 'ONLINE', None, None, None, None, None, None, None, None, None, None, None, None, 'Reserved']
['EDT321', '73891', '30', '35', 'T', ' 6:00 PM', 18, 0, 20, 45, None, None, None, None, None, None, None, 'Not Reserved']
['EDT321', '76051', '67', '70', 'ONLINE', None, None, None, None, None, None, None, None, None, None, None, None, 'Reserved']
['EDT321', '76052', '33', '35', 'T Th', ' 9:00 AM', 9, 0, 10, 15, None, None, None, None, None, None, None, 'Not Reserved']
['EDT321', '76053', '28', '35', 'T Th', '12:00 PM', 12, 0, 13, 15, None, None, None, None, None, None, None, 'Not Reserved']
['EDT321', '76054', '27', '35', 'T Th', '10:30 AM', 10, 30, 11, 45, None, None, None, None, None, None, None, 'Not Reserved']
['EDT321', '76055', '28', '35', 'T Th', ' 1:30 PM', 13, 30, 14, 45, None, None, None, None, None, None, None, 'Not Reserved']
['EDT321', '76056', '23', '25', 'M W', ' 3:00 PM', 15, 0, 16, 15, None, None, None, None, None, None, None, 'Reserved']
['EDT321', '76064', '63', '70', 'ONLINE', None, None, None, None, None, None, None, None, None, None, None, None, 'Reserved']
['EDT321', '76065', '70', '70', 'ONLINE', None, None, None, None, None, None, None, None, None, None, None, None, 'Reserved']
['EDT460', '84652', '10', '15', 'T', ' 1:30 PM', 13, 30, 14, 45, None, None, None, None, None, None, None, 'Not Reserved']
['EDT461', '87887', '12', '15', 'W', ' 4:30 PM', 16, 30, 19, 15, None, None, None, None, None, None, None, 'Not Reserved']
['EDT463', '89999', '19', '35', 'ONLINE', None, None, None, None, None, None, None, None, None, None, None, None, 'Reserved']
['EDT494', '91783', '12', '12', 'ONLINE', None, None, None, None, None, None, None, None, None, None, None, None, 'Not Reserved']
['EDT494', '77530', '2', '12', 'W', ' 4:30 PM', 16, 30, 19, 15, None, None, None, None, None, None, None, 'Not Reserved']
['EDT501', '75629', '21', '30', 'W', ' 4:30 PM', 16, 30, 19, 15, None, None, None, None, None, None, None, 'Not Reserved']
['EDT502', '76226', '20', '25', 'M', ' 4:30 PM', 16, 30, 19, 15, None, None, None, None, None, None, None, 'Not Reserved']
['EDT503', '91156', '28', '30', 'W', ' 4:30 PM', 16, 30, 19, 15, None, None, None, None, None, None, None, 'Not Reserved']
['EDT507', '80421', '31', '32', 'M', ' 4:30 PM', 16, 30, 19, 15, None, None, None, None, None, None, None, 'Not Reserved']
['EDT523', '75809', '26', '30', 'ONLINE', None, None, None, None, None, None, None, None, None, None, None, None, 'Reserved']
['EDT524', '77932', '27', '30', 'ONLINE', None, None, None, None, None, None, None, None, None, None, None, None, 'Reserved']
['EDT530', '75810', '15', '24', 'ONLINE', None, None, None, None, None, None, None, None, None, None, None, None, 'Reserved']
['EDT540', '80420', '8', '12', 'W', ' 4:30 PM', 16, 30, 19, 15, None, None, None, None, None, None, None, 'Not Reserved']
['EDT560', '87886', '13', '15', 'T', ' 1:30 PM', 13, 30, 14, 45, None, None, None, None, None, None, None, 'Not Reserved']
['EDT561', '87888', '12', '15', 'W', ' 4:30 PM', 16, 30, 19, 15, None, None, None, None, None, None, None, 'Not Reserved']
['EDT580', '85590', '30', '30', 'ONLINE', None, None, None, None, None, None, None, None, None, None, None, None, 'Not Reserved']
['EDT584', '85686', '30', '30', 'ONLINE', None, None, None, None, None, None, None, None, None, None, None, None, 'Not Reserved']
['EDT584', '87412', '30', '30', 'ONLINE', None, None, None, None, None, None, None, None, None, None, None, None, 'Not Reserved']
['EDT590', '75630', '29', '30', 'ONLINE', None, None, None, None, None, None, None, None, None, None, None, None, 'Not Reserved']
['EDT593', '77531', '17', '24', 'ONLINE', None, None, None, None, None, None, None, None, None, None, None, None, 'Reserved']
['EDT690', '85685', '30', '30', 'ONLINE', None, None, None, None, None, None, None, None, None, None, None, None, 'Not Reserved']
['EDT780', '76621', '5', '5', 'ONLINE', None, None, None, None, None, None, None, None, None, None, None, None, 'Not Reserved']
['EDT790', '75631', '29', '30', 'ONLINE', None, None, None, None, None, None, None, None, None, None, None, None, 'Not Reserved']
['EDT792', '75632', '17', '20', 'ONLINE', None, None, None, None, None, None, None, None, None, None, None, None, 'Not Reserved']
['EDT799', '76236', '30', '30', 'ONLINE', None, None, None, None, None, None, None, None, None, None, None, None, 'Reserved']
Loading Subject:  EED
['EED494', '84148', '21', '30', 'F', '4:30PM', 16, 30, 18, 30, 'F', '4:30PM', 16, 30, '6:30PM', 18, 30, 'Not Reserved']
['EED494', '84149', '22', '30', 'F', '4:30PM', 16, 30, 18, 30, 'F', '4:30PM', 16, 30, '6:30PM', 18, 30, 'Not Reserved']
['EED521', '74482', '27', '36', 'M', ' 4:30 PM', 16, 30, 22, 0, None, None, None, None, None, None, None, 'Reserved']
['EED521', '75161', '24', '24', 'T', '7:30PM', 19, 30, 21, 0, '', '12:00AM', None, None, '12:00AM', None, None, 'Reserved']
['EED524', '76495', '25', '30', 'T F', ' 8:00 AM', 8, 0, 10, 30, None, None, None, None, None, None, None, 'Reserved']
['EED524', '76241', '17', '24', 'T', '4:30PM', 16, 30, 19, 15, '', '12:00AM', None, None, '12:00AM', None, None, 'Reserved']
['EED531', '74484', '27', '36', 'M', ' 4:30 PM', 16, 30, 22, 0, None, None, None, None, None, None, None, 'Reserved']
['EED531', '75262', '17', '24', 'T', '4:30PM', 16, 30, 19, 15, '', '12:00AM', None, None, '12:00AM', None, None, 'Reserved']
['EED537', '74764', '11', '24', 'T', '4:30PM', 16, 30, 19, 15, '', '12:00AM', None, None, '12:00AM', None, None, 'Reserved']
['EED537', '74439', '24', '30', 'Th', '4:30PM', 16, 30, 19, 15, '', '', None, None, '', None, None, 'Reserved']
['EED537', '81319', '22', '30', 'W', ' 4:30 PM', 16, 30, 19, 15, None, None, None, None, None, None, None, 'Reserved']
['EED537', '74969', '25', '30', 'T', '11:30AM', 11, 30, 14, 0, 'T', '10:30AM', 10, 30, '1:00PM', 13, 0, 'Reserved']
['EED576', '80811', '25', '30', 'T', '5:00PM', 17, 0, 18, 35, 'T', '5:00PM', 17, 0, '6:35PM', 18, 35, 'Reserved']
['EED576', '80787', '32', '37', 'W', '9:00PM', 21, 0, 22, 0, '', '12:00AM', None, None, '12:00AM', None, None, 'Reserved']
['EED576', '74485', '28', '36', 'W', '9:00PM', 21, 0, 22, 0, '', '12:00AM', None, None, '12:00AM', None, None, 'Reserved']
['EED577', '90791', '26', '30', 'T', '5:00PM', 17, 0, 18, 35, 'T', '5:00PM', 17, 0, '6:35PM', 18, 35, 'Reserved']
['EED578', '74377', '21', '35', 'M T W Th F', ' 8:00 AM', 8, 0, 16, 0, None, None, None, None, None, None, None, 'Reserved']
['EED579', '76590', '24', '24', 'ONLINE', None, None, None, None, None, None, None, None, None, None, None, None, 'Reserved']
['EED579', '72968', '24', '24', 'ONLINE', None, None, None, None, None, None, None, None, None, None, None, None, 'Reserved']
['EED579', '76289', '24', '24', 'ONLINE', None, None, None, None, None, None, None, None, None, None, None, None, 'Reserved']
['EED579', '90794', '23', '24', 'ONLINE', None, None, None, None, None, None, None, None, None, None, None, None, 'Reserved']
['EED593', '74788', '12', '30', 'M', ' 4:00 PM', 16, 0, 18, 0, None, None, None, None, None, None, None, 'Reserved']
['EED593', '74437', '19', '35', 'M', ' 4:30 PM', 16, 30, 19, 15, None, None, None, None, None, None, None, 'Reserved']
['EED593', '75265', '17', '24', 'T', '7:30PM', 19, 30, 21, 0, '', '12:00AM', None, None, '12:00AM', None, None, 'Reserved']
Loading Subject:  EEE
['EEE120', '77038', '3', '11', 'ONLINE', None, None, None, None, None, None, None, None, None, None, None, None, 'Not Reserved']
['EEE120', '77039', '27', '31', 'ONLINE', None, None, None, None, None, None, None, None, None, None, None, None, 'Not Reserved']
['EEE120', '79000', '15', '20', 'T Th', '10:30 AM', 10, 30, 11, 45, None, None, None, None, None, None, None, 'Not Reserved']
['EEE120', '79193', '15', '20', 'ONLINE', None, None, None, None, None, None, None, None, None, None, None, None, 'Not Reserved']
['EEE120', '83149', '18', '22', 'ONLINE', None, None, None, None, None, None, None, None, None, None, None, None, 'Not Reserved']
['EEE120', '89094', '20', '22', 'M W', ' 9:00 AM', 9, 0, 10, 15, None, None, None, None, None, None, None, 'Not Reserved']
['EEE120', '89095', '20', '22', 'ONLINE', None, None, None, None, None, None, None, None, None, None, None, None, 'Not Reserved']
['EEE120', '89437', '32', '36', 'ONLINE', None, None, None, None, None, None, None, None, None, None, None, None, 'Not Reserved']
['EEE202', '79006', '14', '72', 'T Th', ' 3:00 PM', 15, 0, 16, 15, None, None, None, None, None, None, None, 'Not Reserved']
['EEE202', '77372', '51', '80', 'M W', ' 3:00 PM', 15, 0, 16, 15, None, None, None, None, None, None, None, 'Not Reserved']
['EEE202', '76537', '3', '30', 'T', ' 9:00 AM', 9, 0, 12, 0, None, None, None, None, None, None, None, 'Not Reserved']
['EEE202', '77610', '15', '30', 'T', ' 6:00 PM', 18, 0, 21, 0, None, None, None, None, None, None, None, 'Not Reserved']
['EEE202', '77611', '12', '30', 'W', ' 6:00 PM', 18, 0, 21, 0, None, None, None, None, None, None, None, 'Not Reserved']
['EEE202', '77612', '22', '30', 'Th', ' 6:00 PM', 18, 0, 21, 0, None, None, None, None, None, None, None, 'Not Reserved']
['EEE203', '76494', '66', '95', 'M W', ' 9:00 AM', 9, 0, 10, 15, None, None, None, None, None, None, None, 'Not Reserved']
['EEE304', '87227', '54', '72', 'M W', ' 9:00 AM', 9, 0, 10, 15, None, None, None, None, None, None, None, 'Not Reserved']
['EEE333', '77035', '1', '72', 'ONLINE', None, None, None, None, None, None, None, None, None, None, None, None, 'Not Reserved']
['EEE334', '78794', '22', '100', 'T Th', ' 3:00 PM', 15, 0, 16, 15, None, None, None, None, None, None, None, 'Not Reserved']
['EEE334', '78797', '22', '100', 'ONLINE', None, None, None, None, None, None, None, None, None, None, None, None, 'Not Reserved']
['EEE335', '77041', '41', '70', 'ONLINE', None, None, None, None, None, None, None, None, None, None, None, None, 'Not Reserved']
['EEE335', '80430', '18', '70', 'T Th', ' 3:00 PM', 15, 0, 16, 15, None, None, None, None, None, None, None, 'Not Reserved']
['EEE335', '80431', '18', '70', 'ONLINE', None, None, None, None, None, None, None, None, None, None, None, None, 'Not Reserved']
['EEE341', '77627', '66', '115', 'ONLINE', None, None, None, None, None, None, None, None, None, None, None, None, 'Not Reserved']
['EEE360', '89466', '1', '12', 'W', ' 4:30 PM', 16, 30, 19, 30, None, None, None, None, None, None, None, 'Not Reserved']
['EEE120', '77038', '3', '11', 'ONLINE', None, None, None, None, None, None, None, None, None, None, None, None, 'Not Reserved']
['EEE120', '77039', '27', '31', 'ONLINE', None, None, None, None, None, None, None, None, None, None, None, None, 'Not Reserved']
['EEE120', '79000', '15', '20', 'T Th', '10:30 AM', 10, 30, 11, 45, None, None, None, None, None, None, None, 'Not Reserved']
['EEE120', '79193', '15', '20', 'ONLINE', None, None, None, None, None, None, None, None, None, None, None, None, 'Not Reserved']
['EEE120', '83149', '18', '22', 'ONLINE', None, None, None, None, None, None, None, None, None, None, None, None, 'Not Reserved']
['EEE120', '89094', '20', '22', 'M W', ' 9:00 AM', 9, 0, 10, 15, None, None, None, None, None, None, None, 'Not Reserved']
['EEE120', '89095', '20', '22', 'ONLINE', None, None, None, None, None, None, None, None, None, None, None, None, 'Not Reserved']
['EEE120', '89437', '32', '36', 'ONLINE', None, None, None, None, None, None, None, None, None, None, None, None, 'Not Reserved']
['EEE202', '79006', '14', '72', 'T Th', ' 3:00 PM', 15, 0, 16, 15, None, None, None, None, None, None, None, 'Not Reserved']
['EEE202', '77372', '51', '80', 'M W', ' 3:00 PM', 15, 0, 16, 15, None, None, None, None, None, None, None, 'Not Reserved']
['EEE202', '76537', '3', '30', 'T', ' 9:00 AM', 9, 0, 12, 0, None, None, None, None, None, None, None, 'Not Reserved']
['EEE202', '77610', '15', '30', 'T', ' 6:00 PM', 18, 0, 21, 0, None, None, None, None, None, None, None, 'Not Reserved']
['EEE202', '77611', '12', '30', 'W', ' 6:00 PM', 18, 0, 21, 0, None, None, None, None, None, None, None, 'Not Reserved']
['EEE202', '77612', '22', '30', 'Th', ' 6:00 PM', 18, 0, 21, 0, None, None, None, None, None, None, None, 'Not Reserved']
['EEE203', '76494', '66', '95', 'M W', ' 9:00 AM', 9, 0, 10, 15, None, None, None, None, None, None, None, 'Not Reserved']
['EEE304', '87227', '54', '72', 'M W', ' 9:00 AM', 9, 0, 10, 15, None, None, None, None, None, None, None, 'Not Reserved']
['EEE333', '77035', '1', '72', 'ONLINE', None, None, None, None, None, None, None, None, None, None, None, None, 'Not Reserved']
['EEE334', '78794', '22', '100', 'T Th', ' 3:00 PM', 15, 0, 16, 15, None, None, None, None, None, None, None, 'Not Reserved']
['EEE334', '78797', '22', '100', 'ONLINE', None, None, None, None, None, None, None, None, None, None, None, None, 'Not Reserved']
['EEE335', '77041', '41', '70', 'ONLINE', None, None, None, None, None, None, None, None, None, None, None, None, 'Not Reserved']
['EEE335', '80430', '18', '70', 'T Th', ' 3:00 PM', 15, 0, 16, 15, None, None, None, None, None, None, None, 'Not Reserved']
['EEE335', '80431', '18', '70', 'ONLINE', None, None, None, None, None, None, None, None, None, None, None, None, 'Not Reserved']
['EEE341', '77627', '66', '115', 'ONLINE', None, None, None, None, None, None, None, None, None, None, None, None, 'Not Reserved']
['EEE360', '89466', '1', '12', 'W', ' 4:30 PM', 16, 30, 19, 30, None, None, None, None, None, None, None, 'Not Reserved']
Loading Subject:  EET
Loading Subject:  EGR
Loading Subject:  ELL
['ELL515', '77837', '24', '24', 'T', '4:30PM', 16, 30, 19, 15, '', '12:00AM', None, None, '12:00AM', None, None, 'Reserved']
['ELL515', '74677', '28', '36', 'W', '4:30PM', 16, 30, 20, 45, '', '12:00AM', None, None, '12:00AM', None, None, 'Reserved']
['ELL515', '87117', '32', '32', 'M', ' 4:30 PM', 16, 30, 20, 45, None, None, None, None, None, None, None, 'Reserved']
['ELL515', '74678', '35', '40', 'T', '4:30PM', 16, 30, 20, 45, '', '12:00AM', None, None, '12:00AM', None, None, 'Reserved']
['ELL515', '74710', '29', '30', 'W', '4:30PM', 16, 30, 20, 45, '', '12:00AM', None, None, '12:00AM', None, None, 'Reserved']
['ELL515', '78763', '16', '24', 'M', '4:30PM', 16, 30, 19, 15, '', '12:00AM', None, None, '12:00AM', None, None, 'Reserved']
['ELL515', '78764', '21', '24', 'Th', '4:30PM', 16, 30, 19, 15, '', '12:00AM', None, None, '12:00AM', None, None, 'Reserved']
['ELL515', '78765', '18', '24', 'T', '4:30PM', 16, 30, 19, 15, '', '12:00AM', None, None, '12:00AM', None, None, 'Reserved']
['ELL515', '74679', '32', '37', 'M', ' 7:30 PM', 19, 30, 22, 15, None, None, None, None, None, None, None, 'Reserved']
['ELL516', '74676', '23', '35', 'Th', ' 4:30 PM', 16, 30, 20, 45, None, None, None, None, None, None, None, 'Reserved']
['ELL516', '74768', '25', '30', 'T F', ' 2:00 PM', 14, 0, 16, 40, None, None, None, None, None, None, None, 'Reserved']
['ELL516', '80575', '9', '20', 'ONLINE', None, None, None, None, None, None, None, None, None, None, None, None, 'Not Reserved']
Loading Subject:  ELS
Loading Subject:  EMS
['EMS511', '83984', '30', '30', 'ONLINE', None, None, None, None, None, None, None, None, None, None, None, None, 'Not Reserved']
['EMS512', '83985', '30', '30', 'ONLINE', None, None, None, None, None, None, None, None, None, None, None, None, 'Not Reserved']
['EMS513', '83986', '30', '30', 'ONLINE', None, None, None, None, None, None, None, None, None, None, None, None, 'Not Reserved']
['EMS514', '83987', '30', '30', 'ONLINE', None, None, None, None, None, None, None, None, None, None, None, None, 'Not Reserved']
['EMS515', '83988', '30', '30', 'ONLINE', None, None, None, None, None, None, None, None, None, None, None, None, 'Not Reserved']
Loading Subject:  ENE
Loading Subject:  ENG
['ENG101', '71181', '22', '22', 'M W F', ' 9:00 AM', 9, 0, 9, 50, None, None, None, None, None, None, None, 'Reserved']
['ENG101', '71182', '19', '22', 'M W F', '10:30 AM', 10, 30, 11, 20, None, None, None, None, None, None, None, 'Not Reserved']
['ENG101', '73016', '22', '22', 'M W F', '12:00 PM', 12, 0, 12, 50, None, None, None, None, None, None, None, 'Reserved']
['ENG101', '75878', '16', '22', 'M W F', '12:00 PM', 12, 0, 12, 50, None, None, None, None, None, None, None, 'Not Reserved']
['ENG101', '75879', '20', '22', 'M W F', ' 1:30 PM', 13, 30, 14, 20, None, None, None, None, None, None, None, 'Not Reserved']
['ENG101', '78809', '20', '22', 'M W', ' 3:00 PM', 15, 0, 16, 15, None, None, None, None, None, None, None, 'Not Reserved']
['ENG101', '78810', '14', '22', 'T Th', ' 9:00 AM', 9, 0, 10, 15, None, None, None, None, None, None, None, 'Not Reserved']
['ENG101', '80824', '20', '22', 'T Th', '10:30 AM', 10, 30, 11, 45, None, None, None, None, None, None, None, 'Not Reserved']
['ENG101', '84501', '20', '22', 'T Th', '12:00 PM', 12, 0, 13, 15, None, None, None, None, None, None, None, 'Not Reserved']
['ENG101', '85671', '19', '22', 'T Th', ' 1:30 PM', 13, 30, 14, 45, None, None, None, None, None, None, None, 'Not Reserved']
['ENG101', '86257', '18', '22', 'T Th', ' 3:00 PM', 15, 0, 16, 15, None, None, None, None, None, None, None, 'Not Reserved']
['ENG102', '71183', '13', '22', 'M W F', ' 9:00 AM', 9, 0, 9, 50, None, None, None, None, None, None, None, 'Not Reserved']
['ENG102', '71184', '14', '22', 'M W F', '10:30 AM', 10, 30, 11, 20, None, None, None, None, None, None, None, 'Not Reserved']
['ENG102', '71185', '15', '22', 'M W F', '12:00 PM', 12, 0, 12, 50, None, None, None, None, None, None, None, 'Not Reserved']
['ENG102', '75570', '8', '22', 'T Th', ' 9:00 AM', 9, 0, 10, 15, None, None, None, None, None, None, None, 'Not Reserved']
['ENG102', '80825', '4', '22', 'T Th', '12:00 PM', 12, 0, 13, 15, None, None, None, None, None, None, None, 'Not Reserved']
['ENG105', '70996', '18', '22', 'T Th', '10:30 AM', 10, 30, 11, 45, None, None, None, None, None, None, None, 'Not Reserved']
['ENG107', '84502', '19', '22', 'M W F', '10:30 AM', 10, 30, 11, 20, None, None, None, None, None, None, None, 'Not Reserved']
['ENG200', '75580', '18', '28', 'T Th', '12:00 PM', 12, 0, 13, 15, None, None, None, None, None, None, None, 'Not Reserved']
['ENG213', '86177', '34', '35', 'M W F', ' 1:30 PM', 13, 30, 14, 20, None, None, None, None, None, None, None, 'Not Reserved']
['ENG217', '86178', '28', '30', 'T Th', ' 9:00 AM', 9, 0, 10, 15, None, None, None, None, None, None, None, 'Not Reserved']
['ENG221', '77624', '28', '35', 'T Th', '10:30 AM', 10, 30, 11, 45, None, None, None, None, None, None, None, 'Reserved']
['ENG229', '78811', '33', '40', 'ONLINE', None, None, None, None, None, None, None, None, None, None, None, None, 'Reserved']
['ENG241', '72900', '34', '40', 'M W', ' 3:00 PM', 15, 0, 16, 15, None, None, None, None, None, None, None, 'Not Reserved']
['ENG301', '83310', '32', '35', 'M W', ' 4:30 PM', 16, 30, 19, 15, None, None, None, None, None, None, None, 'Not Reserved']
['ENG301', '78237', '5', '35', 'ONLINE', None, None, None, None, None, None, None, None, None, None, None, None, 'Reserved']
['ENG301', '83509', '20', '35', 'T Th', ' 4:30 PM', 16, 30, 19, 15, None, None, None, None, None, None, None, 'Reserved']
['ENG301', '91478', '35', '35', 'M W', ' 4:30 PM', 16, 30, 19, 15, None, None, None, None, None, None, None, 'Not Reserved']
['ENG301', '83510', '21', '30', 'T', ' 6:00 PM', 18, 0, 20, 45, None, None, None, None, None, None, None, 'Not Reserved']
['ENG301', '85642', '15', '30', 'W', ' 6:00 PM', 18, 0, 20, 45, None, None, None, None, None, None, None, 'Not Reserved']
['ENG301', '86237', '9', '35', 'ONLINE', None, None, None, None, None, None, None, None, None, None, None, None, 'Reserved']
['ENG317', '86180', '22', '35', 'T Th', ' 1:30 PM', 13, 30, 14, 45, None, None, None, None, None, None, None, 'Not Reserved']
['ENG323', '79457', '23', '35', 'M W F', ' 9:00 AM', 9, 0, 9, 50, None, None, None, None, None, None, None, 'Not Reserved']
['ENG353', '86181', '10', '35', 'T Th', ' 1:30 PM', 13, 30, 14, 45, None, None, None, None, None, None, None, 'Not Reserved']
['ENG361', '82810', '33', '40', 'T Th', ' 4:30 PM', 16, 30, 19, 15, None, None, None, None, None, None, None, 'Not Reserved']
['ENG369', '82811', '36', '60', 'ONLINE', None, None, None, None, None, None, None, None, None, None, None, None, 'Reserved']
['ENG413', '79460', '28', '35', 'M W F', '12:00 PM', 12, 0, 12, 50, None, None, None, None, None, None, None, 'Not Reserved']
['ENG416', '89966', '37', '40', 'W', ' 6:00 PM', 18, 0, 20, 45, None, None, None, None, None, None, None, 'Not Reserved']
['ENG420', '83244', '15', '30', 'ONLINE', None, None, None, None, None, None, None, None, None, None, None, None, 'Reserved']
['ENG430', '90126', '63', '75', 'M W', ' 3:00 PM', 15, 0, 16, 15, None, None, None, None, None, None, None, 'Not Reserved']
['ENG440', '86264', '26', '40', 'ONLINE', None, None, None, None, None, None, None, None, None, None, None, None, 'Reserved']
['ENG482', '90926', '13', '35', 'M', ' 4:30 PM', 16, 30, 19, 15, None, None, None, None, None, None, None, 'Not Reserved']
['ENG494', '79229', '29', '35', 'T Th', ' 9:00 AM', 9, 0, 10, 15, None, None, None, None, None, None, None, 'Not Reserved']
['ENG494', '80049', '12', '45', 'ONLINE', None, None, None, None, None, None, None, None, None, None, None, None, 'Reserved']
['ENG494', '86265', '13', '15', 'M W F', '10:30 AM', 10, 30, 11, 20, None, None, None, None, None, None, None, 'Not Reserved']
['ENG499', '91426', '3', '3', 'ONLINE', None, None, None, None, None, None, None, None, None, None, None, None, 'Not Reserved']
['ENG500', '86266', '21', '25', 'T', ' 6:00 PM', 18, 0, 20, 45, None, None, None, None, None, None, None, 'Not Reserved']
['ENG598', '90308', '20', '25', 'M W', ' 3:00 PM', 15, 0, 16, 15, None, None, None, None, None, None, None, 'Not Reserved']
['ENG598', '91029', '5', '5', 'M W F', '12:00 PM', 12, 0, 12, 50, None, None, None, None, None, None, None, 'Not Reserved']
['ENG598', '91031', '5', '5', 'M W F', '10:30 AM', 10, 30, 11, 20, None, None, None, None, None, None, None, 'Not Reserved']
Loading Subject:  ENV
['ENV201', '91011', '20', '24', 'T Th', ' 1:30 PM', 13, 30, 14, 45, None, None, None, None, None, None, None, 'Not Reserved']
Loading Subject:  EPA
['EPA532', '83078', '26', '30', 'T', '4:30PM', 16, 30, 19, 15, '', '12:00AM', None, None, '12:00AM', None, None, 'Not Reserved']
['EPA556', '83069', '23', '30', 'T', '4:30PM', 16, 30, 19, 15, '', '12:00AM', None, None, '12:00AM', None, None, 'Not Reserved']
['EPA559', '83077', '26', '30', 'T', '7:30PM', 19, 30, 22, 0, '', '12:00AM', None, None, '12:00AM', None, None, 'Not Reserved']
['EPA691', '80260', '29', '30', 'M', ' 4:30 PM', 16, 30, 19, 15, None, None, None, None, None, None, None, 'Not Reserved']
['EPA691', '80354', '19', '24', 'M', ' 4:30 PM', 16, 30, 19, 15, None, None, None, None, None, None, None, 'Not Reserved']
['EPA691', '80262', '16', '21', 'T', ' 4:30 PM', 16, 30, 19, 15, None, None, None, None, None, None, None, 'Not Reserved']
['EPA691', '75705', '18', '21', 'W', ' 4:30 PM', 16, 30, 19, 15, None, None, None, None, None, None, None, 'Not Reserved']
['EPA691', '83350', '2', '10', 'T', ' 1:40 PM', 13, 40, 16, 15, None, None, None, None, None, None, None, 'Not Reserved']
['EPA792', '75633', '19', '20', 'ONLINE', None, None, None, None, None, None, None, None, None, None, None, None, 'Not Reserved']
['EPA799', '76237', '29', '30', 'ONLINE', None, None, None, None, None, None, None, None, None, None, None, None, 'Reserved']
Loading Subject:  EPD
Loading Subject:  ERM
Loading Subject:  ESS
Loading Subject:  EST
Loading Subject:  ETH
['ETH100', '71190', '17', '60', 'ONLINE', None, None, None, None, None, None, None, None, None, None, None, None, 'Reserved']
Loading Subject:  EVO
Loading Subject:  EXW
['EXW100', '74394', '45', '75', 'F', '9:00AM', 9, 0, 10, 15, '', '', None, None, '', None, None, 'Not Reserved']
['EXW100', '91715', '21', '24', 'T Th', '9:00AM', 9, 0, 10, 15, '', '', None, None, '', None, None, 'Not Reserved']
['EXW100', '75453', '65', '84', 'F', '1:30PM', 13, 30, 14, 45, '', '', None, None, '', None, None, 'Not Reserved']
['EXW100', '75454', '43', '75', 'F', '10:30AM', 10, 30, 11, 45, '', '', None, None, '', None, None, 'Not Reserved']
['EXW100', '86482', '55', '60', 'F', '3:00PM', 15, 0, 16, 15, '', '', None, None, '', None, None, 'Not Reserved']
['EXW100', '86484', '46', '50', 'F', '10:30AM', 10, 30, 11, 45, '', '', None, None, '', None, None, 'Not Reserved']
['EXW100', '86486', '60', '60', 'F', '9:00AM', 9, 0, 10, 15, '', '', None, None, '', None, None, 'Not Reserved']
['EXW100', '86487', '50', '60', 'F', '12:00PM', 12, 0, 13, 15, '', '', None, None, '', None, None, 'Not Reserved']
['EXW101', '86476', '5', '24', 'M W', ' 9:00 AM', 9, 0, 10, 15, None, None, None, None, None, None, None, 'Reserved']
['EXW101', '86479', '9', '24', 'T Th', ' 9:00 AM', 9, 0, 10, 15, None, None, None, None, None, None, None, 'Reserved']
['EXW101', '86481', '15', '24', 'T Th', ' 3:00 PM', 15, 0, 16, 15, None, None, None, None, None, None, None, 'Reserved']
['EXW102', '90485', '45', '60', 'M W', '12:00 PM', 12, 0, 13, 15, None, None, None, None, None, None, None, 'Reserved']
['EXW102', '91716', '24', '24', 'T Th', '10:30 AM', 10, 30, 11, 45, None, None, None, None, None, None, None, 'Reserved']
['EXW214', '76845', '1', '24', 'M W', '12:00 PM', 12, 0, 12, 50, None, None, None, None, None, None, None, 'Not Reserved']
['EXW216', '76851', '2', '24', 'M W', ' 3:00 PM', 15, 0, 15, 50, None, None, None, None, None, None, None, 'Not Reserved']
['EXW216', '76852', '16', '24', 'M W', ' 4:30 PM', 16, 30, 17, 20, None, None, None, None, None, None, None, 'Not Reserved']
['EXW216', '91719', '17', '24', 'M W', '12:00 PM', 12, 0, 12, 50, None, None, None, None, None, None, None, 'Not Reserved']
['EXW218', '76856', '6', '24', 'M W', ' 9:00 AM', 9, 0, 9, 50, None, None, None, None, None, None, None, 'Not Reserved']
['EXW218', '76863', '20', '24', 'T Th', ' 3:00 PM', 15, 0, 15, 50, None, None, None, None, None, None, None, 'Not Reserved']
['EXW284', '86104', '26', '40', 'F', '10:30 AM', 10, 30, 11, 20, None, None, None, None, None, None, None, 'Reserved']
['EXW284', '86105', '29', '40', 'F', '12:00 PM', 12, 0, 12, 50, None, None, None, None, None, None, None, 'Reserved']
['EXW302', '76572', '5', '10', 'ONLINE', None, None, None, None, None, None, None, None, None, None, None, None, 'Reserved']
['EXW302', '86447', '10', '10', 'ONLINE', None, None, None, None, None, None, None, None, None, None, None, None, 'Reserved']
['EXW302', '76875', '9', '10', 'ONLINE', None, None, None, None, None, None, None, None, None, None, None, None, 'Reserved']
['EXW302', '91722', '20', '20', 'ONLINE', None, None, None, None, None, None, None, None, None, None, None, None, 'Reserved']
['EXW315', '81017', '55', '101', 'M W', ' 4:30 PM', 16, 30, 17, 45, None, None, None, None, None, None, None, 'Not Reserved']
['EXW316', '83247', '8', '22', 'F', ' 9:00 AM', 9, 0, 10, 15, None, None, None, None, None, None, None, 'Reserved']
['EXW316', '83248', '11', '22', 'F', '10:30 AM', 10, 30, 11, 45, None, None, None, None, None, None, None, 'Reserved']
['EXW316', '83249', '13', '22', 'F', '12:00 PM', 12, 0, 13, 15, None, None, None, None, None, None, None, 'Reserved']
['EXW316', '83251', '21', '22', 'F', ' 1:30 PM', 13, 30, 14, 45, None, None, None, None, None, None, None, 'Reserved']
['EXW320', '74396', '17', '90', 'M W', ' 9:00 AM', 9, 0, 10, 15, None, None, None, None, None, None, None, 'Not Reserved']
['EXW325', '81108', '5', '20', 'ONLINE', None, None, None, None, None, None, None, None, None, None, None, None, 'Reserved']
['EXW325', '81109', '14', '20', 'ONLINE', None, None, None, None, None, None, None, None, None, None, None, None, 'Reserved']
['EXW325', '77947', '32', '40', 'ONLINE', None, None, None, None, None, None, None, None, None, None, None, None, 'Reserved']
['EXW330', '74402', '47', '88', 'M W', ' 4:30 PM', 16, 30, 17, 45, None, None, None, None, None, None, None, 'Not Reserved']
['EXW330', '78009', '4', '24', 'F', '12:00 PM', 12, 0, 13, 15, None, None, None, None, None, None, None, 'Not Reserved']
['EXW330', '81020', '19', '24', 'F', ' 1:30 PM', 13, 30, 14, 45, None, None, None, None, None, None, None, 'Not Reserved']
['EXW348', '82377', '25', '40', 'M W F', '10:30 AM', 10, 30, 12, 20, None, None, None, None, None, None, None, 'Not Reserved']
['EXW350', '74400', '4', '60', 'M W F', ' 1:30 PM', 13, 30, 14, 20, None, None, None, None, None, None, None, 'Not Reserved']
['EXW394', '87028', '60', '60', 'T Th', ' 3:00 PM', 15, 0, 16, 15, None, None, None, None, None, None, None, 'Not Reserved']
['EXW400', '88644', '18', '40', 'ONLINE', None, None, None, None, None, None, None, None, None, None, None, None, 'Reserved']
['EXW400', '80025', '1', '20', 'ONLINE', None, None, None, None, None, None, None, None, None, None, None, None, 'Reserved']
['EXW400', '86470', '31', '40', 'ONLINE', None, None, None, None, None, None, None, None, None, None, None, None, 'Reserved']
['EXW400', '86471', '18', '40', 'M W F', '10:30 AM', 10, 30, 12, 20, None, None, None, None, None, None, None, 'Not Reserved']
['EXW410', '86494', '29', '40', 'M W', '10:30 AM', 10, 30, 11, 45, None, None, None, None, None, None, None, 'Not Reserved']
['EXW420', '74406', '13', '144', 'M W', ' 1:30 PM', 13, 30, 14, 45, None, None, None, None, None, None, None, 'Not Reserved']
['EXW420', '78440', '3', '24', 'F', ' 9:00 AM', 9, 0, 10, 15, None, None, None, None, None, None, None, 'Not Reserved']
['EXW420', '82393', '10', '24', 'F', '10:30 AM', 10, 30, 11, 45, None, None, None, None, None, None, None, 'Not Reserved']
['EXW425', '77950', '13', '35', 'T Th', ' 3:00 PM', 15, 0, 15, 50, None, None, None, None, None, None, None, 'Not Reserved']
['EXW425', '78622', '1', '20', 'F', '12:00 PM', 12, 0, 13, 15, None, None, None, None, None, None, None, 'Not Reserved']
['EXW425', '78623', '8', '20', 'M', ' 9:00 AM', 9, 0, 10, 15, None, None, None, None, None, None, None, 'Not Reserved']
['EXW425', '78626', '2', '20', 'W', ' 9:00 AM', 9, 0, 10, 15, None, None, None, None, None, None, None, 'Not Reserved']
['EXW425', '78627', '2', '20', 'W', '10:30 AM', 10, 30, 11, 45, None, None, None, None, None, None, None, 'Not Reserved']
['EXW436', '81021', '14', '24', 'M W', ' 1:30 PM', 13, 30, 14, 45, None, None, None, None, None, None, None, 'Not Reserved']
['EXW444', '74410', '21', '50', 'M W', '10:30 AM', 10, 30, 11, 45, None, None, None, None, None, None, None, 'Not Reserved']
['EXW446', '75455', '33', '50', 'T Th', ' 9:00 AM', 9, 0, 10, 15, None, None, None, None, None, None, None, 'Not Reserved']
['EXW450', '74411', '21', '60', 'T Th', ' 4:30 PM', 16, 30, 19, 15, None, None, None, None, None, None, None, 'Not Reserved']
['EXW450', '74795', '32', '60', 'T Th', ' 4:30 PM', 16, 30, 19, 15, None, None, None, None, None, None, None, 'Not Reserved']
['EXW454', '82410', '14', '30', 'T Th', '10:30 AM', 10, 30, 11, 45, None, None, None, None, None, None, None, 'Not Reserved']
['EXW456', '86110', '16', '30', 'T Th', '12:00 PM', 12, 0, 13, 15, None, None, None, None, None, None, None, 'Not Reserved']
['EXW484', '74412', '50', '100', 'ONLINE', None, None, None, None, None, None, None, None, None, None, None, None, 'Reserved']
['EXW492', '74413', '9', '10', 'ONLINE', None, None, None, None, None, None, None, None, None, None, None, None, 'Reserved']
['EXW493', '75069', '10', '10', 'ONLINE', None, None, None, None, None, None, None, None, None, None, None, None, 'Reserved']
['EXW494', '91713', '15', '15', 'ONLINE', None, None, None, None, None, None, None, None, None, None, None, None, 'Not Reserved']
['EXW499', '74385', '25', '25', 'ONLINE', None, None, None, None, None, None, None, None, None, None, None, None, 'Not Reserved']
['EXW499', '78025', '25', '25', 'ONLINE', None, None, None, None, None, None, None, None, None, None, None, None, 'Not Reserved']
['EXW499', '85640', '25', '25', 'ONLINE', None, None, None, None, None, None, None, None, None, None, None, None, 'Not Reserved']
['EXW499', '85688', '25', '25', 'ONLINE', None, None, None, None, None, None, None, None, None, None, None, None, 'Not Reserved']
['EXW499', '85733', '25', '25', 'ONLINE', None, None, None, None, None, None, None, None, None, None, None, None, 'Not Reserved']
['EXW499', '85957', '1', '1', 'ONLINE', None, None, None, None, None, None, None, None, None, None, None, None, 'Not Reserved']
['EXW499', '91045', '5', '6', 'ONLINE', None, None, None, None, None, None, None, None, None, None, None, None, 'Not Reserved']
['EXW500', '88668', '14', '16', 'T', ' 4:30 PM', 16, 30, 19, 15, None, None, None, None, None, None, None, 'Not Reserved']
['EXW501', '86492', '6', '16', 'Th', ' 4:30 PM', 16, 30, 19, 15, None, None, None, None, None, None, None, 'Not Reserved']
['EXW536', '74414', '21', '30', 'W', ' 4:30 PM', 16, 30, 19, 15, None, None, None, None, None, None, None, 'Not Reserved']
['EXW542', '74415', '24', '30', 'Th', ' 4:30 PM', 16, 30, 19, 15, None, None, None, None, None, None, None, 'Not Reserved']
['EXW560', '86493', '21', '24', 'M W', ' 4:30 PM', 16, 30, 17, 45, None, None, None, None, None, None, None, 'Not Reserved']
['EXW568', '88657', '12', '12', 'T Th', '12:00 PM', 12, 0, 13, 15, None, None, None, None, None, None, None, 'Not Reserved']
['EXW584', '74386', '25', '25', 'ONLINE', None, None, None, None, None, None, None, None, None, None, None, None, 'Not Reserved']
['EXW590', '74387', '24', '25', 'ONLINE', None, None, None, None, None, None, None, None, None, None, None, None, 'Not Reserved']
['EXW591', '75318', '20', '24', 'M', ' 3:00 PM', 15, 0, 15, 50, None, None, None, None, None, None, None, 'Not Reserved']
['EXW592', '74388', '22', '25', 'ONLINE', None, None, None, None, None, None, None, None, None, None, None, None, 'Not Reserved']
['EXW595', '74389', '25', '25', 'ONLINE', None, None, None, None, None, None, None, None, None, None, None, None, 'Not Reserved']
['EXW598', '75091', '3', '8', 'T Th', '12:00 PM', 12, 0, 13, 15, None, None, None, None, None, None, None, 'Not Reserved']
['EXW598', '81145', '5', '10', 'M W', '10:30 AM', 10, 30, 11, 45, None, None, None, None, None, None, None, 'Not Reserved']
['EXW599', '74390', '21', '25', 'ONLINE', None, None, None, None, None, None, None, None, None, None, None, None, 'Not Reserved']
['EXW640', '74417', '14', '16', 'T', ' 4:30 PM', 16, 30, 19, 15, None, None, None, None, None, None, None, 'Not Reserved']
['EXW645', '88643', '27', '30', 'T', ' 4:30 PM', 16, 30, 19, 15, None, None, None, None, None, None, None, 'Not Reserved']
['EXW691', '74418', '11', '18', 'M', ' 3:00 PM', 15, 0, 15, 50, None, None, None, None, None, None, None, 'Reserved']
['EXW692', '74391', '28', '30', 'ONLINE', None, None, None, None, None, None, None, None, None, None, None, None, 'Not Reserved']
['EXW700', '74416', '21', '24', 'M', ' 4:30 PM', 16, 30, 19, 15, None, None, None, None, None, None, None, 'Not Reserved']
['EXW792', '74392', '22', '25', 'ONLINE', None, None, None, None, None, None, None, None, None, None, None, None, 'Not Reserved']
['EXW799', '74393', '23', '25', 'ONLINE', None, None, None, None, None, None, None, None, None, None, None, None, 'Not Reserved']
Loading Subject:  FAR
Loading Subject:  FAS
Loading Subject:  FIN
['FIN123', '80172', '459', '500', 'ONLINE', None, None, None, None, None, None, None, None, None, None, None, None, 'Reserved']
['FIN123', '80173', '492', '500', 'ONLINE', None, None, None, None, None, None, None, None, None, None, None, None, 'Reserved']
['FIN300', '75058', '97', '285', 'ONLINE', None, None, None, None, None, None, None, None, None, None, None, None, 'Reserved']
['FIN300', '70371', '56', '265', 'T', ' 6:00 PM', 18, 0, 20, 45, None, None, None, None, None, None, None, 'Not Reserved']
['FIN300', '74525', '38', '60', 'T Th', ' 9:00 AM', 9, 0, 10, 15, None, None, None, None, None, None, None, 'Not Reserved']
['FIN300', '84308', '38', '80', 'T', ' 6:00 PM', 18, 0, 20, 45, None, None, None, None, None, None, None, 'Not Reserved']
['FIN302', '75119', '26', '50', 'T', ' 6:00 PM', 18, 0, 20, 45, None, None, None, None, None, None, None, 'Not Reserved']
['FIN303', '72620', '6', '35', 'M W', ' 3:00 PM', 15, 0, 16, 15, None, None, None, None, None, None, None, 'Not Reserved']
['FIN303', '75120', '24', '35', 'M W', ' 4:30 PM', 16, 30, 17, 45, None, None, None, None, None, None, None, 'Not Reserved']
['FIN380', '78060', '145', '285', 'ONLINE', None, None, None, None, None, None, None, None, None, None, None, None, 'Reserved']
['FIN380', '70372', '6', '100', 'M W', ' 3:00 PM', 15, 0, 16, 15, None, None, None, None, None, None, None, 'Not Reserved']
['FIN380', '91366', '42', '48', 'M W F', ' 1:30 PM', 13, 30, 14, 45, None, None, None, None, None, None, None, 'Not Reserved']
['FIN421', '74214', '4', '49', 'Th', ' 6:00 PM', 18, 0, 20, 45, None, None, None, None, None, None, None, 'Not Reserved']
['FIN427', '71215', '23', '35', 'T', ' 6:00 PM', 18, 0, 20, 45, None, None, None, None, None, None, None, 'Not Reserved']
['FIN456', '71216', '11', '60', 'M', ' 6:00 PM', 18, 0, 20, 45, None, None, None, None, None, None, None, 'Not Reserved']
['FIN461', '71206', '15', '35', 'M W', ' 3:00 PM', 15, 0, 16, 15, None, None, None, None, None, None, None, 'Not Reserved']
['FIN461', '71207', '10', '35', 'M W', ' 1:30 PM', 13, 30, 14, 45, None, None, None, None, None, None, None, 'Not Reserved']
['FIN471', '82091', '18', '20', 'F', ' 1:30 PM', 13, 30, 15, 20, None, None, None, None, None, None, None, 'Not Reserved']
['FIN472', '86489', '35', '35', 'Th', ' 7:30 PM', 19, 30, 21, 20, None, None, None, None, None, None, None, 'Not Reserved']
['FIN484', '71217', '49', '50', 'ONLINE', None, None, None, None, None, None, None, None, None, None, None, None, 'Not Reserved']
['FIN493', '71218', '39', '40', 'ONLINE', None, None, None, None, None, None, None, None, None, None, None, None, 'Not Reserved']
['FIN494', '82582', '1', '35', 'T Th', ' 1:25 PM', 13, 25, 15, 30, None, None, None, None, None, None, None, 'Not Reserved']
['FIN502', '84103', '33', '35', 'M W', '10:00 AM', 10, 0, 12, 30, None, None, None, None, None, None, None, 'Not Reserved']
['FIN502', '71220', '52', '52', 'M W', ' 8:00 AM', 8, 0, 10, 5, None, None, None, None, None, None, None, 'Reserved']
['FIN502', '71222', '52', '52', 'M W', '10:20 AM', 10, 20, 12, 25, None, None, None, None, None, None, None, 'Reserved']
['FIN502', '71221', '70', '70', 'ONLINE', None, None, None, None, None, None, None, None, None, None, None, None, 'Reserved']
Loading Subject:  FLA
Loading Subject:  FMP
Loading Subject:  FMS
Loading Subject:  FOR
['FOR191', '91088', '3', '4', 'Th', '10:30 AM', 10, 30, 11, 45, None, None, None, None, None, None, None, 'Not Reserved']
['FOR191', '91089', '3', '4', 'T', '10:30 AM', 10, 30, 11, 45, None, None, None, None, None, None, None, 'Not Reserved']
['FOR191', '91090', '4', '4', 'Th', '10:30 AM', 10, 30, 11, 45, None, None, None, None, None, None, None, 'Not Reserved']
['FOR191', '91092', '3', '4', 'M', '10:30 AM', 10, 30, 11, 20, None, None, None, None, None, None, None, 'Not Reserved']
['FOR191', '91093', '4', '4', 'W', '10:30 AM', 10, 30, 11, 20, None, None, None, None, None, None, None, 'Not Reserved']
['FOR191', '91094', '4', '4', 'F', '10:30 AM', 10, 30, 11, 20, None, None, None, None, None, None, None, 'Not Reserved']
['FOR191', '91095', '4', '4', 'M', '10:30 AM', 10, 30, 11, 20, None, None, None, None, None, None, None, 'Not Reserved']
['FOR191', '91096', '4', '4', 'W', '10:30 AM', 10, 30, 11, 20, None, None, None, None, None, None, None, 'Not Reserved']
['FOR191', '91097', '3', '4', 'F', '10:30 AM', 10, 30, 11, 20, None, None, None, None, None, None, None, 'Not Reserved']
['FOR286', '88785', '36', '48', 'T Th', ' 3:00 PM', 15, 0, 16, 15, None, None, None, None, None, None, None, 'Not Reserved']
['FOR286', '88786', '12', '24', 'Th', '12:00 PM', 12, 0, 14, 45, None, None, None, None, None, None, None, 'Not Reserved']
['FOR375', '81457', '9', '38', 'M W F', '12:00 PM', 12, 0, 12, 50, None, None, None, None, None, None, None, 'Not Reserved']
['FOR376', '81458', '3', '24', 'Th', '10:30 AM', 10, 30, 14, 15, None, None, None, None, None, None, None, 'Not Reserved']
['FOR376', '89042', '10', '14', 'Th', ' 3:30 PM', 15, 30, 19, 15, None, None, None, None, None, None, None, 'Not Reserved']
['FOR394', '81459', '22', '40', 'T Th', '10:30 AM', 10, 30, 11, 45, None, None, None, None, None, None, None, 'Not Reserved']
['FOR410', '89862', '40', '50', 'M W F', '10:30 AM', 10, 30, 11, 20, None, None, None, None, None, None, None, 'Not Reserved']
['FOR494', '86287', '43', '50', 'T Th', ' 3:00 PM', 15, 0, 16, 15, None, None, None, None, None, None, None, 'Not Reserved']
['FOR494', '86352', '7', '10', 'M W F', '10:30 AM', 10, 30, 11, 20, None, None, None, None, None, None, None, 'Not Reserved']
['FOR499', '91217', '8', '10', 'ONLINE', None, None, None, None, None, None, None, None, None, None, None, None, 'Not Reserved']
Loading Subject:  FRE
Loading Subject:  FSE
Loading Subject:  FYC
Loading Subject:  GBL
Loading Subject:  GCU
Loading Subject:  GER
Loading Subject:  GIS
Loading Subject:  GIT
Loading Subject:  GLG
['GLG101', '73357', '326', '400', 'ONLINE', None, None, None, None, None, None, None, None, None, None, None, None, 'Reserved']
['GLG103', '73358', '335', '400', 'ONLINE', None, None, None, None, None, None, None, None, None, None, None, None, 'Reserved']
Loading Subject:  GPH
Loading Subject:  GRA
Loading Subject:  GRD
['GRD595', '73572', '30', '30', 'ONLINE', None, None, None, None, None, None, None, None, None, None, None, None, 'Not Reserved']
['GRD598', '74059', '37', '38', 'F', '12:00PM', 12, 0, 14, 0, 'F', '12:00PM', 12, 0, '2:00PM', 14, 0, 'Not Reserved']
['GRD791', '71365', '25', '25', 'F', '9:00AM', 9, 0, 11, 0, 'F', '9:00AM', 9, 0, '11:00AM', 11, 0, 'Not Reserved']
['GRD791', '71366', '60', '60', 'F', '10:30AM', 10, 30, 12, 30, 'F', '10:30AM', 10, 30, '12:30PM', 12, 30, 'Not Reserved']
Loading Subject:  GRK
Loading Subject:  GTD
Loading Subject:  HCD
['HCD100', '88641', '25', '30', 'T Th', ' 9:00 AM', 9, 0, 10, 15, None, None, None, None, None, None, None, 'Not Reserved']
['HCD101', '84359', '42', '50', 'T Th', '10:30 AM', 10, 30, 11, 45, None, None, None, None, None, None, None, 'Not Reserved']
['HCD300', '88646', '14', '25', 'T Th', '10:30 AM', 10, 30, 11, 45, None, None, None, None, None, None, None, 'Not Reserved']
['HCD303', '88642', '16', '30', 'T Th', ' 1:30 PM', 13, 30, 14, 45, None, None, None, None, None, None, None, 'Not Reserved']
['HCD484', '91340', '5', '5', 'ONLINE', None, None, None, None, None, None, None, None, None, None, None, None, 'Reserved']
['HCD492', '85655', '20', '20', 'ONLINE', None, None, None, None, None, None, None, None, None, None, None, None, 'Reserved']
['HCD493', '85656', '20', '20', 'ONLINE', None, None, None, None, None, None, None, None, None, None, None, None, 'Reserved']
['HCD501', '80213', '59', '60', 'M W F', '10:30 AM', 10, 30, 12, 45, None, None, None, None, None, None, None, 'Reserved']
['HCD502', '83210', '59', '60', 'T Th', ' 1:00 PM', 13, 0, 15, 45, None, None, None, None, None, None, None, 'Not Reserved']
['HCD510', '90835', '60', '60', 'W F', '10:30 AM', 10, 30, 12, 30, None, None, None, None, None, None, None, 'Not Reserved']
['HCD511', '83212', '59', '60', 'T Th', '10:30 AM', 10, 30, 13, 15, None, None, None, None, None, None, None, 'Reserved']
['HCD540', '83211', '59', '60', 'T Th', '10:00 AM', 10, 0, 12, 0, None, None, None, None, None, None, None, 'Not Reserved']
['HCD592', '91036', '60', '60', 'F', ' 1:30 PM', 13, 30, 14, 30, None, None, None, None, None, None, None, 'Not Reserved']
['HCD594', '80265', '60', '60', 'F', ' 1:30 PM', 13, 30, 15, 30, None, None, None, None, None, None, None, 'Reserved']
['HCD594', '90841', '59', '60', 'W', ' 1:30 PM', 13, 30, 15, 30, None, None, None, None, None, None, None, 'Not Reserved']
['HCD598', '82759', '8', '8', 'ONLINE', None, None, None, None, None, None, None, None, None, None, None, None, 'Reserved']
Loading Subject:  HCI
Loading Subject:  HCR
Loading Subject:  HDA
Loading Subject:  HEB
Loading Subject:  HED
['HED510', '81320', '32', '35', 'T', '7:30PM', 19, 30, 22, 15, '', '', None, None, '', None, None, 'Reserved']
['HED510', '78115', '26', '35', 'T', '4:30PM', 16, 30, 19, 15, '', '', None, None, '', None, None, 'Reserved']
['HED573', '88813', '13', '35', 'T', '7:30PM', 19, 30, 22, 15, '', '', None, None, '', None, None, 'Reserved']
['HED573', '87456', '16', '35', 'T', '4:30PM', 16, 30, 19, 15, '', '', None, None, '', None, None, 'Reserved']
['HED580', '81321', '20', '30', 'Th', ' 4:30 PM', 16, 30, 19, 15, None, None, None, None, None, None, None, 'Reserved']
['HED590', '76594', '6', '6', 'ONLINE', None, None, None, None, None, None, None, None, None, None, None, None, 'Not Reserved']
['HED593', '88823', '14', '35', 'T', '7:30PM', 19, 30, 22, 15, '', '', None, None, '', None, None, 'Reserved']
['HED593', '78055', '16', '35', 'T', '4:30PM', 16, 30, 19, 15, '', '', None, None, '', None, None, 'Reserved']
['HED598', '90878', '26', '35', 'W', '4:30PM', 16, 30, 19, 15, '', '', None, None, '', None, None, 'Reserved']
['HED598', '81322', '27', '35', 'W', '4:30PM', 16, 30, 19, 15, '', '', None, None, '', None, None, 'Reserved']
['HED598', '84139', '32', '35', 'W', '4:30PM', 16, 30, 19, 15, '', '', None, None, '', None, None, 'Reserved']
['HED620', '88820', '14', '35', 'W', '7:30PM', 19, 30, 22, 15, '', '', None, None, '', None, None, 'Reserved']
['HED620', '75726', '27', '35', 'Th', '4:30PM', 16, 30, 19, 15, '', '', None, None, '', None, None, 'Reserved']
['HED634', '78120', '29', '35', 'Th', '4:30PM', 16, 30, 19, 15, '', '', None, None, '', None, None, 'Reserved']
['HED644', '80264', '20', '35', 'T', '4:30PM', 16, 30, 19, 15, '', '', None, None, '', None, None, 'Reserved']
['HED649', '80266', '22', '35', 'W', '4:30PM', 16, 30, 19, 15, '', '', None, None, '', None, None, 'Reserved']
['HED649', '81323', '32', '35', 'T', '7:30PM', 19, 30, 22, 15, '', '', None, None, '', None, None, 'Reserved']
['HED689', '89194', '21', '35', 'M', ' 4:30 PM', 16, 30, 19, 15, None, None, None, None, None, None, None, 'Reserved']
['HED689', '81324', '32', '35', 'W', '7:30PM', 19, 30, 22, 15, '', '', None, None, '', None, None, 'Reserved']
['HED691', '75727', '21', '35', 'M', '4:30PM', 16, 30, 19, 15, '', '', None, None, '', None, None, 'Reserved']
['HED799', '76238', '30', '30', 'ONLINE', None, None, None, None, None, None, None, None, None, None, None, None, 'Reserved']
Loading Subject:  HES
Loading Subject:  HHE
Loading Subject:  HIN
Loading Subject:  HON
['HON171', '71388', '3', '15', 'T Th', '10:30 AM', 10, 30, 11, 45, None, None, None, None, None, None, None, 'Not Reserved']
['HON171', '71389', '15', '15', 'T Th', '10:30 AM', 10, 30, 11, 45, None, None, None, None, None, None, None, 'Not Reserved']
['HON171', '71391', '10', '15', 'T Th', ' 3:00 PM', 15, 0, 16, 15, None, None, None, None, None, None, None, 'Not Reserved']
['HON171', '82909', '1', '15', 'W F', ' 9:00 AM', 9, 0, 10, 15, None, None, None, None, None, None, None, 'Not Reserved']
['HON171', '71392', '6', '15', 'W F', '10:30 AM', 10, 30, 11, 45, None, None, None, None, None, None, None, 'Not Reserved']
['HON171', '82910', '2', '15', 'M W', ' 4:30 PM', 16, 30, 17, 45, None, None, None, None, None, None, None, 'Not Reserved']
['HON171', '71395', '10', '15', 'T Th', ' 7:30 AM', 7, 30, 8, 45, None, None, None, None, None, None, None, 'Not Reserved']
['HON171', '71396', '12', '15', 'T Th', ' 9:00 AM', 9, 0, 10, 15, None, None, None, None, None, None, None, 'Not Reserved']
['HON171', '90195', '13', '15', 'T Th', ' 3:00 PM', 15, 0, 16, 15, None, None, None, None, None, None, None, 'Not Reserved']
['HON171', '71397', '14', '15', 'T Th', '10:30 AM', 10, 30, 11, 45, None, None, None, None, None, None, None, 'Not Reserved']
['HON171', '71401', '15', '15', 'T Th', '10:30 AM', 10, 30, 11, 45, None, None, None, None, None, None, None, 'Not Reserved']
['HON171', '71402', '13', '15', 'T Th', ' 1:30 PM', 13, 30, 14, 45, None, None, None, None, None, None, None, 'Not Reserved']
['HON171', '71403', '10', '15', 'T Th', ' 3:00 PM', 15, 0, 16, 15, None, None, None, None, None, None, None, 'Not Reserved']
['HON171', '82911', '11', '15', 'T Th', ' 9:00 AM', 9, 0, 10, 15, None, None, None, None, None, None, None, 'Not Reserved']
['HON171', '73364', '15', '15', 'T Th', '10:30 AM', 10, 30, 11, 45, None, None, None, None, None, None, None, 'Not Reserved']
['HON171', '77397', '12', '15', 'T Th', ' 9:00 AM', 9, 0, 10, 15, None, None, None, None, None, None, None, 'Not Reserved']
['HON171', '78001', '15', '15', 'T Th', '10:30 AM', 10, 30, 11, 45, None, None, None, None, None, None, None, 'Not Reserved']
['HON171', '73956', '15', '15', 'T Th', '10:30 AM', 10, 30, 11, 45, None, None, None, None, None, None, None, 'Not Reserved']
['HON171', '73957', '11', '15', 'T Th', ' 1:30 PM', 13, 30, 14, 45, None, None, None, None, None, None, None, 'Not Reserved']
['HON171', '82912', '11', '15', 'T Th', ' 3:00 PM', 15, 0, 16, 15, None, None, None, None, None, None, None, 'Not Reserved']
['HON171', '74091', '14', '15', 'T Th', ' 9:00 AM', 9, 0, 10, 15, None, None, None, None, None, None, None, 'Not Reserved']
['HON171', '74092', '15', '15', 'T Th', '10:30 AM', 10, 30, 11, 45, None, None, None, None, None, None, None, 'Not Reserved']
['HON171', '74232', '15', '15', 'T Th', ' 1:30 PM', 13, 30, 14, 45, None, None, None, None, None, None, None, 'Not Reserved']
['HON171', '74257', '15', '15', 'T Th', '10:30 AM', 10, 30, 11, 45, None, None, None, None, None, None, None, 'Not Reserved']
['HON171', '75088', '15', '15', 'T Th', '10:30 AM', 10, 30, 11, 45, None, None, None, None, None, None, None, 'Not Reserved']
['HON171', '75089', '15', '15', 'T Th', ' 1:30 PM', 13, 30, 14, 45, None, None, None, None, None, None, None, 'Not Reserved']
['HON171', '75254', '14', '15', 'T Th', ' 3:00 PM', 15, 0, 16, 15, None, None, None, None, None, None, None, 'Not Reserved']
['HON171', '75255', '15', '15', 'T Th', ' 9:00 AM', 9, 0, 10, 15, None, None, None, None, None, None, None, 'Not Reserved']
['HON171', '82913', '15', '15', 'T Th', '10:30 AM', 10, 30, 11, 45, None, None, None, None, None, None, None, 'Not Reserved']
['HON171', '75266', '14', '15', 'T Th', ' 1:30 PM', 13, 30, 14, 45, None, None, None, None, None, None, None, 'Not Reserved']
['HON171', '75941', '8', '15', 'M W', ' 1:30 PM', 13, 30, 14, 45, None, None, None, None, None, None, None, 'Not Reserved']
['HON171', '77001', '6', '15', 'M W', ' 9:00 AM', 9, 0, 10, 15, None, None, None, None, None, None, None, 'Not Reserved']
['HON171', '77002', '8', '15', 'M W', '10:30 AM', 10, 30, 11, 45, None, None, None, None, None, None, None, 'Not Reserved']
['HON171', '77003', '2', '15', 'M W', ' 1:30 PM', 13, 30, 14, 45, None, None, None, None, None, None, None, 'Not Reserved']
['HON171', '77004', '4', '15', 'M W', ' 3:00 PM', 15, 0, 16, 15, None, None, None, None, None, None, None, 'Not Reserved']
['HON171', '82915', '13', '15', 'M W', ' 1:30 PM', 13, 30, 14, 45, None, None, None, None, None, None, None, 'Not Reserved']
['HON171', '77887', '14', '15', 'M W', ' 3:00 PM', 15, 0, 16, 15, None, None, None, None, None, None, None, 'Not Reserved']
['HON171', '79691', '15', '15', 'M W', ' 4:30 PM', 16, 30, 17, 45, None, None, None, None, None, None, None, 'Not Reserved']
['HON171', '79692', '9', '15', 'M W', ' 9:00 AM', 9, 0, 10, 15, None, None, None, None, None, None, None, 'Not Reserved']
['HON171', '79693', '10', '15', 'M W', '10:30 AM', 10, 30, 11, 45, None, None, None, None, None, None, None, 'Not Reserved']
['HON171', '79709', '13', '15', 'M W', ' 9:00 AM', 9, 0, 10, 15, None, None, None, None, None, None, None, 'Not Reserved']
['HON171', '79710', '10', '15', 'M W', '10:30 AM', 10, 30, 11, 45, None, None, None, None, None, None, None, 'Not Reserved']
['HON171', '79711', '10', '15', 'M W', ' 1:30 PM', 13, 30, 14, 45, None, None, None, None, None, None, None, 'Not Reserved']
['HON171', '79712', '11', '15', 'M W', ' 3:00 PM', 15, 0, 16, 15, None, None, None, None, None, None, None, 'Not Reserved']
['HON171', '90196', '15', '15', 'M W', ' 4:30 PM', 16, 30, 17, 45, None, None, None, None, None, None, None, 'Not Reserved']
['HON171', '90197', '11', '15', 'T Th', ' 1:30 PM', 13, 30, 14, 45, None, None, None, None, None, None, None, 'Not Reserved']
['HON171', '82916', '9', '15', 'M W', ' 7:30 AM', 7, 30, 8, 45, None, None, None, None, None, None, None, 'Not Reserved']
['HON171', '90029', '14', '15', 'M W', ' 1:30 PM', 13, 30, 14, 45, None, None, None, None, None, None, None, 'Not Reserved']
['HON171', '90030', '15', '15', 'M W', ' 9:00 AM', 9, 0, 10, 15, None, None, None, None, None, None, None, 'Not Reserved']
['HON171', '90031', '13', '15', 'M W', '12:00 PM', 12, 0, 13, 15, None, None, None, None, None, None, None, 'Not Reserved']
['HON171', '90032', '15', '15', 'M W', ' 3:00 PM', 15, 0, 16, 15, None, None, None, None, None, None, None, 'Not Reserved']
['HON171', '90033', '15', '15', 'M W', '10:30 AM', 10, 30, 11, 45, None, None, None, None, None, None, None, 'Not Reserved']
['HON171', '90034', '13', '15', 'M W', '12:00 PM', 12, 0, 13, 15, None, None, None, None, None, None, None, 'Not Reserved']
['HON171', '90035', '14', '15', 'M W', ' 3:00 PM', 15, 0, 16, 15, None, None, None, None, None, None, None, 'Not Reserved']
['HON171', '90036', '14', '15', 'M W', ' 4:30 PM', 16, 30, 17, 45, None, None, None, None, None, None, None, 'Not Reserved']
['HON171', '90037', '15', '15', 'M W', ' 9:00 AM', 9, 0, 10, 15, None, None, None, None, None, None, None, 'Not Reserved']
['HON171', '90038', '15', '15', 'M W', '10:30 AM', 10, 30, 11, 45, None, None, None, None, None, None, None, 'Not Reserved']
['HON171', '90040', '15', '15', 'M W', ' 1:30 PM', 13, 30, 14, 45, None, None, None, None, None, None, None, 'Not Reserved']
['HON171', '90041', '15', '15', 'M W', '10:30 AM', 10, 30, 11, 45, None, None, None, None, None, None, None, 'Not Reserved']
['HON171', '90042', '15', '15', 'M W', ' 1:30 PM', 13, 30, 14, 45, None, None, None, None, None, None, None, 'Not Reserved']
['HON171', '90043', '15', '15', 'M W', ' 3:00 PM', 15, 0, 16, 15, None, None, None, None, None, None, None, 'Not Reserved']
['HON171', '90044', '14', '15', 'T Th', ' 9:00 AM', 9, 0, 10, 15, None, None, None, None, None, None, None, 'Not Reserved']
['HON171', '90045', '15', '15', 'T Th', '10:30 AM', 10, 30, 11, 45, None, None, None, None, None, None, None, 'Not Reserved']
['HON171', '90046', '12', '15', 'W F', ' 9:00 AM', 9, 0, 10, 15, None, None, None, None, None, None, None, 'Not Reserved']
['HON171', '90047', '15', '15', 'W F', '10:30 AM', 10, 30, 11, 45, None, None, None, None, None, None, None, 'Not Reserved']
['HON171', '90048', '12', '15', 'W F', ' 1:30 PM', 13, 30, 14, 45, None, None, None, None, None, None, None, 'Not Reserved']
['HON171', '90049', '8', '15', 'W F', '10:30 AM', 10, 30, 11, 45, None, None, None, None, None, None, None, 'Not Reserved']
['HON171', '90050', '10', '15', 'W F', '12:00 PM', 12, 0, 13, 15, None, None, None, None, None, None, None, 'Not Reserved']
['HON171', '90052', '14', '15', 'W F', ' 9:00 AM', 9, 0, 10, 15, None, None, None, None, None, None, None, 'Not Reserved']
['HON171', '90053', '15', '15', 'W F', '12:00 PM', 12, 0, 13, 15, None, None, None, None, None, None, None, 'Not Reserved']
['HON171', '90054', '12', '15', 'W F', ' 1:30 PM', 13, 30, 14, 45, None, None, None, None, None, None, None, 'Not Reserved']
['HON171', '73451', '3', '4', 'T Th', ' 1:30 PM', 13, 30, 14, 45, None, None, None, None, None, None, None, 'Not Reserved']
['HON171', '87184', '1', '4', 'T Th', '10:30 AM', 10, 30, 11, 45, None, None, None, None, None, None, None, 'Not Reserved']
['HON171', '73431', '16', '21', 'M W', '12:00 PM', 12, 0, 13, 15, None, None, None, None, None, None, None, 'Not Reserved']
['HON171', '77259', '20', '21', 'M W', ' 1:30 PM', 13, 30, 14, 45, None, None, None, None, None, None, None, 'Not Reserved']
['HON171', '77997', '21', '21', 'M W', ' 3:00 PM', 15, 0, 16, 15, None, None, None, None, None, None, None, 'Not Reserved']
['HON171', '82768', '18', '21', 'W', ' 4:30 PM', 16, 30, 19, 15, None, None, None, None, None, None, None, 'Not Reserved']
['HON171', '73524', '20', '21', 'T Th', ' 9:00 AM', 9, 0, 10, 15, None, None, None, None, None, None, None, 'Not Reserved']
['HON171', '76422', '21', '21', 'T Th', '10:30 AM', 10, 30, 11, 45, None, None, None, None, None, None, None, 'Not Reserved']
['HON171', '73955', '21', '21', 'T Th', ' 3:00 PM', 15, 0, 16, 15, None, None, None, None, None, None, None, 'Not Reserved']
['HON171', '82264', '21', '21', 'T Th', ' 4:30 PM', 16, 30, 17, 45, None, None, None, None, None, None, None, 'Not Reserved']
['HON171', '75867', '21', '21', 'M W', ' 7:30 AM', 7, 30, 8, 45, None, None, None, None, None, None, None, 'Not Reserved']
['HON171', '78827', '21', '21', 'M W', ' 9:00 AM', 9, 0, 10, 15, None, None, None, None, None, None, None, 'Not Reserved']
['HON171', '82265', '21', '21', 'M W', '10:30 AM', 10, 30, 11, 45, None, None, None, None, None, None, None, 'Not Reserved']
['HON171', '89364', '20', '21', 'M W', '12:00 PM', 12, 0, 13, 15, None, None, None, None, None, None, None, 'Not Reserved']
['HON171', '89365', '20', '21', 'M W', ' 1:30 PM', 13, 30, 14, 45, None, None, None, None, None, None, None, 'Not Reserved']
['HON191', '81336', '57', '64', 'F', '12:00 PM', 12, 0, 13, 15, None, None, None, None, None, None, None, 'Not Reserved']
['HON194', '90652', '20', '20', 'Th', '12:00 PM', 12, 0, 12, 50, None, None, None, None, None, None, None, 'Not Reserved']
['HON194', '80016', '24', '25', 'W', '10:30 AM', 10, 30, 11, 20, None, None, None, None, None, None, None, 'Not Reserved']
['HON194', '80792', '9', '10', 'ONLINE', None, None, None, None, None, None, None, None, None, None, None, None, 'Not Reserved']
['HON194', '83401', '20', '20', 'M', ' 3:00 PM', 15, 0, 15, 50, None, None, None, None, None, None, None, 'Not Reserved']
['HON294', '83166', '21', '25', 'F', '12:00 PM', 12, 0, 14, 45, None, None, None, None, None, None, None, 'Not Reserved']
['HON294', '80791', '5', '10', 'ONLINE', None, None, None, None, None, None, None, None, None, None, None, None, 'Not Reserved']
['HON370', '84444', '19', '25', 'W', ' 6:00 PM', 18, 0, 20, 45, None, None, None, None, None, None, None, 'Not Reserved']
['HON370', '84446', '13', '15', 'T Th', ' 1:30 PM', 13, 30, 14, 45, None, None, None, None, None, None, None, 'Not Reserved']
['HON370', '84447', '14', '15', 'M W', ' 4:30 PM', 16, 30, 17, 45, None, None, None, None, None, None, None, 'Not Reserved']
['HON370', '84448', '13', '15', 'M W', '12:00 PM', 12, 0, 13, 15, None, None, None, None, None, None, None, 'Not Reserved']
['HON370', '89483', '25', '25', 'M', ' 4:30 PM', 16, 30, 19, 15, None, None, None, None, None, None, None, 'Not Reserved']
['HON370', '89367', '24', '24', 'M', ' 3:00 PM', 15, 0, 17, 30, None, None, None, None, None, None, None, 'Not Reserved']
['HON394', '90344', '15', '25', 'M', '12:00 PM', 12, 0, 12, 50, None, None, None, None, None, None, None, 'Reserved']
['HON394', '90345', '15', '25', 'F', '12:00 PM', 12, 0, 12, 50, None, None, None, None, None, None, None, 'Reserved']
['HON394', '90346', '2', '25', 'T', ' 3:00 PM', 15, 0, 15, 50, None, None, None, None, None, None, None, 'Reserved']
['HON394', '90468', '7', '25', 'T Th', ' 1:30 PM', 13, 30, 14, 45, None, None, None, None, None, None, None, 'Not Reserved']
['HON394', '90569', '22', '25', 'Th', ' 4:30 PM', 16, 30, 19, 15, None, None, None, None, None, None, None, 'Not Reserved']
['HON394', '90932', '1', '20', 'W', ' 3:00 PM', 15, 0, 17, 30, None, None, None, None, None, None, None, 'Not Reserved']
['HON394', '80597', '16', '16', 'W', ' 4:30 PM', 16, 30, 17, 20, None, None, None, None, None, None, None, 'Not Reserved']
['HON394', '80790', '37', '40', 'F', '10:30 AM', 10, 30, 11, 45, None, None, None, None, None, None, None, 'Not Reserved']
['HON394', '81233', '19', '19', 'F', ' 9:00 AM', 9, 0, 10, 15, None, None, None, None, None, None, None, 'Not Reserved']
['HON394', '87185', '9', '16', 'F', '12:00 PM', 12, 0, 13, 15, None, None, None, None, None, None, None, 'Not Reserved']
['HON394', '90242', '7', '19', 'F', '10:30 AM', 10, 30, 11, 45, None, None, None, None, None, None, None, 'Not Reserved']
['HON394', '90292', '7', '10', 'W', ' 4:30 PM', 16, 30, 19, 15, None, None, None, None, None, None, None, 'Not Reserved']
['HON394', '90775', '4', '20', 'W', '1:00PM', 13, 0, 15, 0, 'W', '1:00PM', 13, 0, '3:00PM', 15, 0, 'Not Reserved']
['HON394', '90582', '9', '24', 'W', ' 4:30 PM', 16, 30, 18, 10, None, None, None, None, None, None, None, 'Not Reserved']
['HON394', '90583', '17', '24', 'W', ' 3:00 PM', 15, 0, 16, 40, None, None, None, None, None, None, None, 'Not Reserved']
['HON394', '91071', '12', '20', 'W', ' 4:30 PM', 16, 30, 17, 45, None, None, None, None, None, None, None, 'Not Reserved']
['HON394', '90300', '4', '10', 'F', '12:00PM', 12, 0, 13, 15, '', '12:00AM', None, None, '12:00AM', None, None, 'Not Reserved']
['HON394', '90581', '1', '24', 'T', ' 4:30 PM', 16, 30, 17, 20, None, None, None, None, None, None, None, 'Not Reserved']
['HON394', '84369', '20', '24', 'M W', ' 6:00 PM', 18, 0, 18, 50, None, None, None, None, None, None, None, 'Not Reserved']
['HON447', '90096', '8', '10', 'T', '6:00PM', 18, 0, 21, 0, '', '', None, None, '', None, None, 'Not Reserved']
['HON484', '71380', '25', '25', 'W', '5:00PM', 17, 0, 19, 50, 'W', '5:00PM', 17, 0, '7:50PM', 19, 50, 'Not Reserved']
['HON484', '72951', '15', '15', 'ONLINE', None, None, None, None, None, None, None, None, None, None, None, None, 'Not Reserved']
['HON484', '80757', '25', '25', 'ONLINE', None, None, None, None, None, None, None, None, None, None, None, None, 'Not Reserved']
['HON492', '71381', '25', '25', 'ONLINE', None, None, None, None, None, None, None, None, None, None, None, None, 'Not Reserved']
['HON492', '74335', '4', '6', 'ONLINE', None, None, None, None, None, None, None, None, None, None, None, None, 'Not Reserved']
['HON492', '80765', '24', '25', 'ONLINE', None, None, None, None, None, None, None, None, None, None, None, None, 'Not Reserved']
['HON492', '78831', '25', '25', 'ONLINE', None, None, None, None, None, None, None, None, None, None, None, None, 'Not Reserved']
['HON493', '71382', '23', '25', 'ONLINE', None, None, None, None, None, None, None, None, None, None, None, None, 'Not Reserved']
['HON493', '74336', '5', '5', 'ONLINE', None, None, None, None, None, None, None, None, None, None, None, None, 'Not Reserved']
['HON493', '80766', '24', '25', 'ONLINE', None, None, None, None, None, None, None, None, None, None, None, None, 'Not Reserved']
['HON493', '78832', '16', '25', 'ONLINE', None, None, None, None, None, None, None, None, None, None, None, None, 'Not Reserved']
['HON494', '90570', '2', '15', 'T', ' 3:00 PM', 15, 0, 17, 45, None, None, None, None, None, None, None, 'Not Reserved']
['HON494', '83494', '10', '20', 'T Th', ' 3:00 PM', 15, 0, 16, 15, None, None, None, None, None, None, None, 'Not Reserved']
['HON494', '91532', '2', '5', 'T Th', ' 3:30 PM', 15, 30, 16, 55, None, None, None, None, None, None, None, 'Not Reserved']
['HON494', '91533', '4', '4', 'T Th', ' 8:30 AM', 8, 30, 9, 55, None, None, None, None, None, None, None, 'Not Reserved']
['HON494', '91537', '5', '5', 'M W', ' 1:30 PM', 13, 30, 14, 55, None, None, None, None, None, None, None, 'Not Reserved']
['HON494', '91538', '8', '10', 'M', ' 6:00 PM', 18, 0, 19, 55, None, None, None, None, None, None, None, 'Not Reserved']
['HON494', '91539', '2', '4', 'M W', '10:00 AM', 10, 0, 11, 25, None, None, None, None, None, None, None, 'Not Reserved']
['HON494', '91540', '3', '5', 'T', ' 3:30 PM', 15, 30, 17, 25, None, None, None, None, None, None, None, 'Not Reserved']
['HON494', '91541', '1', '8', 'T Th', ' 1:30 PM', 13, 30, 14, 55, None, None, None, None, None, None, None, 'Not Reserved']
['HON494', '91542', '4', '5', 'M', '10:00 AM', 10, 0, 11, 55, None, None, None, None, None, None, None, 'Not Reserved']
['HON494', '91543', '2', '5', 'T Th', '10:30 AM', 10, 30, 11, 55, None, None, None, None, None, None, None, 'Not Reserved']
['HON494', '80489', '1', '10', 'F', ' 2:15 PM', 14, 15, 17, 5, None, None, None, None, None, None, None, 'Not Reserved']
['HON494', '84398', '15', '20', 'W', '12:00 PM', 12, 0, 12, 50, None, None, None, None, None, None, None, 'Not Reserved']
['HON494', '91544', '8', '10', 'F', ' 8:30 AM', 8, 30, 11, 25, None, None, None, None, None, None, None, 'Not Reserved']
['HON494', '91545', '1', '3', 'T Th', '10:30 AM', 10, 30, 11, 55, None, None, None, None, None, None, None, 'Not Reserved']
['HON494', '91549', '3', '3', 'T', ' 9:00 AM', 9, 0, 9, 55, None, None, None, None, None, None, None, 'Not Reserved']
['HON494', '91551', '7', '10', 'T', ' 6:00 PM', 18, 0, 20, 55, None, None, None, None, None, None, None, 'Not Reserved']
['HON494', '91553', '9', '10', 'T Th', ' 3:30 PM', 15, 30, 16, 55, None, None, None, None, None, None, None, 'Not Reserved']
['HON494', '81337', '10', '10', 'ONLINE', None, None, None, None, None, None, None, None, None, None, None, None, 'Not Reserved']
['HON494', '90584', '11', '24', 'W', ' 4:30 PM', 16, 30, 18, 10, None, None, None, None, None, None, None, 'Not Reserved']
['HON494', '90585', '18', '24', 'T Th', ' 1:30 PM', 13, 30, 14, 20, None, None, None, None, None, None, None, 'Not Reserved']
['HON497', '72887', '4', '5', 'W', ' 3:00 PM', 15, 0, 17, 45, None, None, None, None, None, None, None, 'Not Reserved']
['HON497', '72904', '9', '16', 'T Th', ' 5:40 PM', 17, 40, 20, 30, None, None, None, None, None, None, None, 'Not Reserved']
['HON497', '72905', '7', '8', 'T Th', ' 5:40 PM', 17, 40, 20, 30, None, None, None, None, None, None, None, 'Not Reserved']
['HON498', '71383', '19', '19', 'ONLINE', None, None, None, None, None, None, None, None, None, None, None, None, 'Not Reserved']
['HON498', '74348', '19', '19', 'ONLINE', None, None, None, None, None, None, None, None, None, None, None, None, 'Not Reserved']
['HON498', '80767', '25', '25', 'ONLINE', None, None, None, None, None, None, None, None, None, None, None, None, 'Not Reserved']
['HON498', '80717', '20', '24', 'F', '10:30 AM', 10, 30, 12, 0, None, None, None, None, None, None, None, 'Not Reserved']
['HON498', '80773', '25', '25', 'ONLINE', None, None, None, None, None, None, None, None, None, None, None, None, 'Not Reserved']
['HON499', '72972', '15', '19', 'ONLINE', None, None, None, None, None, None, None, None, None, None, None, None, 'Not Reserved']
['HON499', '76595', '3', '3', 'ONLINE', None, None, None, None, None, None, None, None, None, None, None, None, 'Not Reserved']
['HON499', '72973', '17', '19', 'ONLINE', None, None, None, None, None, None, None, None, None, None, None, None, 'Not Reserved']
['HON499', '80853', '1', '1', 'ONLINE', None, None, None, None, None, None, None, None, None, None, None, None, 'Not Reserved']
['HON499', '80752', '18', '19', 'ONLINE', None, None, None, None, None, None, None, None, None, None, None, None, 'Not Reserved']
['HON499', '80772', '24', '25', 'ONLINE', None, None, None, None, None, None, None, None, None, None, None, None, 'Not Reserved']
Loading Subject:  HPS
Loading Subject:  HRC
['HRC200', '86267', '31', '40', 'ONLINE', None, None, None, None, None, None, None, None, None, None, None, None, 'Reserved']
['HRC310', '82807', '27', '40', 'T Th', '12:00 PM', 12, 0, 13, 15, None, None, None, None, None, None, None, 'Not Reserved']
Loading Subject:  HSC
['HSC210', '76392', '90', '100', 'M W', ' 4:30 PM', 16, 30, 17, 45, None, None, None, None, None, None, None, 'Not Reserved']
['HSC210', '76569', '43', '60', 'T Th', ' 3:00 PM', 15, 0, 16, 15, None, None, None, None, None, None, None, 'Not Reserved']
['HSC300', '75131', '44', '90', 'T Th', '12:00 PM', 12, 0, 13, 15, None, None, None, None, None, None, None, 'Not Reserved']
['HSC300', '81043', '92', '100', 'T Th', ' 4:30 PM', 16, 30, 17, 45, None, None, None, None, None, None, None, 'Not Reserved']
['HSC304', '90447', '8', '20', 'ONLINE', None, None, None, None, None, None, None, None, None, None, None, None, 'Reserved']
['HSC320', '75128', '6', '40', 'ONLINE', None, None, None, None, None, None, None, None, None, None, None, None, 'Reserved']
['HSC320', '85418', '4', '37', 'ONLINE', None, None, None, None, None, None, None, None, None, None, None, None, 'Reserved']
['HSC320', '82337', '23', '40', 'ONLINE', None, None, None, None, None, None, None, None, None, None, None, None, 'Reserved']
['HSC320', '77526', '27', '45', 'T Th', '10:30AM', 10, 30, 11, 45, '', '12:00AM', None, None, '12:00AM', None, None, 'Not Reserved']
['HSC320', '77981', '27', '40', 'ONLINE', None, None, None, None, None, None, None, None, None, None, None, None, 'Reserved']
['HSC330', '75936', '22', '28', 'T', '7:30AM', 7, 30, 8, 45, '', '', None, None, '', None, None, 'Not Reserved']
['HSC330', '84710', '7', '28', 'T', '9:00AM', 9, 0, 10, 15, '', '12:00AM', None, None, '12:00AM', None, None, 'Not Reserved']
['HSC332', '91600', '15', '20', 'ONLINE', None, None, None, None, None, None, None, None, None, None, None, None, 'Reserved']
['HSC332', '77626', '19', '25', 'Th', '7:30AM', 7, 30, 8, 45, '', '12:00AM', None, None, '12:00AM', None, None, 'Not Reserved']
['HSC332', '84711', '18', '28', 'Th', '9:00AM', 9, 0, 10, 15, '', '', None, None, '', None, None, 'Not Reserved']
['HSC340', '85763', '26', '40', 'ONLINE', None, None, None, None, None, None, None, None, None, None, None, None, 'Reserved']
['HSC340', '78998', '15', '40', 'ONLINE', None, None, None, None, None, None, None, None, None, None, None, None, 'Reserved']
['HSC394', '86341', '10', '40', 'ONLINE', None, None, None, None, None, None, None, None, None, None, None, None, 'Reserved']
['HSC394', '85469', '12', '12', 'ONLINE', None, None, None, None, None, None, None, None, None, None, None, None, 'Reserved']
['HSC400', '90940', '30', '40', 'ONLINE', None, None, None, None, None, None, None, None, None, None, None, None, 'Reserved']
['HSC410', '78967', '11', '22', 'ONLINE', None, None, None, None, None, None, None, None, None, None, None, None, 'Reserved']
['HSC412', '79231', '18', '40', 'ONLINE', None, None, None, None, None, None, None, None, None, None, None, None, 'Reserved']
['HSC420', '75129', '23', '50', 'T Th', ' 4:30 PM', 16, 30, 17, 45, None, None, None, None, None, None, None, 'Not Reserved']
['HSC420', '80432', '14', '50', 'T Th', ' 3:00 PM', 15, 0, 16, 15, None, None, None, None, None, None, None, 'Not Reserved']
['HSC432', '91602', '11', '20', 'ONLINE', None, None, None, None, None, None, None, None, None, None, None, None, 'Reserved']
['HSC432', '82339', '25', '50', 'M W F', ' 1:30 PM', 13, 30, 14, 20, None, None, None, None, None, None, None, 'Not Reserved']
['HSC440', '85513', '22', '30', 'T', ' 6:00 PM', 18, 0, 20, 45, None, None, None, None, None, None, None, 'Not Reserved']
['HSC484', '80483', '57', '60', 'ONLINE', None, None, None, None, None, None, None, None, None, None, None, None, 'Reserved']
['HSC492', '78183', '1', '1', 'ONLINE', None, None, None, None, None, None, None, None, None, None, None, None, 'Reserved']
['HSC494', '75906', '5', '5', 'ONLINE', None, None, None, None, None, None, None, None, None, None, None, None, 'Reserved']
['HSC499', '85929', '5', '5', 'ONLINE', None, None, None, None, None, None, None, None, None, None, None, None, 'Not Reserved']
Loading Subject:  HSD
Loading Subject:  HSM
Loading Subject:  HST
['HST100', '77185', '41', '60', 'M W F', '12:00 PM', 12, 0, 12, 50, None, None, None, None, None, None, None, 'Not Reserved']
['HST102', '86275', '41', '60', 'T Th', '10:30 AM', 10, 30, 11, 45, None, None, None, None, None, None, None, 'Not Reserved']
['HST110', '77607', '43', '60', 'ONLINE', None, None, None, None, None, None, None, None, None, None, None, None, 'Reserved']
['HST328', '91250', '25', '45', 'T Th', ' 4:30 PM', 16, 30, 17, 45, None, None, None, None, None, None, None, 'Not Reserved']
['HST347', '90866', '29', '45', 'M W', ' 3:00 PM', 15, 0, 16, 15, None, None, None, None, None, None, None, 'Not Reserved']
['HST350', '77608', '21', '45', 'T Th', '10:30 AM', 10, 30, 11, 45, None, None, None, None, None, None, None, 'Not Reserved']
['HST419', '91182', '36', '45', 'ONLINE', None, None, None, None, None, None, None, None, None, None, None, None, 'Not Reserved']
['HST430', '90839', '39', '45', 'T', ' 6:00 PM', 18, 0, 20, 45, None, None, None, None, None, None, None, 'Not Reserved']
['HST495', '78813', '21', '30', 'W', ' 6:00 PM', 18, 0, 20, 45, None, None, None, None, None, None, None, 'Not Reserved']
['HST495', '78814', '12', '30', 'Th', ' 4:30 PM', 16, 30, 19, 15, None, None, None, None, None, None, None, 'Not Reserved']
Loading Subject:  HTY
Loading Subject:  HUD
Loading Subject:  HUM
Loading Subject:  IAP
['IAP101', '71415', '47', '64', 'M W F', '12:00 PM', 12, 0, 12, 50, None, None, None, None, None, None, None, 'Not Reserved']
['IAP103', '74478', '22', '24', 'T Th', '10:30 AM', 10, 30, 11, 45, None, None, None, None, None, None, None, 'Not Reserved']
['IAP104', '74511', '13', '24', 'M W', ' 9:00 AM', 9, 0, 10, 15, None, None, None, None, None, None, None, 'Not Reserved']
['IAP201', '71416', '55', '64', 'T Th', '10:30 AM', 10, 30, 11, 45, None, None, None, None, None, None, None, 'Not Reserved']
['IAP294', '86215', '21', '24', 'M W', '10:30 AM', 10, 30, 11, 45, None, None, None, None, None, None, None, 'Not Reserved']
['IAP304', '71417', '51', '64', 'T Th', ' 1:30 PM', 13, 30, 14, 45, None, None, None, None, None, None, None, 'Not Reserved']
['IAP307', '86216', '42', '64', 'T', ' 4:30 PM', 16, 30, 19, 15, None, None, None, None, None, None, None, 'Not Reserved']
['IAP322', '77601', '16', '24', 'M', ' 6:00 PM', 18, 0, 20, 45, None, None, None, None, None, None, None, 'Not Reserved']
['IAP332', '90943', '12', '25', 'M W', ' 1:30 PM', 13, 30, 15, 0, None, None, None, None, None, None, None, 'Not Reserved']
['IAP334', '71418', '13', '24', 'M W', ' 3:00 PM', 15, 0, 16, 15, None, None, None, None, None, None, None, 'Not Reserved']
['IAP352', '86217', '19', '20', 'T Th', ' 9:00 AM', 9, 0, 10, 15, None, None, None, None, None, None, None, 'Not Reserved']
['IAP355', '84438', '15', '20', 'M W', ' 4:30 PM', 16, 30, 17, 45, None, None, None, None, None, None, None, 'Not Reserved']
['IAP375', '77224', '9', '25', 'W', ' 6:00 PM', 18, 0, 20, 45, None, None, None, None, None, None, None, 'Not Reserved']
['IAP394', '77215', '93', '150', 'ONLINE', None, None, None, None, None, None, None, None, None, None, None, None, 'Reserved']
['IAP394', '77218', '5', '15', 'T Th', '12:00 PM', 12, 0, 13, 15, None, None, None, None, None, None, None, 'Not Reserved']
['IAP394', '86218', '14', '20', 'T Th', '12:00 PM', 12, 0, 13, 15, None, None, None, None, None, None, None, 'Not Reserved']
['IAP433', '82325', '14', '17', 'T', ' 4:30 PM', 16, 30, 19, 15, None, None, None, None, None, None, None, 'Not Reserved']
['IAP462', '86219', '18', '19', 'W', ' 4:30 PM', 16, 30, 19, 15, None, None, None, None, None, None, None, 'Not Reserved']
['IAP466', '86220', '17', '24', 'M W', '12:00 PM', 12, 0, 13, 15, None, None, None, None, None, None, None, 'Not Reserved']
['IAP480', '76491', '20', '20', 'ONLINE', None, None, None, None, None, None, None, None, None, None, None, None, 'Not Reserved']
['IAP484', '76331', '10', '10', 'ONLINE', None, None, None, None, None, None, None, None, None, None, None, None, 'Not Reserved']
['IAP494', '77220', '9', '14', 'Th', ' 4:30 PM', 16, 30, 19, 15, None, None, None, None, None, None, None, 'Not Reserved']
['IAP494', '76564', '10', '10', 'ONLINE', None, None, None, None, None, None, None, None, None, None, None, None, 'Not Reserved']
['IAP494', '90901', '15', '15', 'ONLINE', None, None, None, None, None, None, None, None, None, None, None, None, 'Not Reserved']
['IAP499', '79220', '5', '5', 'ONLINE', None, None, None, None, None, None, None, None, None, None, None, None, 'Not Reserved']
['IAP499', '86222', '3', '5', 'ONLINE', None, None, None, None, None, None, None, None, None, None, None, None, 'Not Reserved']
Loading Subject:  IAS
['IAS191', '76227', '5', '15', 'T', '10:30 AM', 10, 30, 11, 45, None, None, None, None, None, None, None, 'Not Reserved']
['IAS191', '76228', '13', '15', 'Th', '10:30 AM', 10, 30, 11, 45, None, None, None, None, None, None, None, 'Not Reserved']
['IAS191', '78839', '11', '15', 'T', '10:30 AM', 10, 30, 11, 45, None, None, None, None, None, None, None, 'Not Reserved']
['IAS191', '76229', '15', '15', 'Th', '10:30 AM', 10, 30, 11, 45, None, None, None, None, None, None, None, 'Not Reserved']
['IAS191', '76230', '22', '22', 'T', ' 1:30 PM', 13, 30, 14, 45, None, None, None, None, None, None, None, 'Reserved']
['IAS191', '76231', '22', '22', 'Th', ' 1:30 PM', 13, 30, 14, 45, None, None, None, None, None, None, None, 'Reserved']
['IAS191', '76232', '12', '15', 'M', '10:30 AM', 10, 30, 11, 20, None, None, None, None, None, None, None, 'Not Reserved']
['IAS191', '76233', '10', '15', 'W', '10:30 AM', 10, 30, 11, 20, None, None, None, None, None, None, None, 'Not Reserved']
['IAS191', '80593', '13', '15', 'F', '10:30 AM', 10, 30, 11, 20, None, None, None, None, None, None, None, 'Not Reserved']
['IAS191', '83090', '15', '15', 'M', '10:30 AM', 10, 30, 11, 20, None, None, None, None, None, None, None, 'Not Reserved']
['IAS191', '86645', '15', '15', 'W', '10:30 AM', 10, 30, 11, 20, None, None, None, None, None, None, None, 'Not Reserved']
['IAS191', '86646', '15', '15', 'F', '10:30 AM', 10, 30, 11, 20, None, None, None, None, None, None, None, 'Not Reserved']
['IAS191', '89139', '50', '50', 'T', '10:30AM', 10, 30, 11, 45, '', '', None, None, '', None, None, 'Reserved']
['IAS194', '90759', '50', '50', 'Th', '10:30AM', 10, 30, 11, 45, '', '', None, None, '', None, None, 'Reserved']
['IAS210', '90755', '37', '40', 'T Th', ' 9:00 AM', 9, 0, 10, 15, None, None, None, None, None, None, None, 'Not Reserved']
['IAS225', '90754', '37', '40', 'T Th', ' 1:30 PM', 13, 30, 14, 45, None, None, None, None, None, None, None, 'Not Reserved']
['IAS294', '90313', '16', '20', 'W', '10:30AM', 10, 30, 12, 10, '', '', None, None, '', None, None, 'Not Reserved']
['IAS300', '71419', '44', '60', 'ONLINE', None, None, None, None, None, None, None, None, None, None, None, None, 'Reserved']
['IAS300', '90744', '55', '60', 'ONLINE', None, None, None, None, None, None, None, None, None, None, None, None, 'Reserved']
['IAS300', '90745', '34', '40', 'T Th', ' 6:00 PM', 18, 0, 19, 15, None, None, None, None, None, None, None, 'Not Reserved']
['IAS300', '90746', '25', '40', 'T Th', ' 9:00 AM', 9, 0, 10, 15, None, None, None, None, None, None, None, 'Not Reserved']
['IAS300', '90747', '15', '40', 'T Th', '10:30 AM', 10, 30, 11, 45, None, None, None, None, None, None, None, 'Not Reserved']
['IAS300', '90748', '28', '40', 'M W', ' 3:00 PM', 15, 0, 16, 15, None, None, None, None, None, None, None, 'Not Reserved']
['IAS340', '86228', '16', '20', 'W', ' 6:00 PM', 18, 0, 20, 45, None, None, None, None, None, None, None, 'Not Reserved']
['IAS394', '87116', '25', '25', 'F', '12:00 PM', 12, 0, 12, 50, None, None, None, None, None, None, None, 'Not Reserved']
['IAS406', '75669', '24', '30', 'M W', ' 3:00 PM', 15, 0, 16, 15, None, None, None, None, None, None, None, 'Not Reserved']
Loading Subject:  IBC
Loading Subject:  IDN
Loading Subject:  IED
Loading Subject:  IEE
Loading Subject:  IFT
Loading Subject:  IMD
Loading Subject:  IND
Loading Subject:  INT
Loading Subject:  ITA
Loading Subject:  JAC
Loading Subject:  JHR
Loading Subject:  JMC
['JMC101', '73806', '346', '375', 'ONLINE', None, None, None, None, None, None, None, None, None, None, None, None, 'Reserved']
['JMC110', '72863', '139', '141', 'M W', '12:00 PM', 12, 0, 13, 15, None, None, None, None, None, None, None, 'Reserved']
['JMC110', '72890', '141', '141', 'M W', ' 1:30 PM', 13, 30, 14, 45, None, None, None, None, None, None, None, 'Reserved']
['JMC110', '73397', '118', '141', 'T Th', '12:00 PM', 12, 0, 13, 15, None, None, None, None, None, None, None, 'Reserved']
['JMC120', '81251', '11', '20', 'M', '10:00 AM', 10, 0, 11, 50, None, None, None, None, None, None, None, 'Not Reserved']
['JMC120', '81252', '19', '20', 'Th', ' 6:00 PM', 18, 0, 19, 50, None, None, None, None, None, None, None, 'Not Reserved']
['JMC120', '81253', '19', '20', 'T', '10:00 AM', 10, 0, 11, 50, None, None, None, None, None, None, None, 'Not Reserved']
['JMC120', '81254', '16', '20', 'Th', ' 1:30 PM', 13, 30, 15, 20, None, None, None, None, None, None, None, 'Not Reserved']
['JMC194', '79895', '13', '20', 'F', '10:30 AM', 10, 30, 12, 20, None, None, None, None, None, None, None, 'Not Reserved']
['JMC194', '79896', '19', '20', 'F', '10:30 AM', 10, 30, 12, 20, None, None, None, None, None, None, None, 'Not Reserved']
['JMC201', '71475', '7', '20', 'M W', '10:00 AM', 10, 0, 11, 50, None, None, None, None, None, None, None, 'Not Reserved']
['JMC201', '74195', '16', '20', 'T Th', ' 7:30 AM', 7, 30, 9, 20, None, None, None, None, None, None, None, 'Not Reserved']
['JMC201', '86408', '13', '20', 'M W', ' 3:30 PM', 15, 30, 17, 20, None, None, None, None, None, None, None, 'Not Reserved']
['JMC201', '81260', '8', '20', 'T Th', ' 1:00 PM', 13, 0, 14, 50, None, None, None, None, None, None, None, 'Not Reserved']
['JMC294', '90599', '11', '20', 'T', ' 8:00 AM', 8, 0, 9, 50, None, None, None, None, None, None, None, 'Not Reserved']
['JMC294', '90600', '19', '20', 'T', ' 8:00 AM', 8, 0, 9, 50, None, None, None, None, None, None, None, 'Not Reserved']
['JMC301', '71477', '1', '20', 'T Th', ' 3:00 PM', 15, 0, 16, 50, None, None, None, None, None, None, None, 'Not Reserved']
['JMC301', '91663', '12', '20', 'T Th', '11:00 AM', 11, 0, 12, 50, None, None, None, None, None, None, None, 'Not Reserved']
['JMC302', '90268', '2', '20', 'T Th', ' 9:00 AM', 9, 0, 10, 50, None, None, None, None, None, None, None, 'Not Reserved']
['JMC310', '79632', '32', '80', 'M W', ' 3:00 PM', 15, 0, 16, 15, None, None, None, None, None, None, None, 'Not Reserved']
['JMC313', '73927', '9', '20', 'T Th', ' 6:00 PM', 18, 0, 19, 50, None, None, None, None, None, None, None, 'Not Reserved']
['JMC315', '90314', '4', '20', 'T Th', ' 6:30 PM', 18, 30, 20, 20, None, None, None, None, None, None, None, 'Not Reserved']
['JMC320', '90271', '9', '20', 'T Th', ' 7:30 AM', 7, 30, 9, 20, None, None, None, None, None, None, None, 'Not Reserved']
['JMC325', '74113', '15', '15', 'ONLINE', None, None, None, None, None, None, None, None, None, None, None, None, 'Not Reserved']
['JMC330', '77493', '1', '18', 'M W', ' 6:00 PM', 18, 0, 19, 50, None, None, None, None, None, None, None, 'Not Reserved']
['JMC331', '90303', '6', '20', 'M W', ' 8:00 AM', 8, 0, 9, 50, None, None, None, None, None, None, None, 'Not Reserved']
['JMC345', '71479', '2', '20', 'F', ' 9:00 AM', 9, 0, 12, 50, None, None, None, None, None, None, None, 'Not Reserved']
['JMC345', '77495', '7', '20', 'M W', ' 7:30 AM', 7, 30, 9, 20, None, None, None, None, None, None, None, 'Not Reserved']
['JMC346', '90269', '5', '20', 'T Th', ' 4:00 PM', 16, 0, 17, 50, None, None, None, None, None, None, None, 'Not Reserved']
['JMC352', '90302', '5', '20', 'F', ' 9:00 AM', 9, 0, 12, 50, None, None, None, None, None, None, None, 'Not Reserved']
['JMC366', '74974', '2', '55', 'T Th', '12:00 PM', 12, 0, 13, 15, None, None, None, None, None, None, None, 'Not Reserved']
['JMC366', '74976', '17', '56', 'T Th', ' 3:00 PM', 15, 0, 16, 15, None, None, None, None, None, None, None, 'Not Reserved']
['JMC366', '76314', '8', '56', 'M W', ' 9:00 AM', 9, 0, 10, 15, None, None, None, None, None, None, None, 'Not Reserved']
['JMC367', '90321', '14', '40', 'T Th', '12:00 PM', 12, 0, 13, 15, None, None, None, None, None, None, None, 'Not Reserved']
['JMC402', '82895', '66', '150', 'ONLINE', None, None, None, None, None, None, None, None, None, None, None, None, 'Reserved']
['JMC402', '81255', '75', '142', 'T Th', ' 3:00 PM', 15, 0, 16, 15, None, None, None, None, None, None, None, 'Not Reserved']
['JMC414', '74981', '3', '20', 'M W', ' 6:00 PM', 18, 0, 19, 50, None, None, None, None, None, None, None, 'Not Reserved']
['JMC415', '79787', '10', '20', 'M W', ' 9:00 AM', 9, 0, 10, 50, None, None, None, None, None, None, None, 'Not Reserved']
['JMC417', '82871', '3', '35', 'M', ' 8:30 AM', 8, 30, 10, 20, None, None, None, None, None, None, None, 'Not Reserved']
['JMC417', '82873', '3', '12', 'T Th', ' 9:00 AM', 9, 0, 12, 0, None, None, None, None, None, None, None, 'Not Reserved']
['JMC436', '90561', '14', '40', 'T Th', ' 9:00 AM', 9, 0, 10, 50, None, None, None, None, None, None, None, 'Not Reserved']
['JMC437', '73886', '3', '20', 'M W', ' 1:30 PM', 13, 30, 15, 20, None, None, None, None, None, None, None, 'Not Reserved']
['JMC440', '73520', '5', '20', 'M W', ' 1:30 PM', 13, 30, 15, 20, None, None, None, None, None, None, None, 'Not Reserved']
['JMC450', '83063', '16', '30', 'ONLINE', None, None, None, None, None, 'M', None, None, None, None, None, None, 'Reserved']
['JMC451', '73888', '12', '20', 'M W', '10:00 AM', 10, 0, 11, 50, None, None, None, None, None, None, None, 'Not Reserved']
['JMC452', '90798', '17', '20', 'F', ' 9:00 AM', 9, 0, 12, 50, None, None, None, None, None, None, None, 'Not Reserved']
['JMC453', '79328', '9', '12', 'M W', '12:00 PM', 12, 0, 13, 50, None, None, None, None, None, None, None, 'Not Reserved']
['JMC455', '79341', '1', '10', 'T Th', ' 4:30 PM', 16, 30, 18, 20, None, None, None, None, None, None, None, 'Not Reserved']
['JMC460', '75036', '7', '20', 'F', ' 9:00 AM', 9, 0, 12, 50, None, None, None, None, None, None, None, 'Not Reserved']
['JMC460', '77463', '7', '20', 'M W', ' 8:00 AM', 8, 0, 9, 50, None, None, None, None, None, None, None, 'Not Reserved']
['JMC465', '90337', '9', '15', 'T Th', ' 2:00 PM', 14, 0, 15, 50, None, None, None, None, None, None, None, 'Not Reserved']
['JMC470', '79880', '12', '15', 'M W', '11:30 AM', 11, 30, 13, 20, None, None, None, None, None, None, None, 'Not Reserved']
['JMC473', '73807', '3', '55', 'T Th', ' 3:00 PM', 15, 0, 16, 15, None, None, None, None, None, None, None, 'Not Reserved']
['JMC475', '73928', '37', '50', 'ONLINE', None, None, None, None, None, None, None, None, None, None, None, None, 'Not Reserved']
['JMC476', '79338', '10', '10', 'ONLINE', None, None, None, None, None, None, None, None, None, None, None, None, 'Not Reserved']
['JMC477', '79329', '5', '5', 'ONLINE', None, None, None, None, None, None, None, None, None, None, None, None, 'Not Reserved']
['JMC478', '73808', '16', '20', 'ONLINE', None, None, None, None, None, None, None, None, None, None, None, None, 'Not Reserved']
['JMC478', '76312', '15', '15', 'ONLINE', None, None, None, None, None, None, None, None, None, None, None, None, 'Not Reserved']
['JMC478', '82939', '18', '20', 'ONLINE', None, None, None, None, None, None, None, None, None, None, None, None, 'Not Reserved']
['JMC478', '90368', '10', '20', 'ONLINE', None, None, None, None, None, None, None, None, None, None, None, None, 'Not Reserved']
['JMC478', '90369', '15', '20', 'ONLINE', None, None, None, None, None, None, None, None, None, None, None, None, 'Not Reserved']
['JMC478', '90370', '29', '30', 'ONLINE', None, None, None, None, None, None, None, None, None, None, None, None, 'Not Reserved']
['JMC484', '79701', '140', '140', 'ONLINE', None, None, None, None, None, None, None, None, None, None, None, None, 'Reserved']
['JMC485', '91329', '18', '20', 'ONLINE', None, None, None, None, None, None, None, None, None, None, None, None, 'Not Reserved']
['JMC494', '82949', '6', '10', 'T Th', ' 8:00 AM', 8, 0, 9, 50, None, None, None, None, None, None, None, 'Not Reserved']
['JMC494', '90597', '10', '15', 'F', ' 9:00 AM', 9, 0, 12, 50, None, None, None, None, None, None, None, 'Not Reserved']
['JMC494', '79925', '3', '7', 'F', ' 9:00 AM', 9, 0, 12, 50, None, None, None, None, None, None, None, 'Not Reserved']
['JMC494', '77501', '6', '12', 'T Th', '11:30 AM', 11, 30, 13, 20, None, None, None, None, None, None, None, 'Not Reserved']
['JMC494', '83983', '15', '15', 'T Th', ' 4:30 PM', 16, 30, 17, 45, None, None, None, None, None, None, None, 'Not Reserved']
['JMC494', '90621', '1', '2', 'W', ' 9:00 AM', 9, 0, 11, 45, None, None, None, None, None, None, None, 'Not Reserved']
['JMC499', '71483', '5', '5', 'ONLINE', None, None, None, None, None, None, None, None, None, None, None, None, 'Not Reserved']
Loading Subject:  JPN
Loading Subject:  JST
Loading Subject:  JUS
Loading Subject:  KIN
['KIN101', '75435', '17', '36', 'T Th', ' 1:30 PM', 13, 30, 14, 45, None, None, None, None, None, None, None, 'Reserved']
['KIN101', '86354', '22', '36', 'M W F', '10:30 AM', 10, 30, 11, 20, None, None, None, None, None, None, None, 'Reserved']
['KIN101', '88632', '75', '75', 'M W F', '1:30PM', 13, 30, 14, 45, '', '', None, None, '', None, None, 'Reserved']
['KIN335', '82040', '14', '80', 'M W', ' 3:00 PM', 15, 0, 16, 15, None, None, None, None, None, None, None, 'Reserved']
['KIN340', '82041', '9', '80', 'T Th', '12:00 PM', 12, 0, 13, 15, None, None, None, None, None, None, None, 'Reserved']
['KIN345', '78164', '33', '84', 'T Th', '12:00 PM', 12, 0, 13, 15, None, None, None, None, None, None, None, 'Reserved']
['KIN460', '86360', '1', '24', 'M W F', '12:00 PM', 12, 0, 12, 50, None, None, None, None, None, None, None, 'Not Reserved']
['KIN484', '82046', '6', '30', 'M W F', '12:00PM', 12, 0, 12, 50, '', '', None, None, '', None, None, 'Reserved']
['KIN492', '80259', '25', '25', 'ONLINE', None, None, None, None, None, None, None, None, None, None, None, None, 'Not Reserved']
['KIN492', '80965', '23', '25', 'ONLINE', None, None, None, None, None, None, None, None, None, None, None, None, 'Not Reserved']
['KIN493', '82047', '25', '25', 'ONLINE', None, None, None, None, None, None, None, None, None, None, None, None, 'Not Reserved']
['KIN493', '82048', '25', '25', 'ONLINE', None, None, None, None, None, None, None, None, None, None, None, None, 'Not Reserved']
['KIN494', '91714', '25', '25', 'ONLINE', None, None, None, None, None, None, None, None, None, None, None, None, 'Not Reserved']
['KIN499', '79656', '22', '25', 'ONLINE', None, None, None, None, None, None, None, None, None, None, None, None, 'Not Reserved']
['KIN499', '80683', '23', '25', 'ONLINE', None, None, None, None, None, None, None, None, None, None, None, None, 'Not Reserved']
['KIN547', '89070', '3', '5', 'T Th', ' 1:30 PM', 13, 30, 14, 45, None, None, None, None, None, None, None, 'Reserved']
Loading Subject:  KOR
Loading Subject:  LAA
Loading Subject:  LAP
Loading Subject:  LAS
Loading Subject:  LAT
Loading Subject:  LAW
['LAW210', '79031', '83', '200', 'M W', ' 9:00 AM', 9, 0, 10, 15, None, None, None, None, None, None, None, 'Not Reserved']
['LAW210', '87536', '39', '75', 'F', '9:00AM', 9, 0, 10, 15, '', '', None, None, '', None, None, 'Not Reserved']
['LAW310', '80367', '91', '150', 'M W', ' 3:00 PM', 15, 0, 16, 15, None, None, None, None, None, None, None, 'Not Reserved']
['LAW315', '90460', '52', '75', 'W', '6:00PM', 18, 0, 20, 45, '', '', None, None, '', None, None, 'Not Reserved']
['LAW515', '71530', '70', '70', 'T Th', ' 8:00 AM', 8, 0, 9, 55, None, None, None, None, None, None, None, 'Not Reserved']
['LAW515', '71531', '70', '70', 'W F', '10:00 AM', 10, 0, 11, 55, None, None, None, None, None, None, None, 'Not Reserved']
['LAW515', '71532', '60', '60', 'T Th', ' 1:30 PM', 13, 30, 15, 25, None, None, None, None, None, None, None, 'Not Reserved']
['LAW517', '71533', '59', '60', 'T Th', '10:00 AM', 10, 0, 11, 55, None, None, None, None, None, None, None, 'Not Reserved']
['LAW517', '71534', '69', '70', 'T Th', '10:00 AM', 10, 0, 11, 55, None, None, None, None, None, None, None, 'Not Reserved']
['LAW517', '71535', '70', '70', 'M W', ' 1:30 PM', 13, 30, 15, 25, None, None, None, None, None, None, None, 'Not Reserved']
['LAW518', '71536', '68', '70', 'M W', '10:00 AM', 10, 0, 11, 55, None, None, None, None, None, None, None, 'Not Reserved']
['LAW518', '71537', '59', '60', 'M W', ' 1:30 PM', 13, 30, 15, 25, None, None, None, None, None, None, None, 'Not Reserved']
['LAW518', '71538', '70', '70', 'T Th', ' 3:30 PM', 15, 30, 17, 25, None, None, None, None, None, None, None, 'Not Reserved']
['LAW519', '71523', '25', '25', 'W', ' 8:00 AM', 8, 0, 9, 55, None, None, None, None, None, None, None, 'Not Reserved']
['LAW519', '71524', '25', '25', 'F', '10:00 AM', 10, 0, 11, 55, None, None, None, None, None, None, None, 'Not Reserved']
['LAW519', '71525', '25', '25', 'F', '10:00 AM', 10, 0, 11, 55, None, None, None, None, None, None, None, 'Not Reserved']
['LAW519', '71526', '20', '20', 'T', ' 1:30 PM', 13, 30, 15, 25, None, None, None, None, None, None, None, 'Not Reserved']
['LAW519', '71527', '20', '20', 'Th', ' 1:30 PM', 13, 30, 15, 25, None, None, None, None, None, None, None, 'Not Reserved']
['LAW519', '71528', '25', '25', 'M', '10:00 AM', 10, 0, 11, 55, None, None, None, None, None, None, None, 'Not Reserved']
['LAW519', '71529', '25', '25', 'T', '10:00 AM', 10, 0, 11, 55, None, None, None, None, None, None, None, 'Not Reserved']
['LAW519', '74127', '25', '25', 'W', '10:00 AM', 10, 0, 11, 55, None, None, None, None, None, None, None, 'Not Reserved']
['LAW519', '91324', '25', '25', 'W', ' 3:30 PM', 15, 30, 17, 25, None, None, None, None, None, None, None, 'Not Reserved']
['LAW581', '75127', '30', '30', 'ONLINE', None, None, None, None, None, None, None, None, None, None, None, None, 'Reserved']
['LAW585', '91308', '10', '10', 'T F', ' 8:00 AM', 8, 0, 9, 55, None, None, None, None, None, None, None, 'Reserved']
['LAW598', '77963', '21', '24', 'ONLINE', None, None, None, None, None, None, None, None, None, None, None, None, 'Reserved']
['LAW598', '77964', '24', '30', 'ONLINE', None, None, None, None, None, None, None, None, None, None, None, None, 'Reserved']
['LAW598', '84669', '20', '24', 'ONLINE', None, None, None, None, None, None, None, None, None, None, None, None, 'Reserved']
['LAW598', '84670', '20', '24', 'ONLINE', None, None, None, None, None, None, None, None, None, None, None, None, 'Reserved']
['LAW601', '77897', '37', '60', 'M W', ' 3:30 PM', 15, 30, 16, 55, None, None, None, None, None, None, None, 'Not Reserved']
['LAW604', '71544', '11', '90', 'T Th', '10:30 AM', 10, 30, 11, 55, None, None, None, None, None, None, None, 'Not Reserved']
['LAW605', '71545', '29', '80', 'M W', '10:30 AM', 10, 30, 11, 55, None, None, None, None, None, None, None, 'Not Reserved']
['LAW606', '76363', '50', '80', 'T Th', ' 1:30 PM', 13, 30, 15, 25, None, None, None, None, None, None, None, 'Not Reserved']
['LAW610', '91311', '21', '30', 'M', ' 3:30 PM', 15, 30, 17, 25, None, None, None, None, None, None, None, 'Not Reserved']
['LAW611', '71546', '15', '25', 'Th', ' 1:30 PM', 13, 30, 15, 25, None, None, None, None, None, None, None, 'Not Reserved']
['LAW612', '80362', '11', '90', 'M W', ' 3:30 PM', 15, 30, 16, 55, None, None, None, None, None, None, None, 'Not Reserved']
['LAW614', '91312', '1', '25', 'M', '10:00 AM', 10, 0, 11, 55, None, None, None, None, None, None, None, 'Not Reserved']
['LAW615', '74143', '7', '35', 'T Th', '10:30 AM', 10, 30, 11, 55, None, None, None, None, None, None, None, 'Not Reserved']
['LAW616', '91313', '3', '25', 'T Th', ' 1:30 PM', 13, 30, 14, 55, None, None, None, None, None, None, None, 'Not Reserved']
['LAW624', '91314', '43', '60', 'F', ' 8:00 AM', 8, 0, 9, 55, None, None, None, None, None, None, None, 'Not Reserved']
['LAW625', '71548', '9', '90', 'M W', ' 1:30 PM', 13, 30, 15, 25, None, None, None, None, None, None, None, 'Not Reserved']
['LAW626', '84132', '3', '16', 'Th', ' 1:30 PM', 13, 30, 15, 25, None, None, None, None, None, None, None, 'Reserved']
['LAW626', '91315', '3', '16', 'W', '10:00 AM', 10, 0, 11, 55, None, None, None, None, None, None, None, 'Not Reserved']
['LAW632', '71549', '23', '40', 'M W', '10:00 AM', 10, 0, 11, 25, None, None, None, None, None, None, None, 'Not Reserved']
['LAW638', '71551', '35', '35', 'T Th', ' 8:30 AM', 8, 30, 9, 55, None, None, None, None, None, None, None, 'Not Reserved']
['LAW643', '71553', '2', '70', 'T Th', ' 3:30 PM', 15, 30, 16, 55, None, None, None, None, None, None, None, 'Not Reserved']
['LAW645', '74134', '40', '50', 'T Th', ' 3:30 PM', 15, 30, 16, 55, None, None, None, None, None, None, None, 'Not Reserved']
['LAW646', '74135', '28', '40', 'M W', ' 1:30 PM', 13, 30, 14, 55, None, None, None, None, None, None, None, 'Not Reserved']
['LAW650', '91342', '17', '50', 'T Th', ' 1:30 PM', 13, 30, 14, 55, None, None, None, None, None, None, None, 'Not Reserved']
['LAW653', '91317', '1', '18', 'M', ' 1:30 PM', 13, 30, 16, 25, None, None, None, None, None, None, None, 'Not Reserved']
['LAW654', '71554', '21', '65', 'T Th', ' 1:30 PM', 13, 30, 15, 25, None, None, None, None, None, None, None, 'Not Reserved']
['LAW657', '77845', '21', '50', 'F', ' 8:30 AM', 8, 30, 11, 25, None, None, None, None, None, None, None, 'Not Reserved']
['LAW664', '82989', '32', '60', 'T Th', ' 3:30 PM', 15, 30, 16, 55, None, None, None, None, None, None, None, 'Not Reserved']
['LAW667', '76371', '29', '50', 'M', ' 6:00 PM', 18, 0, 19, 55, None, None, None, None, None, None, None, 'Not Reserved']
['LAW691', '74129', '19', '40', 'T Th', ' 3:30 PM', 15, 30, 16, 55, None, None, None, None, None, None, None, 'Not Reserved']
['LAW691', '71539', '5', '17', 'M', ' 5:00 PM', 17, 0, 18, 55, None, None, None, None, None, None, None, 'Not Reserved']
['LAW691', '74130', '35', '40', 'W', ' 3:30 PM', 15, 30, 17, 25, None, None, None, None, None, None, None, 'Not Reserved']
['LAW691', '71542', '19', '30', 'T', ' 5:30 PM', 17, 30, 19, 25, None, None, None, None, None, None, None, 'Not Reserved']
['LAW691', '71543', '14', '50', 'M W', ' 1:30 PM', 13, 30, 14, 55, None, None, None, None, None, None, None, 'Not Reserved']
['LAW691', '74137', '15', '30', 'M', ' 3:30 PM', 15, 30, 17, 25, None, None, None, None, None, None, None, 'Not Reserved']
['LAW691', '76373', '5', '18', 'Th', ' 9:00 AM', 9, 0, 9, 55, None, None, None, None, None, None, None, 'Not Reserved']
['LAW691', '77862', '10', '16', 'T', ' 5:00 PM', 17, 0, 18, 55, None, None, None, None, None, None, None, 'Not Reserved']
['LAW691', '80377', '9', '15', 'T', ' 9:00 AM', 9, 0, 9, 55, None, None, None, None, None, None, None, 'Not Reserved']
['LAW691', '82987', '12', '25', 'M', ' 1:30 PM', 13, 30, 16, 25, None, None, None, None, None, None, None, 'Not Reserved']
['LAW691', '83195', '4', '16', 'W', ' 6:00 PM', 18, 0, 19, 55, None, None, None, None, None, None, None, 'Not Reserved']
['LAW715', '76374', '45', '70', 'T', ' 6:00 PM', 18, 0, 20, 55, None, None, None, None, None, None, None, 'Not Reserved']
['LAW734', '91348', '2', '16', 'M', ' 1:30 PM', 13, 30, 15, 25, None, None, None, None, None, None, None, 'Not Reserved']
['LAW735', '73534', '20', '20', 'ONLINE', None, None, None, None, None, None, None, None, None, None, None, None, 'Not Reserved']
['LAW735', '75358', '24', '30', 'ONLINE', None, None, None, None, None, None, None, None, None, None, None, None, 'Not Reserved']
['LAW745', '91349', '1', '15', 'W', '10:00 AM', 10, 0, 11, 55, None, None, None, None, None, None, None, 'Not Reserved']
['LAW770', '71556', '44', '70', 'ONLINE', None, None, None, None, None, None, None, None, None, None, None, None, 'Not Reserved']
['LAW771', '71557', '63', '70', 'ONLINE', None, None, None, None, None, None, None, None, None, None, None, None, 'Not Reserved']
['LAW772', '71558', '5', '10', 'T', ' 7:00 PM', 19, 0, 20, 55, None, None, None, None, None, None, None, 'Not Reserved']
['LAW774', '71559', '8', '15', 'W', ' 6:00 PM', 18, 0, 19, 55, None, None, None, None, None, None, None, 'Not Reserved']
['LAW775', '74132', '7', '15', 'M W', ' 1:30 PM', 13, 30, 15, 25, None, None, None, None, None, None, None, 'Not Reserved']
['LAW776', '73530', '7', '10', 'M W', '1:30PM', 13, 30, 15, 25, 'F', '9:00AM', 9, 0, '10:55AM', 10, 55, 'Not Reserved']
['LAW777', '73532', '12', '20', 'M', ' 4:30 PM', 16, 30, 18, 25, None, None, None, None, None, None, None, 'Not Reserved']
['LAW778', '77617', '7', '10', 'M W F', '10:00 AM', 10, 0, 11, 55, None, None, None, None, None, None, None, 'Not Reserved']
['LAW781', '71560', '47', '50', 'ONLINE', None, None, None, None, None, None, None, None, None, None, None, None, 'Not Reserved']
['LAW785', '71561', '105', '150', 'ONLINE', None, None, None, None, None, None, None, None, None, None, None, None, 'Not Reserved']
['LAW785', '75122', '49', '50', 'ONLINE', None, None, None, None, None, None, None, None, None, None, None, None, 'Not Reserved']
['LAW791', '77831', '20', '35', 'T', ' 3:30 PM', 15, 30, 17, 30, None, None, None, None, None, None, None, 'Not Reserved']
['LAW791', '77833', '13', '16', 'T', '10:00 AM', 10, 0, 12, 0, None, None, None, None, None, None, None, 'Not Reserved']
['LAW791', '77834', '6', '15', 'W', ' 4:00 PM', 16, 0, 18, 0, None, None, None, None, None, None, None, 'Not Reserved']
['LAW791', '77836', '5', '16', 'M', '10:00 AM', 10, 0, 12, 0, None, None, None, None, None, None, None, 'Not Reserved']
['LAW791', '77848', '15', '16', 'Th', ' 7:55 AM', 7, 55, 9, 55, None, None, None, None, None, None, None, 'Not Reserved']
['LAW791', '79775', '10', '16', 'W', ' 4:00 PM', 16, 0, 18, 0, None, None, None, None, None, None, None, 'Not Reserved']
['LAW791', '71562', '15', '18', 'M', '10:00 AM', 10, 0, 11, 55, None, None, None, None, None, None, None, 'Not Reserved']
['LAW791', '71563', '1', '15', 'W', ' 1:30 PM', 13, 30, 15, 25, None, None, None, None, None, None, None, 'Not Reserved']
['LAW791', '74158', '10', '16', 'M', ' 4:00 PM', 16, 0, 17, 55, None, None, None, None, None, None, None, 'Not Reserved']
['LAW791', '71565', '8', '16', 'W', ' 8:15 AM', 8, 15, 9, 55, None, None, None, None, None, None, None, 'Not Reserved']
['LAW791', '71566', '2', '16', 'T', '10:00 AM', 10, 0, 11, 55, None, None, None, None, None, None, None, 'Not Reserved']
['LAW791', '71567', '9', '16', 'ONLINE', None, None, None, None, None, None, None, None, None, None, None, None, 'Not Reserved']
['LAW791', '71569', '19', '20', 'ONLINE', None, None, None, None, None, None, None, None, None, None, None, None, 'Not Reserved']
['LAW791', '71570', '19', '20', 'M', ' 4:30 PM', 16, 30, 18, 25, None, None, None, None, None, None, None, 'Not Reserved']
['LAW791', '71571', '15', '16', 'ONLINE', None, None, None, None, None, None, None, None, None, None, None, None, 'Not Reserved']
['LAW791', '71572', '9', '16', 'W', ' 3:30 PM', 15, 30, 17, 25, None, None, None, None, None, None, None, 'Not Reserved']
['LAW791', '71573', '17', '20', 'ONLINE', None, None, None, None, None, None, None, None, None, None, None, None, 'Not Reserved']
['LAW791', '91326', '21', '30', 'ONLINE', None, None, None, None, None, None, None, None, None, None, None, None, 'Not Reserved']
['LAW791', '71574', '11', '20', 'T Th', '1:30PM', 13, 30, 15, 25, 'W', '1:30PM', 13, 30, '3:25PM', 15, 25, 'Not Reserved']
['LAW791', '71576', '12', '16', 'T F', '10:00 AM', 10, 0, 11, 55, None, None, None, None, None, None, None, 'Not Reserved']
['LAW791', '75123', '15', '16', 'T Th', ' 3:30 PM', 15, 30, 17, 25, None, None, None, None, None, None, None, 'Not Reserved']
['LAW791', '75124', '11', '12', 'ONLINE', None, None, None, None, None, None, None, None, None, None, None, None, 'Not Reserved']
['LAW791', '75125', '11', '16', 'ONLINE', None, None, None, None, None, None, None, None, None, None, None, None, 'Not Reserved']
['LAW791', '76391', '13', '16', 'M', ' 4:00 PM', 16, 0, 17, 55, None, None, None, None, None, None, None, 'Not Reserved']
['LAW791', '76413', '9', '15', 'W', ' 1:30 PM', 13, 30, 15, 25, None, None, None, None, None, None, None, 'Not Reserved']
['LAW791', '83188', '2', '16', 'Th', ' 4:00 PM', 16, 0, 17, 55, None, None, None, None, None, None, None, 'Not Reserved']
['LAW791', '76448', '20', '20', 'ONLINE', None, None, None, None, None, None, None, None, None, None, None, None, 'Not Reserved']
['LAW791', '76507', '29', '30', 'ONLINE', None, None, None, None, None, None, None, None, None, None, None, None, 'Not Reserved']
['LAW791', '77863', '5', '5', 'ONLINE', None, None, None, None, None, None, None, None, None, None, None, None, 'Not Reserved']
['LAW791', '77864', '5', '5', 'ONLINE', None, None, None, None, None, None, None, None, None, None, None, None, 'Not Reserved']
['LAW791', '91412', '5', '5', 'ONLINE', None, None, None, None, None, None, None, None, None, None, None, None, 'Not Reserved']
['LAW791', '91413', '5', '5', 'ONLINE', None, None, None, None, None, None, None, None, None, None, None, None, 'Not Reserved']
['LAW791', '80613', '30', '30', 'ONLINE', None, None, None, None, None, None, None, None, None, None, None, None, 'Not Reserved']
['LAW795', '75380', '28', '30', 'ONLINE', None, None, None, None, None, None, None, None, None, None, None, None, 'Not Reserved']
['LAW797', '75325', '30', '30', 'ONLINE', None, None, None, None, None, None, None, None, None, None, None, None, 'Not Reserved']
Loading Subject:  LDE
Loading Subject:  LES
Loading Subject:  LIA
Loading Subject:  LIN
Loading Subject:  LIS
Loading Subject:  LNP
Loading Subject:  LPH
Loading Subject:  LSC
Loading Subject:  LSE
['LSE591', '91042', '21', '21', 'W', ' 4:30 PM', 16, 30, 19, 15, None, None, None, None, None, None, None, 'Not Reserved']
Loading Subject:  LTC
Loading Subject:  MAE
Loading Subject:  MAK
Loading Subject:  MAS
Loading Subject:  MAT
Loading Subject:  MBB
Loading Subject:  MCB
Loading Subject:  MCE
Loading Subject:  MCO
['MCO120', '79729', '157', '200', 'ONLINE', None, None, None, None, None, None, None, None, None, None, None, None, 'Reserved']
['MCO120', '84552', '93', '100', 'ONLINE', None, None, None, None, None, None, None, None, None, None, None, None, 'Reserved']
['MCO194', '83269', '94', '100', 'ONLINE', None, None, None, None, None, None, None, None, None, None, None, None, 'Reserved']
['MCO194', '83270', '99', '100', 'ONLINE', None, None, None, None, None, None, None, None, None, None, None, None, 'Reserved']
['MCO240', '79736', '172', '200', 'ONLINE', None, None, None, None, None, None, None, None, None, None, None, None, 'Reserved']
['MCO294', '71693', '200', '200', 'ONLINE', None, None, None, None, None, None, None, None, None, None, None, None, 'Not Reserved']
['MCO418', '79725', '169', '200', 'ONLINE', None, None, None, None, None, None, None, None, None, None, None, None, 'Reserved']
['MCO425', '91050', '87', '100', 'ONLINE', None, None, None, None, None, None, None, None, None, None, None, None, 'Reserved']
['MCO435', '79778', '116', '200', 'ONLINE', None, None, None, None, None, None, None, None, None, None, None, None, 'Reserved']
['MCO450', '79732', '152', '200', 'ONLINE', None, None, None, None, None, None, None, None, None, None, None, None, 'Reserved']
['MCO456', '83460', '181', '200', 'ONLINE', None, None, None, None, None, None, None, None, None, None, None, None, 'Reserved']
['MCO460', '74754', '177', '200', 'ONLINE', None, None, None, None, None, None, None, None, None, None, None, None, 'Reserved']
['MCO465', '80477', '122', '200', 'ONLINE', None, None, None, None, None, None, None, None, None, None, None, None, 'Reserved']
['MCO473', '79734', '116', '200', 'ONLINE', None, None, None, None, None, None, None, None, None, None, None, None, 'Reserved']
['MCO492', '71689', '8', '10', 'ONLINE', None, None, None, None, None, None, None, None, None, None, None, None, 'Not Reserved']
['MCO493', '71690', '15', '15', 'ONLINE', None, None, None, None, None, None, None, None, None, None, None, None, 'Not Reserved']
['MCO494', '87030', '95', '100', 'ONLINE', None, None, None, None, None, None, None, None, None, None, None, None, 'Reserved']
['MCO502', '77189', '8', '15', 'M T W Th', ' 8:00 AM', 8, 0, 12, 50, None, None, None, None, None, None, None, 'Not Reserved']
['MCO503', '82897', '76', '100', 'ONLINE', None, None, None, None, None, None, None, None, None, None, None, None, 'Reserved']
['MCO503', '82898', '13', '24', 'Th', ' 6:00 PM', 18, 0, 20, 20, None, None, None, None, None, None, None, 'Not Reserved']
['MCO505', '82941', '3', '5', 'M W', '11:30 AM', 11, 30, 13, 20, None, None, None, None, None, None, None, 'Not Reserved']
['MCO510', '84062', '19', '20', 'T Th', ' 4:00 PM', 16, 0, 17, 50, None, None, None, None, None, None, None, 'Not Reserved']
['MCO515', '77193', '2', '10', 'T Th', ' 4:30 PM', 16, 30, 18, 20, None, None, None, None, None, None, None, 'Not Reserved']
['MCO525', '91658', '41', '50', 'F', ' 9:00 AM', 9, 0, 11, 50, None, None, None, None, None, None, None, 'Not Reserved']
['MCO550', '83066', '4', '15', 'ONLINE', None, None, None, None, None, 'M', None, None, None, None, None, None, 'Reserved']
['MCO553', '79327', '3', '8', 'M W', '12:00 PM', 12, 0, 13, 50, None, None, None, None, None, None, None, 'Not Reserved']
['MCO570', '75363', '14', '15', 'ONLINE', None, None, None, None, None, None, None, None, None, None, None, None, 'Not Reserved']
['MCO570', '75364', '13', '15', 'ONLINE', None, None, None, None, None, None, None, None, None, None, None, None, 'Not Reserved']
['MCO570', '75365', '10', '15', 'ONLINE', None, None, None, None, None, None, None, None, None, None, None, None, 'Not Reserved']
['MCO570', '76221', '14', '15', 'ONLINE', None, None, None, None, None, None, None, None, None, None, None, None, 'Not Reserved']
['MCO570', '76311', '13', '15', 'ONLINE', None, None, None, None, None, None, None, None, None, None, None, None, 'Not Reserved']
['MCO570', '82950', '11', '15', 'ONLINE', None, None, None, None, None, None, None, None, None, None, None, None, 'Not Reserved']
['MCO570', '87033', '13', '15', 'ONLINE', None, None, None, None, None, None, None, None, None, None, None, None, 'Not Reserved']
['MCO570', '83009', '12', '15', 'ONLINE', None, None, None, None, None, None, None, None, None, None, None, None, 'Not Reserved']
['MCO570', '87034', '11', '15', 'ONLINE', None, None, None, None, None, None, None, None, None, None, None, None, 'Not Reserved']
['MCO570', '90371', '14', '15', 'ONLINE', None, None, None, None, None, None, None, None, None, None, None, None, 'Not Reserved']
['MCO580', '71691', '15', '15', 'ONLINE', None, None, None, None, None, None, None, None, None, None, None, None, 'Not Reserved']
['MCO584', '71692', '15', '15', 'ONLINE', None, None, None, None, None, None, None, None, None, None, None, None, 'Not Reserved']
['MCO590', '71694', '4', '5', 'ONLINE', None, None, None, None, None, None, None, None, None, None, None, None, 'Not Reserved']
['MCO593', '80363', '5', '5', 'ONLINE', None, None, None, None, None, None, None, None, None, None, None, None, 'Not Reserved']
['MCO598', '79660', '5', '5', 'ONLINE', None, None, None, None, None, None, None, None, None, None, None, None, 'Reserved']
['MCO598', '79704', '5', '5', 'ONLINE', None, None, None, None, None, None, None, None, None, None, None, None, 'Reserved']
['MCO598', '73467', '8', '30', 'ONLINE', None, None, None, None, None, None, None, None, None, None, None, None, 'Not Reserved']
['MCO598', '77503', '2', '3', 'T Th', '11:30 AM', 11, 30, 13, 20, None, None, None, None, None, None, None, 'Not Reserved']
['MCO598', '90598', '4', '5', 'F', ' 9:00 AM', 9, 0, 12, 50, None, None, None, None, None, None, None, 'Not Reserved']
['MCO598', '73578', '17', '17', 'ONLINE', None, None, None, None, None, None, None, None, None, None, None, None, 'Not Reserved']
['MCO598', '76165', '14', '20', 'M', ' 1:30 PM', 13, 30, 16, 20, None, None, None, None, None, None, None, 'Not Reserved']
['MCO598', '83393', '4', '10', 'T Th', ' 8:00 AM', 8, 0, 9, 50, None, None, None, None, None, None, None, 'Not Reserved']
['MCO598', '80526', '3', '3', 'F', ' 9:00 AM', 9, 0, 12, 50, None, None, None, None, None, None, None, 'Not Reserved']
['MCO598', '83567', '18', '18', 'ONLINE', None, None, None, None, None, None, None, None, None, None, None, None, 'Not Reserved']
['MCO598', '84019', '5', '9', 'T Th', ' 4:30 PM', 16, 30, 17, 45, None, None, None, None, None, None, None, 'Not Reserved']
['MCO710', '75897', '9', '10', 'M', ' 6:00 PM', 18, 0, 20, 45, None, None, None, None, None, None, None, 'Not Reserved']
['MCO720', '75900', '9', '10', 'T', ' 6:00 PM', 18, 0, 20, 45, None, None, None, None, None, None, None, 'Not Reserved']
['MCO722', '77205', '4', '10', 'W', ' 6:30 PM', 18, 30, 21, 15, None, None, None, None, None, None, None, 'Not Reserved']
['MCO755', '76386', '9', '10', 'ONLINE', None, None, None, None, None, None, None, None, None, None, None, None, 'Not Reserved']
['MCO790', '80984', '1', '1', 'ONLINE', None, None, None, None, None, None, None, None, None, None, None, None, 'Not Reserved']
['MCO792', '78111', '9', '10', 'ONLINE', None, None, None, None, None, None, None, None, None, None, None, None, 'Not Reserved']
['MCO799', '78112', '10', '10', 'ONLINE', None, None, None, None, None, None, None, None, None, None, None, None, 'Not Reserved']
Loading Subject:  MDC
Loading Subject:  MDL
['MDL450', '76709', '8', '20', 'M', ' 8:00 AM', 8, 0, 16, 0, None, None, None, None, None, None, None, 'Not Reserved']
['MDL460', '76710', '8', '20', 'M', ' 8:00 AM', 8, 0, 16, 0, None, None, None, None, None, None, None, 'Not Reserved']
Loading Subject:  MED
['MED100', '82860', '129', '150', 'T', ' 4:30 PM', 16, 30, 17, 45, None, None, None, None, None, None, None, 'Reserved']
['MED484', '91624', '5', '5', 'ONLINE', None, None, None, None, None, None, None, None, None, None, None, None, 'Reserved']
Loading Subject:  MEE
Loading Subject:  MET
Loading Subject:  MFG
Loading Subject:  MGT
Loading Subject:  MHI
Loading Subject:  MHL
Loading Subject:  MIC
Loading Subject:  MIS
Loading Subject:  MKT
Loading Subject:  MLS
Loading Subject:  MPH
Loading Subject:  MSC
Loading Subject:  MSE
Loading Subject:  MSI
Loading Subject:  MTC
Loading Subject:  MTE
['MTE280', '79847', '1', '32', 'M W', ' 3:00 PM', 15, 0, 16, 15, None, None, None, None, None, None, None, 'Not Reserved']
['MTE280', '79848', '23', '32', 'M', ' 4:30 PM', 16, 30, 19, 15, None, None, None, None, None, None, None, 'Not Reserved']
['MTE280', '79849', '27', '34', 'M W', ' 3:00 PM', 15, 0, 16, 15, None, None, None, None, None, None, None, 'Not Reserved']
['MTE280', '79850', '17', '35', 'T Th', '12:00 PM', 12, 0, 13, 15, None, None, None, None, None, None, None, 'Not Reserved']
['MTE280', '80677', '21', '32', 'W', ' 4:30 PM', 16, 30, 19, 15, None, None, None, None, None, None, None, 'Not Reserved']
['MTE281', '79851', '19', '35', 'M W', ' 3:00 PM', 15, 0, 16, 15, None, None, None, None, None, None, None, 'Not Reserved']
['MTE281', '79853', '30', '35', 'M W F', '10:30 AM', 10, 30, 11, 20, None, None, None, None, None, None, None, 'Not Reserved']
['MTE281', '79938', '18', '35', 'M', ' 4:30 PM', 16, 30, 19, 15, None, None, None, None, None, None, None, 'Not Reserved']
Loading Subject:  MUD
Loading Subject:  MUE
Loading Subject:  MUP
Loading Subject:  MUS
Loading Subject:  NAN
Loading Subject:  NAV
Loading Subject:  NEU
Loading Subject:  NEW
Loading Subject:  NLM
['NLM160', '73813', '55', '80', 'M W F', '10:30 AM', 10, 30, 11, 20, None, None, None, None, None, None, None, 'Not Reserved']
['NLM160', '75752', '33', '50', 'T Th', ' 3:00 PM', 15, 0, 16, 15, None, None, None, None, None, None, None, 'Not Reserved']
['NLM220', '72133', '39', '60', 'M W F', '12:00 PM', 12, 0, 12, 50, None, None, None, None, None, None, None, 'Not Reserved']
['NLM220', '80487', '24', '60', 'T Th', ' 4:30 PM', 16, 30, 17, 45, None, None, None, None, None, None, None, 'Not Reserved']
['NLM235', '84199', '39', '40', 'W', ' 6:00 PM', 18, 0, 20, 45, None, None, None, None, None, None, None, 'Not Reserved']
['NLM300', '72134', '36', '65', 'W', ' 6:00 PM', 18, 0, 20, 45, None, None, None, None, None, None, None, 'Not Reserved']
['NLM300', '90856', '12', '50', 'T', ' 6:00 PM', 18, 0, 20, 30, None, None, None, None, None, None, None, 'Not Reserved']
['NLM310', '75256', '47', '100', 'ONLINE', None, None, None, None, None, None, None, None, None, None, None, None, 'Reserved']
['NLM320', '72135', '5', '35', 'M', ' 4:30 PM', 16, 30, 17, 20, None, None, None, None, None, None, None, 'Not Reserved']
['NLM320', '90192', '35', '35', 'M', ' 6:00 PM', 18, 0, 18, 50, None, None, None, None, None, None, None, 'Not Reserved']
['NLM380', '88208', '25', '40', 'T Th', ' 3:00 PM', 15, 0, 16, 15, None, None, None, None, None, None, None, 'Not Reserved']
['NLM402', '72630', '8', '35', 'M W', ' 3:00 PM', 15, 0, 16, 15, None, None, None, None, None, None, None, 'Not Reserved']
['NLM410', '73508', '10', '36', 'T Th', ' 1:30 PM', 13, 30, 14, 45, None, None, None, None, None, None, None, 'Not Reserved']
['NLM410', '91477', '29', '30', 'ONLINE', None, None, None, None, None, None, None, None, None, None, None, None, 'Reserved']
['NLM420', '90144', '18', '35', 'W', ' 4:30 PM', 16, 30, 17, 20, None, None, None, None, None, None, None, 'Not Reserved']
['NLM430', '77415', '3', '40', 'Th', ' 6:00 PM', 18, 0, 20, 45, None, None, None, None, None, None, None, 'Not Reserved']
['NLM463', '72137', '20', '20', 'ONLINE', None, None, None, None, None, None, None, None, None, None, None, None, 'Reserved']
['NLM463', '72787', '10', '10', 'ONLINE', None, None, None, None, None, None, None, None, None, None, None, None, 'Reserved']
['NLM484', '80868', '5', '5', 'ONLINE', None, None, None, None, None, None, None, None, None, None, None, None, 'Not Reserved']
['NLM492', '74965', '3', '5', 'ONLINE', None, None, None, None, None, None, None, None, None, None, None, None, 'Not Reserved']
['NLM493', '75937', '4', '5', 'ONLINE', None, None, None, None, None, None, None, None, None, None, None, None, 'Not Reserved']
['NLM499', '72800', '5', '5', 'ONLINE', None, None, None, None, None, None, None, None, None, None, None, None, 'Not Reserved']
['NLM510', '72138', '8', '24', 'T', ' 6:00 PM', 18, 0, 20, 45, None, None, None, None, None, None, None, 'Not Reserved']
['NLM520', '72878', '4', '24', 'W', ' 6:00 PM', 18, 0, 20, 45, None, None, None, None, None, None, None, 'Not Reserved']
['NLM525', '80494', '11', '24', 'M', ' 6:00 PM', 18, 0, 20, 45, None, None, None, None, None, None, None, 'Not Reserved']
['NLM540', '88358', '19', '30', 'M', ' 6:00 PM', 18, 0, 20, 45, None, None, None, None, None, None, None, 'Not Reserved']
['NLM545', '76805', '12', '24', 'Th', ' 6:00 PM', 18, 0, 20, 45, None, None, None, None, None, None, None, 'Not Reserved']
['NLM550', '88368', '16', '24', 'T', ' 6:00 PM', 18, 0, 20, 30, None, None, None, None, None, None, None, 'Not Reserved']
['NLM562', '73515', '24', '34', 'ONLINE', None, None, None, None, None, None, None, None, None, None, None, None, 'Reserved']
['NLM572', '79437', '9', '22', 'ONLINE', None, None, None, None, None, None, None, None, None, None, None, None, 'Reserved']
['NLM590', '72139', '5', '5', 'ONLINE', None, None, None, None, None, None, None, None, None, None, None, None, 'Not Reserved']
['NLM592', '75286', '5', '5', 'ONLINE', None, None, None, None, None, None, None, None, None, None, None, None, 'Not Reserved']
['NLM595', '80899', '1', '1', 'ONLINE', None, None, None, None, None, None, None, None, None, None, None, None, 'Not Reserved']
['NLM620', '72747', '24', '24', 'W', ' 6:00 PM', 18, 0, 20, 45, None, None, None, None, None, None, None, 'Not Reserved']
Loading Subject:  NTR
['NTR100', '86017', '22', '40', 'ONLINE', None, None, None, None, None, None, None, None, None, None, None, None, 'Reserved']
['NTR100', '74512', '11', '40', 'ONLINE', None, None, None, None, None, None, None, None, None, None, None, None, 'Reserved']
['NTR100', '74513', '89', '120', 'T Th', ' 1:30 PM', 13, 30, 14, 45, None, None, None, None, None, None, None, 'Not Reserved']
['NTR142', '74514', '56', '126', 'ONLINE', None, None, None, None, None, None, None, None, None, None, None, None, 'Reserved']
['NTR142', '74515', '9', '18', 'F', '10:15 AM', 10, 15, 12, 45, None, None, None, None, None, None, None, 'Not Reserved']
['NTR142', '74516', '3', '18', 'T', '10:15 AM', 10, 15, 12, 45, None, None, None, None, None, None, None, 'Not Reserved']
['NTR142', '74517', '7', '18', 'T', ' 2:30 PM', 14, 30, 17, 0, None, None, None, None, None, None, None, 'Not Reserved']
['NTR142', '75898', '2', '18', 'W', '10:15 AM', 10, 15, 12, 45, None, None, None, None, None, None, None, 'Not Reserved']
['NTR142', '75899', '12', '18', 'W', ' 2:30 PM', 14, 30, 17, 0, None, None, None, None, None, None, None, 'Not Reserved']
['NTR142', '76437', '15', '18', 'Th', '10:15 AM', 10, 15, 12, 45, None, None, None, None, None, None, None, 'Not Reserved']
['NTR142', '76543', '15', '18', 'Th', ' 2:30 PM', 14, 30, 17, 0, None, None, None, None, None, None, None, 'Not Reserved']
['NTR142', '86194', '11', '18', 'F', ' 2:30 PM', 14, 30, 17, 0, None, None, None, None, None, None, None, 'Not Reserved']
['NTR150', '74520', '73', '115', 'M', ' 1:30 PM', 13, 30, 14, 45, None, None, None, None, None, None, None, 'Not Reserved']
['NTR241', '74522', '38', '80', 'W F', ' 1:30 PM', 13, 30, 14, 45, None, None, None, None, None, None, None, 'Not Reserved']
['NTR241', '74521', '39', '120', 'T Th', ' 3:00 PM', 15, 0, 16, 15, None, None, None, None, None, None, None, 'Not Reserved']
['NTR241', '75564', '27', '100', 'M W', '12:00 PM', 12, 0, 13, 15, None, None, None, None, None, None, None, 'Not Reserved']
['NTR241', '77200', '30', '80', 'T Th', ' 9:00 AM', 9, 0, 10, 15, None, None, None, None, None, None, None, 'Not Reserved']
['NTR241', '77201', '11', '84', 'T Th', '12:00 PM', 12, 0, 13, 15, None, None, None, None, None, None, None, 'Not Reserved']
['NTR300', '74518', '37', '50', 'W', '3:00PM', 15, 0, 16, 15, '', '', None, None, '', None, None, 'Not Reserved']
['NTR320', '74523', '1', '30', 'ONLINE', None, None, None, None, None, None, None, None, None, None, None, None, 'Reserved']
['NTR320', '80511', '34', '40', 'ONLINE', None, None, None, None, None, None, None, None, None, None, None, None, 'Reserved']
['NTR340', '74702', '29', '80', 'Th', '3:00PM', 15, 0, 16, 15, '', '', None, None, '', None, None, 'Not Reserved']
['NTR341', '74531', '25', '70', 'T Th', ' 1:30 PM', 13, 30, 14, 45, None, None, None, None, None, None, None, 'Not Reserved']
['NTR341', '74532', '42', '70', 'T Th', ' 9:00 AM', 9, 0, 10, 15, None, None, None, None, None, None, None, 'Not Reserved']
['NTR341', '77135', '34', '70', 'T Th', '10:30 AM', 10, 30, 11, 45, None, None, None, None, None, None, None, 'Not Reserved']
['NTR343', '74533', '30', '60', 'M', '12:00PM', 12, 0, 12, 50, '', '', None, None, '', None, None, 'Not Reserved']
['NTR343', '75591', '30', '60', 'M', '1:30PM', 13, 30, 14, 20, '', '', None, None, '', None, None, 'Not Reserved']
['NTR344', '75258', '4', '45', 'ONLINE', None, None, None, None, None, None, None, None, None, None, None, None, 'Reserved']
['NTR344', '74534', '37', '70', 'Th', '12:00PM', 12, 0, 13, 15, '', '', None, None, '', None, None, 'Not Reserved']
['NTR345', '74535', '31', '45', 'M W F', ' 9:00 AM', 9, 0, 9, 50, None, None, None, None, None, None, None, 'Reserved']
['NTR345', '77619', '12', '45', 'M W F', '10:30 AM', 10, 30, 11, 20, None, None, None, None, None, None, None, 'Reserved']
['NTR348', '77337', '33', '40', 'ONLINE', None, None, None, None, None, None, None, None, None, None, None, None, 'Reserved']
['NTR348', '84441', '5', '18', 'ONLINE', None, None, None, None, None, None, None, None, None, None, None, None, 'Reserved']
['NTR348', '75680', '34', '40', 'ONLINE', None, None, None, None, None, None, None, None, None, None, None, None, 'Reserved']
['NTR351', '74536', '18', '40', 'M W F', '12:00 PM', 12, 0, 12, 50, None, None, None, None, None, None, None, 'Reserved']
['NTR353', '82615', '59', '70', 'F', '12:00PM', 12, 0, 13, 15, '', '12:00AM', None, None, '12:00AM', None, None, 'Not Reserved']
['NTR400', '74537', '41', '100', 'F', '10:30AM', 10, 30, 11, 45, '', '', None, None, '', None, None, 'Not Reserved']
['NTR401', '75565', '25', '45', 'ONLINE', None, None, None, None, None, None, None, None, None, None, None, None, 'Reserved']
['NTR440', '74557', '8', '70', 'T Th', '10:30 AM', 10, 30, 11, 45, None, None, None, None, None, None, None, 'Not Reserved']
['NTR440', '77219', '2', '5', 'T Th', '10:30 AM', 10, 30, 11, 45, None, None, None, None, None, None, None, 'Reserved']
['NTR440', '82297', '20', '60', 'M W', ' 3:00 PM', 15, 0, 16, 15, None, None, None, None, None, None, None, 'Not Reserved']
['NTR441', '74558', '48', '70', 'T Th', '10:30 AM', 10, 30, 11, 45, None, None, None, None, None, None, None, 'Not Reserved']
['NTR441', '75589', '34', '70', 'T Th', '12:00 PM', 12, 0, 13, 15, None, None, None, None, None, None, None, 'Not Reserved']
['NTR441', '77226', '1', '2', 'T Th', '10:30 AM', 10, 30, 11, 45, None, None, None, None, None, None, None, 'Reserved']
['NTR444', '74559', '7', '70', 'T Th', ' 3:00 PM', 15, 0, 16, 15, None, None, None, None, None, None, None, 'Not Reserved']
['NTR444', '74744', '48', '70', 'T Th', ' 4:30 PM', 16, 30, 17, 45, None, None, None, None, None, None, None, 'Not Reserved']
['NTR445', '74560', '13', '50', 'W F', '12:00 PM', 12, 0, 12, 50, None, None, None, None, None, None, None, 'Not Reserved']
['NTR445', '77208', '9', '12', 'Th', ' 7:30 AM', 7, 30, 10, 20, None, None, None, None, None, None, None, 'Not Reserved']
['NTR445', '77209', '2', '12', 'F', ' 7:30 AM', 7, 30, 10, 20, None, None, None, None, None, None, None, 'Not Reserved']
['NTR445', '75566', '13', '50', 'W F', ' 1:30 PM', 13, 30, 14, 20, None, None, None, None, None, None, None, 'Not Reserved']
['NTR445', '77638', '7', '12', 'T', '10:40 AM', 10, 40, 13, 30, None, None, None, None, None, None, None, 'Not Reserved']
['NTR445', '77640', '4', '12', 'Th', '10:40 AM', 10, 40, 13, 30, None, None, None, None, None, None, None, 'Not Reserved']
['NTR446', '74561', '26', '100', 'T Th', ' 1:30 PM', 13, 30, 14, 45, None, None, None, None, None, None, None, 'Not Reserved']
['NTR446', '74562', '12', '25', 'M', ' 7:30 AM', 7, 30, 10, 15, None, None, None, None, None, None, None, 'Not Reserved']
['NTR446', '74564', '14', '50', 'F', ' 7:30 AM', 7, 30, 10, 15, None, None, None, None, None, None, None, 'Not Reserved']
['NTR448', '74565', '28', '89', 'F', '12:00PM', 12, 0, 13, 15, '', '', None, None, '', None, None, 'Not Reserved']
['NTR448', '77473', '12', '50', 'M', '3:00PM', 15, 0, 16, 15, '', '', None, None, '', None, None, 'Not Reserved']
['NTR450', '74745', '48', '84', 'M W', '10:30 AM', 10, 30, 11, 45, None, None, None, None, None, None, None, 'Not Reserved']
['NTR450', '82654', '16', '80', 'M W', '12:00 PM', 12, 0, 13, 15, None, None, None, None, None, None, None, 'Not Reserved']
['NTR457', '75945', '17', '60', 'W', '1:30PM', 13, 30, 14, 45, '', '', None, None, '', None, None, 'Not Reserved']
['NTR460', '82779', '29', '40', 'T', '12:00PM', 12, 0, 13, 15, '', '', None, None, '', None, None, 'Not Reserved']
['NTR492', '75073', '9', '10', 'ONLINE', None, None, None, None, None, None, None, None, None, None, None, None, 'Reserved']
['NTR493', '74566', '8', '10', 'ONLINE', None, None, None, None, None, None, None, None, None, None, None, None, 'Reserved']
['NTR494', '80514', '18', '20', 'T', '12:00PM', 12, 0, 13, 15, '', '', None, None, '', None, None, 'Not Reserved']
['NTR494', '80525', '20', '20', 'Th', '12:00PM', 12, 0, 13, 15, '', '', None, None, '', None, None, 'Not Reserved']
['NTR498', '84456', '12', '20', 'F', ' 9:00 AM', 9, 0, 9, 50, None, None, None, None, None, None, None, 'Not Reserved']
['NTR499', '74567', '20', '20', 'ONLINE', None, None, None, None, None, None, None, None, None, None, None, None, 'Not Reserved']
['NTR500', '74579', '29', '30', 'T', '4:30PM', 16, 30, 19, 15, '', '', None, None, '', None, None, 'Reserved']
['NTR500', '82616', '20', '20', 'ONLINE', None, None, None, None, None, None, None, None, None, None, None, None, 'Reserved']
['NTR501', '83006', '24', '30', 'T', '4:30PM', 16, 30, 19, 15, '', '', None, None, '', None, None, 'Reserved']
['NTR503', '82614', '23', '24', 'T Th', ' 3:00 PM', 15, 0, 16, 15, None, None, None, None, None, None, None, 'Reserved']
['NTR532', '91629', '18', '20', 'M', '1:30PM', 13, 30, 14, 45, '', '', None, None, '', None, None, 'Reserved']
['NTR540', '74568', '5', '5', 'T Th', '10:30 AM', 10, 30, 11, 45, None, None, None, None, None, None, None, 'Reserved']
['NTR541', '74569', '3', '3', 'T Th', '10:30 AM', 10, 30, 11, 45, None, None, None, None, None, None, None, 'Reserved']
['NTR541', '75590', '3', '3', 'T Th', '12:00 PM', 12, 0, 13, 15, None, None, None, None, None, None, None, 'Reserved']
Loading Subject:  NUR
Loading Subject:  OBS
Loading Subject:  OGL
Loading Subject:  OMT
Loading Subject:  OPM
Loading Subject:  PAF
['PAF200', '91809', '23', '25', 'ONLINE', None, None, None, None, None, None, None, None, None, None, None, None, 'Reserved']
['PAF200', '75686', '16', '60', 'M W', ' 3:00 PM', 15, 0, 16, 15, None, None, None, None, None, None, None, 'Not Reserved']
['PAF200', '75687', '85', '120', 'T Th', ' 1:30 PM', 13, 30, 14, 45, None, None, None, None, None, None, None, 'Not Reserved']
['PAF201', '75688', '54', '70', 'T Th', ' 3:00 PM', 15, 0, 16, 15, None, None, None, None, None, None, None, 'Not Reserved']
['PAF201', '75689', '43', '80', 'M W', ' 4:30 PM', 16, 30, 17, 45, None, None, None, None, None, None, None, 'Not Reserved']
['PAF300', '72147', '97', '120', 'T Th', '10:30 AM', 10, 30, 11, 45, None, None, None, None, None, None, None, 'Not Reserved']
['PAF300', '75272', '26', '80', 'ONLINE', None, None, None, None, None, None, None, None, None, None, None, None, 'Not Reserved']
['PAF301', '72149', '36', '60', 'Th', ' 6:00 PM', 18, 0, 20, 45, None, None, None, None, None, None, None, 'Not Reserved']
['PAF302', '79267', '23', '40', 'T Th', ' 3:00 PM', 15, 0, 16, 15, None, None, None, None, None, None, None, 'Not Reserved']
['PAF311', '89314', '102', '120', 'T', '6:00PM', 18, 0, 20, 45, '', '', None, None, '', None, None, 'Not Reserved']
['PAF311', '76071', '79', '120', 'ONLINE', None, None, None, None, None, 'W', None, None, None, None, None, None, 'Not Reserved']
['PAF340', '72148', '13', '80', 'ONLINE', None, None, None, None, None, None, None, None, None, None, None, None, 'Not Reserved']
['PAF360', '84165', '18', '40', 'ONLINE', None, None, None, None, None, None, None, None, None, None, None, None, 'Reserved']
['PAF400', '77235', '11', '40', 'ONLINE', None, None, None, None, None, None, None, None, None, None, None, None, 'Reserved']
['PAF410', '76616', '92', '120', 'ONLINE', None, None, None, None, None, 'W', None, None, None, None, None, None, 'Not Reserved']
['PAF410', '89315', '105', '120', 'T', '6:00PM', 18, 0, 20, 45, '', '', None, None, '', None, None, 'Not Reserved']
['PAF420', '77516', '37', '80', 'ONLINE', None, None, None, None, None, None, None, None, None, None, None, None, 'Not Reserved']
['PAF421', '82661', '9', '15', 'ONLINE', None, None, None, None, None, None, None, None, None, None, None, None, 'Not Reserved']
['PAF424', '89317', '31', '40', 'ONLINE', None, None, None, None, None, None, None, None, None, None, None, None, 'Reserved']
['PAF460', '72150', '22', '80', 'M W', ' 4:30 PM', 16, 30, 17, 45, None, None, None, None, None, None, None, 'Not Reserved']
['PAF468', '89318', '33', '40', 'ONLINE', None, None, None, None, None, None, None, None, None, None, None, None, 'Reserved']
['PAF469', '89319', '22', '40', 'ONLINE', None, None, None, None, None, None, None, None, None, None, None, None, 'Reserved']
['PAF484', '75690', '19', '20', 'ONLINE', None, None, None, None, None, None, None, None, None, None, None, None, 'Not Reserved']
['PAF494', '84162', '23', '25', 'ONLINE', None, None, None, None, None, None, None, None, None, None, None, None, 'Reserved']
['PAF499', '72151', '5', '5', 'ONLINE', None, None, None, None, None, None, None, None, None, None, None, None, 'Not Reserved']
['PAF501', '72152', '14', '24', 'M', ' 6:00 PM', 18, 0, 20, 45, None, None, None, None, None, None, None, 'Not Reserved']
['PAF501', '79233', '14', '25', 'ONLINE', None, None, None, None, None, None, None, None, None, None, None, None, 'Reserved']
['PAF502', '72153', '3', '24', 'M', ' 6:00 PM', 18, 0, 20, 45, None, None, None, None, None, None, None, 'Not Reserved']
['PAF503', '72155', '3', '24', 'T', ' 6:00 PM', 18, 0, 20, 45, None, None, None, None, None, None, None, 'Not Reserved']
['PAF503', '75910', '18', '24', 'F Sa Su', '9:00AM', 9, 0, 17, 0, 'F Sa Su', '9:00AM', 9, 0, '5:00PM', 17, 0, 'Not Reserved']
['PAF504', '72156', '8', '24', 'W', ' 6:00 PM', 18, 0, 20, 45, None, None, None, None, None, None, None, 'Not Reserved']
['PAF504', '72157', '8', '25', 'ONLINE', None, None, None, None, None, None, None, None, None, None, None, None, 'Reserved']
['PAF505', '75841', '23', '24', 'F Sa', '9:00AM', 9, 0, 17, 0, 'Sa Su', '9:00AM', 9, 0, '5:00PM', 17, 0, 'Not Reserved']
['PAF506', '75834', '12', '24', 'T', '6:00PM', 18, 0, 20, 45, '', '', None, None, '', None, None, 'Not Reserved']
['PAF506', '72158', '15', '24', 'Th', ' 6:00 PM', 18, 0, 20, 45, None, None, None, None, None, None, None, 'Not Reserved']
['PAF507', '72159', '17', '24', 'T', '6:00PM', 18, 0, 20, 45, '', '', None, None, '', None, None, 'Not Reserved']
['PAF508', '72160', '15', '24', 'Th', ' 6:00 PM', 18, 0, 20, 45, None, None, None, None, None, None, None, 'Not Reserved']
['PAF508', '72161', '18', '24', 'F Sa Su', '9:00AM', 9, 0, 17, 0, 'F Sa Su', '9:00AM', 9, 0, '5:00PM', 17, 0, 'Not Reserved']
['PAF523', '72162', '11', '24', 'W', ' 6:00 PM', 18, 0, 20, 45, None, None, None, None, None, None, None, 'Not Reserved']
['PAF534', '73333', '2', '24', 'Th', ' 6:00 PM', 18, 0, 20, 45, None, None, None, None, None, None, None, 'Not Reserved']
['PAF540', '72710', '11', '24', 'W', ' 6:00 PM', 18, 0, 20, 45, None, None, None, None, None, None, None, 'Not Reserved']
['PAF545', '89677', '21', '24', 'T', ' 6:00 PM', 18, 0, 20, 45, None, None, None, None, None, None, None, 'Not Reserved']
['PAF546', '77915', '11', '25', 'ONLINE', None, None, None, None, None, None, None, None, None, None, None, None, 'Reserved']
['PAF548', '79321', '18', '24', 'F Sa Su', '9:00AM', 9, 0, 17, 0, 'F Sa Su', '9:00AM', 9, 0, '5:00PM', 17, 0, 'Not Reserved']
['PAF565', '89675', '22', '24', 'T', ' 6:00 PM', 18, 0, 20, 45, None, None, None, None, None, None, None, 'Not Reserved']
['PAF571', '74743', '20', '24', 'Th', ' 6:00 PM', 18, 0, 20, 45, None, None, None, None, None, None, None, 'Not Reserved']
['PAF573', '72711', '18', '24', 'M', ' 6:00 PM', 18, 0, 20, 45, None, None, None, None, None, None, None, 'Not Reserved']
['PAF574', '72712', '13', '24', 'Th', ' 6:00 PM', 18, 0, 20, 45, None, None, None, None, None, None, None, 'Not Reserved']
['PAF584', '72773', '10', '10', 'ONLINE', None, None, None, None, None, None, None, None, None, None, None, None, 'Not Reserved']
['PAF590', '72164', '5', '5', 'ONLINE', None, None, None, None, None, None, None, None, None, None, None, None, 'Not Reserved']
['PAF591', '84704', '10', '25', 'ONLINE', None, None, None, None, None, None, None, None, None, None, None, None, 'Reserved']
['PAF591', '72713', '16', '25', 'ONLINE', None, None, None, None, None, None, None, None, None, None, None, None, 'Reserved']
['PAF591', '79332', '23', '24', 'Th', ' 6:00 PM', 18, 0, 20, 45, None, None, None, None, None, None, None, 'Not Reserved']
['PAF591', '89667', '20', '24', 'F Sa Su', '9:00AM', 9, 0, 17, 0, 'F Sa Su', '9:00AM', 9, 0, '5:00PM', 17, 0, 'Not Reserved']
['PAF591', '79335', '15', '25', 'ONLINE', None, None, None, None, None, None, None, None, None, None, None, None, 'Reserved']
['PAF591', '84705', '24', '24', 'T', ' 4:30 PM', 16, 30, 19, 15, None, None, None, None, None, None, None, 'Not Reserved']
['PAF591', '91283', '4', '5', 'Th', ' 3:00 PM', 15, 0, 17, 45, None, None, None, None, None, None, None, 'Not Reserved']
['PAF595', '72165', '2', '2', 'ONLINE', None, None, None, None, None, None, None, None, None, None, None, None, 'Not Reserved']
['PAF602', '72166', '20', '20', 'Th', ' 3:00 PM', 15, 0, 17, 45, None, None, None, None, None, None, None, 'Not Reserved']
['PAF603', '83376', '20', '20', 'T', ' 3:00 PM', 15, 0, 17, 45, None, None, None, None, None, None, None, 'Not Reserved']
['PAF610', '82784', '18', '20', 'M', ' 6:00 PM', 18, 0, 20, 45, None, None, None, None, None, None, None, 'Not Reserved']
['PAF790', '72167', '10', '10', 'ONLINE', None, None, None, None, None, None, None, None, None, None, None, None, 'Not Reserved']
['PAF792', '72168', '10', '10', 'ONLINE', None, None, None, None, None, None, None, None, None, None, None, None, 'Not Reserved']
['PAF795', '72169', '10', '10', 'ONLINE', None, None, None, None, None, None, None, None, None, None, None, None, 'Not Reserved']
['PAF799', '72170', '14', '15', 'ONLINE', None, None, None, None, None, None, None, None, None, None, None, None, 'Not Reserved']
Loading Subject:  PBH
Loading Subject:  PGM
Loading Subject:  PGV
Loading Subject:  PHI
Loading Subject:  PHL
Loading Subject:  PHS
Loading Subject:  PHY
Loading Subject:  PLA
Loading Subject:  PLB
Loading Subject:  PLC
Loading Subject:  POR
Loading Subject:  POS
Loading Subject:  PPE
['PPE215', '74468', '27', '30', 'M W', '10:30 AM', 10, 30, 11, 30, None, None, None, None, None, None, None, 'Not Reserved']
['PPE230', '77295', '28', '30', 'T Th', '10:30 AM', 10, 30, 11, 20, None, None, None, None, None, None, None, 'Not Reserved']
['PPE240', '89253', '1', '25', 'W', ' 1:30 PM', 13, 30, 15, 10, None, None, None, None, None, None, None, 'Not Reserved']
['PPE240', '89263', '14', '20', 'Th', '10:30 AM', 10, 30, 12, 20, None, None, None, None, None, None, None, 'Not Reserved']
['PPE240', '89269', '27', '30', 'T Th', '12:00 PM', 12, 0, 12, 50, None, None, None, None, None, None, None, 'Not Reserved']
['PPE240', '89371', '21', '25', 'M W', ' 7:00 PM', 19, 0, 19, 50, None, None, None, None, None, None, None, 'Not Reserved']
['PPE240', '89373', '21', '25', 'M W', ' 6:00 PM', 18, 0, 18, 50, None, None, None, None, None, None, None, 'Not Reserved']
['PPE240', '89376', '5', '9', 'T Th', '12:00 PM', 12, 0, 12, 50, None, None, None, None, None, None, None, 'Not Reserved']
['PPE240', '89381', '19', '25', 'T Th', ' 9:00 AM', 9, 0, 9, 50, None, None, None, None, None, None, None, 'Not Reserved']
['PPE240', '90365', '26', '30', 'T Th', ' 3:00 PM', 15, 0, 15, 50, None, None, None, None, None, None, None, 'Not Reserved']
['PPE240', '89386', '27', '30', 'T Th', ' 8:00 AM', 8, 0, 8, 50, None, None, None, None, None, None, None, 'Not Reserved']
['PPE240', '89390', '21', '30', 'M W', ' 1:30 PM', 13, 30, 14, 20, None, None, None, None, None, None, None, 'Not Reserved']
['PPE240', '90366', '27', '30', 'T Th', ' 4:30 PM', 16, 30, 17, 20, None, None, None, None, None, None, None, 'Not Reserved']
['PPE240', '89478', '9', '15', 'T Th', '10:00 AM', 10, 0, 10, 50, None, None, None, None, None, None, None, 'Not Reserved']
['PPE240', '89479', '7', '30', 'T Th', '10:00 AM', 10, 0, 10, 50, None, None, None, None, None, None, None, 'Not Reserved']
['PPE240', '89481', '20', '30', 'M W', ' 9:00 AM', 9, 0, 9, 50, None, None, None, None, None, None, None, 'Not Reserved']
['PPE240', '89484', '13', '30', 'T Th', ' 8:00 AM', 8, 0, 8, 50, None, None, None, None, None, None, None, 'Not Reserved']
['PPE240', '89486', '1', '30', 'M W', '10:00 AM', 10, 0, 10, 50, None, None, None, None, None, None, None, 'Not Reserved']
['PPE240', '89490', '21', '30', 'T Th', '11:00 AM', 11, 0, 11, 50, None, None, None, None, None, None, None, 'Not Reserved']
['PPE240', '89492', '11', '30', 'M W', '12:00 PM', 12, 0, 12, 50, None, None, None, None, None, None, None, 'Not Reserved']
['PPE240', '89497', '27', '30', 'M W', ' 1:30 PM', 13, 30, 14, 45, None, None, None, None, None, None, None, 'Not Reserved']
['PPE240', '89505', '12', '25', 'T Th', ' 8:00 AM', 8, 0, 8, 50, None, None, None, None, None, None, None, 'Not Reserved']
['PPE240', '89507', '6', '30', 'T Th', ' 9:00 AM', 9, 0, 9, 50, None, None, None, None, None, None, None, 'Not Reserved']
['PPE240', '89511', '24', '30', 'M W', ' 9:00 AM', 9, 0, 9, 50, None, None, None, None, None, None, None, 'Not Reserved']
['PPE240', '89517', '17', '25', 'M W', ' 3:00 PM', 15, 0, 16, 15, None, None, None, None, None, None, None, 'Not Reserved']
['PPE240', '89537', '15', '20', 'W', ' 9:00 AM', 9, 0, 10, 40, None, None, None, None, None, None, None, 'Not Reserved']
['PPE240', '89542', '20', '20', 'F', ' 9:00 AM', 9, 0, 10, 40, None, None, None, None, None, None, None, 'Not Reserved']
['PPE240', '89545', '15', '24', 'T Th', ' 6:00 PM', 18, 0, 18, 50, None, None, None, None, None, None, None, 'Not Reserved']
['PPE240', '89551', '20', '30', 'T Th', '11:00 AM', 11, 0, 11, 50, None, None, None, None, None, None, None, 'Not Reserved']
['PPE240', '89567', '10', '30', 'T Th', '10:00 AM', 10, 0, 10, 50, None, None, None, None, None, None, None, 'Not Reserved']
['PPE240', '89568', '19', '30', 'T Th', '11:00 AM', 11, 0, 11, 50, None, None, None, None, None, None, None, 'Not Reserved']
['PPE240', '89583', '15', '30', 'T Th', ' 8:00 AM', 8, 0, 8, 50, None, None, None, None, None, None, None, 'Not Reserved']
['PPE240', '89588', '11', '30', 'T Th', ' 9:00 AM', 9, 0, 9, 50, None, None, None, None, None, None, None, 'Not Reserved']
['PPE240', '89601', '26', '30', 'M W', '12:00 PM', 12, 0, 12, 50, None, None, None, None, None, None, None, 'Not Reserved']
['PPE240', '89633', '22', '25', 'T Th', ' 8:00 AM', 8, 0, 8, 50, None, None, None, None, None, None, None, 'Not Reserved']
['PPE240', '89665', '17', '30', 'M W', ' 3:00 PM', 15, 0, 15, 50, None, None, None, None, None, None, None, 'Not Reserved']
['PPE240', '90375', '26', '30', 'M W', ' 3:30 PM', 15, 30, 16, 20, None, None, None, None, None, None, None, 'Not Reserved']
['PPE240', '90390', '24', '30', 'M W', ' 9:00 AM', 9, 0, 9, 50, None, None, None, None, None, None, None, 'Not Reserved']
['PPE240', '90398', '25', '30', 'T Th', ' 3:00 PM', 15, 0, 15, 50, None, None, None, None, None, None, None, 'Not Reserved']
['PPE240', '90401', '13', '30', 'T Th', ' 3:00 PM', 15, 0, 15, 50, None, None, None, None, None, None, None, 'Not Reserved']
['PPE240', '90404', '20', '30', 'M W', ' 3:00 PM', 15, 0, 15, 50, None, None, None, None, None, None, None, 'Not Reserved']
['PPE240', '90405', '26', '30', 'T Th', ' 4:30 PM', 16, 30, 17, 20, None, None, None, None, None, None, None, 'Not Reserved']
['PPE240', '90408', '28', '30', 'T Th', ' 5:15 PM', 17, 15, 18, 5, None, None, None, None, None, None, None, 'Not Reserved']
['PPE240', '89256', '21', '25', 'W', ' 3:15 PM', 15, 15, 16, 55, None, None, None, None, None, None, None, 'Not Reserved']
['PPE240', '89260', '23', '25', 'W', ' 1:30 PM', 13, 30, 15, 10, None, None, None, None, None, None, None, 'Not Reserved']
['PPE240', '89267', '17', '20', 'Th', '10:30 AM', 10, 30, 12, 20, None, None, None, None, None, None, None, 'Not Reserved']
['PPE240', '90364', '17', '30', 'M W', ' 3:00 PM', 15, 0, 15, 50, None, None, None, None, None, None, None, 'Not Reserved']
['PPE240', '89428', '27', '30', 'T Th', '12:00 PM', 12, 0, 12, 50, None, None, None, None, None, None, None, 'Not Reserved']
['PPE240', '89442', '30', '30', 'T Th', ' 4:30 PM', 16, 30, 17, 20, None, None, None, None, None, None, None, 'Not Reserved']
['PPE240', '89448', '30', '30', 'M W', ' 7:00 PM', 19, 0, 19, 50, None, None, None, None, None, None, None, 'Not Reserved']
['PPE240', '89459', '25', '25', 'M W', ' 6:00 PM', 18, 0, 18, 50, None, None, None, None, None, None, None, 'Not Reserved']
['PPE240', '89461', '25', '30', 'M W', ' 9:00 AM', 9, 0, 9, 50, None, None, None, None, None, None, None, 'Not Reserved']
['PPE240', '89463', '9', '9', 'T Th', '12:00 PM', 12, 0, 12, 50, None, None, None, None, None, None, None, 'Not Reserved']
['PPE240', '89467', '29', '30', 'M W', ' 8:00 AM', 8, 0, 8, 50, None, None, None, None, None, None, None, 'Not Reserved']
['PPE240', '89472', '28', '30', 'T Th', ' 8:00 AM', 8, 0, 8, 50, None, None, None, None, None, None, None, 'Not Reserved']
['PPE240', '89473', '29', '30', 'M W', ' 1:30 PM', 13, 30, 14, 20, None, None, None, None, None, None, None, 'Not Reserved']
['PPE240', '90367', '26', '30', 'T Th', '11:00 AM', 11, 0, 11, 50, None, None, None, None, None, None, None, 'Not Reserved']
['PPE240', '89579', '8', '24', 'M W', ' 3:00 PM', 15, 0, 15, 50, None, None, None, None, None, None, None, 'Not Reserved']
['PPE240', '89607', '15', '15', 'T Th', '10:00 AM', 10, 0, 10, 50, None, None, None, None, None, None, None, 'Not Reserved']
['PPE240', '89609', '25', '30', 'T Th', '10:00 AM', 10, 0, 10, 50, None, None, None, None, None, None, None, 'Not Reserved']
['PPE240', '89622', '10', '30', 'T Th', '10:30 AM', 10, 30, 11, 20, None, None, None, None, None, None, None, 'Not Reserved']
['PPE240', '89627', '27', '30', 'T Th', ' 8:00 AM', 8, 0, 8, 50, None, None, None, None, None, None, None, 'Not Reserved']
['PPE240', '89630', '21', '30', 'M W', '10:00 AM', 10, 0, 10, 50, None, None, None, None, None, None, None, 'Not Reserved']
['PPE240', '89632', '16', '25', 'T Th', ' 8:00 AM', 8, 0, 8, 50, None, None, None, None, None, None, None, 'Not Reserved']
['PPE240', '89643', '22', '30', 'T Th', ' 9:00 AM', 9, 0, 9, 50, None, None, None, None, None, None, None, 'Not Reserved']
['PPE240', '89646', '23', '30', 'M W', ' 9:00 AM', 9, 0, 9, 50, None, None, None, None, None, None, None, 'Not Reserved']
['PPE240', '89650', '17', '20', 'W', ' 9:00 AM', 9, 0, 10, 40, None, None, None, None, None, None, None, 'Not Reserved']
['PPE240', '89656', '22', '24', 'T Th', ' 6:00 PM', 18, 0, 18, 50, None, None, None, None, None, None, None, 'Not Reserved']
['PPE240', '89661', '28', '30', 'T Th', '11:00 AM', 11, 0, 23, 50, None, None, None, None, None, None, None, 'Not Reserved']
['PPE240', '89669', '26', '30', 'T Th', '10:00 AM', 10, 0, 10, 50, None, None, None, None, None, None, None, 'Not Reserved']
['PPE240', '89672', '29', '30', 'T Th', '11:00 AM', 11, 0, 23, 50, None, None, None, None, None, None, None, 'Not Reserved']
['PPE240', '89674', '25', '30', 'T Th', ' 8:00 AM', 8, 0, 8, 50, None, None, None, None, None, None, None, 'Not Reserved']
['PPE240', '89683', '23', '30', 'T Th', ' 9:00 AM', 9, 0, 9, 50, None, None, None, None, None, None, None, 'Not Reserved']
['PPE240', '89686', '29', '30', 'M W', '12:00 PM', 12, 0, 12, 50, None, None, None, None, None, None, None, 'Not Reserved']
['PPE240', '90372', '28', '30', 'M W', '12:00 PM', 12, 0, 12, 50, None, None, None, None, None, None, None, 'Not Reserved']
['PPE240', '90379', '29', '30', 'M W', ' 3:30 PM', 15, 30, 16, 20, None, None, None, None, None, None, None, 'Not Reserved']
['PPE240', '90381', '15', '30', 'M W', ' 3:00 PM', 15, 0, 15, 50, None, None, None, None, None, None, None, 'Not Reserved']
['PPE240', '90387', '24', '30', 'T Th', ' 9:00 AM', 9, 0, 9, 50, None, None, None, None, None, None, None, 'Not Reserved']
['PPE240', '90389', '23', '25', 'T Th', ' 3:00 PM', 15, 0, 16, 15, None, None, None, None, None, None, None, 'Not Reserved']
['PPE240', '90391', '30', '30', 'M W', ' 9:00 AM', 9, 0, 9, 50, None, None, None, None, None, None, None, 'Not Reserved']
['PPE240', '90392', '25', '25', 'T Th', ' 8:00 AM', 8, 0, 8, 50, None, None, None, None, None, None, None, 'Not Reserved']
['PPE240', '90399', '25', '30', 'M W', ' 3:00 PM', 15, 0, 15, 50, None, None, None, None, None, None, None, 'Not Reserved']
['PPE240', '90400', '20', '20', 'F', ' 9:00 AM', 9, 0, 10, 40, None, None, None, None, None, None, None, 'Not Reserved']
['PPE240', '90402', '24', '24', 'T Th', ' 5:00 PM', 17, 0, 17, 50, None, None, None, None, None, None, None, 'Not Reserved']
['PPE240', '90406', '28', '30', 'T Th', ' 4:30 PM', 16, 30, 17, 20, None, None, None, None, None, None, None, 'Not Reserved']
['PPE240', '90409', '30', '30', 'T Th', ' 5:15 PM', 17, 15, 18, 5, None, None, None, None, None, None, None, 'Not Reserved']
['PPE240', '90413', '10', '30', 'M W', ' 3:00 PM', 15, 0, 15, 50, None, None, None, None, None, None, None, 'Not Reserved']
['PPE430', '82057', '10', '10', 'M', ' 4:30 PM', 16, 30, 19, 15, None, None, None, None, None, None, None, 'Not Reserved']
['PPE494', '84174', '24', '30', 'Th', ' 4:30 PM', 16, 30, 19, 15, None, None, None, None, None, None, None, 'Not Reserved']
Loading Subject:  PRM
['PRM120', '72633', '1', '50', 'ONLINE', None, None, None, None, None, None, None, None, None, None, None, None, 'Reserved']
['PRM120', '91149', '22', '30', 'ONLINE', None, None, None, None, None, None, None, None, None, None, None, None, 'Reserved']
['PRM120', '72645', '51', '70', 'T', '10:30AM', 10, 30, 11, 45, '', '12:00AM', None, None, '12:00AM', None, None, 'Not Reserved']
['PRM120', '75338', '63', '80', 'M W F', '12:00 PM', 12, 0, 12, 50, None, None, None, None, None, None, None, 'Not Reserved']
['PRM201', '89761', '26', '30', 'ONLINE', None, None, None, None, None, None, None, None, None, None, None, None, 'Not Reserved']
['PRM303', '72647', '10', '50', 'T Th', ' 1:30 PM', 13, 30, 14, 45, None, None, None, None, None, None, None, 'Not Reserved']
['PRM304', '72648', '39', '60', 'T Th', '12:00 PM', 12, 0, 13, 15, None, None, None, None, None, None, None, 'Not Reserved']
['PRM315', '72649', '8', '24', 'T Th', ' 3:00 PM', 15, 0, 16, 15, None, None, None, None, None, None, None, 'Not Reserved']
['PRM364', '72651', '23', '60', 'ONLINE', None, None, None, None, None, None, None, None, None, None, None, None, 'Reserved']
['PRM370', '72653', '11', '24', 'M W', ' 3:00 PM', 15, 0, 16, 15, None, None, None, None, None, None, None, 'Not Reserved']
['PRM380', '88380', '41', '60', 'ONLINE', None, None, None, None, None, None, None, None, None, None, None, None, 'Reserved']
['PRM380', '79789', '41', '60', 'M W', ' 4:30 PM', 16, 30, 17, 45, None, None, None, None, None, None, None, 'Not Reserved']
['PRM384', '77404', '19', '20', 'M', '10:30 AM', 10, 30, 11, 45, None, None, None, None, None, None, None, 'Not Reserved']
['PRM400', '72654', '8', '20', 'W', ' 6:00 PM', 18, 0, 20, 45, None, None, None, None, None, None, None, 'Not Reserved']
['PRM402', '72631', '13', '25', 'M W', ' 3:00 PM', 15, 0, 16, 15, None, None, None, None, None, None, None, 'Not Reserved']
['PRM413', '78207', '1', '6', 'M W F', '12:00 PM', 12, 0, 12, 50, None, None, None, None, None, None, None, 'Not Reserved']
['PRM422', '75765', '51', '80', 'W', ' 6:00 PM', 18, 0, 20, 30, None, None, None, None, None, None, None, 'Not Reserved']
['PRM423', '77236', '44', '80', 'T', ' 6:00 PM', 18, 0, 20, 30, None, None, None, None, None, None, None, 'Not Reserved']
['PRM427', '77237', '60', '80', 'Th', ' 6:00 PM', 18, 0, 20, 45, None, None, None, None, None, None, None, 'Not Reserved']
['PRM455', '79326', '19', '30', 'Th', ' 4:30 PM', 16, 30, 19, 15, None, None, None, None, None, None, None, 'Not Reserved']
['PRM463', '72796', '20', '20', 'ONLINE', None, None, None, None, None, None, None, None, None, None, None, None, 'Reserved']
['PRM463', '72797', '10', '10', 'ONLINE', None, None, None, None, None, None, None, None, None, None, None, None, 'Reserved']
['PRM475', '72793', '5', '36', 'ONLINE', None, None, None, None, None, None, None, None, None, None, None, None, 'Not Reserved']
['PRM484', '77403', '19', '20', 'W', '10:30 AM', 10, 30, 11, 45, None, None, None, None, None, None, None, 'Not Reserved']
['PRM486', '72656', '35', '65', 'M W', ' 3:00 PM', 15, 0, 16, 15, None, None, None, None, None, None, None, 'Not Reserved']
['PRM486', '73857', '18', '65', 'T Th', ' 9:00 AM', 9, 0, 10, 15, None, None, None, None, None, None, None, 'Not Reserved']
['PRM486', '91016', '17', '65', 'W', ' 6:00 PM', 18, 0, 20, 45, None, None, None, None, None, None, None, 'Not Reserved']
['PRM492', '75386', '5', '5', 'ONLINE', None, None, None, None, None, None, None, None, None, None, None, None, 'Not Reserved']
['PRM493', '75962', '5', '5', 'ONLINE', None, None, None, None, None, None, None, None, None, None, None, None, 'Not Reserved']
['PRM494', '91392', '20', '25', 'Th', ' 4:30 PM', 16, 30, 19, 15, None, None, None, None, None, None, None, 'Not Reserved']
['PRM499', '72801', '5', '5', 'ONLINE', None, None, None, None, None, None, None, None, None, None, None, None, 'Not Reserved']
Loading Subject:  PSB
Loading Subject:  PSY
Loading Subject:  PUB
Loading Subject:  PUP
Loading Subject:  QBA
Loading Subject:  RDG
Loading Subject:  REA
Loading Subject:  RED
Loading Subject:  REL
Loading Subject:  ROM
Loading Subject:  RTM
Loading Subject:  RUS
Loading Subject:  SAO
Loading Subject:  SBS
Loading Subject:  SCM
Loading Subject:  SCN
Loading Subject:  SEC
Loading Subject:  SED
Loading Subject:  SEM
Loading Subject:  SER
Loading Subject:  SES
Loading Subject:  SET
Loading Subject:  SGS
Loading Subject:  SHS
Loading Subject:  SLB
Loading Subject:  SLC
Loading Subject:  SLV
Loading Subject:  SMC
Loading Subject:  SOC
Loading Subject:  SOS
['SOS100', '74968', '65', '125', 'ONLINE', None, None, None, None, None, None, None, None, None, None, None, None, 'Reserved']
['SOS100', '85498', '115', '125', 'ONLINE', None, None, None, None, None, None, None, None, None, None, None, None, 'Reserved']
['SOS100', '75004', '111', '125', 'ONLINE', None, None, None, None, None, None, None, None, None, None, None, None, 'Reserved']
['SOS101', '76797', '41', '53', 'T Th', '12:00 PM', 12, 0, 13, 15, None, None, None, None, None, None, None, 'Not Reserved']
['SOS101', '80814', '49', '60', 'T Th', '10:30 AM', 10, 30, 11, 45, None, None, None, None, None, None, None, 'Not Reserved']
['SOS110', '74002', '79', '138', 'M', ' 3:00 PM', 15, 0, 16, 15, None, None, None, None, None, None, None, 'Not Reserved']
['SOS110', '74364', '1', '23', 'T', ' 3:00 PM', 15, 0, 16, 15, None, None, None, None, None, None, None, 'Not Reserved']
['SOS110', '74365', '14', '23', 'T', ' 4:30 PM', 16, 30, 17, 45, None, None, None, None, None, None, None, 'Not Reserved']
['SOS110', '82669', '18', '23', 'T', ' 1:30 PM', 13, 30, 14, 45, None, None, None, None, None, None, None, 'Not Reserved']
['SOS110', '74003', '114', '138', 'W', ' 3:00 PM', 15, 0, 16, 15, None, None, None, None, None, None, None, 'Not Reserved']
['SOS110', '76781', '13', '23', 'Th', ' 3:00 PM', 15, 0, 16, 15, None, None, None, None, None, None, None, 'Not Reserved']
['SOS110', '76782', '19', '23', 'Th', ' 4:30 PM', 16, 30, 17, 45, None, None, None, None, None, None, None, 'Not Reserved']
['SOS110', '76783', '21', '23', 'Th', ' 1:30 PM', 13, 30, 14, 45, None, None, None, None, None, None, None, 'Not Reserved']
['SOS110', '82671', '15', '23', 'Th', ' 1:30 PM', 13, 30, 14, 45, None, None, None, None, None, None, None, 'Not Reserved']
['SOS111', '83795', '30', '75', 'ONLINE', None, None, None, None, None, None, None, None, None, None, None, None, 'Reserved']
['SOS111', '73598', '135', '217', 'M W', ' 4:30 PM', 16, 30, 17, 45, None, None, None, None, None, None, None, 'Not Reserved']
['SOS111', '76785', '11', '12', 'M W', ' 4:30 PM', 16, 30, 17, 45, None, None, None, None, None, None, None, 'Not Reserved']
['SOS111', '78325', '11', '12', 'W', ' 6:00 PM', 18, 0, 18, 50, None, None, None, None, None, None, None, 'Not Reserved']
['SOS117', '91705', '33', '40', 'T Th', '10:30 AM', 10, 30, 11, 45, None, None, None, None, None, None, None, 'Not Reserved']
['SOS171', '79371', '20', '69', 'T Th', ' 1:30 PM', 13, 30, 14, 45, None, None, None, None, None, None, None, 'Not Reserved']
['SOS181', '80631', '44', '48', 'M', ' 4:30 PM', 16, 30, 17, 45, None, None, None, None, None, None, None, 'Not Reserved']
['SOS181', '82530', '8', '8', 'Th', ' 9:00 AM', 9, 0, 10, 15, None, None, None, None, None, None, None, 'Not Reserved']
['SOS181', '82531', '5', '7', 'Th', '12:00 PM', 12, 0, 13, 15, None, None, None, None, None, None, None, 'Not Reserved']
['SOS181', '82534', '8', '8', 'Th', ' 1:30 PM', 13, 30, 14, 45, None, None, None, None, None, None, None, 'Not Reserved']
['SOS181', '82538', '6', '8', 'T', '12:00 PM', 12, 0, 13, 15, None, None, None, None, None, None, None, 'Not Reserved']
['SOS201', '79198', '13', '19', 'M', '10:30 AM', 10, 30, 11, 45, None, None, None, None, None, None, None, 'Reserved']
['SOS201', '79199', '18', '19', 'W', '10:30 AM', 10, 30, 11, 45, None, None, None, None, None, None, None, 'Reserved']
['SOS210', '79202', '19', '40', 'T Th', '12:00 PM', 12, 0, 13, 15, None, None, None, None, None, None, None, 'Not Reserved']
['SOS211', '82148', '22', '40', 'T Th', ' 3:00 PM', 15, 0, 16, 15, None, None, None, None, None, None, None, 'Not Reserved']
['SOS220', '79207', '36', '75', 'M W F', ' 9:00 AM', 9, 0, 9, 50, None, None, None, None, None, None, None, 'Not Reserved']
['SOS230', '79203', '12', '25', 'M W', ' 4:30 PM', 16, 30, 17, 45, None, None, None, None, None, None, None, 'Reserved']
['SOS230', '79204', '21', '25', 'M W', ' 4:30 PM', 16, 30, 17, 45, None, None, None, None, None, None, None, 'Reserved']
['SOS231', '79205', '17', '25', 'F', '10:30 AM', 10, 30, 11, 45, None, None, None, None, None, None, None, 'Reserved']
['SOS231', '79206', '17', '25', 'F', '10:30 AM', 10, 30, 11, 45, None, None, None, None, None, None, None, 'Reserved']
['SOS272', '91235', '48', '50', 'M W', ' 1:30 PM', 13, 30, 14, 45, None, None, None, None, None, None, None, 'Not Reserved']
['SOS300', '75939', '67', '125', 'ONLINE', None, None, None, None, None, None, None, None, None, None, None, None, 'Reserved']
['SOS300', '77405', '105', '125', 'ONLINE', None, None, None, None, None, None, None, None, None, None, None, None, 'Reserved']
['SOS311', '83821', '34', '60', 'ONLINE', None, None, None, None, None, None, None, None, None, None, None, None, 'Reserved']
['SOS314', '89450', '1', '30', 'ONLINE', None, None, None, None, None, None, None, None, None, None, None, None, 'Reserved']
['SOS315', '89455', '7', '30', 'ONLINE', None, None, None, None, None, None, None, None, None, None, None, None, 'Reserved']
['SOS315', '82454', '2', '25', 'T Th', ' 9:00 AM', 9, 0, 10, 15, None, None, None, None, None, None, None, 'Not Reserved']
['SOS320', '73741', '52', '60', 'W', ' 4:30 PM', 16, 30, 19, 15, None, None, None, None, None, None, None, 'Not Reserved']
['SOS320', '74466', '46', '68', 'T Th', ' 1:30 PM', 13, 30, 14, 45, None, None, None, None, None, None, None, 'Not Reserved']
['SOS321', '76216', '34', '40', 'T Th', ' 9:00 AM', 9, 0, 10, 15, None, None, None, None, None, None, None, 'Not Reserved']
['SOS322', '73543', '21', '40', 'T Th', ' 9:00 AM', 9, 0, 10, 15, None, None, None, None, None, None, None, 'Not Reserved']
['SOS323', '82465', '128', '138', 'M W F', '10:30 AM', 10, 30, 11, 20, None, None, None, None, None, None, None, 'Not Reserved']
['SOS324', '74467', '29', '68', 'T Th', ' 1:30 PM', 13, 30, 14, 45, None, None, None, None, None, None, None, 'Not Reserved']
['SOS325', '89726', '28', '30', 'ONLINE', None, None, None, None, None, None, None, None, None, None, None, None, 'Reserved']
['SOS325', '73742', '14', '68', 'T Th', ' 3:00 PM', 15, 0, 16, 15, None, None, None, None, None, None, None, 'Not Reserved']
['SOS326', '86320', '31', '50', 'M W', ' 3:00 PM', 15, 0, 16, 15, None, None, None, None, None, None, None, 'Not Reserved']
['SOS327', '76998', '98', '138', 'T Th', '12:00PM', 12, 0, 13, 15, '', '', None, None, '', None, None, 'Not Reserved']
['SOS328', '79131', '10', '30', 'T', ' 4:30 PM', 16, 30, 19, 15, None, None, None, None, None, None, None, 'Not Reserved']
['SOS372', '80481', '7', '15', 'T Th', ' 9:00 AM', 9, 0, 10, 15, None, None, None, None, None, None, None, 'Not Reserved']
['SOS385', '76792', '58', '70', 'ONLINE', None, None, None, None, None, None, None, None, None, None, None, None, 'Reserved']
['SOS394', '79855', '12', '15', 'W', ' 4:30 PM', 16, 30, 19, 15, None, None, None, None, None, None, None, 'Not Reserved']
['SOS394', '80914', '10', '10', 'ONLINE', None, None, None, None, None, None, None, None, None, None, None, None, 'Not Reserved']
['SOS394', '81921', '36', '40', 'M W', '10:30 AM', 10, 30, 11, 45, None, None, None, None, None, None, None, 'Not Reserved']
['SOS433', '86737', '8', '30', 'T Th', '12:00 PM', 12, 0, 13, 15, None, None, None, None, None, None, None, 'Not Reserved']
['SOS434', '83954', '16', '18', 'M W', ' 1:30 PM', 13, 30, 14, 45, None, None, None, None, None, None, None, 'Not Reserved']
['SOS442', '86741', '15', '15', 'W', ' 4:30 PM', 16, 30, 19, 15, None, None, None, None, None, None, None, 'Not Reserved']
['SOS465', '91069', '10', '15', 'ONLINE', None, None, None, None, None, None, None, None, None, None, None, None, 'Reserved']
['SOS480', '82452', '17', '20', 'T', '4:30PM', 16, 30, 17, 45, '', '', None, None, '', None, None, 'Reserved']
['SOS484', '73922', '16', '16', 'Th', '3:00PM', 15, 0, 16, 15, '', '12:00AM', None, None, '12:00AM', None, None, 'Not Reserved']
['SOS484', '74367', '5', '5', 'ONLINE', None, None, None, None, None, None, None, None, None, None, None, None, 'Not Reserved']
['SOS484', '73923', '15', '15', 'ONLINE', None, None, None, None, None, None, None, None, None, None, None, None, 'Reserved']
['SOS492', '76636', '4', '5', 'ONLINE', None, None, None, None, None, None, None, None, None, None, None, None, 'Not Reserved']
['SOS493', '73941', '7', '10', 'ONLINE', None, None, None, None, None, None, None, None, None, None, None, None, 'Not Reserved']
['SOS494', '83388', '7', '8', 'W', ' 9:00 AM', 9, 0, 11, 45, None, None, None, None, None, None, None, 'Not Reserved']
['SOS494', '77724', '15', '20', 'ONLINE', None, None, None, None, None, None, None, None, None, None, None, None, 'Not Reserved']
['SOS494', '83927', '5', '5', 'W', ' 4:30 PM', 16, 30, 19, 15, None, None, None, None, None, None, None, 'Not Reserved']
['SOS494', '80031', '18', '19', 'M W', ' 3:00 PM', 15, 0, 16, 15, None, None, None, None, None, None, None, 'Not Reserved']
['SOS494', '80111', '12', '15', 'W', ' 6:00 PM', 18, 0, 20, 45, None, None, None, None, None, None, None, 'Not Reserved']
['SOS494', '90686', '20', '20', 'T Th', '10:30 AM', 10, 30, 11, 45, None, None, None, None, None, None, None, 'Not Reserved']
['SOS498', '80490', '1', '5', 'F', ' 9:00 AM', 9, 0, 12, 50, None, None, None, None, None, None, None, 'Not Reserved']
['SOS498', '91200', '6', '15', 'F', ' 9:00 AM', 9, 0, 11, 45, None, None, None, None, None, None, None, 'Not Reserved']
['SOS498', '91452', '14', '15', 'M', ' 4:30 PM', 16, 30, 19, 15, None, None, None, None, None, None, None, 'Not Reserved']
['SOS499', '78187', '4', '4', 'ONLINE', None, None, None, None, None, None, None, None, None, None, None, None, 'Not Reserved']
['SOS510', '72705', '18', '30', 'T', ' 9:00 AM', 9, 0, 11, 45, None, None, None, None, None, None, None, 'Reserved']
['SOS510', '82173', '25', '30', 'T', ' 9:00 AM', 9, 0, 11, 45, None, None, None, None, None, None, None, 'Reserved']
['SOS512', '89460', '24', '30', 'T Th', '10:30 AM', 10, 30, 11, 45, None, None, None, None, None, None, None, 'Not Reserved']
['SOS513', '83915', '24', '30', 'M W', ' 1:30 PM', 13, 30, 14, 45, None, None, None, None, None, None, None, 'Not Reserved']
['SOS520', '82893', '21', '30', 'Th', ' 9:00 AM', 9, 0, 11, 45, None, None, None, None, None, None, None, 'Reserved']
['SOS525', '83391', '23', '32', 'T Th', ' 1:30 PM', 13, 30, 14, 45, None, None, None, None, None, None, None, 'Reserved']
['SOS531', '82892', '12', '20', 'T', ' 6:00 PM', 18, 0, 19, 15, None, None, None, None, None, None, None, 'Reserved']
['SOS532', '89443', '14', '30', 'T Th', '12:00 PM', 12, 0, 13, 15, None, None, None, None, None, None, None, 'Not Reserved']
['SOS534', '91191', '23', '30', 'T Th', ' 3:00 PM', 15, 0, 16, 15, None, None, None, None, None, None, None, 'Not Reserved']
['SOS542', '86743', '2', '5', 'W', ' 4:30 PM', 16, 30, 19, 15, None, None, None, None, None, None, None, 'Not Reserved']
['SOS545', '86744', '7', '18', 'T Th', ' 9:00 AM', 9, 0, 10, 15, None, None, None, None, None, None, None, 'Not Reserved']
['SOS577', '86326', '27', '30', 'T', ' 1:30 PM', 13, 30, 14, 45, None, None, None, None, None, None, None, 'Not Reserved']
['SOS579', '77669', '10', '12', 'T Th', '10:30 AM', 10, 30, 11, 45, None, None, None, None, None, None, None, 'Reserved']
['SOS582', '86322', '39', '43', 'Th', '12:00 PM', 12, 0, 13, 40, None, None, None, None, None, None, None, 'Not Reserved']
['SOS584', '78249', '4', '5', 'ONLINE', None, None, None, None, None, None, None, None, None, None, None, None, 'Not Reserved']
['SOS589', '83392', '32', '40', 'F', ' 9:00 AM', 9, 0, 9, 50, None, None, None, None, None, None, None, 'Reserved']
['SOS590', '91816', '15', '15', 'ONLINE', None, None, None, None, None, None, None, None, None, None, None, None, 'Not Reserved']
['SOS591', '74301', '9', '9', 'M', '12:00 PM', 12, 0, 13, 0, None, None, None, None, None, None, None, 'Not Reserved']
['SOS591', '83390', '7', '7', 'W', ' 9:00 AM', 9, 0, 11, 45, None, None, None, None, None, None, None, 'Not Reserved']
['SOS591', '83184', '10', '10', 'T', ' 4:30 PM', 16, 30, 19, 15, None, None, None, None, None, None, None, 'Not Reserved']
['SOS591', '83792', '22', '25', 'W', ' 4:30 PM', 16, 30, 19, 15, None, None, None, None, None, None, None, 'Not Reserved']
['SOS591', '75908', '17', '20', 'M W F', '10:30 AM', 10, 30, 11, 20, None, None, None, None, None, None, None, 'Not Reserved']
['SOS591', '80107', '17', '17', 'W', ' 6:00 PM', 18, 0, 20, 45, None, None, None, None, None, None, None, 'Not Reserved']
['SOS591', '88481', '18', '20', 'M W', ' 9:00 AM', 9, 0, 10, 15, None, None, None, None, None, None, None, 'Reserved']
['SOS592', '78300', '7', '7', 'ONLINE', None, None, None, None, None, None, None, None, None, None, None, None, 'Not Reserved']
['SOS593', '76607', '20', '20', 'ONLINE', None, None, None, None, None, None, None, None, None, None, None, None, 'Not Reserved']
['SOS594', '74323', '11', '11', 'M', ' 9:00 AM', 9, 0, 11, 0, None, None, None, None, None, None, None, 'Not Reserved']
['SOS594', '83562', '3', '10', 'Th', ' 4:30 PM', 16, 30, 19, 15, None, None, None, None, None, None, None, 'Not Reserved']
['SOS594', '84388', '10', '10', 'F', '10:00 AM', 10, 0, 12, 0, None, None, None, None, None, None, None, 'Not Reserved']
['SOS594', '80491', '2', '5', 'F', ' 9:00 AM', 9, 0, 12, 50, None, None, None, None, None, None, None, 'Not Reserved']
['SOS594', '91199', '3', '15', 'F', ' 9:00 AM', 9, 0, 11, 45, None, None, None, None, None, None, None, 'Not Reserved']
['SOS594', '91453', '9', '15', 'M', ' 4:30 PM', 16, 30, 19, 15, None, None, None, None, None, None, None, 'Not Reserved']
['SOS595', '75237', '30', '30', 'ONLINE', None, None, None, None, None, None, None, None, None, None, None, None, 'Not Reserved']
['SOS596', '91630', '9', '10', 'ONLINE', None, None, None, None, None, None, None, None, None, None, None, None, 'Not Reserved']
['SOS598', '90687', '6', '10', 'T Th', '10:30 AM', 10, 30, 11, 45, None, None, None, None, None, None, None, 'Not Reserved']
['SOS598', '76888', '9', '10', 'T Th', ' 3:00 PM', 15, 0, 16, 15, None, None, None, None, None, None, None, 'Not Reserved']
['SOS598', '75911', '3', '7', 'W', ' 6:00 PM', 18, 0, 21, 0, None, None, None, None, None, None, None, 'Not Reserved']
['SOS598', '82595', '7', '14', 'W', ' 4:30 PM', 16, 30, 19, 15, None, None, None, None, None, None, None, 'Not Reserved']
['SOS598', '91223', '3', '5', 'Th', ' 3:00 PM', 15, 0, 17, 45, None, None, None, None, None, None, None, 'Not Reserved']
['SOS598', '80032', '17', '19', 'M W', ' 3:00 PM', 15, 0, 16, 15, None, None, None, None, None, None, None, 'Not Reserved']
['SOS598', '91357', '9', '10', 'M W F', '6:00PM', 18, 0, 19, 20, 'W F', '6:00PM', 18, 0, '7:20PM', 19, 20, 'Not Reserved']
['SOS599', '86060', '2', '2', 'ONLINE', None, None, None, None, None, None, None, None, None, None, None, None, 'Not Reserved']
['SOS599', '72955', '30', '30', 'ONLINE', None, None, None, None, None, None, None, None, None, None, None, None, 'Not Reserved']
['SOS790', '75408', '29', '30', 'ONLINE', None, None, None, None, None, None, None, None, None, None, None, None, 'Not Reserved']
['SOS792', '75407', '30', '30', 'ONLINE', None, None, None, None, None, None, None, None, None, None, None, None, 'Not Reserved']
['SOS795', '75379', '10', '10', 'ONLINE', None, None, None, None, None, None, None, None, None, None, None, None, 'Not Reserved']
['SOS799', '72956', '28', '30', 'ONLINE', None, None, None, None, None, None, None, None, None, None, None, None, 'Not Reserved']
Loading Subject:  SPA
Loading Subject:  SPE
Loading Subject:  SPF
Loading Subject:  SSH
Loading Subject:  SST
Loading Subject:  STC
Loading Subject:  STM
Loading Subject:  STP
Loading Subject:  STS
Loading Subject:  SWE
Loading Subject:  SWG
['SWG501', '73105', '23', '24', 'F', ' 1:30 PM', 13, 30, 16, 15, None, None, None, None, None, None, None, 'Not Reserved']
['SWG501', '73106', '24', '24', 'F', ' 1:30 PM', 13, 30, 16, 15, None, None, None, None, None, None, None, 'Not Reserved']
['SWG501', '73107', '24', '24', 'F', ' 1:30 PM', 13, 30, 16, 15, None, None, None, None, None, None, None, 'Not Reserved']
['SWG501', '73109', '22', '22', 'F', ' 1:30 PM', 13, 30, 16, 15, None, None, None, None, None, None, None, 'Not Reserved']
['SWG501', '75778', '30', '30', 'M', ' 6:00 PM', 18, 0, 20, 45, None, None, None, None, None, None, None, 'Not Reserved']
['SWG501', '75779', '29', '30', 'M', ' 6:00 PM', 18, 0, 20, 45, None, None, None, None, None, None, None, 'Not Reserved']
['SWG501', '77131', '30', '30', 'M', ' 6:00 PM', 18, 0, 20, 45, None, None, None, None, None, None, None, 'Not Reserved']
['SWG501', '77133', '26', '30', 'W', ' 9:00 AM', 9, 0, 11, 50, None, None, None, None, None, None, None, 'Not Reserved']
['SWG501', '77134', '25', '25', 'W', ' 9:00 AM', 9, 0, 11, 50, None, None, None, None, None, None, None, 'Not Reserved']
['SWG501', '90025', '27', '30', 'Th', ' 5:40 PM', 17, 40, 20, 30, None, None, None, None, None, None, None, 'Not Reserved']
['SWG510', '73110', '21', '24', 'F', ' 9:00 AM', 9, 0, 11, 45, None, None, None, None, None, None, None, 'Not Reserved']
['SWG510', '73111', '24', '24', 'F', ' 9:00 AM', 9, 0, 11, 45, None, None, None, None, None, None, None, 'Not Reserved']
['SWG510', '73112', '21', '24', 'F', ' 9:00 AM', 9, 0, 11, 45, None, None, None, None, None, None, None, 'Not Reserved']
['SWG510', '73113', '23', '24', 'F', ' 9:00 AM', 9, 0, 11, 45, None, None, None, None, None, None, None, 'Not Reserved']
['SWG510', '73729', '16', '25', 'T', ' 6:00 PM', 18, 0, 20, 45, None, None, None, None, None, None, None, 'Not Reserved']
['SWG510', '73115', '20', '25', 'T', ' 6:00 PM', 18, 0, 20, 45, None, None, None, None, None, None, None, 'Not Reserved']
['SWG510', '73116', '24', '25', 'T', ' 6:00 PM', 18, 0, 20, 45, None, None, None, None, None, None, None, 'Not Reserved']
['SWG510', '74061', '9', '24', 'T', ' 6:00 PM', 18, 0, 20, 45, None, None, None, None, None, None, None, 'Not Reserved']
['SWG510', '74254', '15', '18', 'M', ' 1:00 PM', 13, 0, 15, 50, None, None, None, None, None, None, None, 'Not Reserved']
['SWG510', '79007', '17', '18', 'M', ' 1:00 PM', 13, 0, 15, 50, None, None, None, None, None, None, None, 'Not Reserved']
['SWG510', '87374', '10', '20', 'W', ' 5:40 PM', 17, 40, 20, 30, None, None, None, None, None, None, None, 'Not Reserved']
['SWG510', '84663', '13', '18', 'W', ' 5:40 PM', 17, 40, 20, 30, None, None, None, None, None, None, None, 'Not Reserved']
['SWG519', '87899', '12', '30', 'Sa', '8:00AM', 8, 0, 16, 30, 'Sa', '8:00AM', 8, 0, '4:30PM', 16, 30, 'Not Reserved']
['SWG531', '72427', '24', '24', 'M', ' 1:30 PM', 13, 30, 16, 15, None, None, None, None, None, None, None, 'Not Reserved']
['SWG531', '72428', '23', '24', 'M', ' 1:30 PM', 13, 30, 16, 15, None, None, None, None, None, None, None, 'Not Reserved']
['SWG531', '74043', '24', '24', 'M', ' 1:30 PM', 13, 30, 16, 15, None, None, None, None, None, None, None, 'Not Reserved']
['SWG531', '74796', '24', '24', 'M', ' 1:30 PM', 13, 30, 16, 15, None, None, None, None, None, None, None, 'Not Reserved']
['SWG531', '72429', '24', '24', 'M', ' 1:30 PM', 13, 30, 16, 15, None, None, None, None, None, None, None, 'Not Reserved']
['SWG531', '73157', '24', '25', 'W', ' 6:00 PM', 18, 0, 20, 45, None, None, None, None, None, None, None, 'Not Reserved']
['SWG531', '74605', '24', '25', 'W', ' 6:00 PM', 18, 0, 20, 45, None, None, None, None, None, None, None, 'Not Reserved']
['SWG531', '75780', '23', '24', 'W', ' 6:00 PM', 18, 0, 20, 45, None, None, None, None, None, None, None, 'Not Reserved']
['SWG531', '77138', '24', '25', 'M', ' 9:00 AM', 9, 0, 11, 50, None, None, None, None, None, None, None, 'Not Reserved']
['SWG531', '77140', '25', '25', 'M', ' 9:00 AM', 9, 0, 11, 50, None, None, None, None, None, None, None, 'Not Reserved']
['SWG531', '82610', '25', '25', 'M', ' 5:40 PM', 17, 40, 20, 30, None, None, None, None, None, None, None, 'Not Reserved']
['SWG533', '72430', '24', '24', 'M', ' 9:00 AM', 9, 0, 11, 45, None, None, None, None, None, None, None, 'Not Reserved']
['SWG533', '72431', '23', '24', 'M', ' 9:00 AM', 9, 0, 11, 45, None, None, None, None, None, None, None, 'Not Reserved']
['SWG533', '82611', '24', '24', 'M', ' 9:00 AM', 9, 0, 11, 45, None, None, None, None, None, None, None, 'Not Reserved']
['SWG533', '72957', '22', '22', 'M', ' 9:00 AM', 9, 0, 11, 45, None, None, None, None, None, None, None, 'Not Reserved']
['SWG533', '74797', '24', '24', 'M', ' 9:00 AM', 9, 0, 11, 45, None, None, None, None, None, None, None, 'Not Reserved']
['SWG533', '82612', '25', '25', 'Th', ' 6:00 PM', 18, 0, 20, 45, None, None, None, None, None, None, None, 'Not Reserved']
['SWG533', '74606', '21', '25', 'Th', ' 6:00 PM', 18, 0, 20, 45, None, None, None, None, None, None, None, 'Not Reserved']
['SWG533', '75328', '25', '25', 'W', ' 1:00 PM', 13, 0, 15, 50, None, None, None, None, None, None, None, 'Not Reserved']
['SWG533', '82613', '24', '25', 'W', ' 1:00 PM', 13, 0, 15, 50, None, None, None, None, None, None, None, 'Not Reserved']
['SWG533', '84528', '24', '25', 'T', ' 5:40 PM', 17, 40, 20, 30, None, None, None, None, None, None, None, 'Not Reserved']
['SWG533', '91123', '29', '30', 'Sa', '9:00AM', 9, 0, 17, 30, 'Sa', '9:00AM', 9, 0, '5:30PM', 17, 30, 'Not Reserved']
['SWG541', '72432', '161', '200', 'T Th', ' 8:00 AM', 8, 0, 17, 0, None, None, None, None, None, None, None, 'Not Reserved']
['SWG541', '72433', '42', '60', 'T Th', ' 8:00 AM', 8, 0, 17, 0, None, None, None, None, None, None, None, 'Not Reserved']
['SWG542', '72434', '50', '50', 'T Th', ' 8:00 AM', 8, 0, 17, 0, None, None, None, None, None, None, None, 'Not Reserved']
Loading Subject:  SWU
Loading Subject:  TBX
Loading Subject:  TCL
Loading Subject:  TDM
Loading Subject:  TEL
Loading Subject:  TEM
Loading Subject:  TGM
Loading Subject:  THA
Loading Subject:  THE
Loading Subject:  THF
Loading Subject:  THP
Loading Subject:  TMC
Loading Subject:  TSS
Loading Subject:  TWC
Loading Subject:  UET
Loading Subject:  UNI
Loading Subject:  URB
Loading Subject:  USL
Loading Subject:  VTN
Loading Subject:  WAC
Loading Subject:  WPC
Loading Subject:  WST
Loading Subject:  YDL
